Archive member included to satisfy reference by file (symbol)

c:/nxp/mcuxpressoide_11.3.0_5222/ide/plugins/com.nxp.mcuxpresso.tools.win32_11.3.0.202008311133/tools/bin/../lib/gcc/arm-none-eabi/9.3.1/../../../../arm-none-eabi/lib/thumb/v7e-m+fp/hard\libcr_semihost_nf.a(_cr__main.o)
                              ./startup/startup_mk64f12.o (__main)
c:/nxp/mcuxpressoide_11.3.0_5222/ide/plugins/com.nxp.mcuxpresso.tools.win32_11.3.0.202008311133/tools/bin/../lib/gcc/arm-none-eabi/9.3.1/../../../../arm-none-eabi/lib/thumb/v7e-m+fp/hard\libcr_c.a(memcpy.o)
                              ./utilities/fsl_str.o (memcpy)
c:/nxp/mcuxpressoide_11.3.0_5222/ide/plugins/com.nxp.mcuxpresso.tools.win32_11.3.0.202008311133/tools/bin/../lib/gcc/arm-none-eabi/9.3.1/../../../../arm-none-eabi/lib/thumb/v7e-m+fp/hard\libcr_c.a(memset.o)
                              ./drivers/fsl_dac.o (memset)
c:/nxp/mcuxpressoide_11.3.0_5222/ide/plugins/com.nxp.mcuxpresso.tools.win32_11.3.0.202008311133/tools/bin/../lib/gcc/arm-none-eabi/9.3.1/../../../../arm-none-eabi/lib/thumb/v7e-m+fp/hard\libcr_c.a(alloc.o)
                              ./drivers/fsl_common.o (malloc)
c:/nxp/mcuxpressoide_11.3.0_5222/ide/plugins/com.nxp.mcuxpresso.tools.win32_11.3.0.202008311133/tools/bin/../lib/gcc/arm-none-eabi/9.3.1/../../../../arm-none-eabi/lib/thumb/v7e-m+fp/hard\libcr_c.a(initio.o)
                              c:/nxp/mcuxpressoide_11.3.0_5222/ide/plugins/com.nxp.mcuxpresso.tools.win32_11.3.0.202008311133/tools/bin/../lib/gcc/arm-none-eabi/9.3.1/../../../../arm-none-eabi/lib/thumb/v7e-m+fp/hard\libcr_semihost_nf.a(_cr__main.o) (_initio)
c:/nxp/mcuxpressoide_11.3.0_5222/ide/plugins/com.nxp.mcuxpresso.tools.win32_11.3.0.202008311133/tools/bin/../lib/gcc/arm-none-eabi/9.3.1/../../../../arm-none-eabi/lib/thumb/v7e-m+fp/hard\libcr_c.a(printf.o)
                              ./utilities/fsl_assert.o (_printf)
c:/nxp/mcuxpressoide_11.3.0_5222/ide/plugins/com.nxp.mcuxpresso.tools.win32_11.3.0.202008311133/tools/bin/../lib/gcc/arm-none-eabi/9.3.1/../../../../arm-none-eabi/lib/thumb/v7e-m+fp/hard\libcr_c.a(scanf.o)
                              ./utilities/fsl_str.o (strtoul)
c:/nxp/mcuxpressoide_11.3.0_5222/ide/plugins/com.nxp.mcuxpresso.tools.win32_11.3.0.202008311133/tools/bin/../lib/gcc/arm-none-eabi/9.3.1/../../../../arm-none-eabi/lib/thumb/v7e-m+fp/hard\libcr_c.a(setvbuf.o)
                              c:/nxp/mcuxpressoide_11.3.0_5222/ide/plugins/com.nxp.mcuxpresso.tools.win32_11.3.0.202008311133/tools/bin/../lib/gcc/arm-none-eabi/9.3.1/../../../../arm-none-eabi/lib/thumb/v7e-m+fp/hard\libcr_c.a(initio.o) (setvbuf)
c:/nxp/mcuxpressoide_11.3.0_5222/ide/plugins/com.nxp.mcuxpresso.tools.win32_11.3.0.202008311133/tools/bin/../lib/gcc/arm-none-eabi/9.3.1/../../../../arm-none-eabi/lib/thumb/v7e-m+fp/hard\libcr_c.a(strlen.o)
                              ./utilities/fsl_str.o (strlen)
c:/nxp/mcuxpressoide_11.3.0_5222/ide/plugins/com.nxp.mcuxpresso.tools.win32_11.3.0.202008311133/tools/bin/../lib/gcc/arm-none-eabi/9.3.1/../../../../arm-none-eabi/lib/thumb/v7e-m+fp/hard\libcr_c.a(ungetc.o)
                              c:/nxp/mcuxpressoide_11.3.0_5222/ide/plugins/com.nxp.mcuxpresso.tools.win32_11.3.0.202008311133/tools/bin/../lib/gcc/arm-none-eabi/9.3.1/../../../../arm-none-eabi/lib/thumb/v7e-m+fp/hard\libcr_c.a(scanf.o) (ungetc)
c:/nxp/mcuxpressoide_11.3.0_5222/ide/plugins/com.nxp.mcuxpresso.tools.win32_11.3.0.202008311133/tools/bin/../lib/gcc/arm-none-eabi/9.3.1/../../../../arm-none-eabi/lib/thumb/v7e-m+fp/hard\libcr_c.a(__fillbuf.o)
                              c:/nxp/mcuxpressoide_11.3.0_5222/ide/plugins/com.nxp.mcuxpresso.tools.win32_11.3.0.202008311133/tools/bin/../lib/gcc/arm-none-eabi/9.3.1/../../../../arm-none-eabi/lib/thumb/v7e-m+fp/hard\libcr_c.a(scanf.o) (__filbuf)
c:/nxp/mcuxpressoide_11.3.0_5222/ide/plugins/com.nxp.mcuxpresso.tools.win32_11.3.0.202008311133/tools/bin/../lib/gcc/arm-none-eabi/9.3.1/../../../../arm-none-eabi/lib/thumb/v7e-m+fp/hard\libcr_c.a(__init_alloc.o)
                              c:/nxp/mcuxpressoide_11.3.0_5222/ide/plugins/com.nxp.mcuxpresso.tools.win32_11.3.0.202008311133/tools/bin/../lib/gcc/arm-none-eabi/9.3.1/../../../../arm-none-eabi/lib/thumb/v7e-m+fp/hard\libcr_c.a(alloc.o) (__heaps)
c:/nxp/mcuxpressoide_11.3.0_5222/ide/plugins/com.nxp.mcuxpresso.tools.win32_11.3.0.202008311133/tools/bin/../lib/gcc/arm-none-eabi/9.3.1/../../../../arm-none-eabi/lib/thumb/v7e-m+fp/hard\libcr_c.a(_cr_sbrk.o)
                              c:/nxp/mcuxpressoide_11.3.0_5222/ide/plugins/com.nxp.mcuxpresso.tools.win32_11.3.0.202008311133/tools/bin/../lib/gcc/arm-none-eabi/9.3.1/../../../../arm-none-eabi/lib/thumb/v7e-m+fp/hard\libcr_c.a(alloc.o) (_sbrk)
c:/nxp/mcuxpressoide_11.3.0_5222/ide/plugins/com.nxp.mcuxpresso.tools.win32_11.3.0.202008311133/tools/bin/../lib/gcc/arm-none-eabi/9.3.1/../../../../arm-none-eabi/lib/thumb/v7e-m+fp/hard\libcr_c.a(_deferredlazyseek.o)
[...]
Memory Configuration

Name             Origin             Length             Attributes
PROGRAM_FLASH    0x00000000         0x00100000         xr
SRAM_UPPER       0x20000000         0x00030000         xrw
SRAM_LOWER       0x1fff0000         0x00010000         xrw
FLEX_RAM         0x14000000         0x00001000         xrw
*default*        0x00000000         0xffffffff

Linker script and memory map

LOAD ./utilities/fsl_assert.o
LOAD ./utilities/fsl_debug_console.o
LOAD ./utilities/fsl_str.o
LOAD ./startup/startup_mk64f12.o
LOAD ./source/DAC_Wrapper.o
LOAD ./source/dac_continuous_pdb_edma.o
LOAD ./source/semihost_hardfault.o
LOAD ./drivers/fsl_clock.o
LOAD ./drivers/fsl_common.o
LOAD ./drivers/fsl_dac.o
LOAD ./drivers/fsl_dmamux.o
LOAD ./drivers/fsl_edma.o
LOAD ./drivers/fsl_ftfx_cache.o
LOAD ./drivers/fsl_ftfx_controller.o
LOAD ./drivers/fsl_ftfx_flash.o
LOAD ./drivers/fsl_ftfx_flexnvm.o
LOAD ./drivers/fsl_gpio.o
LOAD ./drivers/fsl_pdb.o
LOAD ./drivers/fsl_pit.o
LOAD ./drivers/fsl_smc.o
LOAD ./drivers/fsl_uart.o
LOAD ./device/system_MK64F12.o
LOAD ./component/uart/uart_adapter.o
LOAD ./component/serial_manager/serial_manager.o
LOAD ./component/serial_manager/serial_port_uart.o
LOAD ./component/lists/generic_list.o
LOAD ./board/board.o
LOAD ./board/clock_config.o
LOAD ./board/pin_mux.o
START GROUP
LOAD c:/nxp/mcuxpressoide_11.3.0_5222/ide/plugins/com.nxp.mcuxpresso.tools.win32_11.3.0.202008311133/tools/bin/../lib/gcc/arm-none-eabi/9.3.1/../../../../arm-none-eabi/lib/thumb/v7e-m+fp/hard\libcr_semihost_nf.a
LOAD c:/nxp/mcuxpressoide_11.3.0_5222/ide/plugins/com.nxp.mcuxpresso.tools.win32_11.3.0.202008311133/tools/bin/../lib/gcc/arm-none-eabi/9.3.1/../../../../arm-none-eabi/lib/thumb/v7e-m+fp/hard\libcr_c.a
LOAD c:/nxp/mcuxpressoide_11.3.0_5222/ide/plugins/com.nxp.mcuxpresso.tools.win32_11.3.0.202008311133/tools/bin/../lib/gcc/arm-none-eabi/9.3.1/thumb/v7e-m+fp/hard\libcr_eabihelpers.a
LOAD c:/nxp/mcuxpressoide_11.3.0_5222/ide/plugins/com.nxp.mcuxpresso.tools.win32_11.3.0.202008311133/tools/bin/../lib/gcc/arm-none-eabi/9.3.1/thumb/v7e-m+fp/hard\libgcc.a
END GROUP
                0x00000000                __base_PROGRAM_FLASH = 0x0
                0x00000000                __base_Flash = 0x0
                0x00100000                __top_PROGRAM_FLASH = 0x100000
                0x00100000                __top_Flash = 0x100000
                0x20000000                __base_SRAM_UPPER = 0x20000000
                0x20000000                __base_RAM = 0x20000000
                0x20030000                __top_SRAM_UPPER = 0x20030000
                0x20030000                __top_RAM = 0x20030000
                0x1fff0000                __base_SRAM_LOWER = 0x1fff0000
                0x1fff0000                __base_RAM2 = 0x1fff0000
                0x20000000                __top_SRAM_LOWER = 0x20000000
                0x20000000                __top_RAM2 = 0x20000000
                0x14000000                __base_FLEX_RAM = 0x14000000
                0x14000000                __base_RAM3 = 0x14000000
                0x14001000                __top_FLEX_RAM = 0x14001000
                0x14001000                __top_RAM3 = 0x14001000

.text           0x00000000     0x52b8
 FILL mask 0xff
                0x00000000                __vectors_start__ = ABSOLUTE (.)
 *(SORT_BY_ALIGNMENT(.isr_vector))
 .isr_vector    0x00000000      0x198 ./startup/startup_mk64f12.o
                0x00000000                g_pfnVectors
                0x00000000                __Vectors
                0x00000198                . = ALIGN (0x4)
                0x00000198                __section_table_start = .
                0x00000198                __data_section_table = .
                0x00000198        0x4 LONG 0x52b8 LOADADDR (.data)
                0x0000019c        0x4 LONG 0x20000000 ADDR (.data)
                0x000001a0        0x4 LONG 0x10 SIZEOF (.data)
                0x000001a4        0x4 LONG 0x52b8 LOADADDR (.data_RAM2)
                0x000001a8        0x4 LONG 0x1fff0000 ADDR (.data_RAM2)
                0x000001ac        0x4 LONG 0x0 SIZEOF (.data_RAM2)
                0x000001b0        0x4 LONG 0x52b8 LOADADDR (.data_RAM3)
                0x000001b4        0x4 LONG 0x14000000 ADDR (.data_RAM3)
                0x000001b8        0x4 LONG 0x0 SIZEOF (.data_RAM3)
                0x000001bc                __data_section_table_end = .
                0x000001bc                __bss_section_table = .
                0x000001bc        0x4 LONG 0x20000010 ADDR (.bss)
                0x000001c0        0x4 LONG 0x1a0 SIZEOF (.bss)
                0x000001c4        0x4 LONG 0x1fff0000 ADDR (.bss_RAM2)
                0x000001c8        0x4 LONG 0x0 SIZEOF (.bss_RAM2)
                0x000001cc        0x4 LONG 0x14000000 ADDR (.bss_RAM3)
                0x000001d0        0x4 LONG 0x0 SIZEOF (.bss_RAM3)
                0x000001d4                __bss_section_table_end = .
                0x000001d4                __section_table_end = .
 *(SORT_BY_ALIGNMENT(.after_vectors*))
 .after_vectors.reset
                0x000001d4       0x4c ./startup/startup_mk64f12.o
                0x000001d4                ResetISR
 .after_vectors.init_data
                0x00000220       0x1e ./startup/startup_mk64f12.o
                0x00000220                data_init
 .after_vectors.init_bss
                0x0000023e       0x12 ./startup/startup_mk64f12.o
                0x0000023e                bss_init
 .after_vectors
                0x00000250       0x14 ./startup/startup_mk64f12.o
                0x00000250                NMI_Handler
                0x00000254                MemManage_Handler
                0x00000256                BusFault_Handler
                0x00000258                UsageFault_Handler
                0x0000025a                SVC_Handler
                0x0000025c                DebugMon_Handler
                0x0000025e                PendSV_Handler
                0x00000260                SysTick_Handler
                0x00000262                FTM1_DriverIRQHandler
                0x00000262                FTM2_DriverIRQHandler
                0x00000262                PIT2_DriverIRQHandler
                0x00000262                SDHC_DriverIRQHandler
                0x00000262                I2S0_Tx_DriverIRQHandler
                0x00000262                RTC_Seconds_DriverIRQHandler
                0x00000262                LLWU_DriverIRQHandler
                0x00000262                MCM_DriverIRQHandler
                0x00000262                MCG_DriverIRQHandler
                0x00000262                ENET_1588_Timer_DriverIRQHandler
                0x00000262                I2C2_DriverIRQHandler
                0x00000262                DAC1_DriverIRQHandler
                0x00000262                DMA_Error_DriverIRQHandler
                0x00000262                CMP1_DriverIRQHandler
                0x00000262                FTM0_DriverIRQHandler
                0x00000262                IntDefaultHandler
                0x00000262                USB0_DriverIRQHandler
                0x00000262                UART5_ERR_DriverIRQHandler
                0x00000262                PORTC_DriverIRQHandler
                0x00000262                DAC0_DriverIRQHandler
                0x00000262                CMP2_DriverIRQHandler
                0x00000262                UART2_ERR_DriverIRQHandler
                0x00000262                SPI2_DriverIRQHandler
                0x00000262                LPTMR0_DriverIRQHandler
                0x00000262                PIT0_DriverIRQHandler
                0x00000262                RNG_DriverIRQHandler
                0x00000262                USBDCD_DriverIRQHandler
                0x00000262                UART3_ERR_DriverIRQHandler
                0x00000262                UART0_ERR_DriverIRQHandler
                0x00000262                CMT_DriverIRQHandler
                0x00000262                Reserved71_DriverIRQHandler
                0x00000262                ADC1_DriverIRQHandler
                0x00000262                PORTA_DriverIRQHandler
                0x00000262                PIT3_DriverIRQHandler
                0x00000262                PIT1_DriverIRQHandler
                0x00000262                WDOG_EWM_DriverIRQHandler
                0x00000262                PDB0_DriverIRQHandler
                0x00000262                RTC_DriverIRQHandler
                0x00000262                I2S0_Rx_DriverIRQHandler
                0x00000262                Read_Collision_DriverIRQHandler
                0x00000262                SWI_DriverIRQHandler
                0x00000262                UART4_ERR_DriverIRQHandler
                0x00000262                SPI1_DriverIRQHandler
                0x00000262                UART0_LON_DriverIRQHandler
                0x00000262                PORTB_DriverIRQHandler
                0x00000262                I2C1_DriverIRQHandler
                0x00000262                ENET_Receive_DriverIRQHandler
                0x00000262                ENET_Error_DriverIRQHandler
                0x00000262                SPI0_DriverIRQHandler
                0x00000262                ADC0_DriverIRQHandler
                0x00000262                CMP0_DriverIRQHandler
                0x00000262                CAN0_DriverIRQHandler
                0x00000262                FTM3_DriverIRQHandler
                0x00000262                LVD_LVW_DriverIRQHandler
                0x00000262                UART1_ERR_DriverIRQHandler
                0x00000262                ENET_Transmit_DriverIRQHandler
                0x00000262                PORTD_DriverIRQHandler
                0x00000262                PORTE_DriverIRQHandler
                0x00000262                FTFE_DriverIRQHandler
                0x00000262                I2C0_DriverIRQHandler
                0x00000400                . = 0x400
 *fill*         0x00000264      0x19c ff
                0x00000400                PROVIDE (__FLASH_CONFIG_START__ = .)
 *(SORT_BY_ALIGNMENT(.FlashConfig))
 .FlashConfig   0x00000400       0x10 ./startup/startup_mk64f12.o
                0x00000400                Flash_Config
                0x00000410                PROVIDE (__FLASH_CONFIG_END__ = .)
                0x00000001                ASSERT (! ((__FLASH_CONFIG_START__ == __FLASH_CONFIG_END__)), Linker Flash Config Support Enabled, but no .FlashConfig section provided within application)
 *(SORT_BY_ALIGNMENT(.text*))
 .text.__assertion_failed
                0x00000410       0x18 ./utilities/fsl_assert.o
                0x00000410                __assertion_failed
 .text.PDB_EnableInterrupts
                0x00000428       0x38 ./source/DAC_Wrapper.o
 .text.PDB_SetDACTriggerIntervalValue
                0x00000460       0x38 ./source/DAC_Wrapper.o
 .text.DMAMUX_EnableChannel
                0x00000498       0x3c ./source/DAC_Wrapper.o
 .text.DMAMUX_SetSource
                0x000004d4       0x4c ./source/DAC_Wrapper.o
 .text.DAC_Wrapper_Init
                0x00000520       0x28 ./source/DAC_Wrapper.o
                0x00000520                DAC_Wrapper_Init
 .text.DAC_Wrapper_Set_Data_Array
                0x00000548       0x20 ./source/DAC_Wrapper.o
                0x00000548                DAC_Wrapper_Set_Data_Array
 .text.DAC_Wrapper_Clear_Data_Array
                0x00000568       0x1c ./source/DAC_Wrapper.o
                0x00000568                DAC_Wrapper_Clear_Data_Array
 .text.DAC_Wrapper_Start_Trigger
                0x00000584       0x14 ./source/DAC_Wrapper.o
                0x00000584                DAC_Wrapper_Start_Trigger
 .text.DAC_Wrapper_Loop
                0x00000598       0x20 ./source/DAC_Wrapper.o
                0x00000598                DAC_Wrapper_Loop
 .text.EDMA_Configuration
                0x000005b8       0x90 ./source/DAC_Wrapper.o
 .text.DMAMUX_Configuration
                0x00000648       0x24 ./source/DAC_Wrapper.o
 .text.PDB_Configuration
                0x0000066c       0x6c ./source/DAC_Wrapper.o
 .text.DAC_Configuration
                0x000006d8       0x64 ./source/DAC_Wrapper.o
 .text.Edma_Callback
                0x0000073c       0xa0 ./source/DAC_Wrapper.o
 .text.main     0x000007dc       0x88 ./source/dac_continuous_pdb_edma.o
                0x000007dc                main
 .text.CLOCK_SetEr32kClock
                0x00000864       0x30 ./drivers/fsl_clock.o
 .text.CLOCK_SetPllFllSelClock
                0x00000894       0x3c ./drivers/fsl_clock.o
 .text.CLOCK_GetMcgExtClkFreq
                0x000008d0       0x7c ./drivers/fsl_clock.o
 .text.CLOCK_GetFllExtRefClkFreq
                0x0000094c       0xb0 ./drivers/fsl_clock.o
 .text.CLOCK_GetInternalRefClkSelectFreq
                0x000009fc       0x4c ./drivers/fsl_clock.o
 .text.CLOCK_GetFllRefClkFreq
                0x00000a48       0x34 ./drivers/fsl_clock.o
 .text.CLOCK_GetOscRangeFromFreq
                0x00000a7c       0x3c ./drivers/fsl_clock.o
 .text.CLOCK_GetCoreSysClkFreq
                0x00000ab8       0x28 ./drivers/fsl_clock.o
                0x00000ab8                CLOCK_GetCoreSysClkFreq
 .text.CLOCK_SetSimConfig
                0x00000ae0       0x38 ./drivers/fsl_clock.o
                0x00000ae0                CLOCK_SetSimConfig
 .text.CLOCK_GetOutClkFreq
                0x00000b18       0x64 ./drivers/fsl_clock.o
                0x00000b18                CLOCK_GetOutClkFreq
 .text.CLOCK_GetFllFreq
                0x00000b7c       0x84 ./drivers/fsl_clock.o
                0x00000b7c                CLOCK_GetFllFreq
 .text.CLOCK_GetPll0Freq
                0x00000c00       0x78 ./drivers/fsl_clock.o
                0x00000c00                CLOCK_GetPll0Freq
 .text.CLOCK_SetExternalRefClkConfig
                0x00000c78       0x6c ./drivers/fsl_clock.o
                0x00000c78                CLOCK_SetExternalRefClkConfig
 .text.CLOCK_SetInternalRefClkConfig
                0x00000ce4      0x104 ./drivers/fsl_clock.o
                0x00000ce4                CLOCK_SetInternalRefClkConfig
 .text.CLOCK_EnablePll0
                0x00000de8       0x88 ./drivers/fsl_clock.o
                0x00000de8                CLOCK_EnablePll0
 .text.CLOCK_InitOsc0
                0x00000e70       0x8c ./drivers/fsl_clock.o
                0x00000e70                CLOCK_InitOsc0
 .text.CLOCK_SetPbeMode
                0x00000efc       0xa8 ./drivers/fsl_clock.o
                0x00000efc                CLOCK_SetPbeMode
 .text.CLOCK_BootToPeeMode
                0x00000fa4       0x64 ./drivers/fsl_clock.o
                0x00000fa4                CLOCK_BootToPeeMode
 .text.DAC_GetInstance
                0x00001008       0x4c ./drivers/fsl_dac.o
 .text.DAC_Init
                0x00001054       0x70 ./drivers/fsl_dac.o
                0x00001054                DAC_Init
 .text.DAC_GetDefaultConfig
                0x000010c4       0x38 ./drivers/fsl_dac.o
                0x000010c4                DAC_GetDefaultConfig
 .text.DAC_SetBufferConfig
                0x000010fc       0xac ./drivers/fsl_dac.o
                0x000010fc                DAC_SetBufferConfig
 .text.DAC_GetDefaultBufferConfig
                0x000011a8       0x44 ./drivers/fsl_dac.o
                0x000011a8                DAC_GetDefaultBufferConfig
 .text.DAC_SetBufferReadPointer
                0x000011ec       0x48 ./drivers/fsl_dac.o
                0x000011ec                DAC_SetBufferReadPointer
 .text.DMAMUX_GetInstance
                0x00001234       0x44 ./drivers/fsl_dmamux.o
 .text.DMAMUX_Init
                0x00001278       0x24 ./drivers/fsl_dmamux.o
                0x00001278                DMAMUX_Init
 .text.__NVIC_EnableIRQ
                0x0000129c       0x3c ./drivers/fsl_edma.o
 .text.EDMA_GetInstance
                0x000012d8       0x44 ./drivers/fsl_edma.o
 .text.EDMA_InstallTCD
                0x0000131c      0x148 ./drivers/fsl_edma.o
                0x0000131c                EDMA_InstallTCD
 .text.EDMA_Init
                0x00001464       0x98 ./drivers/fsl_edma.o
                0x00001464                EDMA_Init
 .text.EDMA_GetDefaultConfig
                0x000014fc       0x44 ./drivers/fsl_edma.o
                0x000014fc                EDMA_GetDefaultConfig
 .text.EDMA_SetTransferConfig
                0x00001540       0x60 ./drivers/fsl_edma.o
                0x00001540                EDMA_SetTransferConfig
 .text.EDMA_EnableChannelInterrupts
                0x000015a0       0xa8 ./drivers/fsl_edma.o
                0x000015a0                EDMA_EnableChannelInterrupts
 .text.EDMA_TcdReset
                0x00001648       0x78 ./drivers/fsl_edma.o
                0x00001648                EDMA_TcdReset
 .text.EDMA_TcdSetTransferConfig
                0x000016c0      0x12c ./drivers/fsl_edma.o
                0x000016c0                EDMA_TcdSetTransferConfig
 .text.EDMA_ClearChannelStatusFlags
                0x000017ec       0x5c ./drivers/fsl_edma.o
                0x000017ec                EDMA_ClearChannelStatusFlags
 .text.EDMA_GetInstanceOffset
                0x00001848       0x48 ./drivers/fsl_edma.o
 .text.EDMA_CreateHandle
                0x00001890       0xe0 ./drivers/fsl_edma.o
                0x00001890                EDMA_CreateHandle
 .text.EDMA_SetCallback
                0x00001970       0x30 ./drivers/fsl_edma.o
                0x00001970                EDMA_SetCallback
 .text.EDMA_TransferWidthMapping
                0x000019a0       0xd0 ./drivers/fsl_edma.o
 .text.EDMA_PrepareTransferConfig
                0x00001a70      0x134 ./drivers/fsl_edma.o
                0x00001a70                EDMA_PrepareTransferConfig
 .text.EDMA_PrepareTransfer
                0x00001ba4       0xa4 ./drivers/fsl_edma.o
                0x00001ba4                EDMA_PrepareTransfer
 .text.EDMA_SubmitTransfer
                0x00001c48      0x304 ./drivers/fsl_edma.o
                0x00001c48                EDMA_SubmitTransfer
 .text.EDMA_StartTransfer
                0x00001f4c       0xb0 ./drivers/fsl_edma.o
                0x00001f4c                EDMA_StartTransfer
 .text.EDMA_HandleIRQ
                0x00001ffc      0x160 ./drivers/fsl_edma.o
                0x00001ffc                EDMA_HandleIRQ
 .text.DMA0_DriverIRQHandler
                0x0000215c       0x1c ./drivers/fsl_edma.o
                0x0000215c                DMA0_DriverIRQHandler
 .text.DMA1_DriverIRQHandler
                0x00002178       0x1c ./drivers/fsl_edma.o
                0x00002178                DMA1_DriverIRQHandler
 .text.DMA2_DriverIRQHandler
                0x00002194       0x1c ./drivers/fsl_edma.o
                0x00002194                DMA2_DriverIRQHandler
 .text.DMA3_DriverIRQHandler
                0x000021b0       0x1c ./drivers/fsl_edma.o
                0x000021b0                DMA3_DriverIRQHandler
 .text.DMA4_DriverIRQHandler
                0x000021cc       0x1c ./drivers/fsl_edma.o
                0x000021cc                DMA4_DriverIRQHandler
 .text.DMA5_DriverIRQHandler
                0x000021e8       0x1c ./drivers/fsl_edma.o
                0x000021e8                DMA5_DriverIRQHandler
 .text.DMA6_DriverIRQHandler
                0x00002204       0x1c ./drivers/fsl_edma.o
                0x00002204                DMA6_DriverIRQHandler
 .text.DMA7_DriverIRQHandler
                0x00002220       0x1c ./drivers/fsl_edma.o
                0x00002220                DMA7_DriverIRQHandler
 .text.DMA8_DriverIRQHandler
                0x0000223c       0x1c ./drivers/fsl_edma.o
                0x0000223c                DMA8_DriverIRQHandler
 .text.DMA9_DriverIRQHandler
                0x00002258       0x1c ./drivers/fsl_edma.o
                0x00002258                DMA9_DriverIRQHandler
 .text.DMA10_DriverIRQHandler
                0x00002274       0x1c ./drivers/fsl_edma.o
                0x00002274                DMA10_DriverIRQHandler
 .text.DMA11_DriverIRQHandler
                0x00002290       0x1c ./drivers/fsl_edma.o
                0x00002290                DMA11_DriverIRQHandler
 .text.DMA12_DriverIRQHandler
                0x000022ac       0x1c ./drivers/fsl_edma.o
                0x000022ac                DMA12_DriverIRQHandler
 .text.DMA13_DriverIRQHandler
                0x000022c8       0x1c ./drivers/fsl_edma.o
                0x000022c8                DMA13_DriverIRQHandler
 .text.DMA14_DriverIRQHandler
                0x000022e4       0x1c ./drivers/fsl_edma.o
                0x000022e4                DMA14_DriverIRQHandler
 .text.DMA15_DriverIRQHandler
                0x00002300       0x1c ./drivers/fsl_edma.o
                0x00002300                DMA15_DriverIRQHandler
 .text.PDB_GetInstance
                0x0000231c       0x44 ./drivers/fsl_pdb.o
 .text.PDB_Init
                0x00002360       0x94 ./drivers/fsl_pdb.o
                0x00002360                PDB_Init
 .text.PDB_GetDefaultConfig
                0x000023f4       0x48 ./drivers/fsl_pdb.o
                0x000023f4                PDB_GetDefaultConfig
 .text.PDB_SetDACTriggerConfig
                0x0000243c       0x68 ./drivers/fsl_pdb.o
                0x0000243c                PDB_SetDACTriggerConfig
 .text.UART0_DriverIRQHandler
                0x000024a4       0x28 ./drivers/fsl_uart.o
                0x000024a4                UART0_DriverIRQHandler
 .text.UART1_DriverIRQHandler
                0x000024cc       0x28 ./drivers/fsl_uart.o
                0x000024cc                UART1_DriverIRQHandler
 .text.UART2_DriverIRQHandler
                0x000024f4       0x28 ./drivers/fsl_uart.o
                0x000024f4                UART2_DriverIRQHandler
 .text.UART3_DriverIRQHandler
                0x0000251c       0x28 ./drivers/fsl_uart.o
                0x0000251c                UART3_DriverIRQHandler
 .text.UART4_DriverIRQHandler
                0x00002544       0x28 ./drivers/fsl_uart.o
                0x00002544                UART4_DriverIRQHandler
 .text.UART5_DriverIRQHandler
                0x0000256c       0x28 ./drivers/fsl_uart.o
                0x0000256c                UART5_DriverIRQHandler
 .text.SystemInit
                0x00002594       0x3c ./device/system_MK64F12.o
                0x00002594                SystemInit
 .text.CLOCK_SetSimSafeDivs
                0x000025d0       0x20 ./board/clock_config.o
 .text.CLOCK_SetXtal0Freq
                0x000025f0       0x20 ./board/clock_config.o
 .text.CLOCK_CONFIG_SetFllExtRefDiv
                0x00002610       0x3c ./board/clock_config.o
 .text.BOARD_BootClockRUN
                0x0000264c       0x60 ./board/clock_config.o
                0x0000264c                BOARD_BootClockRUN
 .text.BOARD_InitPins
                0x000026ac       0x48 ./board/pin_mux.o
                0x000026ac                BOARD_InitPins
 .text.malloc   0x000026f4       0xc8 c:/nxp/mcuxpressoide_11.3.0_5222/ide/plugins/com.nxp.mcuxpresso.tools.win32_11.3.0.202008311133/tools/bin/../lib/gcc/arm-none-eabi/9.3.1/../../../../arm-none-eabi/lib/thumb/v7e-m+fp/hard\libcr_c.a(alloc.o)
                0x000026f4                malloc
 .text._Csys_alloc
                0x000027bc       0x20 c:/nxp/mcuxpressoide_11.3.0_5222/ide/plugins/com.nxp.mcuxpresso.tools.win32_11.3.0.202008311133/tools/bin/../lib/gcc/arm-none-eabi/9.3.1/../../../../arm-none-eabi/lib/thumb/v7e-m+fp/hard\libcr_c.a(alloc.o)
                0x000027bc                _Csys_alloc
 .text._initio  0x000027dc       0x78 c:/nxp/mcuxpressoide_11.3.0_5222/ide/plugins/com.nxp.mcuxpresso.tools.win32_11.3.0.202008311133/tools/bin/../lib/gcc/arm-none-eabi/9.3.1/../../../../arm-none-eabi/lib/thumb/v7e-m+fp/hard\libcr_c.a(initio.o)
                0x000027dc                _initio
 .text.__vfprintf
                0x00002854      0xce8 c:/nxp/mcuxpressoide_11.3.0_5222/ide/plugins/com.nxp.mcuxpresso.tools.win32_11.3.0.202008311133/tools/bin/../lib/gcc/arm-none-eabi/9.3.1/../../../../arm-none-eabi/lib/thumb/v7e-m+fp/hard\libcr_c.a(printf.o)
                0x00002854                __vfprintf
 .text._vsnprintf
                0x0000353c       0x68 c:/nxp/mcuxpressoide_11.3.0_5222/ide/plugins/com.nxp.mcuxpresso.tools.win32_11.3.0.202008311133/tools/bin/../lib/gcc/arm-none-eabi/9.3.1/../../../../arm-none-eabi/lib/thumb/v7e-m+fp/hard\libcr_c.a(printf.o)
                0x0000353c                _vsnprintf
 .text._printf  0x000035a4       0x54 c:/nxp/mcuxpressoide_11.3.0_5222/ide/plugins/com.nxp.mcuxpresso.tools.win32_11.3.0.202008311133/tools/bin/../lib/gcc/arm-none-eabi/9.3.1/../../../../arm-none-eabi/lib/thumb/v7e-m+fp/hard\libcr_c.a(printf.o)
                0x000035a4                _printf
 .text._sbrk    0x000035f8       0x3c c:/nxp/mcuxpressoide_11.3.0_5222/ide/plugins/com.nxp.mcuxpresso.tools.win32_11.3.0.202008311133/tools/bin/../lib/gcc/arm-none-eabi/9.3.1/../../../../arm-none-eabi/lib/thumb/v7e-m+fp/hard\libcr_c.a(_cr_sbrk.o)
                0x000035f8                _sbrk
 .text._Cwritebuf
                0x00003634       0x6c c:/nxp/mcuxpressoide_11.3.0_5222/ide/plugins/com.nxp.mcuxpresso.tools.win32_11.3.0.202008311133/tools/bin/../lib/gcc/arm-none-eabi/9.3.1/../../../../arm-none-eabi/lib/thumb/v7e-m+fp/hard\libcr_c.a(_writebuf.o)
                0x00003634                _Cwritebuf
 .text.fflush   0x000036a0       0x44 c:/nxp/mcuxpressoide_11.3.0_5222/ide/plugins/com.nxp.mcuxpresso.tools.win32_11.3.0.202008311133/tools/bin/../lib/gcc/arm-none-eabi/9.3.1/../../../../arm-none-eabi/lib/thumb/v7e-m+fp/hard\libcr_c.a(fflush.o)
                0x000036a0                fflush
 .text.fseek    0x000036e4      0x100 c:/nxp/mcuxpressoide_11.3.0_5222/ide/plugins/com.nxp.mcuxpresso.tools.win32_11.3.0.202008311133/tools/bin/../lib/gcc/arm-none-eabi/9.3.1/../../../../arm-none-eabi/lib/thumb/v7e-m+fp/hard\libcr_c.a(fseek.o)
                0x000036e4                fseek
 .text.ftell    0x000037e4       0x44 c:/nxp/mcuxpressoide_11.3.0_5222/ide/plugins/com.nxp.mcuxpresso.tools.win32_11.3.0.202008311133/tools/bin/../lib/gcc/arm-none-eabi/9.3.1/../../../../arm-none-eabi/lib/thumb/v7e-m+fp/hard\libcr_c.a(ftell.o)
                0x000037e4                ftell
 .text.__check_heap_overflow
                0x00003828       0x18 c:/nxp/mcuxpressoide_11.3.0_5222/ide/plugins/com.nxp.mcuxpresso.tools.win32_11.3.0.202008311133/tools/bin/../lib/gcc/arm-none-eabi/9.3.1/../../../../arm-none-eabi/lib/thumb/v7e-m+fp/hard\libcr_c.a(_cr_check_heap.o)
                0x00003828                __check_heap_overflow
 .text.__sys_appexit
                0x00003840        0xc c:/nxp/mcuxpressoide_11.3.0_5222/ide/plugins/com.nxp.mcuxpresso.tools.win32_11.3.0.202008311133/tools/bin/../lib/gcc/arm-none-eabi/9.3.1/../../../../arm-none-eabi/lib/thumb/v7e-m+fp/hard\libcr_semihost_nf.a(__sys_appexit.o)
                0x00003840                __sys_appexit
                0x00003840                __exit
 .text.DMA0_IRQHandler
                0x0000384c        0x8 ./startup/startup_mk64f12.o
                0x0000384c                DMA0_IRQHandler
 .text.DMA1_IRQHandler
                0x00003854        0x8 ./startup/startup_mk64f12.o
                0x00003854                DMA1_IRQHandler
 .text.DMA2_IRQHandler
                0x0000385c        0x8 ./startup/startup_mk64f12.o
                0x0000385c                DMA2_IRQHandler
 .text.DMA3_IRQHandler
                0x00003864        0x8 ./startup/startup_mk64f12.o
                0x00003864                DMA3_IRQHandler
 .text.DMA4_IRQHandler
                0x0000386c        0x8 ./startup/startup_mk64f12.o
                0x0000386c                DMA4_IRQHandler
 .text.DMA5_IRQHandler
                0x00003874        0x8 ./startup/startup_mk64f12.o
                0x00003874                DMA5_IRQHandler
 .text.DMA6_IRQHandler
                0x0000387c        0x8 ./startup/startup_mk64f12.o
                0x0000387c                DMA6_IRQHandler
 .text.DMA7_IRQHandler
                0x00003884        0x8 ./startup/startup_mk64f12.o
                0x00003884                DMA7_IRQHandler
 .text.DMA8_IRQHandler
                0x0000388c        0x8 ./startup/startup_mk64f12.o
                0x0000388c                DMA8_IRQHandler
 .text.DMA9_IRQHandler
                0x00003894        0x8 ./startup/startup_mk64f12.o
                0x00003894                DMA9_IRQHandler
 .text.DMA10_IRQHandler
                0x0000389c        0x8 ./startup/startup_mk64f12.o
                0x0000389c                DMA10_IRQHandler
 .text.DMA11_IRQHandler
                0x000038a4        0x8 ./startup/startup_mk64f12.o
                0x000038a4                DMA11_IRQHandler
 .text.DMA12_IRQHandler
                0x000038ac        0x8 ./startup/startup_mk64f12.o
                0x000038ac                DMA12_IRQHandler
 .text.DMA13_IRQHandler
                0x000038b4        0x8 ./startup/startup_mk64f12.o
                0x000038b4                DMA13_IRQHandler
 .text.DMA14_IRQHandler
                0x000038bc        0x8 ./startup/startup_mk64f12.o
                0x000038bc                DMA14_IRQHandler
 .text.DMA15_IRQHandler
                0x000038c4        0x8 ./startup/startup_mk64f12.o
                0x000038c4                DMA15_IRQHandler
 .text.DMA_Error_IRQHandler
                0x000038cc        0x8 ./startup/startup_mk64f12.o
                0x000038cc                DMA_Error_IRQHandler
 .text.MCM_IRQHandler
                0x000038d4        0x8 ./startup/startup_mk64f12.o
                0x000038d4                MCM_IRQHandler
 .text.FTFE_IRQHandler
                0x000038dc        0x8 ./startup/startup_mk64f12.o
                0x000038dc                FTFE_IRQHandler
 .text.Read_Collision_IRQHandler
                0x000038e4        0x8 ./startup/startup_mk64f12.o
                0x000038e4                Read_Collision_IRQHandler
 .text.LVD_LVW_IRQHandler
                0x000038ec        0x8 ./startup/startup_mk64f12.o
                0x000038ec                LVD_LVW_IRQHandler
 .text.LLWU_IRQHandler
                0x000038f4        0x8 ./startup/startup_mk64f12.o
                0x000038f4                LLWU_IRQHandler
 .text.WDOG_EWM_IRQHandler
                0x000038fc        0x8 ./startup/startup_mk64f12.o
                0x000038fc                WDOG_EWM_IRQHandler
 .text.RNG_IRQHandler
                0x00003904        0x8 ./startup/startup_mk64f12.o
                0x00003904                RNG_IRQHandler
 .text.I2C0_IRQHandler
                0x0000390c        0x8 ./startup/startup_mk64f12.o
                0x0000390c                I2C0_IRQHandler
 .text.I2C1_IRQHandler
                0x00003914        0x8 ./startup/startup_mk64f12.o
                0x00003914                I2C1_IRQHandler
 .text.SPI0_IRQHandler
                0x0000391c        0x8 ./startup/startup_mk64f12.o
                0x0000391c                SPI0_IRQHandler
 .text.SPI1_IRQHandler
                0x00003924        0x8 ./startup/startup_mk64f12.o
                0x00003924                SPI1_IRQHandler
 .text.I2S0_Tx_IRQHandler
                0x0000392c        0x8 ./startup/startup_mk64f12.o
                0x0000392c                I2S0_Tx_IRQHandler
 .text.I2S0_Rx_IRQHandler
                0x00003934        0x8 ./startup/startup_mk64f12.o
                0x00003934                I2S0_Rx_IRQHandler
 .text.UART0_LON_IRQHandler
                0x0000393c        0x8 ./startup/startup_mk64f12.o
                0x0000393c                UART0_LON_IRQHandler
 .text.UART0_RX_TX_IRQHandler
                0x00003944        0x8 ./startup/startup_mk64f12.o
                0x00003944                UART0_RX_TX_IRQHandler
 .text.UART0_ERR_IRQHandler
                0x0000394c        0x8 ./startup/startup_mk64f12.o
                0x0000394c                UART0_ERR_IRQHandler
 .text.UART1_RX_TX_IRQHandler
                0x00003954        0x8 ./startup/startup_mk64f12.o
                0x00003954                UART1_RX_TX_IRQHandler
 .text.UART1_ERR_IRQHandler
                0x0000395c        0x8 ./startup/startup_mk64f12.o
                0x0000395c                UART1_ERR_IRQHandler
 .text.UART2_RX_TX_IRQHandler
                0x00003964        0x8 ./startup/startup_mk64f12.o
                0x00003964                UART2_RX_TX_IRQHandler
 .text.UART2_ERR_IRQHandler
                0x0000396c        0x8 ./startup/startup_mk64f12.o
                0x0000396c                UART2_ERR_IRQHandler
 .text.UART3_RX_TX_IRQHandler
                0x00003974        0x8 ./startup/startup_mk64f12.o
                0x00003974                UART3_RX_TX_IRQHandler
 .text.UART3_ERR_IRQHandler
                0x0000397c        0x8 ./startup/startup_mk64f12.o
                0x0000397c                UART3_ERR_IRQHandler
 .text.ADC0_IRQHandler
                0x00003984        0x8 ./startup/startup_mk64f12.o
                0x00003984                ADC0_IRQHandler
 .text.CMP0_IRQHandler
                0x0000398c        0x8 ./startup/startup_mk64f12.o
                0x0000398c                CMP0_IRQHandler
 .text.CMP1_IRQHandler
                0x00003994        0x8 ./startup/startup_mk64f12.o
                0x00003994                CMP1_IRQHandler
 .text.FTM0_IRQHandler
                0x0000399c        0x8 ./startup/startup_mk64f12.o
                0x0000399c                FTM0_IRQHandler
 .text.FTM1_IRQHandler
                0x000039a4        0x8 ./startup/startup_mk64f12.o
                0x000039a4                FTM1_IRQHandler
 .text.FTM2_IRQHandler
                0x000039ac        0x8 ./startup/startup_mk64f12.o
                0x000039ac                FTM2_IRQHandler
 .text.CMT_IRQHandler
                0x000039b4        0x8 ./startup/startup_mk64f12.o
                0x000039b4                CMT_IRQHandler
 .text.RTC_IRQHandler
                0x000039bc        0x8 ./startup/startup_mk64f12.o
                0x000039bc                RTC_IRQHandler
 .text.RTC_Seconds_IRQHandler
                0x000039c4        0x8 ./startup/startup_mk64f12.o
                0x000039c4                RTC_Seconds_IRQHandler
 .text.PIT0_IRQHandler
                0x000039cc        0x8 ./startup/startup_mk64f12.o
                0x000039cc                PIT0_IRQHandler
 .text.PIT1_IRQHandler
                0x000039d4        0x8 ./startup/startup_mk64f12.o
                0x000039d4                PIT1_IRQHandler
 .text.PIT2_IRQHandler
                0x000039dc        0x8 ./startup/startup_mk64f12.o
                0x000039dc                PIT2_IRQHandler
 .text.PIT3_IRQHandler
                0x000039e4        0x8 ./startup/startup_mk64f12.o
                0x000039e4                PIT3_IRQHandler
 .text.PDB0_IRQHandler
                0x000039ec        0x8 ./startup/startup_mk64f12.o
                0x000039ec                PDB0_IRQHandler
 .text.USB0_IRQHandler
                0x000039f4        0x8 ./startup/startup_mk64f12.o
                0x000039f4                USB0_IRQHandler
 .text.USBDCD_IRQHandler
                0x000039fc        0x8 ./startup/startup_mk64f12.o
                0x000039fc                USBDCD_IRQHandler
 .text.Reserved71_IRQHandler
                0x00003a04        0x8 ./startup/startup_mk64f12.o
                0x00003a04                Reserved71_IRQHandler
 .text.DAC0_IRQHandler
                0x00003a0c        0x8 ./startup/startup_mk64f12.o
                0x00003a0c                DAC0_IRQHandler
 .text.MCG_IRQHandler
                0x00003a14        0x8 ./startup/startup_mk64f12.o
                0x00003a14                MCG_IRQHandler
 .text.LPTMR0_IRQHandler
                0x00003a1c        0x8 ./startup/startup_mk64f12.o
                0x00003a1c                LPTMR0_IRQHandler
 .text.PORTA_IRQHandler
                0x00003a24        0x8 ./startup/startup_mk64f12.o
                0x00003a24                PORTA_IRQHandler
 .text.PORTB_IRQHandler
                0x00003a2c        0x8 ./startup/startup_mk64f12.o
                0x00003a2c                PORTB_IRQHandler
 .text.PORTC_IRQHandler
                0x00003a34        0x8 ./startup/startup_mk64f12.o
                0x00003a34                PORTC_IRQHandler
 .text.PORTD_IRQHandler
                0x00003a3c        0x8 ./startup/startup_mk64f12.o
                0x00003a3c                PORTD_IRQHandler
 .text.PORTE_IRQHandler
                0x00003a44        0x8 ./startup/startup_mk64f12.o
                0x00003a44                PORTE_IRQHandler
 .text.SWI_IRQHandler
                0x00003a4c        0x8 ./startup/startup_mk64f12.o
                0x00003a4c                SWI_IRQHandler
 .text.SPI2_IRQHandler
                0x00003a54        0x8 ./startup/startup_mk64f12.o
                0x00003a54                SPI2_IRQHandler
 .text.UART4_RX_TX_IRQHandler
                0x00003a5c        0x8 ./startup/startup_mk64f12.o
                0x00003a5c                UART4_RX_TX_IRQHandler
 .text.UART4_ERR_IRQHandler
                0x00003a64        0x8 ./startup/startup_mk64f12.o
                0x00003a64                UART4_ERR_IRQHandler
 .text.UART5_RX_TX_IRQHandler
                0x00003a6c        0x8 ./startup/startup_mk64f12.o
                0x00003a6c                UART5_RX_TX_IRQHandler
 .text.UART5_ERR_IRQHandler
                0x00003a74        0x8 ./startup/startup_mk64f12.o
                0x00003a74                UART5_ERR_IRQHandler
 .text.CMP2_IRQHandler
                0x00003a7c        0x8 ./startup/startup_mk64f12.o
                0x00003a7c                CMP2_IRQHandler
 .text.FTM3_IRQHandler
                0x00003a84        0x8 ./startup/startup_mk64f12.o
                0x00003a84                FTM3_IRQHandler
 .text.DAC1_IRQHandler
                0x00003a8c        0x8 ./startup/startup_mk64f12.o
                0x00003a8c                DAC1_IRQHandler
 .text.ADC1_IRQHandler
                0x00003a94        0x8 ./startup/startup_mk64f12.o
                0x00003a94                ADC1_IRQHandler
 .text.I2C2_IRQHandler
                0x00003a9c        0x8 ./startup/startup_mk64f12.o
                0x00003a9c                I2C2_IRQHandler
 .text.CAN0_ORed_Message_buffer_IRQHandler
                0x00003aa4        0x8 ./startup/startup_mk64f12.o
                0x00003aa4                CAN0_ORed_Message_buffer_IRQHandler
 .text.CAN0_Bus_Off_IRQHandler
                0x00003aac        0x8 ./startup/startup_mk64f12.o
                0x00003aac                CAN0_Bus_Off_IRQHandler
 .text.CAN0_Error_IRQHandler
                0x00003ab4        0x8 ./startup/startup_mk64f12.o
                0x00003ab4                CAN0_Error_IRQHandler
 .text.CAN0_Tx_Warning_IRQHandler
                0x00003abc        0x8 ./startup/startup_mk64f12.o
                0x00003abc                CAN0_Tx_Warning_IRQHandler
 .text.CAN0_Rx_Warning_IRQHandler
                0x00003ac4        0x8 ./startup/startup_mk64f12.o
                0x00003ac4                CAN0_Rx_Warning_IRQHandler
 .text.CAN0_Wake_Up_IRQHandler
                0x00003acc        0x8 ./startup/startup_mk64f12.o
                0x00003acc                CAN0_Wake_Up_IRQHandler
 .text.SDHC_IRQHandler
                0x00003ad4        0x8 ./startup/startup_mk64f12.o
                0x00003ad4                SDHC_IRQHandler
 .text.ENET_1588_Timer_IRQHandler
                0x00003adc        0x8 ./startup/startup_mk64f12.o
                0x00003adc                ENET_1588_Timer_IRQHandler
 .text.ENET_Transmit_IRQHandler
                0x00003ae4        0x8 ./startup/startup_mk64f12.o
                0x00003ae4                ENET_Transmit_IRQHandler
 .text.ENET_Receive_IRQHandler
                0x00003aec        0x8 ./startup/startup_mk64f12.o
                0x00003aec                ENET_Receive_IRQHandler
 .text.ENET_Error_IRQHandler
                0x00003af4        0x8 ./startup/startup_mk64f12.o
                0x00003af4                ENET_Error_IRQHandler
 .text.DAC_Enable
                0x00003afc       0x48 ./source/DAC_Wrapper.o
 .text.DAC_EnableBuffer
                0x00003b44       0x48 ./source/DAC_Wrapper.o
 .text.DAC_EnableBufferDMA
                0x00003b8c       0x48 ./source/DAC_Wrapper.o
 .text.PDB_DoSoftwareTrigger
                0x00003bd4       0x20 ./source/DAC_Wrapper.o
 .text.PDB_DoLoadValues
                0x00003bf4       0x20 ./source/DAC_Wrapper.o
 .text.PDB_SetModulusValue
                0x00003c14       0x1e ./source/DAC_Wrapper.o
 .text.PDB_SetCounterDelayValue
                0x00003c32       0x1e ./source/DAC_Wrapper.o
 .text.HardFault_Handler
                0x00003c50       0x2c ./source/semihost_hardfault.o
                0x00003c50                HardFault_Handler
 .text.OSC_SetExtRefClkConfig
                0x00003c7c       0x34 ./drivers/fsl_clock.o
 .text.OSC_SetCapLoad
                0x00003cb0       0x34 ./drivers/fsl_clock.o
 .text.CLOCK_GetPll0RefFreq
                0x00003ce4        0xe ./drivers/fsl_clock.o
 .text.CLOCK_EnableClock
                0x00003cf2       0x34 ./drivers/fsl_dac.o
 .text.DAC_EnableBufferInterrupts
                0x00003d26       0x34 ./drivers/fsl_dac.o
                0x00003d26                DAC_EnableBufferInterrupts
 .text.CLOCK_EnableClock
                0x00003d5a       0x34 ./drivers/fsl_dmamux.o
 .text.CLOCK_EnableClock
                0x00003d8e       0x34 ./drivers/fsl_edma.o
 .text.EnableIRQ
                0x00003dc2       0x2c ./drivers/fsl_edma.o
 .text.DisableGlobalIRQ
                0x00003dee       0x22 ./drivers/fsl_edma.o
 .text.EnableGlobalIRQ
                0x00003e10       0x20 ./drivers/fsl_edma.o
 .text.CLOCK_EnableClock
                0x00003e30       0x34 ./drivers/fsl_pdb.o
 .text.PDB_Enable
                0x00003e64       0x38 ./drivers/fsl_pdb.o
 .text.UART0_RX_TX_DriverIRQHandler
                0x00003e9c       0x12 ./drivers/fsl_uart.o
                0x00003e9c                UART0_RX_TX_DriverIRQHandler
 .text.UART1_RX_TX_DriverIRQHandler
                0x00003eae       0x12 ./drivers/fsl_uart.o
                0x00003eae                UART1_RX_TX_DriverIRQHandler
 .text.UART2_RX_TX_DriverIRQHandler
                0x00003ec0       0x12 ./drivers/fsl_uart.o
                0x00003ec0                UART2_RX_TX_DriverIRQHandler
 .text.UART3_RX_TX_DriverIRQHandler
                0x00003ed2       0x12 ./drivers/fsl_uart.o
                0x00003ed2                UART3_RX_TX_DriverIRQHandler
 .text.UART4_RX_TX_DriverIRQHandler
                0x00003ee4       0x12 ./drivers/fsl_uart.o
                0x00003ee4                UART4_RX_TX_DriverIRQHandler
 .text.UART5_RX_TX_DriverIRQHandler
                0x00003ef6       0x12 ./drivers/fsl_uart.o
                0x00003ef6                UART5_RX_TX_DriverIRQHandler
 .text.SystemInitHook
                0x00003f08        0xe ./device/system_MK64F12.o
                0x00003f08                SystemInitHook
 .text.DbgConsole_Init
                0x00003f16       0x20 ./board/board.o
 .text.BOARD_InitDebugConsole
                0x00003f36       0x22 ./board/board.o
                0x00003f36                BOARD_InitDebugConsole
 .text.CLOCK_EnableClock
                0x00003f58       0x34 ./board/pin_mux.o
 .text.PORT_SetPinMux
                0x00003f8c       0x3a ./board/pin_mux.o
 .text.__main   0x00003fc6        0xe c:/nxp/mcuxpressoide_11.3.0_5222/ide/plugins/com.nxp.mcuxpresso.tools.win32_11.3.0.202008311133/tools/bin/../lib/gcc/arm-none-eabi/9.3.1/../../../../arm-none-eabi/lib/thumb/v7e-m+fp/hard\libcr_semihost_nf.a(_cr__main.o)
                0x00003fc6                __CR_SEMIHOST
                0x00003fc6                __main
 .text.memset   0x00003fd4        0x4 c:/nxp/mcuxpressoide_11.3.0_5222/ide/plugins/com.nxp.mcuxpresso.tools.win32_11.3.0.202008311133/tools/bin/../lib/gcc/arm-none-eabi/9.3.1/../../../../arm-none-eabi/lib/thumb/v7e-m+fp/hard\libcr_c.a(memset.o)
                0x00003fd4                memset
 .text.free     0x00003fd8       0x30 c:/nxp/mcuxpressoide_11.3.0_5222/ide/plugins/com.nxp.mcuxpresso.tools.win32_11.3.0.202008311133/tools/bin/../lib/gcc/arm-none-eabi/9.3.1/../../../../arm-none-eabi/lib/thumb/v7e-m+fp/hard\libcr_c.a(alloc.o)
                0x00003fd8                free
 .text.no_fp_display
                0x00004008        0x4 c:/nxp/mcuxpressoide_11.3.0_5222/ide/plugins/com.nxp.mcuxpresso.tools.win32_11.3.0.202008311133/tools/bin/../lib/gcc/arm-none-eabi/9.3.1/../../../../arm-none-eabi/lib/thumb/v7e-m+fp/hard\libcr_c.a(printf.o)
 .text.setvbuf  0x0000400c       0x3e c:/nxp/mcuxpressoide_11.3.0_5222/ide/plugins/com.nxp.mcuxpresso.tools.win32_11.3.0.202008311133/tools/bin/../lib/gcc/arm-none-eabi/9.3.1/../../../../arm-none-eabi/lib/thumb/v7e-m+fp/hard\libcr_c.a(setvbuf.o)
                0x0000400c                setvbuf
 .text.strlen   0x0000404a       0x4c c:/nxp/mcuxpressoide_11.3.0_5222/ide/plugins/com.nxp.mcuxpresso.tools.win32_11.3.0.202008311133/tools/bin/../lib/gcc/arm-none-eabi/9.3.1/../../../../arm-none-eabi/lib/thumb/v7e-m+fp/hard\libcr_c.a(strlen.o)
                0x0000404a                strlen
 .text._deferredlazyseek
                0x00004096       0x40 c:/nxp/mcuxpressoide_11.3.0_5222/ide/plugins/com.nxp.mcuxpresso.tools.win32_11.3.0.202008311133/tools/bin/../lib/gcc/arm-none-eabi/9.3.1/../../../../arm-none-eabi/lib/thumb/v7e-m+fp/hard\libcr_c.a(_deferredlazyseek.o)
                0x00004096                _deferredlazyseek
 .text.__flsbuf
                0x000040d6      0x140 c:/nxp/mcuxpressoide_11.3.0_5222/ide/plugins/com.nxp.mcuxpresso.tools.win32_11.3.0.202008311133/tools/bin/../lib/gcc/arm-none-eabi/9.3.1/../../../../arm-none-eabi/lib/thumb/v7e-m+fp/hard\libcr_c.a(_deferredlazyseek.o)
                0x000040d6                __flsbuf
 .text._fdopen  0x00004216       0x68 c:/nxp/mcuxpressoide_11.3.0_5222/ide/plugins/com.nxp.mcuxpresso.tools.win32_11.3.0.202008311133/tools/bin/../lib/gcc/arm-none-eabi/9.3.1/../../../../arm-none-eabi/lib/thumb/v7e-m+fp/hard\libcr_c.a(_fdopen.o)
                0x00004216                _fdopen
 .text._fflush  0x0000427e       0x52 c:/nxp/mcuxpressoide_11.3.0_5222/ide/plugins/com.nxp.mcuxpresso.tools.win32_11.3.0.202008311133/tools/bin/../lib/gcc/arm-none-eabi/9.3.1/../../../../arm-none-eabi/lib/thumb/v7e-m+fp/hard\libcr_c.a(_fflush.o)
                0x0000427e                _fflush
 .text.fclose   0x000042d0       0x58 c:/nxp/mcuxpressoide_11.3.0_5222/ide/plugins/com.nxp.mcuxpresso.tools.win32_11.3.0.202008311133/tools/bin/../lib/gcc/arm-none-eabi/9.3.1/../../../../arm-none-eabi/lib/thumb/v7e-m+fp/hard\libcr_c.a(fclose.o)
                0x000042d0                fclose
 .text.remove   0x00004328       0x14 c:/nxp/mcuxpressoide_11.3.0_5222/ide/plugins/com.nxp.mcuxpresso.tools.win32_11.3.0.202008311133/tools/bin/../lib/gcc/arm-none-eabi/9.3.1/../../../../arm-none-eabi/lib/thumb/v7e-m+fp/hard\libcr_c.a(remove.o)
                0x00004328                remove
 .text._do_fflush
                0x0000433c       0x40 c:/nxp/mcuxpressoide_11.3.0_5222/ide/plugins/com.nxp.mcuxpresso.tools.win32_11.3.0.202008311133/tools/bin/../lib/gcc/arm-none-eabi/9.3.1/../../../../arm-none-eabi/lib/thumb/v7e-m+fp/hard\libcr_c.a(_do_fflush.o)
                0x0000433c                _do_fflush
 .text.__aeabi_memset_lowlevel
                0x0000437c       0x32 c:/nxp/mcuxpressoide_11.3.0_5222/ide/plugins/com.nxp.mcuxpresso.tools.win32_11.3.0.202008311133/tools/bin/../lib/gcc/arm-none-eabi/9.3.1/thumb/v7e-m+fp/hard\libcr_eabihelpers.a(memcpy.o)
                0x0000437c                __aeabi_lowlevel_memset
 .text.__sys_close
                0x000043ae        0xc c:/nxp/mcuxpressoide_11.3.0_5222/ide/plugins/com.nxp.mcuxpresso.tools.win32_11.3.0.202008311133/tools/bin/../lib/gcc/arm-none-eabi/9.3.1/../../../../arm-none-eabi/lib/thumb/v7e-m+fp/hard\libcr_semihost_nf.a(__sys_close.o)
                0x000043ae                __sys_close
 .text.__sys_flen
                0x000043ba        0xc c:/nxp/mcuxpressoide_11.3.0_5222/ide/plugins/com.nxp.mcuxpresso.tools.win32_11.3.0.202008311133/tools/bin/../lib/gcc/arm-none-eabi/9.3.1/../../../../arm-none-eabi/lib/thumb/v7e-m+fp/hard\libcr_semihost_nf.a(__sys_flen.o)
                0x000043ba                __sys_flen
 .text.__sys_istty
                0x000043c6        0xc c:/nxp/mcuxpressoide_11.3.0_5222/ide/plugins/com.nxp.mcuxpresso.tools.win32_11.3.0.202008311133/tools/bin/../lib/gcc/arm-none-eabi/9.3.1/../../../../arm-none-eabi/lib/thumb/v7e-m+fp/hard\libcr_semihost_nf.a(__sys_istty.o)
                0x000043c6                __sys_istty
 .text.__sys_remove
                0x000043d2        0xc c:/nxp/mcuxpressoide_11.3.0_5222/ide/plugins/com.nxp.mcuxpresso.tools.win32_11.3.0.202008311133/tools/bin/../lib/gcc/arm-none-eabi/9.3.1/../../../../arm-none-eabi/lib/thumb/v7e-m+fp/hard\libcr_semihost_nf.a(__sys_remove.o)
                0x000043d2                __sys_remove
 .text.__sys_seek
                0x000043de        0xc c:/nxp/mcuxpressoide_11.3.0_5222/ide/plugins/com.nxp.mcuxpresso.tools.win32_11.3.0.202008311133/tools/bin/../lib/gcc/arm-none-eabi/9.3.1/../../../../arm-none-eabi/lib/thumb/v7e-m+fp/hard\libcr_semihost_nf.a(__sys_seek.o)
                0x000043de                __sys_seek
 .text.__sys_tmpnam
                0x000043ea        0xc c:/nxp/mcuxpressoide_11.3.0_5222/ide/plugins/com.nxp.mcuxpresso.tools.win32_11.3.0.202008311133/tools/bin/../lib/gcc/arm-none-eabi/9.3.1/../../../../arm-none-eabi/lib/thumb/v7e-m+fp/hard\libcr_semihost_nf.a(__sys_tmpnam.o)
                0x000043ea                __sys_tmpnam
 .text.__sys_write
                0x000043f6        0xc c:/nxp/mcuxpressoide_11.3.0_5222/ide/plugins/com.nxp.mcuxpresso.tools.win32_11.3.0.202008311133/tools/bin/../lib/gcc/arm-none-eabi/9.3.1/../../../../arm-none-eabi/lib/thumb/v7e-m+fp/hard\libcr_semihost_nf.a(__sys_write.o)
                0x000043f6                __sys_write
 *(SORT_BY_ALIGNMENT(.rodata) SORT_BY_ALIGNMENT(.rodata.*) SORT_BY_ALIGNMENT(.constdata) SORT_BY_ALIGNMENT(.constdata.*))
 *fill*         0x00004402        0x2 ff
 .rodata.__assertion_failed.str1.4
                0x00004404       0x14 ./utilities/fsl_assert.o
 .rodata.PDB_EnableInterrupts.str1.4
                0x00004418       0xb3 ./source/DAC_Wrapper.o
 *fill*         0x000044cb        0x1 ff
 .rodata.PDB_SetDACTriggerIntervalValue.str1.4
                0x000044cc       0xc1 ./source/DAC_Wrapper.o
 *fill*         0x0000458d        0x3 ff
 .rodata.DMAMUX_EnableChannel.str1.4
                0x00004590       0xb2 ./source/DAC_Wrapper.o
 *fill*         0x00004642        0x2 ff
 .rodata.DMAMUX_SetSource.str1.4
                0x00004644       0xb3 ./source/DAC_Wrapper.o
 *fill*         0x000046f7        0x1 ff
 .rodata        0x000046f8       0xc0 ./source/dac_continuous_pdb_edma.o
 .rodata.CLOCK_GetMcgExtClkFreq.str1.4
                0x000047b8       0x4e ./drivers/fsl_clock.o
 *fill*         0x00004806        0x2 ff
 .rodata.CLOCK_GetPll0Freq.str1.4
                0x00004808       0x1e ./drivers/fsl_clock.o
 *fill*         0x00004826        0x2 ff
 .rodata.CLOCK_EnablePll0.str1.4
                0x00004828       0x1b ./drivers/fsl_clock.o
 *fill*         0x00004843        0x1 ff
 .rodata.CLOCK_SetPbeMode.str1.4
                0x00004844       0x1b ./drivers/fsl_clock.o
 *fill*         0x0000485f        0x1 ff
 .rodata.CLOCK_BootToPeeMode.str1.4
                0x00004860       0x1b ./drivers/fsl_clock.o
 *fill*         0x0000487b        0x1 ff
 .rodata.fllFactorTable.7941
                0x0000487c       0x10 ./drivers/fsl_clock.o
 .rodata.s_dacBases
                0x0000488c        0x8 ./drivers/fsl_dac.o
 .rodata.s_dacClocks
                0x00004894        0x8 ./drivers/fsl_dac.o
 .rodata.DAC_GetInstance.str1.4
                0x0000489c       0x32 ./drivers/fsl_dac.o
 *fill*         0x000048ce        0x2 ff
 .rodata.DAC_Init.str1.4
                0x000048d0       0x1f ./drivers/fsl_dac.o
 *fill*         0x000048ef        0x1 ff
 .rodata.DAC_GetDefaultConfig.str1.4
                0x000048f0       0x20 ./drivers/fsl_dac.o
 .rodata.DAC_SetBufferConfig.str1.4
                0x00004910       0x20 ./drivers/fsl_dac.o
 .rodata.DAC_GetDefaultBufferConfig.str1.4
                0x00004930       0x20 ./drivers/fsl_dac.o
 .rodata.DAC_SetBufferReadPointer.str1.4
                0x00004950       0x28 ./drivers/fsl_dac.o
 .rodata.DMAMUX_GetInstance.str1.4
                0x00004978       0x38 ./drivers/fsl_dmamux.o
 .rodata.s_edmaIRQNumber
                0x000049b0       0x10 ./drivers/fsl_edma.o
 .rodata.EDMA_GetInstance.str1.4
                0x000049c0       0x34 ./drivers/fsl_edma.o
 .rodata.EDMA_InstallTCD.str1.4
                0x000049f4       0x97 ./drivers/fsl_edma.o
 *fill*         0x00004a8b        0x1 ff
 .rodata.EDMA_Init.str1.4
                0x00004a8c       0x21 ./drivers/fsl_edma.o
 *fill*         0x00004aad        0x3 ff
 .rodata.EDMA_GetDefaultConfig.str1.4
                0x00004ab0       0x21 ./drivers/fsl_edma.o
 *fill*         0x00004ad1        0x3 ff
 .rodata.EDMA_SetTransferConfig.str1.4
                0x00004ad4       0xa0 ./drivers/fsl_edma.o
 .rodata.EDMA_EnableChannelInterrupts.str1.4
                0x00004b74       0x46 ./drivers/fsl_edma.o
 *fill*         0x00004bba        0x2 ff
 .rodata.EDMA_TcdReset.str1.4
                0x00004bbc       0x50 ./drivers/fsl_edma.o
 .rodata.EDMA_TcdSetTransferConfig.str1.4
                0x00004c0c      0x159 ./drivers/fsl_edma.o
 *fill*         0x00004d65        0x3 ff
 .rodata.EDMA_ClearChannelStatusFlags.str1.4
                0x00004d68       0x46 ./drivers/fsl_edma.o
 *fill*         0x00004dae        0x2 ff
 .rodata.EDMA_GetInstanceOffset.str1.4
                0x00004db0       0x2f ./drivers/fsl_edma.o
 *fill*         0x00004ddf        0x1 ff
 .rodata.EDMA_CreateHandle.str1.4
                0x00004de0       0x6a ./drivers/fsl_edma.o
 *fill*         0x00004e4a        0x2 ff
 .rodata.EDMA_SetCallback.str1.4
                0x00004e4c       0x21 ./drivers/fsl_edma.o
 *fill*         0x00004e6d        0x3 ff
 .rodata.EDMA_TransferWidthMapping.str1.4
                0x00004e70       0x18 ./drivers/fsl_edma.o
 .rodata.EDMA_PrepareTransferConfig.str1.4
                0x00004e88      0x1fb ./drivers/fsl_edma.o
 *fill*         0x00005083        0x1 ff
 .rodata.EDMA_PrepareTransfer.str1.4
                0x00005084       0x3d ./drivers/fsl_edma.o
 *fill*         0x000050c1        0x3 ff
 .rodata.EDMA_SubmitTransfer.str1.4
                0x000050c4       0x46 ./drivers/fsl_edma.o
 *fill*         0x0000510a        0x2 ff
 .rodata.EDMA_StartTransfer.str1.4
                0x0000510c       0x22 ./drivers/fsl_edma.o
 *fill*         0x0000512e        0x2 ff
 .rodata.EDMA_HandleIRQ.str1.4
                0x00005130       0x22 ./drivers/fsl_edma.o
 *fill*         0x00005152        0x2 ff
 .rodata.PDB_GetInstance.str1.4
                0x00005154       0x32 ./drivers/fsl_pdb.o
 *fill*         0x00005186        0x2 ff
 .rodata.PDB_Init.str1.4
                0x00005188       0x1f ./drivers/fsl_pdb.o
 *fill*         0x000051a7        0x1 ff
 .rodata.PDB_GetDefaultConfig.str1.4
                0x000051a8       0x20 ./drivers/fsl_pdb.o
 .rodata.PDB_SetDACTriggerConfig.str1.4
                0x000051c8       0x78 ./drivers/fsl_pdb.o
 .rodata.mcgConfig_BOARD_BootClockRUN
                0x00005240        0xb ./board/clock_config.o
                0x00005240                mcgConfig_BOARD_BootClockRUN
 *fill*         0x0000524b        0x1 ff
 .rodata.simConfig_BOARD_BootClockRUN
                0x0000524c        0x8 ./board/clock_config.o
                0x0000524c                simConfig_BOARD_BootClockRUN
 .rodata.oscConfig_BOARD_BootClockRUN
                0x00005254        0x8 ./board/clock_config.o
                0x00005254                oscConfig_BOARD_BootClockRUN
 .rodata.__num_Ciob_streams
                0x0000525c        0x4 c:/nxp/mcuxpressoide_11.3.0_5222/ide/plugins/com.nxp.mcuxpresso.tools.win32_11.3.0.202008311133/tools/bin/../lib/gcc/arm-none-eabi/9.3.1/../../../../arm-none-eabi/lib/thumb/v7e-m+fp/hard\libcr_semihost_nf.a(__ciob.o)
                0x0000525c                __num_Ciob_streams
 .rodata._Csys_alloc.str1.1
                0x00005260       0x18 c:/nxp/mcuxpressoide_11.3.0_5222/ide/plugins/com.nxp.mcuxpresso.tools.win32_11.3.0.202008311133/tools/bin/../lib/gcc/arm-none-eabi/9.3.1/../../../../arm-none-eabi/lib/thumb/v7e-m+fp/hard\libcr_c.a(alloc.o)
 .rodata._initio.str1.1
                0x00005278        0x4 c:/nxp/mcuxpressoide_11.3.0_5222/ide/plugins/com.nxp.mcuxpresso.tools.win32_11.3.0.202008311133/tools/bin/../lib/gcc/arm-none-eabi/9.3.1/../../../../arm-none-eabi/lib/thumb/v7e-m+fp/hard\libcr_c.a(initio.o)
 .rodata.__vfprintf.str1.1
                0x0000527c       0x37 c:/nxp/mcuxpressoide_11.3.0_5222/ide/plugins/com.nxp.mcuxpresso.tools.win32_11.3.0.202008311133/tools/bin/../lib/gcc/arm-none-eabi/9.3.1/../../../../arm-none-eabi/lib/thumb/v7e-m+fp/hard\libcr_c.a(printf.o)
                                 0x38 (size before relaxing)
                0x000052b8                . = ALIGN (0x8)
 *fill*         0x000052b3        0x5 ff

.glue_7         0x000052b8        0x0
 .glue_7        0x000052b8        0x0 linker stubs

.glue_7t        0x000052b8        0x0
 .glue_7t       0x000052b8        0x0 linker stubs

.vfp11_veneer   0x000052b8        0x0
 .vfp11_veneer  0x000052b8        0x0 linker stubs

.v4_bx          0x000052b8        0x0
 .v4_bx         0x000052b8        0x0 linker stubs

.iplt           0x000052b8        0x0
 .iplt          0x000052b8        0x0 ./utilities/fsl_assert.o

.rel.dyn        0x000052b8        0x0
 .rel.iplt      0x000052b8        0x0 ./utilities/fsl_assert.o

.ARM.extab
 *(SORT_BY_ALIGNMENT(.ARM.extab*) SORT_BY_ALIGNMENT(.gnu.linkonce.armextab.*))

.ARM.exidx      0x000052b8        0x0
                0x000052b8                __exidx_start = .
 *(SORT_BY_ALIGNMENT(.ARM.exidx*) SORT_BY_ALIGNMENT(.gnu.linkonce.armexidx.*))
                0x000052b8                __exidx_end = .
                0x000052b8                _etext = .

.m_usb_data
 *(SORT_BY_ALIGNMENT(m_usb_bdt))

.data_RAM2      0x1fff0000        0x0 load address 0x000052b8
 FILL mask 0xff
                [!provide]                PROVIDE (__start_data_RAM2 = .)
                [!provide]                PROVIDE (__start_data_SRAM_LOWER = .)
 *(SORT_BY_ALIGNMENT(.ramfunc.$RAM2))
 *(SORT_BY_ALIGNMENT(.ramfunc.$SRAM_LOWER))
 *(SORT_BY_ALIGNMENT(.data.$RAM2))
 *(SORT_BY_ALIGNMENT(.data.$SRAM_LOWER))
 *(SORT_BY_ALIGNMENT(.data.$RAM2.*))
 *(SORT_BY_ALIGNMENT(.data.$SRAM_LOWER.*))
                0x1fff0000                . = ALIGN (0x8)
                [!provide]                PROVIDE (__end_data_RAM2 = .)
                [!provide]                PROVIDE (__end_data_SRAM_LOWER = .)

.data_RAM3      0x14000000        0x0 load address 0x000052b8
 FILL mask 0xff
                [!provide]                PROVIDE (__start_data_RAM3 = .)
                [!provide]                PROVIDE (__start_data_FLEX_RAM = .)
 *(SORT_BY_ALIGNMENT(.ramfunc.$RAM3))
 *(SORT_BY_ALIGNMENT(.ramfunc.$FLEX_RAM))
 *(SORT_BY_ALIGNMENT(.data.$RAM3))
 *(SORT_BY_ALIGNMENT(.data.$FLEX_RAM))
 *(SORT_BY_ALIGNMENT(.data.$RAM3.*))
 *(SORT_BY_ALIGNMENT(.data.$FLEX_RAM.*))
                0x14000000                . = ALIGN (0x8)
                [!provide]                PROVIDE (__end_data_RAM3 = .)
                [!provide]                PROVIDE (__end_data_FLEX_RAM = .)

.uninit_RESERVED
                0x20000000        0x0
                0x20000000                _start_uninit_RESERVED = .
 *(SORT_BY_ALIGNMENT(.bss.$RESERVED*))
                0x20000000                . = ALIGN (0x8)
                0x20000000                _end_uninit_RESERVED = .

.data           0x20000000       0x10 load address 0x000052b8
 FILL mask 0xff
                0x20000000                _data = .
                [!provide]                PROVIDE (__start_data_RAM = .)
                [!provide]                PROVIDE (__start_data_SRAM_UPPER = .)
 *(SORT_BY_ALIGNMENT(vtable))
 *(SORT_BY_ALIGNMENT(.ramfunc*))
 *(SORT_BY_ALIGNMENT(CodeQuickAccess))
 *(SORT_BY_ALIGNMENT(DataQuickAccess))
 *(SORT_BY_ALIGNMENT(RamFunction))
 *(SORT_BY_ALIGNMENT(.data*))
 .data.s_slowIrcFreq
                0x20000000        0x4 ./drivers/fsl_clock.o
 .data.s_fastIrcFreq
                0x20000004        0x4 ./drivers/fsl_clock.o
 .data.SystemCoreClock
                0x20000008        0x4 ./device/system_MK64F12.o
                0x20000008                SystemCoreClock
                0x20000010                . = ALIGN (0x8)
 *fill*         0x2000000c        0x4 ff
                0x20000010                _edata = .
                [!provide]                PROVIDE (__end_data_RAM = .)
                [!provide]                PROVIDE (__end_data_SRAM_UPPER = .)

.igot.plt       0x20000010        0x0 load address 0x000052c8
 .igot.plt      0x20000010        0x0 ./utilities/fsl_assert.o

.bss_RAM2       0x1fff0000        0x0
                [!provide]                PROVIDE (__start_bss_RAM2 = .)
                [!provide]                PROVIDE (__start_bss_SRAM_LOWER = .)
 *(SORT_BY_ALIGNMENT(.bss.$RAM2))
 *(SORT_BY_ALIGNMENT(.bss.$SRAM_LOWER))
 *(SORT_BY_ALIGNMENT(.bss.$RAM2.*))
 *(SORT_BY_ALIGNMENT(.bss.$SRAM_LOWER.*))
                0x1fff0000                . = ALIGN ((. != 0x0)?0x8:0x1)
                [!provide]                PROVIDE (__end_bss_RAM2 = .)
                [!provide]                PROVIDE (__end_bss_SRAM_LOWER = .)

.bss_RAM3       0x14000000        0x0
                [!provide]                PROVIDE (__start_bss_RAM3 = .)
                [!provide]                PROVIDE (__start_bss_FLEX_RAM = .)
 *(SORT_BY_ALIGNMENT(.bss.$RAM3))
 *(SORT_BY_ALIGNMENT(.bss.$FLEX_RAM))
 *(SORT_BY_ALIGNMENT(.bss.$RAM3.*))
 *(SORT_BY_ALIGNMENT(.bss.$FLEX_RAM.*))
                0x14000000                . = ALIGN ((. != 0x0)?0x8:0x1)
                [!provide]                PROVIDE (__end_bss_RAM3 = .)
                [!provide]                PROVIDE (__end_bss_FLEX_RAM = .)

.bss            0x20000010      0x1a0
                0x20000010                _bss = .
                [!provide]                PROVIDE (__start_bss_RAM = .)
                [!provide]                PROVIDE (__start_bss_SRAM_UPPER = .)
 *(SORT_BY_ALIGNMENT(.bss*))
 .bss.g_EDMA_Handle
                0x20000010       0x18 ./source/DAC_Wrapper.o
                0x20000010                g_EDMA_Handle
 .bss.g_transferConfig
                0x20000028       0x18 ./source/DAC_Wrapper.o
                0x20000028                g_transferConfig
 .bss.g_index   0x20000040        0x4 ./source/DAC_Wrapper.o
                0x20000040                g_index
 .bss.g_dacDataArray
                0x20000044        0x4 ./source/DAC_Wrapper.o
                0x20000044                g_dacDataArray
 .bss.nullData  0x20000048       0x40 ./source/DAC_Wrapper.o
                0x20000048                nullData
 .bss.g_xtal0Freq
                0x20000088        0x4 ./drivers/fsl_clock.o
                0x20000088                g_xtal0Freq
 .bss.g_xtal32Freq
                0x2000008c        0x4 ./drivers/fsl_clock.o
                0x2000008c                g_xtal32Freq
 .bss.s_EDMAHandle
                0x20000090       0x40 ./drivers/fsl_edma.o
 .bss.s_uartHandle
                0x200000d0       0x18 ./drivers/fsl_uart.o
 .bss.s_uartIsr
                0x200000e8        0x4 ./drivers/fsl_uart.o
 .bss.__end_of_heap
                0x200000ec        0x4 c:/nxp/mcuxpressoide_11.3.0_5222/ide/plugins/com.nxp.mcuxpresso.tools.win32_11.3.0.202008311133/tools/bin/../lib/gcc/arm-none-eabi/9.3.1/../../../../arm-none-eabi/lib/thumb/v7e-m+fp/hard\libcr_c.a(__init_alloc.o)
                0x200000ec                __end_of_heap
 .bss.__heaps   0x200000f0        0x4 c:/nxp/mcuxpressoide_11.3.0_5222/ide/plugins/com.nxp.mcuxpresso.tools.win32_11.3.0.202008311133/tools/bin/../lib/gcc/arm-none-eabi/9.3.1/../../../../arm-none-eabi/lib/thumb/v7e-m+fp/hard\libcr_c.a(__init_alloc.o)
                0x200000f0                __heaps
 .bss.errno     0x200000f4        0x4 c:/nxp/mcuxpressoide_11.3.0_5222/ide/plugins/com.nxp.mcuxpresso.tools.win32_11.3.0.202008311133/tools/bin/../lib/gcc/arm-none-eabi/9.3.1/../../../../arm-none-eabi/lib/thumb/v7e-m+fp/hard\libcr_c.a(errno.o)
                0x200000f4                errno
 .bss.__Ciob    0x200000f8       0xb4 c:/nxp/mcuxpressoide_11.3.0_5222/ide/plugins/com.nxp.mcuxpresso.tools.win32_11.3.0.202008311133/tools/bin/../lib/gcc/arm-none-eabi/9.3.1/../../../../arm-none-eabi/lib/thumb/v7e-m+fp/hard\libcr_semihost_nf.a(__ciob.o)
                0x200000f8                __Ciob
 .bss.loopBuffer
                0x200001ac        0x1 ./source/DAC_Wrapper.o
                0x200001ac                loopBuffer
 .bss.startInstanceNum.8217
                0x200001ad        0x1 ./drivers/fsl_edma.o
 *(SORT_BY_ALIGNMENT(COMMON))
                0x200001b0                . = ALIGN (0x8)
 *fill*         0x200001ae        0x2 
                0x200001b0                _ebss = .
                [!provide]                PROVIDE (__end_bss_RAM = .)
                [!provide]                PROVIDE (__end_bss_SRAM_UPPER = .)
                [!provide]                PROVIDE (end = .)

.noinit_RAM2    0x1fff0000        0x0
                [!provide]                PROVIDE (__start_noinit_RAM2 = .)
                [!provide]                PROVIDE (__start_noinit_SRAM_LOWER = .)
 *(SORT_BY_ALIGNMENT(.noinit.$RAM2))
 *(SORT_BY_ALIGNMENT(.noinit.$SRAM_LOWER))
 *(SORT_BY_ALIGNMENT(.noinit.$RAM2.*))
 *(SORT_BY_ALIGNMENT(.noinit.$SRAM_LOWER.*))
                0x1fff0000                . = ALIGN (0x8)
                [!provide]                PROVIDE (__end_noinit_RAM2 = .)
                [!provide]                PROVIDE (__end_noinit_SRAM_LOWER = .)

.noinit_RAM3    0x14000000        0x0
                [!provide]                PROVIDE (__start_noinit_RAM3 = .)
                [!provide]                PROVIDE (__start_noinit_FLEX_RAM = .)
 *(SORT_BY_ALIGNMENT(.noinit.$RAM3))
 *(SORT_BY_ALIGNMENT(.noinit.$FLEX_RAM))
 *(SORT_BY_ALIGNMENT(.noinit.$RAM3.*))
 *(SORT_BY_ALIGNMENT(.noinit.$FLEX_RAM.*))
                0x14000000                . = ALIGN (0x8)
                [!provide]                PROVIDE (__end_noinit_RAM3 = .)
                [!provide]                PROVIDE (__end_noinit_FLEX_RAM = .)

.noinit         0x200001b0        0x0
                0x200001b0                _noinit = .
                [!provide]                PROVIDE (__start_noinit_RAM = .)
                [!provide]                PROVIDE (__start_noinit_SRAM_UPPER = .)
 *(SORT_BY_ALIGNMENT(.noinit*))
                0x200001b0                . = ALIGN (0x8)
                0x200001b0                _end_noinit = .
                [!provide]                PROVIDE (__end_noinit_RAM = .)
                [!provide]                PROVIDE (__end_noinit_SRAM_UPPER = .)
                0x00001000                _HeapSize = 0x1000

.heap           0x200001b0     0x1000
                0x200001b0                _pvHeapStart = .
                0x200011b0                . = (. + _HeapSize)
 *fill*         0x200001b0     0x1000 
                0x200011b0                . = ALIGN (0x8)
                0x200011b0                _pvHeapLimit = .
                0x00001000                _StackSize = 0x1000

.heap2stackfill
                0x200011b0     0x1000
                0x200021b0                . = (. + _StackSize)
 *fill*         0x200011b0     0x1000 

.stack          0x2002f000        0x0
                0x2002f000                _vStackBase = .
                0x2002f000                . = ALIGN (0x8)
                0x20030000                _vStackTop = (. + _StackSize)
                0x00000000                _image_start = LOADADDR (.text)
                0x000052c8                _image_end = (LOADADDR (.data) + SIZEOF (.data))
                0x000052c8                _image_size = (_image_end - _image_start)
OUTPUT(dacdmatest_dac_continuous_pdb_edma.axf elf32-littlearm)
LOAD linker stubs

.debug_info     0x00000000     0xc8e1
 .debug_info    0x00000000      0x259 ./utilities/fsl_assert.o
 .debug_info    0x00000259      0x92e ./startup/startup_mk64f12.o
 .debug_info    0x00000b87     0x193a ./source/DAC_Wrapper.o
 .debug_info    0x000024c1      0x5e0 ./source/dac_continuous_pdb_edma.o
 .debug_info    0x00002aa1       0x3c ./source/semihost_hardfault.o
 .debug_info    0x00002add     0x21ca ./drivers/fsl_clock.o
 .debug_info    0x00004ca7      0xae5 ./drivers/fsl_dac.o
 .debug_info    0x0000578c      0x6de ./drivers/fsl_dmamux.o
 .debug_info    0x00005e6a     0x230f ./drivers/fsl_edma.o
 .debug_info    0x00008179      0xb0f ./drivers/fsl_pdb.o
 .debug_info    0x00008c88     0x1cbb ./drivers/fsl_uart.o
 .debug_info    0x0000a943      0x69f ./device/system_MK64F12.o
 .debug_info    0x0000afe2      0x672 ./board/board.o
 .debug_info    0x0000b654      0xbff ./board/clock_config.o
 .debug_info    0x0000c253      0x68e ./board/pin_mux.o

.debug_abbrev   0x00000000     0x1ed5
 .debug_abbrev  0x00000000       0xe9 ./utilities/fsl_assert.o
 .debug_abbrev  0x000000e9      0x17a ./startup/startup_mk64f12.o
 .debug_abbrev  0x00000263      0x310 ./source/DAC_Wrapper.o
 .debug_abbrev  0x00000573      0x156 ./source/dac_continuous_pdb_edma.o
 .debug_abbrev  0x000006c9       0x31 ./source/semihost_hardfault.o
 .debug_abbrev  0x000006fa      0x371 ./drivers/fsl_clock.o
 .debug_abbrev  0x00000a6b      0x253 ./drivers/fsl_dac.o
 .debug_abbrev  0x00000cbe      0x1b0 ./drivers/fsl_dmamux.o
 .debug_abbrev  0x00000e6e      0x3fd ./drivers/fsl_edma.o
 .debug_abbrev  0x0000126b      0x214 ./drivers/fsl_pdb.o
 .debug_abbrev  0x0000147f      0x358 ./drivers/fsl_uart.o
 .debug_abbrev  0x000017d7      0x170 ./device/system_MK64F12.o
 .debug_abbrev  0x00001947      0x1a0 ./board/board.o
 .debug_abbrev  0x00001ae7      0x233 ./board/clock_config.o
 .debug_abbrev  0x00001d1a      0x1bb ./board/pin_mux.o

.debug_aranges  0x00000000      0xbb8
 .debug_aranges
                0x00000000       0x20 ./utilities/fsl_assert.o
 .debug_aranges
                0x00000020      0x330 ./startup/startup_mk64f12.o
 .debug_aranges
                0x00000350       0xc0 ./source/DAC_Wrapper.o
 .debug_aranges
                0x00000410       0x20 ./source/dac_continuous_pdb_edma.o
 .debug_aranges
                0x00000430       0x20 ./source/semihost_hardfault.o
 .debug_aranges
                0x00000450      0x1f8 ./drivers/fsl_clock.o
 .debug_aranges
                0x00000648       0x90 ./drivers/fsl_dac.o
 .debug_aranges
                0x000006d8       0x40 ./drivers/fsl_dmamux.o
 .debug_aranges
                0x00000718      0x1e8 ./drivers/fsl_edma.o
 .debug_aranges
                0x00000900       0x58 ./drivers/fsl_pdb.o
 .debug_aranges
                0x00000958      0x180 ./drivers/fsl_uart.o
 .debug_aranges
                0x00000ad8       0x30 ./device/system_MK64F12.o
 .debug_aranges
                0x00000b08       0x28 ./board/board.o
 .debug_aranges
                0x00000b30       0x58 ./board/clock_config.o
 .debug_aranges
                0x00000b88       0x30 ./board/pin_mux.o

.debug_ranges   0x00000000      0xac8
 .debug_ranges  0x00000000       0x10 ./utilities/fsl_assert.o
 .debug_ranges  0x00000010      0x320 ./startup/startup_mk64f12.o
 .debug_ranges  0x00000330       0xb0 ./source/DAC_Wrapper.o
 .debug_ranges  0x000003e0       0x10 ./source/dac_continuous_pdb_edma.o
 .debug_ranges  0x000003f0       0x10 ./source/semihost_hardfault.o
 .debug_ranges  0x00000400      0x1e8 ./drivers/fsl_clock.o
 .debug_ranges  0x000005e8       0x80 ./drivers/fsl_dac.o
 .debug_ranges  0x00000668       0x30 ./drivers/fsl_dmamux.o
 .debug_ranges  0x00000698      0x1d8 ./drivers/fsl_edma.o
 .debug_ranges  0x00000870       0x48 ./drivers/fsl_pdb.o
 .debug_ranges  0x000008b8      0x170 ./drivers/fsl_uart.o
 .debug_ranges  0x00000a28       0x20 ./device/system_MK64F12.o
 .debug_ranges  0x00000a48       0x18 ./board/board.o
 .debug_ranges  0x00000a60       0x48 ./board/clock_config.o
 .debug_ranges  0x00000aa8       0x20 ./board/pin_mux.o

.debug_macro    0x00000000    0x13585
 .debug_macro   0x00000000      0x13c ./utilities/fsl_assert.o
 .debug_macro   0x0000013c      0xaf0 ./utilities/fsl_assert.o
 .debug_macro   0x00000c2c       0x10 ./utilities/fsl_assert.o
 .debug_macro   0x00000c3c       0x1c ./utilities/fsl_assert.o
 .debug_macro   0x00000c58       0x22 ./utilities/fsl_assert.o
 .debug_macro   0x00000c7a      0x12e ./utilities/fsl_assert.o
 .debug_macro   0x00000da8      0x5b3 ./utilities/fsl_assert.o
 .debug_macro   0x0000135b       0x22 ./utilities/fsl_assert.o
 .debug_macro   0x0000137d       0x10 ./utilities/fsl_assert.o
 .debug_macro   0x0000138d       0x57 ./utilities/fsl_assert.o
 .debug_macro   0x000013e4       0x1c ./utilities/fsl_assert.o
 .debug_macro   0x00001400       0x22 ./utilities/fsl_assert.o
 .debug_macro   0x00001422      0x101 ./utilities/fsl_assert.o
 .debug_macro   0x00001523      0xeeb ./utilities/fsl_assert.o
 .debug_macro   0x0000240e       0x40 ./utilities/fsl_assert.o
 .debug_macro   0x0000244e     0xe977 ./utilities/fsl_assert.o
 .debug_macro   0x00010dc5     0x1294 ./utilities/fsl_assert.o
 .debug_macro   0x00012059       0xd7 ./utilities/fsl_assert.o
 .debug_macro   0x00012130      0x174 ./utilities/fsl_assert.o
 .debug_macro   0x000122a4       0x2e ./utilities/fsl_assert.o
 .debug_macro   0x000122d2       0x2e ./utilities/fsl_assert.o
 .debug_macro   0x00012300       0x47 ./utilities/fsl_assert.o
 .debug_macro   0x00012347       0x16 ./utilities/fsl_assert.o
 .debug_macro   0x0001235d       0xd2 ./utilities/fsl_assert.o
 .debug_macro   0x0001242f       0x1c ./utilities/fsl_assert.o
 .debug_macro   0x0001244b       0x29 ./startup/startup_mk64f12.o
 .debug_macro   0x00012474      0x1f0 ./source/DAC_Wrapper.o
 .debug_macro   0x00012664       0x1c ./source/DAC_Wrapper.o
 .debug_macro   0x00012680       0x16 ./source/DAC_Wrapper.o
 .debug_macro   0x00012696       0x16 ./source/DAC_Wrapper.o
 .debug_macro   0x000126ac      0x1a4 ./source/DAC_Wrapper.o
 .debug_macro   0x00012850       0x10 ./source/DAC_Wrapper.o
 .debug_macro   0x00012860       0x16 ./source/DAC_Wrapper.o
 .debug_macro   0x00012876       0x10 ./source/DAC_Wrapper.o
 .debug_macro   0x00012886       0x10 ./source/DAC_Wrapper.o
 .debug_macro   0x00012896      0x184 ./source/dac_continuous_pdb_edma.o
 .debug_macro   0x00012a1a       0x11 ./source/semihost_hardfault.o
 .debug_macro   0x00012a2b      0x1ba ./drivers/fsl_clock.o
 .debug_macro   0x00012be5      0x104 ./drivers/fsl_dac.o
 .debug_macro   0x00012ce9      0x104 ./drivers/fsl_dmamux.o
 .debug_macro   0x00012ded      0x109 ./drivers/fsl_edma.o
 .debug_macro   0x00012ef6       0x10 ./drivers/fsl_edma.o
 .debug_macro   0x00012f06      0x104 ./drivers/fsl_pdb.o
 .debug_macro   0x0001300a      0x109 ./drivers/fsl_uart.o
 .debug_macro   0x00013113       0x10 ./drivers/fsl_uart.o
 .debug_macro   0x00013123       0x98 ./device/system_MK64F12.o
 .debug_macro   0x000131bb      0x16c ./board/board.o
 .debug_macro   0x00013327       0x16 ./board/board.o
 .debug_macro   0x0001333d      0x135 ./board/clock_config.o
 .debug_macro   0x00013472      0x113 ./board/pin_mux.o

.debug_line     0x00000000     0x79e6
 .debug_line    0x00000000      0x4e7 ./utilities/fsl_assert.o
 .debug_line    0x000004e7      0x90e ./startup/startup_mk64f12.o
 .debug_line    0x00000df5      0x8fe ./source/DAC_Wrapper.o
 .debug_line    0x000016f3      0x629 ./source/dac_continuous_pdb_edma.o
 .debug_line    0x00001d1c       0x59 ./source/semihost_hardfault.o
 .debug_line    0x00001d75     0x14f4 ./drivers/fsl_clock.o
 .debug_line    0x00003269      0x5d7 ./drivers/fsl_dac.o
 .debug_line    0x00003840      0x3f9 ./drivers/fsl_dmamux.o
 .debug_line    0x00003c39     0x1327 ./drivers/fsl_edma.o
 .debug_line    0x00004f60      0x4bd ./drivers/fsl_pdb.o
 .debug_line    0x0000541d     0x136e ./drivers/fsl_uart.o
 .debug_line    0x0000678b      0x407 ./device/system_MK64F12.o
 .debug_line    0x00006b92      0x59c ./board/board.o
 .debug_line    0x0000712e      0x4a6 ./board/clock_config.o
 .debug_line    0x000075d4      0x412 ./board/pin_mux.o

.debug_str      0x00000000    0x811d3
 .debug_str     0x00000000    0x79b30 ./utilities/fsl_assert.o
                              0x79bda (size before relaxing)
 .debug_str     0x00079b30      0x7f4 ./startup/startup_mk64f12.o
                               0x376d (size before relaxing)
 .debug_str     0x0007a324     0x2b81 ./source/DAC_Wrapper.o
                              0x7c7c1 (size before relaxing)
 .debug_str     0x0007cea5       0x3d ./source/dac_continuous_pdb_edma.o
                              0x7ac69 (size before relaxing)
 .debug_str     0x0007cee2       0x1f ./source/semihost_hardfault.o
                               0x2efe (size before relaxing)
 .debug_str     0x0007cf01     0x1aea ./drivers/fsl_clock.o
                              0x7b96f (size before relaxing)
 .debug_str     0x0007e9eb      0x161 ./drivers/fsl_dac.o
                              0x7a1a0 (size before relaxing)
 .debug_str     0x0007eb4c       0x90 ./drivers/fsl_dmamux.o
                              0x79e02 (size before relaxing)
 .debug_str     0x0007ebdc     0x107f ./drivers/fsl_edma.o
                              0x7b47c (size before relaxing)
 .debug_str     0x0007fc5b       0xb6 ./drivers/fsl_pdb.o
                              0x7a37b (size before relaxing)
 .debug_str     0x0007fd11      0xe4a ./drivers/fsl_uart.o
                              0x7b1e3 (size before relaxing)
 .debug_str     0x00080b5b      0x10f ./device/system_MK64F12.o
                              0x783af (size before relaxing)
 .debug_str     0x00080c6a       0xc4 ./board/board.o
                              0x7ad5b (size before relaxing)
 .debug_str     0x00080d2e      0x306 ./board/clock_config.o
                              0x7a2e8 (size before relaxing)
 .debug_str     0x00081034      0x19f ./board/pin_mux.o
                              0x797c2 (size before relaxing)

.comment        0x00000000       0x4c
 .comment       0x00000000       0x4c ./utilities/fsl_assert.o
                                 0x4d (size before relaxing)
 .comment       0x0000004c       0x4d ./startup/startup_mk64f12.o
 .comment       0x0000004c       0x4d ./source/DAC_Wrapper.o
 .comment       0x0000004c       0x4d ./source/dac_continuous_pdb_edma.o
 .comment       0x0000004c       0x4d ./source/semihost_hardfault.o
 .comment       0x0000004c       0x4d ./drivers/fsl_clock.o
 .comment       0x0000004c       0x4d ./drivers/fsl_dac.o
 .comment       0x0000004c       0x4d ./drivers/fsl_dmamux.o
 .comment       0x0000004c       0x4d ./drivers/fsl_edma.o
 .comment       0x0000004c       0x4d ./drivers/fsl_pdb.o
 .comment       0x0000004c       0x4d ./drivers/fsl_uart.o
 .comment       0x0000004c       0x4d ./device/system_MK64F12.o
 .comment       0x0000004c       0x4d ./board/board.o
 .comment       0x0000004c       0x4d ./board/clock_config.o
 .comment       0x0000004c       0x4d ./board/pin_mux.o
 .comment       0x0000004c       0x4d c:/nxp/mcuxpressoide_11.3.0_5222/ide/plugins/com.nxp.mcuxpresso.tools.win32_11.3.0.202008311133/tools/bin/../lib/gcc/arm-none-eabi/9.3.1/../../../../arm-none-eabi/lib/thumb/v7e-m+fp/hard\libcr_semihost_nf.a(_cr__main.o)
 .comment       0x0000004c       0x4d c:/nxp/mcuxpressoide_11.3.0_5222/ide/plugins/com.nxp.mcuxpresso.tools.win32_11.3.0.202008311133/tools/bin/../lib/gcc/arm-none-eabi/9.3.1/../../../../arm-none-eabi/lib/thumb/v7e-m+fp/hard\libcr_c.a(memset.o)
 .comment       0x0000004c       0x4d c:/nxp/mcuxpressoide_11.3.0_5222/ide/plugins/com.nxp.mcuxpresso.tools.win32_11.3.0.202008311133/tools/bin/../lib/gcc/arm-none-eabi/9.3.1/../../../../arm-none-eabi/lib/thumb/v7e-m+fp/hard\libcr_c.a(alloc.o)
 .comment       0x0000004c       0x4d c:/nxp/mcuxpressoide_11.3.0_5222/ide/plugins/com.nxp.mcuxpresso.tools.win32_11.3.0.202008311133/tools/bin/../lib/gcc/arm-none-eabi/9.3.1/../../../../arm-none-eabi/lib/thumb/v7e-m+fp/hard\libcr_c.a(initio.o)
 .comment       0x0000004c       0x4d c:/nxp/mcuxpressoide_11.3.0_5222/ide/plugins/com.nxp.mcuxpresso.tools.win32_11.3.0.202008311133/tools/bin/../lib/gcc/arm-none-eabi/9.3.1/../../../../arm-none-eabi/lib/thumb/v7e-m+fp/hard\libcr_c.a(printf.o)
 .comment       0x0000004c       0x4d c:/nxp/mcuxpressoide_11.3.0_5222/ide/plugins/com.nxp.mcuxpresso.tools.win32_11.3.0.202008311133/tools/bin/../lib/gcc/arm-none-eabi/9.3.1/../../../../arm-none-eabi/lib/thumb/v7e-m+fp/hard\libcr_c.a(setvbuf.o)
 .comment       0x0000004c       0x4d c:/nxp/mcuxpressoide_11.3.0_5222/ide/plugins/com.nxp.mcuxpresso.tools.win32_11.3.0.202008311133/tools/bin/../lib/gcc/arm-none-eabi/9.3.1/../../../../arm-none-eabi/lib/thumb/v7e-m+fp/hard\libcr_c.a(strlen.o)
 .comment       0x0000004c       0x4d c:/nxp/mcuxpressoide_11.3.0_5222/ide/plugins/com.nxp.mcuxpresso.tools.win32_11.3.0.202008311133/tools/bin/../lib/gcc/arm-none-eabi/9.3.1/../../../../arm-none-eabi/lib/thumb/v7e-m+fp/hard\libcr_c.a(__init_alloc.o)
 .comment       0x0000004c       0x4d c:/nxp/mcuxpressoide_11.3.0_5222/ide/plugins/com.nxp.mcuxpresso.tools.win32_11.3.0.202008311133/tools/bin/../lib/gcc/arm-none-eabi/9.3.1/../../../../arm-none-eabi/lib/thumb/v7e-m+fp/hard\libcr_c.a(_cr_sbrk.o)
 .comment       0x0000004c       0x4d c:/nxp/mcuxpressoide_11.3.0_5222/ide/plugins/com.nxp.mcuxpresso.tools.win32_11.3.0.202008311133/tools/bin/../lib/gcc/arm-none-eabi/9.3.1/../../../../arm-none-eabi/lib/thumb/v7e-m+fp/hard\libcr_c.a(_deferredlazyseek.o)
 .comment       0x0000004c       0x4d c:/nxp/mcuxpressoide_11.3.0_5222/ide/plugins/com.nxp.mcuxpresso.tools.win32_11.3.0.202008311133/tools/bin/../lib/gcc/arm-none-eabi/9.3.1/../../../../arm-none-eabi/lib/thumb/v7e-m+fp/hard\libcr_c.a(_fdopen.o)
 .comment       0x0000004c       0x4d c:/nxp/mcuxpressoide_11.3.0_5222/ide/plugins/com.nxp.mcuxpresso.tools.win32_11.3.0.202008311133/tools/bin/../lib/gcc/arm-none-eabi/9.3.1/../../../../arm-none-eabi/lib/thumb/v7e-m+fp/hard\libcr_c.a(_fflush.o)
 .comment       0x0000004c       0x4d c:/nxp/mcuxpressoide_11.3.0_5222/ide/plugins/com.nxp.mcuxpresso.tools.win32_11.3.0.202008311133/tools/bin/../lib/gcc/arm-none-eabi/9.3.1/../../../../arm-none-eabi/lib/thumb/v7e-m+fp/hard\libcr_c.a(_writebuf.o)
 .comment       0x0000004c       0x4d c:/nxp/mcuxpressoide_11.3.0_5222/ide/plugins/com.nxp.mcuxpresso.tools.win32_11.3.0.202008311133/tools/bin/../lib/gcc/arm-none-eabi/9.3.1/../../../../arm-none-eabi/lib/thumb/v7e-m+fp/hard\libcr_c.a(errno.o)
 .comment       0x0000004c       0x4d c:/nxp/mcuxpressoide_11.3.0_5222/ide/plugins/com.nxp.mcuxpresso.tools.win32_11.3.0.202008311133/tools/bin/../lib/gcc/arm-none-eabi/9.3.1/../../../../arm-none-eabi/lib/thumb/v7e-m+fp/hard\libcr_c.a(fclose.o)
 .comment       0x0000004c       0x4d c:/nxp/mcuxpressoide_11.3.0_5222/ide/plugins/com.nxp.mcuxpresso.tools.win32_11.3.0.202008311133/tools/bin/../lib/gcc/arm-none-eabi/9.3.1/../../../../arm-none-eabi/lib/thumb/v7e-m+fp/hard\libcr_c.a(fflush.o)
 .comment       0x0000004c       0x4d c:/nxp/mcuxpressoide_11.3.0_5222/ide/plugins/com.nxp.mcuxpresso.tools.win32_11.3.0.202008311133/tools/bin/../lib/gcc/arm-none-eabi/9.3.1/../../../../arm-none-eabi/lib/thumb/v7e-m+fp/hard\libcr_c.a(fseek.o)
 .comment       0x0000004c       0x4d c:/nxp/mcuxpressoide_11.3.0_5222/ide/plugins/com.nxp.mcuxpresso.tools.win32_11.3.0.202008311133/tools/bin/../lib/gcc/arm-none-eabi/9.3.1/../../../../arm-none-eabi/lib/thumb/v7e-m+fp/hard\libcr_c.a(ftell.o)
 .comment       0x0000004c       0x4d c:/nxp/mcuxpressoide_11.3.0_5222/ide/plugins/com.nxp.mcuxpresso.tools.win32_11.3.0.202008311133/tools/bin/../lib/gcc/arm-none-eabi/9.3.1/../../../../arm-none-eabi/lib/thumb/v7e-m+fp/hard\libcr_c.a(remove.o)
 .comment       0x0000004c       0x4d c:/nxp/mcuxpressoide_11.3.0_5222/ide/plugins/com.nxp.mcuxpresso.tools.win32_11.3.0.202008311133/tools/bin/../lib/gcc/arm-none-eabi/9.3.1/../../../../arm-none-eabi/lib/thumb/v7e-m+fp/hard\libcr_c.a(_cr_check_heap.o)
 .comment       0x0000004c       0x4d c:/nxp/mcuxpressoide_11.3.0_5222/ide/plugins/com.nxp.mcuxpresso.tools.win32_11.3.0.202008311133/tools/bin/../lib/gcc/arm-none-eabi/9.3.1/../../../../arm-none-eabi/lib/thumb/v7e-m+fp/hard\libcr_c.a(_do_fflush.o)
 .comment       0x0000004c       0x4d c:/nxp/mcuxpressoide_11.3.0_5222/ide/plugins/com.nxp.mcuxpresso.tools.win32_11.3.0.202008311133/tools/bin/../lib/gcc/arm-none-eabi/9.3.1/../../../../arm-none-eabi/lib/thumb/v7e-m+fp/hard\libcr_semihost_nf.a(__ciob.o)

.ARM.attributes
                0x00000000       0x32
 .ARM.attributes
                0x00000000       0x34 ./utilities/fsl_assert.o
 .ARM.attributes
                0x00000034       0x34 ./startup/startup_mk64f12.o
 .ARM.attributes
                0x00000068       0x34 ./source/DAC_Wrapper.o
 .ARM.attributes
                0x0000009c       0x34 ./source/dac_continuous_pdb_edma.o
 .ARM.attributes
                0x000000d0       0x34 ./source/semihost_hardfault.o
 .ARM.attributes
                0x00000104       0x34 ./drivers/fsl_clock.o
 .ARM.attributes
                0x00000138       0x34 ./drivers/fsl_dac.o
 .ARM.attributes
                0x0000016c       0x34 ./drivers/fsl_dmamux.o
 .ARM.attributes
                0x000001a0       0x34 ./drivers/fsl_edma.o
 .ARM.attributes
                0x000001d4       0x34 ./drivers/fsl_pdb.o
 .ARM.attributes
                0x00000208       0x34 ./drivers/fsl_uart.o
 .ARM.attributes
                0x0000023c       0x34 ./device/system_MK64F12.o
 .ARM.attributes
                0x00000270       0x34 ./board/board.o
 .ARM.attributes
                0x000002a4       0x34 ./board/clock_config.o
 .ARM.attributes
                0x000002d8       0x34 ./board/pin_mux.o
 .ARM.attributes
                0x0000030c       0x34 c:/nxp/mcuxpressoide_11.3.0_5222/ide/plugins/com.nxp.mcuxpresso.tools.win32_11.3.0.202008311133/tools/bin/../lib/gcc/arm-none-eabi/9.3.1/../../../../arm-none-eabi/lib/thumb/v7e-m+fp/hard\libcr_semihost_nf.a(_cr__main.o)
 .ARM.attributes
                0x00000340       0x34 c:/nxp/mcuxpressoide_11.3.0_5222/ide/plugins/com.nxp.mcuxpresso.tools.win32_11.3.0.202008311133/tools/bin/../lib/gcc/arm-none-eabi/9.3.1/../../../../arm-none-eabi/lib/thumb/v7e-m+fp/hard\libcr_c.a(memset.o)
 .ARM.attributes
                0x00000374       0x34 c:/nxp/mcuxpressoide_11.3.0_5222/ide/plugins/com.nxp.mcuxpresso.tools.win32_11.3.0.202008311133/tools/bin/../lib/gcc/arm-none-eabi/9.3.1/../../../../arm-none-eabi/lib/thumb/v7e-m+fp/hard\libcr_c.a(alloc.o)
 .ARM.attributes
                0x000003a8       0x34 c:/nxp/mcuxpressoide_11.3.0_5222/ide/plugins/com.nxp.mcuxpresso.tools.win32_11.3.0.202008311133/tools/bin/../lib/gcc/arm-none-eabi/9.3.1/../../../../arm-none-eabi/lib/thumb/v7e-m+fp/hard\libcr_c.a(initio.o)
 .ARM.attributes
                0x000003dc       0x34 c:/nxp/mcuxpressoide_11.3.0_5222/ide/plugins/com.nxp.mcuxpresso.tools.win32_11.3.0.202008311133/tools/bin/../lib/gcc/arm-none-eabi/9.3.1/../../../../arm-none-eabi/lib/thumb/v7e-m+fp/hard\libcr_c.a(printf.o)
 .ARM.attributes
                0x00000410       0x34 c:/nxp/mcuxpressoide_11.3.0_5222/ide/plugins/com.nxp.mcuxpresso.tools.win32_11.3.0.202008311133/tools/bin/../lib/gcc/arm-none-eabi/9.3.1/../../../../arm-none-eabi/lib/thumb/v7e-m+fp/hard\libcr_c.a(setvbuf.o)
 .ARM.attributes
                0x00000444       0x34 c:/nxp/mcuxpressoide_11.3.0_5222/ide/plugins/com.nxp.mcuxpresso.tools.win32_11.3.0.202008311133/tools/bin/../lib/gcc/arm-none-eabi/9.3.1/../../../../arm-none-eabi/lib/thumb/v7e-m+fp/hard\libcr_c.a(strlen.o)
 .ARM.attributes
                0x00000478       0x34 c:/nxp/mcuxpressoide_11.3.0_5222/ide/plugins/com.nxp.mcuxpresso.tools.win32_11.3.0.202008311133/tools/bin/../lib/gcc/arm-none-eabi/9.3.1/../../../../arm-none-eabi/lib/thumb/v7e-m+fp/hard\libcr_c.a(__init_alloc.o)
 .ARM.attributes
                0x000004ac       0x34 c:/nxp/mcuxpressoide_11.3.0_5222/ide/plugins/com.nxp.mcuxpresso.tools.win32_11.3.0.202008311133/tools/bin/../lib/gcc/arm-none-eabi/9.3.1/../../../../arm-none-eabi/lib/thumb/v7e-m+fp/hard\libcr_c.a(_cr_sbrk.o)
 .ARM.attributes
                0x000004e0       0x34 c:/nxp/mcuxpressoide_11.3.0_5222/ide/plugins/com.nxp.mcuxpresso.tools.win32_11.3.0.202008311133/tools/bin/../lib/gcc/arm-none-eabi/9.3.1/../../../../arm-none-eabi/lib/thumb/v7e-m+fp/hard\libcr_c.a(_deferredlazyseek.o)
 .ARM.attributes
                0x00000514       0x34 c:/nxp/mcuxpressoide_11.3.0_5222/ide/plugins/com.nxp.mcuxpresso.tools.win32_11.3.0.202008311133/tools/bin/../lib/gcc/arm-none-eabi/9.3.1/../../../../arm-none-eabi/lib/thumb/v7e-m+fp/hard\libcr_c.a(_fdopen.o)
 .ARM.attributes
                0x00000548       0x34 c:/nxp/mcuxpressoide_11.3.0_5222/ide/plugins/com.nxp.mcuxpresso.tools.win32_11.3.0.202008311133/tools/bin/../lib/gcc/arm-none-eabi/9.3.1/../../../../arm-none-eabi/lib/thumb/v7e-m+fp/hard\libcr_c.a(_fflush.o)
 .ARM.attributes
                0x0000057c       0x34 c:/nxp/mcuxpressoide_11.3.0_5222/ide/plugins/com.nxp.mcuxpresso.tools.win32_11.3.0.202008311133/tools/bin/../lib/gcc/arm-none-eabi/9.3.1/../../../../arm-none-eabi/lib/thumb/v7e-m+fp/hard\libcr_c.a(_writebuf.o)
 .ARM.attributes
                0x000005b0       0x39 c:/nxp/mcuxpressoide_11.3.0_5222/ide/plugins/com.nxp.mcuxpresso.tools.win32_11.3.0.202008311133/tools/bin/../lib/gcc/arm-none-eabi/9.3.1/../../../../arm-none-eabi/lib/thumb/v7e-m+fp/hard\libcr_c.a(errno.o)
 .ARM.attributes
                0x000005e9       0x34 c:/nxp/mcuxpressoide_11.3.0_5222/ide/plugins/com.nxp.mcuxpresso.tools.win32_11.3.0.202008311133/tools/bin/../lib/gcc/arm-none-eabi/9.3.1/../../../../arm-none-eabi/lib/thumb/v7e-m+fp/hard\libcr_c.a(fclose.o)
 .ARM.attributes
                0x0000061d       0x34 c:/nxp/mcuxpressoide_11.3.0_5222/ide/plugins/com.nxp.mcuxpresso.tools.win32_11.3.0.202008311133/tools/bin/../lib/gcc/arm-none-eabi/9.3.1/../../../../arm-none-eabi/lib/thumb/v7e-m+fp/hard\libcr_c.a(fflush.o)
 .ARM.attributes
                0x00000651       0x34 c:/nxp/mcuxpressoide_11.3.0_5222/ide/plugins/com.nxp.mcuxpresso.tools.win32_11.3.0.202008311133/tools/bin/../lib/gcc/arm-none-eabi/9.3.1/../../../../arm-none-eabi/lib/thumb/v7e-m+fp/hard\libcr_c.a(fseek.o)
 .ARM.attributes
                0x00000685       0x34 c:/nxp/mcuxpressoide_11.3.0_5222/ide/plugins/com.nxp.mcuxpresso.tools.win32_11.3.0.202008311133/tools/bin/../lib/gcc/arm-none-eabi/9.3.1/../../../../arm-none-eabi/lib/thumb/v7e-m+fp/hard\libcr_c.a(ftell.o)
 .ARM.attributes
                0x000006b9       0x34 c:/nxp/mcuxpressoide_11.3.0_5222/ide/plugins/com.nxp.mcuxpresso.tools.win32_11.3.0.202008311133/tools/bin/../lib/gcc/arm-none-eabi/9.3.1/../../../../arm-none-eabi/lib/thumb/v7e-m+fp/hard\libcr_c.a(remove.o)
 .ARM.attributes
                0x000006ed       0x34 c:/nxp/mcuxpressoide_11.3.0_5222/ide/plugins/com.nxp.mcuxpresso.tools.win32_11.3.0.202008311133/tools/bin/../lib/gcc/arm-none-eabi/9.3.1/../../../../arm-none-eabi/lib/thumb/v7e-m+fp/hard\libcr_c.a(_cr_check_heap.o)
 .ARM.attributes
                0x00000721       0x34 c:/nxp/mcuxpressoide_11.3.0_5222/ide/plugins/com.nxp.mcuxpresso.tools.win32_11.3.0.202008311133/tools/bin/../lib/gcc/arm-none-eabi/9.3.1/../../../../arm-none-eabi/lib/thumb/v7e-m+fp/hard\libcr_c.a(_do_fflush.o)
 .ARM.attributes
                0x00000755       0x20 c:/nxp/mcuxpressoide_11.3.0_5222/ide/plugins/com.nxp.mcuxpresso.tools.win32_11.3.0.202008311133/tools/bin/../lib/gcc/arm-none-eabi/9.3.1/thumb/v7e-m+fp/hard\libcr_eabihelpers.a(memcpy.o)
 .ARM.attributes
                0x00000775       0x39 c:/nxp/mcuxpressoide_11.3.0_5222/ide/plugins/com.nxp.mcuxpresso.tools.win32_11.3.0.202008311133/tools/bin/../lib/gcc/arm-none-eabi/9.3.1/../../../../arm-none-eabi/lib/thumb/v7e-m+fp/hard\libcr_semihost_nf.a(__ciob.o)
 .ARM.attributes
                0x000007ae       0x20 c:/nxp/mcuxpressoide_11.3.0_5222/ide/plugins/com.nxp.mcuxpresso.tools.win32_11.3.0.202008311133/tools/bin/../lib/gcc/arm-none-eabi/9.3.1/../../../../arm-none-eabi/lib/thumb/v7e-m+fp/hard\libcr_semihost_nf.a(__sys_appexit.o)
 .ARM.attributes
                0x000007ce       0x20 c:/nxp/mcuxpressoide_11.3.0_5222/ide/plugins/com.nxp.mcuxpresso.tools.win32_11.3.0.202008311133/tools/bin/../lib/gcc/arm-none-eabi/9.3.1/../../../../arm-none-eabi/lib/thumb/v7e-m+fp/hard\libcr_semihost_nf.a(__sys_close.o)
 .ARM.attributes
                0x000007ee       0x20 c:/nxp/mcuxpressoide_11.3.0_5222/ide/plugins/com.nxp.mcuxpresso.tools.win32_11.3.0.202008311133/tools/bin/../lib/gcc/arm-none-eabi/9.3.1/../../../../arm-none-eabi/lib/thumb/v7e-m+fp/hard\libcr_semihost_nf.a(__sys_flen.o)
 .ARM.attributes
                0x0000080e       0x20 c:/nxp/mcuxpressoide_11.3.0_5222/ide/plugins/com.nxp.mcuxpresso.tools.win32_11.3.0.202008311133/tools/bin/../lib/gcc/arm-none-eabi/9.3.1/../../../../arm-none-eabi/lib/thumb/v7e-m+fp/hard\libcr_semihost_nf.a(__sys_istty.o)
 .ARM.attributes
                0x0000082e       0x20 c:/nxp/mcuxpressoide_11.3.0_5222/ide/plugins/com.nxp.mcuxpresso.tools.win32_11.3.0.202008311133/tools/bin/../lib/gcc/arm-none-eabi/9.3.1/../../../../arm-none-eabi/lib/thumb/v7e-m+fp/hard\libcr_semihost_nf.a(__sys_remove.o)
 .ARM.attributes
                0x0000084e       0x20 c:/nxp/mcuxpressoide_11.3.0_5222/ide/plugins/com.nxp.mcuxpresso.tools.win32_11.3.0.202008311133/tools/bin/../lib/gcc/arm-none-eabi/9.3.1/../../../../arm-none-eabi/lib/thumb/v7e-m+fp/hard\libcr_semihost_nf.a(__sys_seek.o)
 .ARM.attributes
                0x0000086e       0x20 c:/nxp/mcuxpressoide_11.3.0_5222/ide/plugins/com.nxp.mcuxpresso.tools.win32_11.3.0.202008311133/tools/bin/../lib/gcc/arm-none-eabi/9.3.1/../../../../arm-none-eabi/lib/thumb/v7e-m+fp/hard\libcr_semihost_nf.a(__sys_tmpnam.o)
 .ARM.attributes
                0x0000088e       0x20 c:/nxp/mcuxpressoide_11.3.0_5222/ide/plugins/com.nxp.mcuxpresso.tools.win32_11.3.0.202008311133/tools/bin/../lib/gcc/arm-none-eabi/9.3.1/../../../../arm-none-eabi/lib/thumb/v7e-m+fp/hard\libcr_semihost_nf.a(__sys_write.o)

.debug_frame    0x00000000     0x29fc
 .debug_frame   0x00000000       0x30 ./utilities/fsl_assert.o
 .debug_frame   0x00000030      0x904 ./startup/startup_mk64f12.o
 .debug_frame   0x00000934      0x30c ./source/DAC_Wrapper.o
 .debug_frame   0x00000c40       0x34 ./source/dac_continuous_pdb_edma.o
 .debug_frame   0x00000c74       0x20 ./source/semihost_hardfault.o
 .debug_frame   0x00000c94      0x890 ./drivers/fsl_clock.o
 .debug_frame   0x00001524      0x248 ./drivers/fsl_dac.o
 .debug_frame   0x0000176c       0xcc ./drivers/fsl_dmamux.o