20:24:25 **** Build of configuration Debug for project ktnuro_sdcard_fatfs ****
make -r -j4 all 
Building file: ../utilities/fsl_debug_console.c
Building file: ../utilities/fsl_assert.c
Building file: ../utilities/fsl_str.c
Building file: ../startup/startup_mk64f12.c
Invoking: MCU C Compiler
Invoking: MCU C Compiler
Invoking: MCU C Compiler
arm-none-eabi-gcc -std=gnu99 -D__REDLIB__ -DCPU_MK64FN1M0VLL12 -DCPU_MK64FN1M0VLL12_cm4 -DFRDM_K64F -DFREEDOM -DSD_ENABLED -DSERIAL_PORT_TYPE_UART=1 -DSDK_DEBUGCONSOLE=0 -DCR_INTEGER_PRINTF -DPRINTF_FLOAT_ENABLE=0 -D__MCUXPRESSO -D__USE_CMSIS -DDEBUG -I"C:\Users\Guido\Desktop\PORONGA MICROS\watafac2\ktnuro_sdcard_fatfs\board" -I"C:\Users\Guido\Desktop\PORONGA MICROS\watafac2\ktnuro_sdcard_fatfs\source" -I"C:\Users\Guido\Desktop\PORONGA MICROS\watafac2\ktnuro_sdcard_fatfs" -I"C:\Users\Guido\Desktop\PORONGA MICROS\watafac2\ktnuro_sdcard_fatfs\drivers" -I"C:\Users\Guido\Desktop\PORONGA MICROS\watafac2\ktnuro_sdcard_fatfs\device" -I"C:\Users\Guido\Desktop\PORONGA MICROS\watafac2\ktnuro_sdcard_fatfs\CMSIS" -I"C:\Users\Guido\Desktop\PORONGA MICROS\watafac2\ktnuro_sdcard_fatfs\sdmmc\inc" -I"C:\Users\Guido\Desktop\PORONGA MICROS\watafac2\ktnuro_sdcard_fatfs\sdmmc\host" -I"C:\Users\Guido\Desktop\PORONGA MICROS\watafac2\ktnuro_sdcard_fatfs\sdmmc\osa" -I"C:\Users\Guido\Desktop\PORONGA MICROS\watafac2\ktnuro_sdcard_fatfs\component\osa" -I"C:\Users\Guido\Desktop\PORONGA MICROS\watafac2\ktnuro_sdcard_fatfs\component\lists" -I"C:\Users\Guido\Desktop\PORONGA MICROS\watafac2\ktnuro_sdcard_fatfs\fatfs\source" -I"C:\Users\Guido\Desktop\PORONGA MICROS\watafac2\ktnuro_sdcard_fatfs\fatfs\source\fsl_ram_disk" -I"C:\Users\Guido\Desktop\PORONGA MICROS\watafac2\ktnuro_sdcard_fatfs\fatfs\source\fsl_sd_disk" -I"C:\Users\Guido\Desktop\PORONGA MICROS\watafac2\ktnuro_sdcard_fatfs\utilities" -I"C:\Users\Guido\Desktop\PORONGA MICROS\watafac2\ktnuro_sdcard_fatfs\component\serial_manager" -I"C:\Users\Guido\Desktop\PORONGA MICROS\watafac2\ktnuro_sdcard_fatfs\component\uart" -O0 -fno-common -g3 -Wall -c  -ffunction-sections  -fdata-sections  -ffreestanding  -fno-builtin -fmerge-constants -fmacro-prefix-map="../utilities/"=. -mcpu=cortex-m4 -mfpu=fpv4-sp-d16 -mfloat-abi=hard -mthumb -D__REDLIB__ -fstack-usage -specs=redlib.specs -MMD -MP -MF"utilities/fsl_debug_console.d" -MT"utilities/fsl_debug_console.o" -MT"utilities/fsl_debug_console.d" -o "utilities/fsl_debug_console.o" "../utilities/fsl_debug_console.c"
Invoking: MCU C Compiler
arm-none-eabi-gcc -std=gnu99 -D__REDLIB__ -DCPU_MK64FN1M0VLL12 -DCPU_MK64FN1M0VLL12_cm4 -DFRDM_K64F -DFREEDOM -DSD_ENABLED -DSERIAL_PORT_TYPE_UART=1 -DSDK_DEBUGCONSOLE=0 -DCR_INTEGER_PRINTF -DPRINTF_FLOAT_ENABLE=0 -D__MCUXPRESSO -D__USE_CMSIS -DDEBUG -I"C:\Users\Guido\Desktop\PORONGA MICROS\watafac2\ktnuro_sdcard_fatfs\board" -I"C:\Users\Guido\Desktop\PORONGA MICROS\watafac2\ktnuro_sdcard_fatfs\source" -I"C:\Users\Guido\Desktop\PORONGA MICROS\watafac2\ktnuro_sdcard_fatfs" -I"C:\Users\Guido\Desktop\PORONGA MICROS\watafac2\ktnuro_sdcard_fatfs\drivers" -I"C:\Users\Guido\Desktop\PORONGA MICROS\watafac2\ktnuro_sdcard_fatfs\device" -I"C:\Users\Guido\Desktop\PORONGA MICROS\watafac2\ktnuro_sdcard_fatfs\CMSIS" -I"C:\Users\Guido\Desktop\PORONGA MICROS\watafac2\ktnuro_sdcard_fatfs\sdmmc\inc" -I"C:\Users\Guido\Desktop\PORONGA MICROS\watafac2\ktnuro_sdcard_fatfs\sdmmc\host" -I"C:\Users\Guido\Desktop\PORONGA MICROS\watafac2\ktnuro_sdcard_fatfs\sdmmc\osa" -I"C:\Users\Guido\Desktop\PORONGA MICROS\watafac2\ktnuro_sdcard_fatfs\component\osa" -I"C:\Users\Guido\Desktop\PORONGA MICROS\watafac2\ktnuro_sdcard_fatfs\component\lists" -I"C:\Users\Guido\Desktop\PORONGA MICROS\watafac2\ktnuro_sdcard_fatfs\fatfs\source" -I"C:\Users\Guido\Desktop\PORONGA MICROS\watafac2\ktnuro_sdcard_fatfs\fatfs\source\fsl_ram_disk" -I"C:\Users\Guido\Desktop\PORONGA MICROS\watafac2\ktnuro_sdcard_fatfs\fatfs\source\fsl_sd_disk" -I"C:\Users\Guido\Desktop\PORONGA MICROS\watafac2\ktnuro_sdcard_fatfs\utilities" -I"C:\Users\Guido\Desktop\PORONGA MICROS\watafac2\ktnuro_sdcard_fatfs\component\serial_manager" -I"C:\Users\Guido\Desktop\PORONGA MICROS\watafac2\ktnuro_sdcard_fatfs\component\uart" -O0 -fno-common -g3 -Wall -c  -ffunction-sections  -fdata-sections  -ffreestanding  -fno-builtin -fmerge-constants -fmacro-prefix-map="../utilities/"=. -mcpu=cortex-m4 -mfpu=fpv4-sp-d16 -mfloat-abi=hard -mthumb -D__REDLIB__ -fstack-usage -specs=redlib.specs -MMD -MP -MF"utilities/fsl_str.d" -MT"utilities/fsl_str.o" -MT"utilities/fsl_str.d" -o "utilities/fsl_str.o" "../utilities/fsl_str.c"
arm-none-eabi-gcc -std=gnu99 -D__REDLIB__ -DCPU_MK64FN1M0VLL12 -DCPU_MK64FN1M0VLL12_cm4 -DFRDM_K64F -DFREEDOM -DSD_ENABLED -DSERIAL_PORT_TYPE_UART=1 -DSDK_DEBUGCONSOLE=0 -DCR_INTEGER_PRINTF -DPRINTF_FLOAT_ENABLE=0 -D__MCUXPRESSO -D__USE_CMSIS -DDEBUG -I"C:\Users\Guido\Desktop\PORONGA MICROS\watafac2\ktnuro_sdcard_fatfs\board" -I"C:\Users\Guido\Desktop\PORONGA MICROS\watafac2\ktnuro_sdcard_fatfs\source" -I"C:\Users\Guido\Desktop\PORONGA MICROS\watafac2\ktnuro_sdcard_fatfs" -I"C:\Users\Guido\Desktop\PORONGA MICROS\watafac2\ktnuro_sdcard_fatfs\drivers" -I"C:\Users\Guido\Desktop\PORONGA MICROS\watafac2\ktnuro_sdcard_fatfs\device" -I"C:\Users\Guido\Desktop\PORONGA MICROS\watafac2\ktnuro_sdcard_fatfs\CMSIS" -I"C:\Users\Guido\Desktop\PORONGA MICROS\watafac2\ktnuro_sdcard_fatfs\sdmmc\inc" -I"C:\Users\Guido\Desktop\PORONGA MICROS\watafac2\ktnuro_sdcard_fatfs\sdmmc\host" -I"C:\Users\Guido\Desktop\PORONGA MICROS\watafac2\ktnuro_sdcard_fatfs\sdmmc\osa" -I"C:\Users\Guido\Desktop\PORONGA MICROS\watafac2\ktnuro_sdcard_fatfs\component\osa" -I"C:\Users\Guido\Desktop\PORONGA MICROS\watafac2\ktnuro_sdcard_fatfs\component\lists" -I"C:\Users\Guido\Desktop\PORONGA MICROS\watafac2\ktnuro_sdcard_fatfs\fatfs\source" -I"C:\Users\Guido\Desktop\PORONGA MICROS\watafac2\ktnuro_sdcard_fatfs\fatfs\source\fsl_ram_disk" -I"C:\Users\Guido\Desktop\PORONGA MICROS\watafac2\ktnuro_sdcard_fatfs\fatfs\source\fsl_sd_disk" -I"C:\Users\Guido\Desktop\PORONGA MICROS\watafac2\ktnuro_sdcard_fatfs\utilities" -I"C:\Users\Guido\Desktop\PORONGA MICROS\watafac2\ktnuro_sdcard_fatfs\component\serial_manager" -I"C:\Users\Guido\Desktop\PORONGA MICROS\watafac2\ktnuro_sdcard_fatfs\component\uart" -O0 -fno-common -g3 -Wall -c  -ffunction-sections  -fdata-sections  -ffreestanding  -fno-builtin -fmerge-constants -fmacro-prefix-map="../utilities/"=. -mcpu=cortex-m4 -mfpu=fpv4-sp-d16 -mfloat-abi=hard -mthumb -D__REDLIB__ -fstack-usage -specs=redlib.specs -MMD -MP -MF"utilities/fsl_assert.d" -MT"utilities/fsl_assert.o" -MT"utilities/fsl_assert.d" -o "utilities/fsl_assert.o" "../utilities/fsl_assert.c"
arm-none-eabi-gcc -std=gnu99 -D__REDLIB__ -DCPU_MK64FN1M0VLL12 -DCPU_MK64FN1M0VLL12_cm4 -DFRDM_K64F -DFREEDOM -DSD_ENABLED -DSERIAL_PORT_TYPE_UART=1 -DSDK_DEBUGCONSOLE=0 -DCR_INTEGER_PRINTF -DPRINTF_FLOAT_ENABLE=0 -D__MCUXPRESSO -D__USE_CMSIS -DDEBUG -I"C:\Users\Guido\Desktop\PORONGA MICROS\watafac2\ktnuro_sdcard_fatfs\board" -I"C:\Users\Guido\Desktop\PORONGA MICROS\watafac2\ktnuro_sdcard_fatfs\source" -I"C:\Users\Guido\Desktop\PORONGA MICROS\watafac2\ktnuro_sdcard_fatfs" -I"C:\Users\Guido\Desktop\PORONGA MICROS\watafac2\ktnuro_sdcard_fatfs\drivers" -I"C:\Users\Guido\Desktop\PORONGA MICROS\watafac2\ktnuro_sdcard_fatfs\device" -I"C:\Users\Guido\Desktop\PORONGA MICROS\watafac2\ktnuro_sdcard_fatfs\CMSIS" -I"C:\Users\Guido\Desktop\PORONGA MICROS\watafac2\ktnuro_sdcard_fatfs\sdmmc\inc" -I"C:\Users\Guido\Desktop\PORONGA MICROS\watafac2\ktnuro_sdcard_fatfs\sdmmc\host" -I"C:\Users\Guido\Desktop\PORONGA MICROS\watafac2\ktnuro_sdcard_fatfs\sdmmc\osa" -I"C:\Users\Guido\Desktop\PORONGA MICROS\watafac2\ktnuro_sdcard_fatfs\component\osa" -I"C:\Users\Guido\Desktop\PORONGA MICROS\watafac2\ktnuro_sdcard_fatfs\component\lists" -I"C:\Users\Guido\Desktop\PORONGA MICROS\watafac2\ktnuro_sdcard_fatfs\fatfs\source" -I"C:\Users\Guido\Desktop\PORONGA MICROS\watafac2\ktnuro_sdcard_fatfs\fatfs\source\fsl_ram_disk" -I"C:\Users\Guido\Desktop\PORONGA MICROS\watafac2\ktnuro_sdcard_fatfs\fatfs\source\fsl_sd_disk" -I"C:\Users\Guido\Desktop\PORONGA MICROS\watafac2\ktnuro_sdcard_fatfs\utilities" -I"C:\Users\Guido\Desktop\PORONGA MICROS\watafac2\ktnuro_sdcard_fatfs\component\serial_manager" -I"C:\Users\Guido\Desktop\PORONGA MICROS\watafac2\ktnuro_sdcard_fatfs\component\uart" -O0 -fno-common -g3 -Wall -c  -ffunction-sections  -fdata-sections  -ffreestanding  -fno-builtin -fmerge-constants -fmacro-prefix-map="../startup/"=. -mcpu=cortex-m4 -mfpu=fpv4-sp-d16 -mfloat-abi=hard -mthumb -D__REDLIB__ -fstack-usage -specs=redlib.specs -MMD -MP -MF"startup/startup_mk64f12.d" -MT"startup/startup_mk64f12.o" -MT"startup/startup_mk64f12.d" -o "startup/startup_mk64f12.o" "../startup/startup_mk64f12.c"
Finished building: ../utilities/fsl_str.c
Finished building: ../utilities/fsl_debug_console.c
Finished building: ../utilities/fsl_assert.c
 
Finished building: ../startup/startup_mk64f12.c
 
 
Building file: ../source/sdcard_fatfs.c
Building file: ../source/semihost_hardfault.c
Building file: ../sdmmc/src/fsl_sd.c
Invoking: MCU C Compiler
 
arm-none-eabi-gcc -std=gnu99 -D__REDLIB__ -DCPU_MK64FN1M0VLL12 -DCPU_MK64FN1M0VLL12_cm4 -DFRDM_K64F -DFREEDOM -DSD_ENABLED -DSERIAL_PORT_TYPE_UART=1 -DSDK_DEBUGCONSOLE=0 -DCR_INTEGER_PRINTF -DPRINTF_FLOAT_ENABLE=0 -D__MCUXPRESSO -D__USE_CMSIS -DDEBUG -I"C:\Users\Guido\Desktop\PORONGA MICROS\watafac2\ktnuro_sdcard_fatfs\board" -I"C:\Users\Guido\Desktop\PORONGA MICROS\watafac2\ktnuro_sdcard_fatfs\source" -I"C:\Users\Guido\Desktop\PORONGA MICROS\watafac2\ktnuro_sdcard_fatfs" -I"C:\Users\Guido\Desktop\PORONGA MICROS\watafac2\ktnuro_sdcard_fatfs\drivers" -I"C:\Users\Guido\Desktop\PORONGA MICROS\watafac2\ktnuro_sdcard_fatfs\device" -I"C:\Users\Guido\Desktop\PORONGA MICROS\watafac2\ktnuro_sdcard_fatfs\CMSIS" -I"C:\Users\Guido\Desktop\PORONGA MICROS\watafac2\ktnuro_sdcard_fatfs\sdmmc\inc" -I"C:\Users\Guido\Desktop\PORONGA MICROS\watafac2\ktnuro_sdcard_fatfs\sdmmc\host" -I"C:\Users\Guido\Desktop\PORONGA MICROS\watafac2\ktnuro_sdcard_fatfs\sdmmc\osa" -I"C:\Users\Guido\Desktop\PORONGA MICROS\watafac2\ktnuro_sdcard_fatfs\component\osa" -I"C:\Users\Guido\Desktop\PORONGA MICROS\watafac2\ktnuro_sdcard_fatfs\component\lists" -I"C:\Users\Guido\Desktop\PORONGA MICROS\watafac2\ktnuro_sdcard_fatfs\fatfs\source" -I"C:\Users\Guido\Desktop\PORONGA MICROS\watafac2\ktnuro_sdcard_fatfs\fatfs\source\fsl_ram_disk" -I"C:\Users\Guido\Desktop\PORONGA MICROS\watafac2\ktnuro_sdcard_fatfs\fatfs\source\fsl_sd_disk" -I"C:\Users\Guido\Desktop\PORONGA MICROS\watafac2\ktnuro_sdcard_fatfs\utilities" -I"C:\Users\Guido\Desktop\PORONGA MICROS\watafac2\ktnuro_sdcard_fatfs\component\serial_manager" -I"C:\Users\Guido\Desktop\PORONGA MICROS\watafac2\ktnuro_sdcard_fatfs\component\uart" -O0 -fno-common -g3 -Wall -c  -ffunction-sections  -fdata-sections  -ffreestanding  -fno-builtin -fmerge-constants -fmacro-prefix-map="../source/"=. -mcpu=cortex-m4 -mfpu=fpv4-sp-d16 -mfloat-abi=hard -mthumb -D__REDLIB__ -fstack-usage -specs=redlib.specs -MMD -MP -MF"source/sdcard_fatfs.d" -MT"source/sdcard_fatfs.o" -MT"source/sdcard_fatfs.d" -o "source/sdcard_fatfs.o" "../source/sdcard_fatfs.c"
Invoking: MCU C Compiler
Invoking: MCU C Compiler
Building file: ../sdmmc/src/fsl_sdmmc_common.c
arm-none-eabi-gcc -std=gnu99 -D__REDLIB__ -DCPU_MK64FN1M0VLL12 -DCPU_MK64FN1M0VLL12_cm4 -DFRDM_K64F -DFREEDOM -DSD_ENABLED -DSERIAL_PORT_TYPE_UART=1 -DSDK_DEBUGCONSOLE=0 -DCR_INTEGER_PRINTF -DPRINTF_FLOAT_ENABLE=0 -D__MCUXPRESSO -D__USE_CMSIS -DDEBUG -I"C:\Users\Guido\Desktop\PORONGA MICROS\watafac2\ktnuro_sdcard_fatfs\board" -I"C:\Users\Guido\Desktop\PORONGA MICROS\watafac2\ktnuro_sdcard_fatfs\source" -I"C:\Users\Guido\Desktop\PORONGA MICROS\watafac2\ktnuro_sdcard_fatfs" -I"C:\Users\Guido\Desktop\PORONGA MICROS\watafac2\ktnuro_sdcard_fatfs\drivers" -I"C:\Users\Guido\Desktop\PORONGA MICROS\watafac2\ktnuro_sdcard_fatfs\device" -I"C:\Users\Guido\Desktop\PORONGA MICROS\watafac2\ktnuro_sdcard_fatfs\CMSIS" -I"C:\Users\Guido\Desktop\PORONGA MICROS\watafac2\ktnuro_sdcard_fatfs\sdmmc\inc" -I"C:\Users\Guido\Desktop\PORONGA MICROS\watafac2\ktnuro_sdcard_fatfs\sdmmc\host" -I"C:\Users\Guido\Desktop\PORONGA MICROS\watafac2\ktnuro_sdcard_fatfs\sdmmc\osa" -I"C:\Users\Guido\Desktop\PORONGA MICROS\watafac2\ktnuro_sdcard_fatfs\component\osa" -I"C:\Users\Guido\Desktop\PORONGA MICROS\watafac2\ktnuro_sdcard_fatfs\component\lists" -I"C:\Users\Guido\Desktop\PORONGA MICROS\watafac2\ktnuro_sdcard_fatfs\fatfs\source" -I"C:\Users\Guido\Desktop\PORONGA MICROS\watafac2\ktnuro_sdcard_fatfs\fatfs\source\fsl_ram_disk" -I"C:\Users\Guido\Desktop\PORONGA MICROS\watafac2\ktnuro_sdcard_fatfs\fatfs\source\fsl_sd_disk" -I"C:\Users\Guido\Desktop\PORONGA MICROS\watafac2\ktnuro_sdcard_fatfs\utilities" -I"C:\Users\Guido\Desktop\PORONGA MICROS\watafac2\ktnuro_sdcard_fatfs\component\serial_manager" -I"C:\Users\Guido\Desktop\PORONGA MICROS\watafac2\ktnuro_sdcard_fatfs\component\uart" -O0 -fno-common -g3 -Wall -c  -ffunction-sections  -fdata-sections  -ffreestanding  -fno-builtin -fmerge-constants -fmacro-prefix-map="../sdmmc/src/"=. -mcpu=cortex-m4 -mfpu=fpv4-sp-d16 -mfloat-abi=hard -mthumb -D__REDLIB__ -fstack-usage -specs=redlib.specs -MMD -MP -MF"sdmmc/src/fsl_sd.d" -MT"sdmmc/src/fsl_sd.o" -MT"sdmmc/src/fsl_sd.d" -o "sdmmc/src/fsl_sd.o" "../sdmmc/src/fsl_sd.c"
arm-none-eabi-gcc -std=gnu99 -D__REDLIB__ -DCPU_MK64FN1M0VLL12 -DCPU_MK64FN1M0VLL12_cm4 -DFRDM_K64F -DFREEDOM -DSD_ENABLED -DSERIAL_PORT_TYPE_UART=1 -DSDK_DEBUGCONSOLE=0 -DCR_INTEGER_PRINTF -DPRINTF_FLOAT_ENABLE=0 -D__MCUXPRESSO -D__USE_CMSIS -DDEBUG -I"C:\Users\Guido\Desktop\PORONGA MICROS\watafac2\ktnuro_sdcard_fatfs\board" -I"C:\Users\Guido\Desktop\PORONGA MICROS\watafac2\ktnuro_sdcard_fatfs\source" -I"C:\Users\Guido\Desktop\PORONGA MICROS\watafac2\ktnuro_sdcard_fatfs" -I"C:\Users\Guido\Desktop\PORONGA MICROS\watafac2\ktnuro_sdcard_fatfs\drivers" -I"C:\Users\Guido\Desktop\PORONGA MICROS\watafac2\ktnuro_sdcard_fatfs\device" -I"C:\Users\Guido\Desktop\PORONGA MICROS\watafac2\ktnuro_sdcard_fatfs\CMSIS" -I"C:\Users\Guido\Desktop\PORONGA MICROS\watafac2\ktnuro_sdcard_fatfs\sdmmc\inc" -I"C:\Users\Guido\Desktop\PORONGA MICROS\watafac2\ktnuro_sdcard_fatfs\sdmmc\host" -I"C:\Users\Guido\Desktop\PORONGA MICROS\watafac2\ktnuro_sdcard_fatfs\sdmmc\osa" -I"C:\Users\Guido\Desktop\PORONGA MICROS\watafac2\ktnuro_sdcard_fatfs\component\osa" -I"C:\Users\Guido\Desktop\PORONGA MICROS\watafac2\ktnuro_sdcard_fatfs\component\lists" -I"C:\Users\Guido\Desktop\PORONGA MICROS\watafac2\ktnuro_sdcard_fatfs\fatfs\source" -I"C:\Users\Guido\Desktop\PORONGA MICROS\watafac2\ktnuro_sdcard_fatfs\fatfs\source\fsl_ram_disk" -I"C:\Users\Guido\Desktop\PORONGA MICROS\watafac2\ktnuro_sdcard_fatfs\fatfs\source\fsl_sd_disk" -I"C:\Users\Guido\Desktop\PORONGA MICROS\watafac2\ktnuro_sdcard_fatfs\utilities" -I"C:\Users\Guido\Desktop\PORONGA MICROS\watafac2\ktnuro_sdcard_fatfs\component\serial_manager" -I"C:\Users\Guido\Desktop\PORONGA MICROS\watafac2\ktnuro_sdcard_fatfs\component\uart" -O0 -fno-common -g3 -Wall -c  -ffunction-sections  -fdata-sections  -ffreestanding  -fno-builtin -fmerge-constants -fmacro-prefix-map="../source/"=. -mcpu=cortex-m4 -mfpu=fpv4-sp-d16 -mfloat-abi=hard -mthumb -D__REDLIB__ -fstack-usage -specs=redlib.specs -MMD -MP -MF"source/semihost_hardfault.d" -MT"source/semihost_hardfault.o" -MT"source/semihost_hardfault.d" -o "source/semihost_hardfault.o" "../source/semihost_hardfault.c"
Invoking: MCU C Compiler
arm-none-eabi-gcc -std=gnu99 -D__REDLIB__ -DCPU_MK64FN1M0VLL12 -DCPU_MK64FN1M0VLL12_cm4 -DFRDM_K64F -DFREEDOM -DSD_ENABLED -DSERIAL_PORT_TYPE_UART=1 -DSDK_DEBUGCONSOLE=0 -DCR_INTEGER_PRINTF -DPRINTF_FLOAT_ENABLE=0 -D__MCUXPRESSO -D__USE_CMSIS -DDEBUG -I"C:\Users\Guido\Desktop\PORONGA MICROS\watafac2\ktnuro_sdcard_fatfs\board" -I"C:\Users\Guido\Desktop\PORONGA MICROS\watafac2\ktnuro_sdcard_fatfs\source" -I"C:\Users\Guido\Desktop\PORONGA MICROS\watafac2\ktnuro_sdcard_fatfs" -I"C:\Users\Guido\Desktop\PORONGA MICROS\watafac2\ktnuro_sdcard_fatfs\drivers" -I"C:\Users\Guido\Desktop\PORONGA MICROS\watafac2\ktnuro_sdcard_fatfs\device" -I"C:\Users\Guido\Desktop\PORONGA MICROS\watafac2\ktnuro_sdcard_fatfs\CMSIS" -I"C:\Users\Guido\Desktop\PORONGA MICROS\watafac2\ktnuro_sdcard_fatfs\sdmmc\inc" -I"C:\Users\Guido\Desktop\PORONGA MICROS\watafac2\ktnuro_sdcard_fatfs\sdmmc\host" -I"C:\Users\Guido\Desktop\PORONGA MICROS\watafac2\ktnuro_sdcard_fatfs\sdmmc\osa" -I"C:\Users\Guido\Desktop\PORONGA MICROS\watafac2\ktnuro_sdcard_fatfs\component\osa" -I"C:\Users\Guido\Desktop\PORONGA MICROS\watafac2\ktnuro_sdcard_fatfs\component\lists" -I"C:\Users\Guido\Desktop\PORONGA MICROS\watafac2\ktnuro_sdcard_fatfs\fatfs\source" -I"C:\Users\Guido\Desktop\PORONGA MICROS\watafac2\ktnuro_sdcard_fatfs\fatfs\source\fsl_ram_disk" -I"C:\Users\Guido\Desktop\PORONGA MICROS\watafac2\ktnuro_sdcard_fatfs\fatfs\source\fsl_sd_disk" -I"C:\Users\Guido\Desktop\PORONGA MICROS\watafac2\ktnuro_sdcard_fatfs\utilities" -I"C:\Users\Guido\Desktop\PORONGA MICROS\watafac2\ktnuro_sdcard_fatfs\component\serial_manager" -I"C:\Users\Guido\Desktop\PORONGA MICROS\watafac2\ktnuro_sdcard_fatfs\component\uart" -O0 -fno-common -g3 -Wall -c  -ffunction-sections  -fdata-sections  -ffreestanding  -fno-builtin -fmerge-constants -fmacro-prefix-map="../sdmmc/src/"=. -mcpu=cortex-m4 -mfpu=fpv4-sp-d16 -mfloat-abi=hard -mthumb -D__REDLIB__ -fstack-usage -specs=redlib.specs -MMD -MP -MF"sdmmc/src/fsl_sdmmc_common.d" -MT"sdmmc/src/fsl_sdmmc_common.o" -MT"sdmmc/src/fsl_sdmmc_common.d" -o "sdmmc/src/fsl_sdmmc_common.o" "../sdmmc/src/fsl_sdmmc_common.c"
Finished building: ../source/semihost_hardfault.c
 
Building file: ../sdmmc/osa/fsl_sdmmc_osa.c
Invoking: MCU C Compiler
arm-none-eabi-gcc -std=gnu99 -D__REDLIB__ -DCPU_MK64FN1M0VLL12 -DCPU_MK64FN1M0VLL12_cm4 -DFRDM_K64F -DFREEDOM -DSD_ENABLED -DSERIAL_PORT_TYPE_UART=1 -DSDK_DEBUGCONSOLE=0 -DCR_INTEGER_PRINTF -DPRINTF_FLOAT_ENABLE=0 -D__MCUXPRESSO -D__USE_CMSIS -DDEBUG -I"C:\Users\Guido\Desktop\PORONGA MICROS\watafac2\ktnuro_sdcard_fatfs\board" -I"C:\Users\Guido\Desktop\PORONGA MICROS\watafac2\ktnuro_sdcard_fatfs\source" -I"C:\Users\Guido\Desktop\PORONGA MICROS\watafac2\ktnuro_sdcard_fatfs" -I"C:\Users\Guido\Desktop\PORONGA MICROS\watafac2\ktnuro_sdcard_fatfs\drivers" -I"C:\Users\Guido\Desktop\PORONGA MICROS\watafac2\ktnuro_sdcard_fatfs\device" -I"C:\Users\Guido\Desktop\PORONGA MICROS\watafac2\ktnuro_sdcard_fatfs\CMSIS" -I"C:\Users\Guido\Desktop\PORONGA MICROS\watafac2\ktnuro_sdcard_fatfs\sdmmc\inc" -I"C:\Users\Guido\Desktop\PORONGA MICROS\watafac2\ktnuro_sdcard_fatfs\sdmmc\host" -I"C:\Users\Guido\Desktop\PORONGA MICROS\watafac2\ktnuro_sdcard_fatfs\sdmmc\osa" -I"C:\Users\Guido\Desktop\PORONGA MICROS\watafac2\ktnuro_sdcard_fatfs\component\osa" -I"C:\Users\Guido\Desktop\PORONGA MICROS\watafac2\ktnuro_sdcard_fatfs\component\lists" -I"C:\Users\Guido\Desktop\PORONGA MICROS\watafac2\ktnuro_sdcard_fatfs\fatfs\source" -I"C:\Users\Guido\Desktop\PORONGA MICROS\watafac2\ktnuro_sdcard_fatfs\fatfs\source\fsl_ram_disk" -I"C:\Users\Guido\Desktop\PORONGA MICROS\watafac2\ktnuro_sdcard_fatfs\fatfs\source\fsl_sd_disk" -I"C:\Users\Guido\Desktop\PORONGA MICROS\watafac2\ktnuro_sdcard_fatfs\utilities" -I"C:\Users\Guido\Desktop\PORONGA MICROS\watafac2\ktnuro_sdcard_fatfs\component\serial_manager" -I"C:\Users\Guido\Desktop\PORONGA MICROS\watafac2\ktnuro_sdcard_fatfs\component\uart" -O0 -fno-common -g3 -Wall -c  -ffunction-sections  -fdata-sections  -ffreestanding  -fno-builtin -fmerge-constants -fmacro-prefix-map="../sdmmc/osa/"=. -mcpu=cortex-m4 -mfpu=fpv4-sp-d16 -mfloat-abi=hard -mthumb -D__REDLIB__ -fstack-usage -specs=redlib.specs -MMD -MP -MF"sdmmc/osa/fsl_sdmmc_osa.d" -MT"sdmmc/osa/fsl_sdmmc_osa.o" -MT"sdmmc/osa/fsl_sdmmc_osa.d" -o "sdmmc/osa/fsl_sdmmc_osa.o" "../sdmmc/osa/fsl_sdmmc_osa.c"
Finished building: ../sdmmc/osa/fsl_sdmmc_osa.c
 
Building file: ../sdmmc/host/fsl_sdmmc_host.c
Invoking: MCU C Compiler
arm-none-eabi-gcc -std=gnu99 -D__REDLIB__ -DCPU_MK64FN1M0VLL12 -DCPU_MK64FN1M0VLL12_cm4 -DFRDM_K64F -DFREEDOM -DSD_ENABLED -DSERIAL_PORT_TYPE_UART=1 -DSDK_DEBUGCONSOLE=0 -DCR_INTEGER_PRINTF -DPRINTF_FLOAT_ENABLE=0 -D__MCUXPRESSO -D__USE_CMSIS -DDEBUG -I"C:\Users\Guido\Desktop\PORONGA MICROS\watafac2\ktnuro_sdcard_fatfs\board" -I"C:\Users\Guido\Desktop\PORONGA MICROS\watafac2\ktnuro_sdcard_fatfs\source" -I"C:\Users\Guido\Desktop\PORONGA MICROS\watafac2\ktnuro_sdcard_fatfs" -I"C:\Users\Guido\Desktop\PORONGA MICROS\watafac2\ktnuro_sdcard_fatfs\drivers" -I"C:\Users\Guido\Desktop\PORONGA MICROS\watafac2\ktnuro_sdcard_fatfs\device" -I"C:\Users\Guido\Desktop\PORONGA MICROS\watafac2\ktnuro_sdcard_fatfs\CMSIS" -I"C:\Users\Guido\Desktop\PORONGA MICROS\watafac2\ktnuro_sdcard_fatfs\sdmmc\inc" -I"C:\Users\Guido\Desktop\PORONGA MICROS\watafac2\ktnuro_sdcard_fatfs\sdmmc\host" -I"C:\Users\Guido\Desktop\PORONGA MICROS\watafac2\ktnuro_sdcard_fatfs\sdmmc\osa" -I"C:\Users\Guido\Desktop\PORONGA MICROS\watafac2\ktnuro_sdcard_fatfs\component\osa" -I"C:\Users\Guido\Desktop\PORONGA MICROS\watafac2\ktnuro_sdcard_fatfs\component\lists" -I"C:\Users\Guido\Desktop\PORONGA MICROS\watafac2\ktnuro_sdcard_fatfs\fatfs\source" -I"C:\Users\Guido\Desktop\PORONGA MICROS\watafac2\ktnuro_sdcard_fatfs\fatfs\source\fsl_ram_disk" -I"C:\Users\Guido\Desktop\PORONGA MICROS\watafac2\ktnuro_sdcard_fatfs\fatfs\source\fsl_sd_disk" -I"C:\Users\Guido\Desktop\PORONGA MICROS\watafac2\ktnuro_sdcard_fatfs\utilities" -I"C:\Users\Guido\Desktop\PORONGA MICROS\watafac2\ktnuro_sdcard_fatfs\component\serial_manager" -I"C:\Users\Guido\Desktop\PORONGA MICROS\watafac2\ktnuro_sdcard_fatfs\component\uart" -O0 -fno-common -g3 -Wall -c  -ffunction-sections  -fdata-sections  -ffreestanding  -fno-builtin -fmerge-constants -fmacro-prefix-map="../sdmmc/host/"=. -mcpu=cortex-m4 -mfpu=fpv4-sp-d16 -mfloat-abi=hard -mthumb -D__REDLIB__ -fstack-usage -specs=redlib.specs -MMD -MP -MF"sdmmc/host/fsl_sdmmc_host.d" -MT"sdmmc/host/fsl_sdmmc_host.o" -MT"sdmmc/host/fsl_sdmmc_host.d" -o "sdmmc/host/fsl_sdmmc_host.o" "../sdmmc/host/fsl_sdmmc_host.c"
Finished building: ../sdmmc/src/fsl_sdmmc_common.c
 
Building file: ../fatfs/source/fsl_sd_disk/fsl_sd_disk.c
Invoking: MCU C Compiler
arm-none-eabi-gcc -std=gnu99 -D__REDLIB__ -DCPU_MK64FN1M0VLL12 -DCPU_MK64FN1M0VLL12_cm4 -DFRDM_K64F -DFREEDOM -DSD_ENABLED -DSERIAL_PORT_TYPE_UART=1 -DSDK_DEBUGCONSOLE=0 -DCR_INTEGER_PRINTF -DPRINTF_FLOAT_ENABLE=0 -D__MCUXPRESSO -D__USE_CMSIS -DDEBUG -I"C:\Users\Guido\Desktop\PORONGA MICROS\watafac2\ktnuro_sdcard_fatfs\board" -I"C:\Users\Guido\Desktop\PORONGA MICROS\watafac2\ktnuro_sdcard_fatfs\source" -I"C:\Users\Guido\Desktop\PORONGA MICROS\watafac2\ktnuro_sdcard_fatfs" -I"C:\Users\Guido\Desktop\PORONGA MICROS\watafac2\ktnuro_sdcard_fatfs\drivers" -I"C:\Users\Guido\Desktop\PORONGA MICROS\watafac2\ktnuro_sdcard_fatfs\device" -I"C:\Users\Guido\Desktop\PORONGA MICROS\watafac2\ktnuro_sdcard_fatfs\CMSIS" -I"C:\Users\Guido\Desktop\PORONGA MICROS\watafac2\ktnuro_sdcard_fatfs\sdmmc\inc" -I"C:\Users\Guido\Desktop\PORONGA MICROS\watafac2\ktnuro_sdcard_fatfs\sdmmc\host" -I"C:\Users\Guido\Desktop\PORONGA MICROS\watafac2\ktnuro_sdcard_fatfs\sdmmc\osa" -I"C:\Users\Guido\Desktop\PORONGA MICROS\watafac2\ktnuro_sdcard_fatfs\component\osa" -I"C:\Users\Guido\Desktop\PORONGA MICROS\watafac2\ktnuro_sdcard_fatfs\component\lists" -I"C:\Users\Guido\Desktop\PORONGA MICROS\watafac2\ktnuro_sdcard_fatfs\fatfs\source" -I"C:\Users\Guido\Desktop\PORONGA MICROS\watafac2\ktnuro_sdcard_fatfs\fatfs\source\fsl_ram_disk" -I"C:\Users\Guido\Desktop\PORONGA MICROS\watafac2\ktnuro_sdcard_fatfs\fatfs\source\fsl_sd_disk" -I"C:\Users\Guido\Desktop\PORONGA MICROS\watafac2\ktnuro_sdcard_fatfs\utilities" -I"C:\Users\Guido\Desktop\PORONGA MICROS\watafac2\ktnuro_sdcard_fatfs\component\serial_manager" -I"C:\Users\Guido\Desktop\PORONGA MICROS\watafac2\ktnuro_sdcard_fatfs\component\uart" -O0 -fno-common -g3 -Wall -c  -ffunction-sections  -fdata-sections  -ffreestanding  -fno-builtin -fmerge-constants -fmacro-prefix-map="../fatfs/source/fsl_sd_disk/"=. -mcpu=cortex-m4 -mfpu=fpv4-sp-d16 -mfloat-abi=hard -mthumb -D__REDLIB__ -fstack-usage -specs=redlib.specs -MMD -MP -MF"fatfs/source/fsl_sd_disk/fsl_sd_disk.d" -MT"fatfs/source/fsl_sd_disk/fsl_sd_disk.o" -MT"fatfs/source/fsl_sd_disk/fsl_sd_disk.d" -o "fatfs/source/fsl_sd_disk/fsl_sd_disk.o" "../fatfs/source/fsl_sd_disk/fsl_sd_disk.c"
Finished building: ../source/sdcard_fatfs.c
 
Finished building: ../sdmmc/src/fsl_sd.c
Building file: ../fatfs/source/fsl_ram_disk/fsl_ram_disk.c
 
Invoking: MCU C Compiler
arm-none-eabi-gcc -std=gnu99 -D__REDLIB__ -DCPU_MK64FN1M0VLL12 -DCPU_MK64FN1M0VLL12_cm4 -DFRDM_K64F -DFREEDOM -DSD_ENABLED -DSERIAL_PORT_TYPE_UART=1 -DSDK_DEBUGCONSOLE=0 -DCR_INTEGER_PRINTF -DPRINTF_FLOAT_ENABLE=0 -D__MCUXPRESSO -D__USE_CMSIS -DDEBUG -I"C:\Users\Guido\Desktop\PORONGA MICROS\watafac2\ktnuro_sdcard_fatfs\board" -I"C:\Users\Guido\Desktop\PORONGA MICROS\watafac2\ktnuro_sdcard_fatfs\source" -I"C:\Users\Guido\Desktop\PORONGA MICROS\watafac2\ktnuro_sdcard_fatfs" -I"C:\Users\Guido\Desktop\PORONGA MICROS\watafac2\ktnuro_sdcard_fatfs\drivers" -I"C:\Users\Guido\Desktop\PORONGA MICROS\watafac2\ktnuro_sdcard_fatfs\device" -I"C:\Users\Guido\Desktop\PORONGA MICROS\watafac2\ktnuro_sdcard_fatfs\CMSIS" -I"C:\Users\Guido\Desktop\PORONGA MICROS\watafac2\ktnuro_sdcard_fatfs\sdmmc\inc" -I"C:\Users\Guido\Desktop\PORONGA MICROS\watafac2\ktnuro_sdcard_fatfs\sdmmc\host" -I"C:\Users\Guido\Desktop\PORONGA MICROS\watafac2\ktnuro_sdcard_fatfs\sdmmc\osa" -I"C:\Users\Guido\Desktop\PORONGA MICROS\watafac2\ktnuro_sdcard_fatfs\component\osa" -I"C:\Users\Guido\Desktop\PORONGA MICROS\watafac2\ktnuro_sdcard_fatfs\component\lists" -I"C:\Users\Guido\Desktop\PORONGA MICROS\watafac2\ktnuro_sdcard_fatfs\fatfs\source" -I"C:\Users\Guido\Desktop\PORONGA MICROS\watafac2\ktnuro_sdcard_fatfs\fatfs\source\fsl_ram_disk" -I"C:\Users\Guido\Desktop\PORONGA MICROS\watafac2\ktnuro_sdcard_fatfs\fatfs\source\fsl_sd_disk" -I"C:\Users\Guido\Desktop\PORONGA MICROS\watafac2\ktnuro_sdcard_fatfs\utilities" -I"C:\Users\Guido\Desktop\PORONGA MICROS\watafac2\ktnuro_sdcard_fatfs\component\serial_manager" -I"C:\Users\Guido\Desktop\PORONGA MICROS\watafac2\ktnuro_sdcard_fatfs\component\uart" -O0 -fno-common -g3 -Wall -c  -ffunction-sections  -fdata-sections  -ffreestanding  -fno-builtin -fmerge-constants -fmacro-prefix-map="../fatfs/source/fsl_ram_disk/"=. -mcpu=cortex-m4 -mfpu=fpv4-sp-d16 -mfloat-abi=hard -mthumb -D__REDLIB__ -fstack-usage -specs=redlib.specs -MMD -MP -MF"fatfs/source/fsl_ram_disk/fsl_ram_disk.d" -MT"fatfs/source/fsl_ram_disk/fsl_ram_disk.o" -MT"fatfs/source/fsl_ram_disk/fsl_ram_disk.d" -o "fatfs/source/fsl_ram_disk/fsl_ram_disk.o" "../fatfs/source/fsl_ram_disk/fsl_ram_disk.c"
Building file: ../fatfs/source/diskio.c
Invoking: MCU C Compiler
arm-none-eabi-gcc -std=gnu99 -D__REDLIB__ -DCPU_MK64FN1M0VLL12 -DCPU_MK64FN1M0VLL12_cm4 -DFRDM_K64F -DFREEDOM -DSD_ENABLED -DSERIAL_PORT_TYPE_UART=1 -DSDK_DEBUGCONSOLE=0 -DCR_INTEGER_PRINTF -DPRINTF_FLOAT_ENABLE=0 -D__MCUXPRESSO -D__USE_CMSIS -DDEBUG -I"C:\Users\Guido\Desktop\PORONGA MICROS\watafac2\ktnuro_sdcard_fatfs\board" -I"C:\Users\Guido\Desktop\PORONGA MICROS\watafac2\ktnuro_sdcard_fatfs\source" -I"C:\Users\Guido\Desktop\PORONGA MICROS\watafac2\ktnuro_sdcard_fatfs" -I"C:\Users\Guido\Desktop\PORONGA MICROS\watafac2\ktnuro_sdcard_fatfs\drivers" -I"C:\Users\Guido\Desktop\PORONGA MICROS\watafac2\ktnuro_sdcard_fatfs\device" -I"C:\Users\Guido\Desktop\PORONGA MICROS\watafac2\ktnuro_sdcard_fatfs\CMSIS" -I"C:\Users\Guido\Desktop\PORONGA MICROS\watafac2\ktnuro_sdcard_fatfs\sdmmc\inc" -I"C:\Users\Guido\Desktop\PORONGA MICROS\watafac2\ktnuro_sdcard_fatfs\sdmmc\host" -I"C:\Users\Guido\Desktop\PORONGA MICROS\watafac2\ktnuro_sdcard_fatfs\sdmmc\osa" -I"C:\Users\Guido\Desktop\PORONGA MICROS\watafac2\ktnuro_sdcard_fatfs\component\osa" -I"C:\Users\Guido\Desktop\PORONGA MICROS\watafac2\ktnuro_sdcard_fatfs\component\lists" -I"C:\Users\Guido\Desktop\PORONGA MICROS\watafac2\ktnuro_sdcard_fatfs\fatfs\source" -I"C:\Users\Guido\Desktop\PORONGA MICROS\watafac2\ktnuro_sdcard_fatfs\fatfs\source\fsl_ram_disk" -I"C:\Users\Guido\Desktop\PORONGA MICROS\watafac2\ktnuro_sdcard_fatfs\fatfs\source\fsl_sd_disk" -I"C:\Users\Guido\Desktop\PORONGA MICROS\watafac2\ktnuro_sdcard_fatfs\utilities" -I"C:\Users\Guido\Desktop\PORONGA MICROS\watafac2\ktnuro_sdcard_fatfs\component\serial_manager" -I"C:\Users\Guido\Desktop\PORONGA MICROS\watafac2\ktnuro_sdcard_fatfs\component\uart" -O0 -fno-common -g3 -Wall -c  -ffunction-sections  -fdata-sections  -ffreestanding  -fno-builtin -fmerge-constants -fmacro-prefix-map="../fatfs/source/"=. -mcpu=cortex-m4 -mfpu=fpv4-sp-d16 -mfloat-abi=hard -mthumb -D__REDLIB__ -fstack-usage -specs=redlib.specs -MMD -MP -MF"fatfs/source/diskio.d" -MT"fatfs/source/diskio.o" -MT"fatfs/source/diskio.d" -o "fatfs/source/diskio.o" "../fatfs/source/diskio.c"
Finished building: ../fatfs/source/fsl_ram_disk/fsl_ram_disk.c
 
Building file: ../fatfs/source/ff.c
Finished building: ../sdmmc/host/fsl_sdmmc_host.c
 
Invoking: MCU C Compiler
arm-none-eabi-gcc -std=gnu99 -D__REDLIB__ -DCPU_MK64FN1M0VLL12 -DCPU_MK64FN1M0VLL12_cm4 -DFRDM_K64F -DFREEDOM -DSD_ENABLED -DSERIAL_PORT_TYPE_UART=1 -DSDK_DEBUGCONSOLE=0 -DCR_INTEGER_PRINTF -DPRINTF_FLOAT_ENABLE=0 -D__MCUXPRESSO -D__USE_CMSIS -DDEBUG -I"C:\Users\Guido\Desktop\PORONGA MICROS\watafac2\ktnuro_sdcard_fatfs\board" -I"C:\Users\Guido\Desktop\PORONGA MICROS\watafac2\ktnuro_sdcard_fatfs\source" -I"C:\Users\Guido\Desktop\PORONGA MICROS\watafac2\ktnuro_sdcard_fatfs" -I"C:\Users\Guido\Desktop\PORONGA MICROS\watafac2\ktnuro_sdcard_fatfs\drivers" -I"C:\Users\Guido\Desktop\PORONGA MICROS\watafac2\ktnuro_sdcard_fatfs\device" -I"C:\Users\Guido\Desktop\PORONGA MICROS\watafac2\ktnuro_sdcard_fatfs\CMSIS" -I"C:\Users\Guido\Desktop\PORONGA MICROS\watafac2\ktnuro_sdcard_fatfs\sdmmc\inc" -I"C:\Users\Guido\Desktop\PORONGA MICROS\watafac2\ktnuro_sdcard_fatfs\sdmmc\host" -I"C:\Users\Guido\Desktop\PORONGA MICROS\watafac2\ktnuro_sdcard_fatfs\sdmmc\osa" -I"C:\Users\Guido\Desktop\PORONGA MICROS\watafac2\ktnuro_sdcard_fatfs\component\osa" -I"C:\Users\Guido\Desktop\PORONGA MICROS\watafac2\ktnuro_sdcard_fatfs\component\lists" -I"C:\Users\Guido\Desktop\PORONGA MICROS\watafac2\ktnuro_sdcard_fatfs\fatfs\source" -I"C:\Users\Guido\Desktop\PORONGA MICROS\watafac2\ktnuro_sdcard_fatfs\fatfs\source\fsl_ram_disk" -I"C:\Users\Guido\Desktop\PORONGA MICROS\watafac2\ktnuro_sdcard_fatfs\fatfs\source\fsl_sd_disk" -I"C:\Users\Guido\Desktop\PORONGA MICROS\watafac2\ktnuro_sdcard_fatfs\utilities" -I"C:\Users\Guido\Desktop\PORONGA MICROS\watafac2\ktnuro_sdcard_fatfs\component\serial_manager" -I"C:\Users\Guido\Desktop\PORONGA MICROS\watafac2\ktnuro_sdcard_fatfs\component\uart" -O0 -fno-common -g3 -Wall -c  -ffunction-sections  -fdata-sections  -ffreestanding  -fno-builtin -fmerge-constants -fmacro-prefix-map="../fatfs/source/"=. -mcpu=cortex-m4 -mfpu=fpv4-sp-d16 -mfloat-abi=hard -mthumb -D__REDLIB__ -fstack-usage -specs=redlib.specs -MMD -MP -MF"fatfs/source/ff.d" -MT"fatfs/source/ff.o" -MT"fatfs/source/ff.d" -o "fatfs/source/ff.o" "../fatfs/source/ff.c"
Building file: ../fatfs/source/ffsystem.c
Invoking: MCU C Compiler
arm-none-eabi-gcc -std=gnu99 -D__REDLIB__ -DCPU_MK64FN1M0VLL12 -DCPU_MK64FN1M0VLL12_cm4 -DFRDM_K64F -DFREEDOM -DSD_ENABLED -DSERIAL_PORT_TYPE_UART=1 -DSDK_DEBUGCONSOLE=0 -DCR_INTEGER_PRINTF -DPRINTF_FLOAT_ENABLE=0 -D__MCUXPRESSO -D__USE_CMSIS -DDEBUG -I"C:\Users\Guido\Desktop\PORONGA MICROS\watafac2\ktnuro_sdcard_fatfs\board" -I"C:\Users\Guido\Desktop\PORONGA MICROS\watafac2\ktnuro_sdcard_fatfs\source" -I"C:\Users\Guido\Desktop\PORONGA MICROS\watafac2\ktnuro_sdcard_fatfs" -I"C:\Users\Guido\Desktop\PORONGA MICROS\watafac2\ktnuro_sdcard_fatfs\drivers" -I"C:\Users\Guido\Desktop\PORONGA MICROS\watafac2\ktnuro_sdcard_fatfs\device" -I"C:\Users\Guido\Desktop\PORONGA MICROS\watafac2\ktnuro_sdcard_fatfs\CMSIS" -I"C:\Users\Guido\Desktop\PORONGA MICROS\watafac2\ktnuro_sdcard_fatfs\sdmmc\inc" -I"C:\Users\Guido\Desktop\PORONGA MICROS\watafac2\ktnuro_sdcard_fatfs\sdmmc\host" -I"C:\Users\Guido\Desktop\PORONGA MICROS\watafac2\ktnuro_sdcard_fatfs\sdmmc\osa" -I"C:\Users\Guido\Desktop\PORONGA MICROS\watafac2\ktnuro_sdcard_fatfs\component\osa" -I"C:\Users\Guido\Desktop\PORONGA MICROS\watafac2\ktnuro_sdcard_fatfs\component\lists" -I"C:\Users\Guido\Desktop\PORONGA MICROS\watafac2\ktnuro_sdcard_fatfs\fatfs\source" -I"C:\Users\Guido\Desktop\PORONGA MICROS\watafac2\ktnuro_sdcard_fatfs\fatfs\source\fsl_ram_disk" -I"C:\Users\Guido\Desktop\PORONGA MICROS\watafac2\ktnuro_sdcard_fatfs\fatfs\source\fsl_sd_disk" -I"C:\Users\Guido\Desktop\PORONGA MICROS\watafac2\ktnuro_sdcard_fatfs\utilities" -I"C:\Users\Guido\Desktop\PORONGA MICROS\watafac2\ktnuro_sdcard_fatfs\component\serial_manager" -I"C:\Users\Guido\Desktop\PORONGA MICROS\watafac2\ktnuro_sdcard_fatfs\component\uart" -O0 -fno-common -g3 -Wall -c  -ffunction-sections  -fdata-sections  -ffreestanding  -fno-builtin -fmerge-constants -fmacro-prefix-map="../fatfs/source/"=. -mcpu=cortex-m4 -mfpu=fpv4-sp-d16 -mfloat-abi=hard -mthumb -D__REDLIB__ -fstack-usage -specs=redlib.specs -MMD -MP -MF"fatfs/source/ffsystem.d" -MT"fatfs/source/ffsystem.o" -MT"fatfs/source/ffsystem.d" -o "fatfs/source/ffsystem.o" "../fatfs/source/ffsystem.c"
Finished building: ../fatfs/source/fsl_sd_disk/fsl_sd_disk.c
 
Building file: ../fatfs/source/ffunicode.c
Finished building: ../fatfs/source/diskio.c
Invoking: MCU C Compiler
arm-none-eabi-gcc -std=gnu99 -D__REDLIB__ -DCPU_MK64FN1M0VLL12 -DCPU_MK64FN1M0VLL12_cm4 -DFRDM_K64F -DFREEDOM -DSD_ENABLED -DSERIAL_PORT_TYPE_UART=1 -DSDK_DEBUGCONSOLE=0 -DCR_INTEGER_PRINTF -DPRINTF_FLOAT_ENABLE=0 -D__MCUXPRESSO -D__USE_CMSIS -DDEBUG -I"C:\Users\Guido\Desktop\PORONGA MICROS\watafac2\ktnuro_sdcard_fatfs\board" -I"C:\Users\Guido\Desktop\PORONGA MICROS\watafac2\ktnuro_sdcard_fatfs\source" -I"C:\Users\Guido\Desktop\PORONGA MICROS\watafac2\ktnuro_sdcard_fatfs" -I"C:\Users\Guido\Desktop\PORONGA MICROS\watafac2\ktnuro_sdcard_fatfs\drivers" -I"C:\Users\Guido\Desktop\PORONGA MICROS\watafac2\ktnuro_sdcard_fatfs\device" -I"C:\Users\Guido\Desktop\PORONGA MICROS\watafac2\ktnuro_sdcard_fatfs\CMSIS" -I"C:\Users\Guido\Desktop\PORONGA MICROS\watafac2\ktnuro_sdcard_fatfs\sdmmc\inc" -I"C:\Users\Guido\Desktop\PORONGA MICROS\watafac2\ktnuro_sdcard_fatfs\sdmmc\host" -I"C:\Users\Guido\Desktop\PORONGA MICROS\watafac2\ktnuro_sdcard_fatfs\sdmmc\osa" -I"C:\Users\Guido\Desktop\PORONGA MICROS\watafac2\ktnuro_sdcard_fatfs\component\osa" -I"C:\Users\Guido\Desktop\PORONGA MICROS\watafac2\ktnuro_sdcard_fatfs\component\lists" -I"C:\Users\Guido\Desktop\PORONGA MICROS\watafac2\ktnuro_sdcard_fatfs\fatfs\source" -I"C:\Users\Guido\Desktop\PORONGA MICROS\watafac2\ktnuro_sdcard_fatfs\fatfs\source\fsl_ram_disk" -I"C:\Users\Guido\Desktop\PORONGA MICROS\watafac2\ktnuro_sdcard_fatfs\fatfs\source\fsl_sd_disk" -I"C:\Users\Guido\Desktop\PORONGA MICROS\watafac2\ktnuro_sdcard_fatfs\utilities" -I"C:\Users\Guido\Desktop\PORONGA MICROS\watafac2\ktnuro_sdcard_fatfs\component\serial_manager" -I"C:\Users\Guido\Desktop\PORONGA MICROS\watafac2\ktnuro_sdcard_fatfs\component\uart" -O0 -fno-common -g3 -Wall -c  -ffunction-sections  -fdata-sections  -ffreestanding  -fno-builtin -fmerge-constants -fmacro-prefix-map="../fatfs/source/"=. -mcpu=cortex-m4 -mfpu=fpv4-sp-d16 -mfloat-abi=hard -mthumb -D__REDLIB__ -fstack-usage -specs=redlib.specs -MMD -MP -MF"fatfs/source/ffunicode.d" -MT"fatfs/source/ffunicode.o" -MT"fatfs/source/ffunicode.d" -o "fatfs/source/ffunicode.o" "../fatfs/source/ffunicode.c"
 
Building file: ../drivers/fsl_clock.c
Invoking: MCU C Compiler
Finished building: ../fatfs/source/ffsystem.c
arm-none-eabi-gcc -std=gnu99 -D__REDLIB__ -DCPU_MK64FN1M0VLL12 -DCPU_MK64FN1M0VLL12_cm4 -DFRDM_K64F -DFREEDOM -DSD_ENABLED -DSERIAL_PORT_TYPE_UART=1 -DSDK_DEBUGCONSOLE=0 -DCR_INTEGER_PRINTF -DPRINTF_FLOAT_ENABLE=0 -D__MCUXPRESSO -D__USE_CMSIS -DDEBUG -I"C:\Users\Guido\Desktop\PORONGA MICROS\watafac2\ktnuro_sdcard_fatfs\board" -I"C:\Users\Guido\Desktop\PORONGA MICROS\watafac2\ktnuro_sdcard_fatfs\source" -I"C:\Users\Guido\Desktop\PORONGA MICROS\watafac2\ktnuro_sdcard_fatfs" -I"C:\Users\Guido\Desktop\PORONGA MICROS\watafac2\ktnuro_sdcard_fatfs\drivers" -I"C:\Users\Guido\Desktop\PORONGA MICROS\watafac2\ktnuro_sdcard_fatfs\device" -I"C:\Users\Guido\Desktop\PORONGA MICROS\watafac2\ktnuro_sdcard_fatfs\CMSIS" -I"C:\Users\Guido\Desktop\PORONGA MICROS\watafac2\ktnuro_sdcard_fatfs\sdmmc\inc" -I"C:\Users\Guido\Desktop\PORONGA MICROS\watafac2\ktnuro_sdcard_fatfs\sdmmc\host" -I"C:\Users\Guido\Desktop\PORONGA MICROS\watafac2\ktnuro_sdcard_fatfs\sdmmc\osa" -I"C:\Users\Guido\Desktop\PORONGA MICROS\watafac2\ktnuro_sdcard_fatfs\component\osa" -I"C:\Users\Guido\Desktop\PORONGA MICROS\watafac2\ktnuro_sdcard_fatfs\component\lists" -I"C:\Users\Guido\Desktop\PORONGA MICROS\watafac2\ktnuro_sdcard_fatfs\fatfs\source" -I"C:\Users\Guido\Desktop\PORONGA MICROS\watafac2\ktnuro_sdcard_fatfs\fatfs\source\fsl_ram_disk" -I"C:\Users\Guido\Desktop\PORONGA MICROS\watafac2\ktnuro_sdcard_fatfs\fatfs\source\fsl_sd_disk" -I"C:\Users\Guido\Desktop\PORONGA MICROS\watafac2\ktnuro_sdcard_fatfs\utilities" -I"C:\Users\Guido\Desktop\PORONGA MICROS\watafac2\ktnuro_sdcard_fatfs\component\serial_manager" -I"C:\Users\Guido\Desktop\PORONGA MICROS\watafac2\ktnuro_sdcard_fatfs\component\uart" -O0 -fno-common -g3 -Wall -c  -ffunction-sections  -fdata-sections  -ffreestanding  -fno-builtin -fmerge-constants -fmacro-prefix-map="../drivers/"=. -mcpu=cortex-m4 -mfpu=fpv4-sp-d16 -mfloat-abi=hard -mthumb -D__REDLIB__ -fstack-usage -specs=redlib.specs -MMD -MP -MF"drivers/fsl_clock.d" -MT"drivers/fsl_clock.o" -MT"drivers/fsl_clock.d" -o "drivers/fsl_clock.o" "../drivers/fsl_clock.c"
 
Building file: ../drivers/fsl_common.c
Invoking: MCU C Compiler
arm-none-eabi-gcc -std=gnu99 -D__REDLIB__ -DCPU_MK64FN1M0VLL12 -DCPU_MK64FN1M0VLL12_cm4 -DFRDM_K64F -DFREEDOM -DSD_ENABLED -DSERIAL_PORT_TYPE_UART=1 -DSDK_DEBUGCONSOLE=0 -DCR_INTEGER_PRINTF -DPRINTF_FLOAT_ENABLE=0 -D__MCUXPRESSO -D__USE_CMSIS -DDEBUG -I"C:\Users\Guido\Desktop\PORONGA MICROS\watafac2\ktnuro_sdcard_fatfs\board" -I"C:\Users\Guido\Desktop\PORONGA MICROS\watafac2\ktnuro_sdcard_fatfs\source" -I"C:\Users\Guido\Desktop\PORONGA MICROS\watafac2\ktnuro_sdcard_fatfs" -I"C:\Users\Guido\Desktop\PORONGA MICROS\watafac2\ktnuro_sdcard_fatfs\drivers" -I"C:\Users\Guido\Desktop\PORONGA MICROS\watafac2\ktnuro_sdcard_fatfs\device" -I"C:\Users\Guido\Desktop\PORONGA MICROS\watafac2\ktnuro_sdcard_fatfs\CMSIS" -I"C:\Users\Guido\Desktop\PORONGA MICROS\watafac2\ktnuro_sdcard_fatfs\sdmmc\inc" -I"C:\Users\Guido\Desktop\PORONGA MICROS\watafac2\ktnuro_sdcard_fatfs\sdmmc\host" -I"C:\Users\Guido\Desktop\PORONGA MICROS\watafac2\ktnuro_sdcard_fatfs\sdmmc\osa" -I"C:\Users\Guido\Desktop\PORONGA MICROS\watafac2\ktnuro_sdcard_fatfs\component\osa" -I"C:\Users\Guido\Desktop\PORONGA MICROS\watafac2\ktnuro_sdcard_fatfs\component\lists" -I"C:\Users\Guido\Desktop\PORONGA MICROS\watafac2\ktnuro_sdcard_fatfs\fatfs\source" -I"C:\Users\Guido\Desktop\PORONGA MICROS\watafac2\ktnuro_sdcard_fatfs\fatfs\source\fsl_ram_disk" -I"C:\Users\Guido\Desktop\PORONGA MICROS\watafac2\ktnuro_sdcard_fatfs\fatfs\source\fsl_sd_disk" -I"C:\Users\Guido\Desktop\PORONGA MICROS\watafac2\ktnuro_sdcard_fatfs\utilities" -I"C:\Users\Guido\Desktop\PORONGA MICROS\watafac2\ktnuro_sdcard_fatfs\component\serial_manager" -I"C:\Users\Guido\Desktop\PORONGA MICROS\watafac2\ktnuro_sdcard_fatfs\component\uart" -O0 -fno-common -g3 -Wall -c  -ffunction-sections  -fdata-sections  -ffreestanding  -fno-builtin -fmerge-constants -fmacro-prefix-map="../drivers/"=. -mcpu=cortex-m4 -mfpu=fpv4-sp-d16 -mfloat-abi=hard -mthumb -D__REDLIB__ -fstack-usage -specs=redlib.specs -MMD -MP -MF"drivers/fsl_common.d" -MT"drivers/fsl_common.o" -MT"drivers/fsl_common.d" -o "drivers/fsl_common.o" "../drivers/fsl_common.c"
Finished building: ../fatfs/source/ffunicode.c
Finished building: ../fatfs/source/ff.c
 
 
Building file: ../drivers/fsl_ftfx_cache.c
Building file: ../drivers/fsl_ftfx_controller.c
Invoking: MCU C Compiler
Invoking: MCU C Compiler
arm-none-eabi-gcc -std=gnu99 -D__REDLIB__ -DCPU_MK64FN1M0VLL12 -DCPU_MK64FN1M0VLL12_cm4 -DFRDM_K64F -DFREEDOM -DSD_ENABLED -DSERIAL_PORT_TYPE_UART=1 -DSDK_DEBUGCONSOLE=0 -DCR_INTEGER_PRINTF -DPRINTF_FLOAT_ENABLE=0 -D__MCUXPRESSO -D__USE_CMSIS -DDEBUG -I"C:\Users\Guido\Desktop\PORONGA MICROS\watafac2\ktnuro_sdcard_fatfs\board" -I"C:\Users\Guido\Desktop\PORONGA MICROS\watafac2\ktnuro_sdcard_fatfs\source" -I"C:\Users\Guido\Desktop\PORONGA MICROS\watafac2\ktnuro_sdcard_fatfs" -I"C:\Users\Guido\Desktop\PORONGA MICROS\watafac2\ktnuro_sdcard_fatfs\drivers" -I"C:\Users\Guido\Desktop\PORONGA MICROS\watafac2\ktnuro_sdcard_fatfs\device" -I"C:\Users\Guido\Desktop\PORONGA MICROS\watafac2\ktnuro_sdcard_fatfs\CMSIS" -I"C:\Users\Guido\Desktop\PORONGA MICROS\watafac2\ktnuro_sdcard_fatfs\sdmmc\inc" -I"C:\Users\Guido\Desktop\PORONGA MICROS\watafac2\ktnuro_sdcard_fatfs\sdmmc\host" -I"C:\Users\Guido\Desktop\PORONGA MICROS\watafac2\ktnuro_sdcard_fatfs\sdmmc\osa" -I"C:\Users\Guido\Desktop\PORONGA MICROS\watafac2\ktnuro_sdcard_fatfs\component\osa" -I"C:\Users\Guido\Desktop\PORONGA MICROS\watafac2\ktnuro_sdcard_fatfs\component\lists" -I"C:\Users\Guido\Desktop\PORONGA MICROS\watafac2\ktnuro_sdcard_fatfs\fatfs\source" -I"C:\Users\Guido\Desktop\PORONGA MICROS\watafac2\ktnuro_sdcard_fatfs\fatfs\source\fsl_ram_disk" -I"C:\Users\Guido\Desktop\PORONGA MICROS\watafac2\ktnuro_sdcard_fatfs\fatfs\source\fsl_sd_disk" -I"C:\Users\Guido\Desktop\PORONGA MICROS\watafac2\ktnuro_sdcard_fatfs\utilities" -I"C:\Users\Guido\Desktop\PORONGA MICROS\watafac2\ktnuro_sdcard_fatfs\component\serial_manager" -I"C:\Users\Guido\Desktop\PORONGA MICROS\watafac2\ktnuro_sdcard_fatfs\component\uart" -O0 -fno-common -g3 -Wall -c  -ffunction-sections  -fdata-sections  -ffreestanding  -fno-builtin -fmerge-constants -fmacro-prefix-map="../drivers/"=. -mcpu=cortex-m4 -mfpu=fpv4-sp-d16 -mfloat-abi=hard -mthumb -D__REDLIB__ -fstack-usage -specs=redlib.specs -MMD -MP -MF"drivers/fsl_ftfx_controller.d" -MT"drivers/fsl_ftfx_controller.o" -MT"drivers/fsl_ftfx_controller.d" -o "drivers/fsl_ftfx_controller.o" "../drivers/fsl_ftfx_controller.c"
arm-none-eabi-gcc -std=gnu99 -D__REDLIB__ -DCPU_MK64FN1M0VLL12 -DCPU_MK64FN1M0VLL12_cm4 -DFRDM_K64F -DFREEDOM -DSD_ENABLED -DSERIAL_PORT_TYPE_UART=1 -DSDK_DEBUGCONSOLE=0 -DCR_INTEGER_PRINTF -DPRINTF_FLOAT_ENABLE=0 -D__MCUXPRESSO -D__USE_CMSIS -DDEBUG -I"C:\Users\Guido\Desktop\PORONGA MICROS\watafac2\ktnuro_sdcard_fatfs\board" -I"C:\Users\Guido\Desktop\PORONGA MICROS\watafac2\ktnuro_sdcard_fatfs\source" -I"C:\Users\Guido\Desktop\PORONGA MICROS\watafac2\ktnuro_sdcard_fatfs" -I"C:\Users\Guido\Desktop\PORONGA MICROS\watafac2\ktnuro_sdcard_fatfs\drivers" -I"C:\Users\Guido\Desktop\PORONGA MICROS\watafac2\ktnuro_sdcard_fatfs\device" -I"C:\Users\Guido\Desktop\PORONGA MICROS\watafac2\ktnuro_sdcard_fatfs\CMSIS" -I"C:\Users\Guido\Desktop\PORONGA MICROS\watafac2\ktnuro_sdcard_fatfs\sdmmc\inc" -I"C:\Users\Guido\Desktop\PORONGA MICROS\watafac2\ktnuro_sdcard_fatfs\sdmmc\host" -I"C:\Users\Guido\Desktop\PORONGA MICROS\watafac2\ktnuro_sdcard_fatfs\sdmmc\osa" -I"C:\Users\Guido\Desktop\PORONGA MICROS\watafac2\ktnuro_sdcard_fatfs\component\osa" -I"C:\Users\Guido\Desktop\PORONGA MICROS\watafac2\ktnuro_sdcard_fatfs\component\lists" -I"C:\Users\Guido\Desktop\PORONGA MICROS\watafac2\ktnuro_sdcard_fatfs\fatfs\source" -I"C:\Users\Guido\Desktop\PORONGA MICROS\watafac2\ktnuro_sdcard_fatfs\fatfs\source\fsl_ram_disk" -I"C:\Users\Guido\Desktop\PORONGA MICROS\watafac2\ktnuro_sdcard_fatfs\fatfs\source\fsl_sd_disk" -I"C:\Users\Guido\Desktop\PORONGA MICROS\watafac2\ktnuro_sdcard_fatfs\utilities" -I"C:\Users\Guido\Desktop\PORONGA MICROS\watafac2\ktnuro_sdcard_fatfs\component\serial_manager" -I"C:\Users\Guido\Desktop\PORONGA MICROS\watafac2\ktnuro_sdcard_fatfs\component\uart" -O0 -fno-common -g3 -Wall -c  -ffunction-sections  -fdata-sections  -ffreestanding  -fno-builtin -fmerge-constants -fmacro-prefix-map="../drivers/"=. -mcpu=cortex-m4 -mfpu=fpv4-sp-d16 -mfloat-abi=hard -mthumb -D__REDLIB__ -fstack-usage -specs=redlib.specs -MMD -MP -MF"drivers/fsl_ftfx_cache.d" -MT"drivers/fsl_ftfx_cache.o" -MT"drivers/fsl_ftfx_cache.d" -o "drivers/fsl_ftfx_cache.o" "../drivers/fsl_ftfx_cache.c"
Finished building: ../drivers/fsl_clock.c
 
Building file: ../drivers/fsl_ftfx_flash.c
Finished building: ../drivers/fsl_common.c
Invoking: MCU C Compiler
 
arm-none-eabi-gcc -std=gnu99 -D__REDLIB__ -DCPU_MK64FN1M0VLL12 -DCPU_MK64FN1M0VLL12_cm4 -DFRDM_K64F -DFREEDOM -DSD_ENABLED -DSERIAL_PORT_TYPE_UART=1 -DSDK_DEBUGCONSOLE=0 -DCR_INTEGER_PRINTF -DPRINTF_FLOAT_ENABLE=0 -D__MCUXPRESSO -D__USE_CMSIS -DDEBUG -I"C:\Users\Guido\Desktop\PORONGA MICROS\watafac2\ktnuro_sdcard_fatfs\board" -I"C:\Users\Guido\Desktop\PORONGA MICROS\watafac2\ktnuro_sdcard_fatfs\source" -I"C:\Users\Guido\Desktop\PORONGA MICROS\watafac2\ktnuro_sdcard_fatfs" -I"C:\Users\Guido\Desktop\PORONGA MICROS\watafac2\ktnuro_sdcard_fatfs\drivers" -I"C:\Users\Guido\Desktop\PORONGA MICROS\watafac2\ktnuro_sdcard_fatfs\device" -I"C:\Users\Guido\Desktop\PORONGA MICROS\watafac2\ktnuro_sdcard_fatfs\CMSIS" -I"C:\Users\Guido\Desktop\PORONGA MICROS\watafac2\ktnuro_sdcard_fatfs\sdmmc\inc" -I"C:\Users\Guido\Desktop\PORONGA MICROS\watafac2\ktnuro_sdcard_fatfs\sdmmc\host" -I"C:\Users\Guido\Desktop\PORONGA MICROS\watafac2\ktnuro_sdcard_fatfs\sdmmc\osa" -I"C:\Users\Guido\Desktop\PORONGA MICROS\watafac2\ktnuro_sdcard_fatfs\component\osa" -I"C:\Users\Guido\Desktop\PORONGA MICROS\watafac2\ktnuro_sdcard_fatfs\component\lists" -I"C:\Users\Guido\Desktop\PORONGA MICROS\watafac2\ktnuro_sdcard_fatfs\fatfs\source" -I"C:\Users\Guido\Desktop\PORONGA MICROS\watafac2\ktnuro_sdcard_fatfs\fatfs\source\fsl_ram_disk" -I"C:\Users\Guido\Desktop\PORONGA MICROS\watafac2\ktnuro_sdcard_fatfs\fatfs\source\fsl_sd_disk" -I"C:\Users\Guido\Desktop\PORONGA MICROS\watafac2\ktnuro_sdcard_fatfs\utilities" -I"C:\Users\Guido\Desktop\PORONGA MICROS\watafac2\ktnuro_sdcard_fatfs\component\serial_manager" -I"C:\Users\Guido\Desktop\PORONGA MICROS\watafac2\ktnuro_sdcard_fatfs\component\uart" -O0 -fno-common -g3 -Wall -c  -ffunction-sections  -fdata-sections  -ffreestanding  -fno-builtin -fmerge-constants -fmacro-prefix-map="../drivers/"=. -mcpu=cortex-m4 -mfpu=fpv4-sp-d16 -mfloat-abi=hard -mthumb -D__REDLIB__ -fstack-usage -specs=redlib.specs -MMD -MP -MF"drivers/fsl_ftfx_flash.d" -MT"drivers/fsl_ftfx_flash.o" -MT"drivers/fsl_ftfx_flash.d" -o "drivers/fsl_ftfx_flash.o" "../drivers/fsl_ftfx_flash.c"
Building file: ../drivers/fsl_ftfx_flexnvm.c
Invoking: MCU C Compiler
arm-none-eabi-gcc -std=gnu99 -D__REDLIB__ -DCPU_MK64FN1M0VLL12 -DCPU_MK64FN1M0VLL12_cm4 -DFRDM_K64F -DFREEDOM -DSD_ENABLED -DSERIAL_PORT_TYPE_UART=1 -DSDK_DEBUGCONSOLE=0 -DCR_INTEGER_PRINTF -DPRINTF_FLOAT_ENABLE=0 -D__MCUXPRESSO -D__USE_CMSIS -DDEBUG -I"C:\Users\Guido\Desktop\PORONGA MICROS\watafac2\ktnuro_sdcard_fatfs\board" -I"C:\Users\Guido\Desktop\PORONGA MICROS\watafac2\ktnuro_sdcard_fatfs\source" -I"C:\Users\Guido\Desktop\PORONGA MICROS\watafac2\ktnuro_sdcard_fatfs" -I"C:\Users\Guido\Desktop\PORONGA MICROS\watafac2\ktnuro_sdcard_fatfs\drivers" -I"C:\Users\Guido\Desktop\PORONGA MICROS\watafac2\ktnuro_sdcard_fatfs\device" -I"C:\Users\Guido\Desktop\PORONGA MICROS\watafac2\ktnuro_sdcard_fatfs\CMSIS" -I"C:\Users\Guido\Desktop\PORONGA MICROS\watafac2\ktnuro_sdcard_fatfs\sdmmc\inc" -I"C:\Users\Guido\Desktop\PORONGA MICROS\watafac2\ktnuro_sdcard_fatfs\sdmmc\host" -I"C:\Users\Guido\Desktop\PORONGA MICROS\watafac2\ktnuro_sdcard_fatfs\sdmmc\osa" -I"C:\Users\Guido\Desktop\PORONGA MICROS\watafac2\ktnuro_sdcard_fatfs\component\osa" -I"C:\Users\Guido\Desktop\PORONGA MICROS\watafac2\ktnuro_sdcard_fatfs\component\lists" -I"C:\Users\Guido\Desktop\PORONGA MICROS\watafac2\ktnuro_sdcard_fatfs\fatfs\source" -I"C:\Users\Guido\Desktop\PORONGA MICROS\watafac2\ktnuro_sdcard_fatfs\fatfs\source\fsl_ram_disk" -I"C:\Users\Guido\Desktop\PORONGA MICROS\watafac2\ktnuro_sdcard_fatfs\fatfs\source\fsl_sd_disk" -I"C:\Users\Guido\Desktop\PORONGA MICROS\watafac2\ktnuro_sdcard_fatfs\utilities" -I"C:\Users\Guido\Desktop\PORONGA MICROS\watafac2\ktnuro_sdcard_fatfs\component\serial_manager" -I"C:\Users\Guido\Desktop\PORONGA MICROS\watafac2\ktnuro_sdcard_fatfs\component\uart" -O0 -fno-common -g3 -Wall -c  -ffunction-sections  -fdata-sections  -ffreestanding  -fno-builtin -fmerge-constants -fmacro-prefix-map="../drivers/"=. -mcpu=cortex-m4 -mfpu=fpv4-sp-d16 -mfloat-abi=hard -mthumb -D__REDLIB__ -fstack-usage -specs=redlib.specs -MMD -MP -MF"drivers/fsl_ftfx_flexnvm.d" -MT"drivers/fsl_ftfx_flexnvm.o" -MT"drivers/fsl_ftfx_flexnvm.d" -o "drivers/fsl_ftfx_flexnvm.o" "../drivers/fsl_ftfx_flexnvm.c"
Finished building: ../drivers/fsl_ftfx_cache.c
Finished building: ../drivers/fsl_ftfx_flexnvm.c
 
Finished building: ../drivers/fsl_ftfx_controller.c
 
 
Building file: ../drivers/fsl_gpio.c
Finished building: ../drivers/fsl_ftfx_flash.c
Building file: ../drivers/fsl_sdhc.c
Invoking: MCU C Compiler
 
Building file: ../drivers/fsl_smc.c
Invoking: MCU C Compiler
arm-none-eabi-gcc -std=gnu99 -D__REDLIB__ -DCPU_MK64FN1M0VLL12 -DCPU_MK64FN1M0VLL12_cm4 -DFRDM_K64F -DFREEDOM -DSD_ENABLED -DSERIAL_PORT_TYPE_UART=1 -DSDK_DEBUGCONSOLE=0 -DCR_INTEGER_PRINTF -DPRINTF_FLOAT_ENABLE=0 -D__MCUXPRESSO -D__USE_CMSIS -DDEBUG -I"C:\Users\Guido\Desktop\PORONGA MICROS\watafac2\ktnuro_sdcard_fatfs\board" -I"C:\Users\Guido\Desktop\PORONGA MICROS\watafac2\ktnuro_sdcard_fatfs\source" -I"C:\Users\Guido\Desktop\PORONGA MICROS\watafac2\ktnuro_sdcard_fatfs" -I"C:\Users\Guido\Desktop\PORONGA MICROS\watafac2\ktnuro_sdcard_fatfs\drivers" -I"C:\Users\Guido\Desktop\PORONGA MICROS\watafac2\ktnuro_sdcard_fatfs\device" -I"C:\Users\Guido\Desktop\PORONGA MICROS\watafac2\ktnuro_sdcard_fatfs\CMSIS" -I"C:\Users\Guido\Desktop\PORONGA MICROS\watafac2\ktnuro_sdcard_fatfs\sdmmc\inc" -I"C:\Users\Guido\Desktop\PORONGA MICROS\watafac2\ktnuro_sdcard_fatfs\sdmmc\host" -I"C:\Users\Guido\Desktop\PORONGA MICROS\watafac2\ktnuro_sdcard_fatfs\sdmmc\osa" -I"C:\Users\Guido\Desktop\PORONGA MICROS\watafac2\ktnuro_sdcard_fatfs\component\osa" -I"C:\Users\Guido\Desktop\PORONGA MICROS\watafac2\ktnuro_sdcard_fatfs\component\lists" -I"C:\Users\Guido\Desktop\PORONGA MICROS\watafac2\ktnuro_sdcard_fatfs\fatfs\source" -I"C:\Users\Guido\Desktop\PORONGA MICROS\watafac2\ktnuro_sdcard_fatfs\fatfs\source\fsl_ram_disk" -I"C:\Users\Guido\Desktop\PORONGA MICROS\watafac2\ktnuro_sdcard_fatfs\fatfs\source\fsl_sd_disk" -I"C:\Users\Guido\Desktop\PORONGA MICROS\watafac2\ktnuro_sdcard_fatfs\utilities" -I"C:\Users\Guido\Desktop\PORONGA MICROS\watafac2\ktnuro_sdcard_fatfs\component\serial_manager" -I"C:\Users\Guido\Desktop\PORONGA MICROS\watafac2\ktnuro_sdcard_fatfs\component\uart" -O0 -fno-common -g3 -Wall -c  -ffunction-sections  -fdata-sections  -ffreestanding  -fno-builtin -fmerge-constants -fmacro-prefix-map="../drivers/"=. -mcpu=cortex-m4 -mfpu=fpv4-sp-d16 -mfloat-abi=hard -mthumb -D__REDLIB__ -fstack-usage -specs=redlib.specs -MMD -MP -MF"drivers/fsl_gpio.d" -MT"drivers/fsl_gpio.o" -MT"drivers/fsl_gpio.d" -o "drivers/fsl_gpio.o" "../drivers/fsl_gpio.c"
arm-none-eabi-gcc -std=gnu99 -D__REDLIB__ -DCPU_MK64FN1M0VLL12 -DCPU_MK64FN1M0VLL12_cm4 -DFRDM_K64F -DFREEDOM -DSD_ENABLED -DSERIAL_PORT_TYPE_UART=1 -DSDK_DEBUGCONSOLE=0 -DCR_INTEGER_PRINTF -DPRINTF_FLOAT_ENABLE=0 -D__MCUXPRESSO -D__USE_CMSIS -DDEBUG -I"C:\Users\Guido\Desktop\PORONGA MICROS\watafac2\ktnuro_sdcard_fatfs\board" -I"C:\Users\Guido\Desktop\PORONGA MICROS\watafac2\ktnuro_sdcard_fatfs\source" -I"C:\Users\Guido\Desktop\PORONGA MICROS\watafac2\ktnuro_sdcard_fatfs" -I"C:\Users\Guido\Desktop\PORONGA MICROS\watafac2\ktnuro_sdcard_fatfs\drivers" -I"C:\Users\Guido\Desktop\PORONGA MICROS\watafac2\ktnuro_sdcard_fatfs\device" -I"C:\Users\Guido\Desktop\PORONGA MICROS\watafac2\ktnuro_sdcard_fatfs\CMSIS" -I"C:\Users\Guido\Desktop\PORONGA MICROS\watafac2\ktnuro_sdcard_fatfs\sdmmc\inc" -I"C:\Users\Guido\Desktop\PORONGA MICROS\watafac2\ktnuro_sdcard_fatfs\sdmmc\host" -I"C:\Users\Guido\Desktop\PORONGA MICROS\watafac2\ktnuro_sdcard_fatfs\sdmmc\osa" -I"C:\Users\Guido\Desktop\PORONGA MICROS\watafac2\ktnuro_sdcard_fatfs\component\osa" -I"C:\Users\Guido\Desktop\PORONGA MICROS\watafac2\ktnuro_sdcard_fatfs\component\lists" -I"C:\Users\Guido\Desktop\PORONGA MICROS\watafac2\ktnuro_sdcard_fatfs\fatfs\source" -I"C:\Users\Guido\Desktop\PORONGA MICROS\watafac2\ktnuro_sdcard_fatfs\fatfs\source\fsl_ram_disk" -I"C:\Users\Guido\Desktop\PORONGA MICROS\watafac2\ktnuro_sdcard_fatfs\fatfs\source\fsl_sd_disk" -I"C:\Users\Guido\Desktop\PORONGA MICROS\watafac2\ktnuro_sdcard_fatfs\utilities" -I"C:\Users\Guido\Desktop\PORONGA MICROS\watafac2\ktnuro_sdcard_fatfs\component\serial_manager" -I"C:\Users\Guido\Desktop\PORONGA MICROS\watafac2\ktnuro_sdcard_fatfs\component\uart" -O0 -fno-common -g3 -Wall -c  -ffunction-sections  -fdata-sections  -ffreestanding  -fno-builtin -fmerge-constants -fmacro-prefix-map="../drivers/"=. -mcpu=cortex-m4 -mfpu=fpv4-sp-d16 -mfloat-abi=hard -mthumb -D__REDLIB__ -fstack-usage -specs=redlib.specs -MMD -MP -MF"drivers/fsl_sdhc.d" -MT"drivers/fsl_sdhc.o" -MT"drivers/fsl_sdhc.d" -o "drivers/fsl_sdhc.o" "../drivers/fsl_sdhc.c"
Building file: ../drivers/fsl_sysmpu.c
Invoking: MCU C Compiler
arm-none-eabi-gcc -std=gnu99 -D__REDLIB__ -DCPU_MK64FN1M0VLL12 -DCPU_MK64FN1M0VLL12_cm4 -DFRDM_K64F -DFREEDOM -DSD_ENABLED -DSERIAL_PORT_TYPE_UART=1 -DSDK_DEBUGCONSOLE=0 -DCR_INTEGER_PRINTF -DPRINTF_FLOAT_ENABLE=0 -D__MCUXPRESSO -D__USE_CMSIS -DDEBUG -I"C:\Users\Guido\Desktop\PORONGA MICROS\watafac2\ktnuro_sdcard_fatfs\board" -I"C:\Users\Guido\Desktop\PORONGA MICROS\watafac2\ktnuro_sdcard_fatfs\source" -I"C:\Users\Guido\Desktop\PORONGA MICROS\watafac2\ktnuro_sdcard_fatfs" -I"C:\Users\Guido\Desktop\PORONGA MICROS\watafac2\ktnuro_sdcard_fatfs\drivers" -I"C:\Users\Guido\Desktop\PORONGA MICROS\watafac2\ktnuro_sdcard_fatfs\device" -I"C:\Users\Guido\Desktop\PORONGA MICROS\watafac2\ktnuro_sdcard_fatfs\CMSIS" -I"C:\Users\Guido\Desktop\PORONGA MICROS\watafac2\ktnuro_sdcard_fatfs\sdmmc\inc" -I"C:\Users\Guido\Desktop\PORONGA MICROS\watafac2\ktnuro_sdcard_fatfs\sdmmc\host" -I"C:\Users\Guido\Desktop\PORONGA MICROS\watafac2\ktnuro_sdcard_fatfs\sdmmc\osa" -I"C:\Users\Guido\Desktop\PORONGA MICROS\watafac2\ktnuro_sdcard_fatfs\component\osa" -I"C:\Users\Guido\Desktop\PORONGA MICROS\watafac2\ktnuro_sdcard_fatfs\component\lists" -I"C:\Users\Guido\Desktop\PORONGA MICROS\watafac2\ktnuro_sdcard_fatfs\fatfs\source" -I"C:\Users\Guido\Desktop\PORONGA MICROS\watafac2\ktnuro_sdcard_fatfs\fatfs\source\fsl_ram_disk" -I"C:\Users\Guido\Desktop\PORONGA MICROS\watafac2\ktnuro_sdcard_fatfs\fatfs\source\fsl_sd_disk" -I"C:\Users\Guido\Desktop\PORONGA MICROS\watafac2\ktnuro_sdcard_fatfs\utilities" -I"C:\Users\Guido\Desktop\PORONGA MICROS\watafac2\ktnuro_sdcard_fatfs\component\serial_manager" -I"C:\Users\Guido\Desktop\PORONGA MICROS\watafac2\ktnuro_sdcard_fatfs\component\uart" -O0 -fno-common -g3 -Wall -c  -ffunction-sections  -fdata-sections  -ffreestanding  -fno-builtin -fmerge-constants -fmacro-prefix-map="../drivers/"=. -mcpu=cortex-m4 -mfpu=fpv4-sp-d16 -mfloat-abi=hard -mthumb -D__REDLIB__ -fstack-usage -specs=redlib.specs -MMD -MP -MF"drivers/fsl_smc.d" -MT"drivers/fsl_smc.o" -MT"drivers/fsl_smc.d" -o "drivers/fsl_smc.o" "../drivers/fsl_smc.c"
Invoking: MCU C Compiler
arm-none-eabi-gcc -std=gnu99 -D__REDLIB__ -DCPU_MK64FN1M0VLL12 -DCPU_MK64FN1M0VLL12_cm4 -DFRDM_K64F -DFREEDOM -DSD_ENABLED -DSERIAL_PORT_TYPE_UART=1 -DSDK_DEBUGCONSOLE=0 -DCR_INTEGER_PRINTF -DPRINTF_FLOAT_ENABLE=0 -D__MCUXPRESSO -D__USE_CMSIS -DDEBUG -I"C:\Users\Guido\Desktop\PORONGA MICROS\watafac2\ktnuro_sdcard_fatfs\board" -I"C:\Users\Guido\Desktop\PORONGA MICROS\watafac2\ktnuro_sdcard_fatfs\source" -I"C:\Users\Guido\Desktop\PORONGA MICROS\watafac2\ktnuro_sdcard_fatfs" -I"C:\Users\Guido\Desktop\PORONGA MICROS\watafac2\ktnuro_sdcard_fatfs\drivers" -I"C:\Users\Guido\Desktop\PORONGA MICROS\watafac2\ktnuro_sdcard_fatfs\device" -I"C:\Users\Guido\Desktop\PORONGA MICROS\watafac2\ktnuro_sdcard_fatfs\CMSIS" -I"C:\Users\Guido\Desktop\PORONGA MICROS\watafac2\ktnuro_sdcard_fatfs\sdmmc\inc" -I"C:\Users\Guido\Desktop\PORONGA MICROS\watafac2\ktnuro_sdcard_fatfs\sdmmc\host" -I"C:\Users\Guido\Desktop\PORONGA MICROS\watafac2\ktnuro_sdcard_fatfs\sdmmc\osa" -I"C:\Users\Guido\Desktop\PORONGA MICROS\watafac2\ktnuro_sdcard_fatfs\component\osa" -I"C:\Users\Guido\Desktop\PORONGA MICROS\watafac2\ktnuro_sdcard_fatfs\component\lists" -I"C:\Users\Guido\Desktop\PORONGA MICROS\watafac2\ktnuro_sdcard_fatfs\fatfs\source" -I"C:\Users\Guido\Desktop\PORONGA MICROS\watafac2\ktnuro_sdcard_fatfs\fatfs\source\fsl_ram_disk" -I"C:\Users\Guido\Desktop\PORONGA MICROS\watafac2\ktnuro_sdcard_fatfs\fatfs\source\fsl_sd_disk" -I"C:\Users\Guido\Desktop\PORONGA MICROS\watafac2\ktnuro_sdcard_fatfs\utilities" -I"C:\Users\Guido\Desktop\PORONGA MICROS\watafac2\ktnuro_sdcard_fatfs\component\serial_manager" -I"C:\Users\Guido\Desktop\PORONGA MICROS\watafac2\ktnuro_sdcard_fatfs\component\uart" -O0 -fno-common -g3 -Wall -c  -ffunction-sections  -fdata-sections  -ffreestanding  -fno-builtin -fmerge-constants -fmacro-prefix-map="../drivers/"=. -mcpu=cortex-m4 -mfpu=fpv4-sp-d16 -mfloat-abi=hard -mthumb -D__REDLIB__ -fstack-usage -specs=redlib.specs -MMD -MP -MF"drivers/fsl_sysmpu.d" -MT"drivers/fsl_sysmpu.o" -MT"drivers/fsl_sysmpu.d" -o "drivers/fsl_sysmpu.o" "../drivers/fsl_sysmpu.c"
Finished building: ../drivers/fsl_gpio.c
 
Finished building: ../drivers/fsl_smc.c
Building file: ../drivers/fsl_uart.c
 
Invoking: MCU C Compiler
arm-none-eabi-gcc -std=gnu99 -D__REDLIB__ -DCPU_MK64FN1M0VLL12 -DCPU_MK64FN1M0VLL12_cm4 -DFRDM_K64F -DFREEDOM -DSD_ENABLED -DSERIAL_PORT_TYPE_UART=1 -DSDK_DEBUGCONSOLE=0 -DCR_INTEGER_PRINTF -DPRINTF_FLOAT_ENABLE=0 -D__MCUXPRESSO -D__USE_CMSIS -DDEBUG -I"C:\Users\Guido\Desktop\PORONGA MICROS\watafac2\ktnuro_sdcard_fatfs\board" -I"C:\Users\Guido\Desktop\PORONGA MICROS\watafac2\ktnuro_sdcard_fatfs\source" -I"C:\Users\Guido\Desktop\PORONGA MICROS\watafac2\ktnuro_sdcard_fatfs" -I"C:\Users\Guido\Desktop\PORONGA MICROS\watafac2\ktnuro_sdcard_fatfs\drivers" -I"C:\Users\Guido\Desktop\PORONGA MICROS\watafac2\ktnuro_sdcard_fatfs\device" -I"C:\Users\Guido\Desktop\PORONGA MICROS\watafac2\ktnuro_sdcard_fatfs\CMSIS" -I"C:\Users\Guido\Desktop\PORONGA MICROS\watafac2\ktnuro_sdcard_fatfs\sdmmc\inc" -I"C:\Users\Guido\Desktop\PORONGA MICROS\watafac2\ktnuro_sdcard_fatfs\sdmmc\host" -I"C:\Users\Guido\Desktop\PORONGA MICROS\watafac2\ktnuro_sdcard_fatfs\sdmmc\osa" -I"C:\Users\Guido\Desktop\PORONGA MICROS\watafac2\ktnuro_sdcard_fatfs\component\osa" -I"C:\Users\Guido\Desktop\PORONGA MICROS\watafac2\ktnuro_sdcard_fatfs\component\lists" -I"C:\Users\Guido\Desktop\PORONGA MICROS\watafac2\ktnuro_sdcard_fatfs\fatfs\source" -I"C:\Users\Guido\Desktop\PORONGA MICROS\watafac2\ktnuro_sdcard_fatfs\fatfs\source\fsl_ram_disk" -I"C:\Users\Guido\Desktop\PORONGA MICROS\watafac2\ktnuro_sdcard_fatfs\fatfs\source\fsl_sd_disk" -I"C:\Users\Guido\Desktop\PORONGA MICROS\watafac2\ktnuro_sdcard_fatfs\utilities" -I"C:\Users\Guido\Desktop\PORONGA MICROS\watafac2\ktnuro_sdcard_fatfs\component\serial_manager" -I"C:\Users\Guido\Desktop\PORONGA MICROS\watafac2\ktnuro_sdcard_fatfs\component\uart" -O0 -fno-common -g3 -Wall -c  -ffunction-sections  -fdata-sections  -ffreestanding  -fno-builtin -fmerge-constants -fmacro-prefix-map="../drivers/"=. -mcpu=cortex-m4 -mfpu=fpv4-sp-d16 -mfloat-abi=hard -mthumb -D__REDLIB__ -fstack-usage -specs=redlib.specs -MMD -MP -MF"drivers/fsl_uart.d" -MT"drivers/fsl_uart.o" -MT"drivers/fsl_uart.d" -o "drivers/fsl_uart.o" "../drivers/fsl_uart.c"
Building file: ../device/system_MK64F12.c
Finished building: ../drivers/fsl_sdhc.c
Finished building: ../drivers/fsl_sysmpu.c
Invoking: MCU C Compiler
arm-none-eabi-gcc -std=gnu99 -D__REDLIB__ -DCPU_MK64FN1M0VLL12 -DCPU_MK64FN1M0VLL12_cm4 -DFRDM_K64F -DFREEDOM -DSD_ENABLED -DSERIAL_PORT_TYPE_UART=1 -DSDK_DEBUGCONSOLE=0 -DCR_INTEGER_PRINTF -DPRINTF_FLOAT_ENABLE=0 -D__MCUXPRESSO -D__USE_CMSIS -DDEBUG -I"C:\Users\Guido\Desktop\PORONGA MICROS\watafac2\ktnuro_sdcard_fatfs\board" -I"C:\Users\Guido\Desktop\PORONGA MICROS\watafac2\ktnuro_sdcard_fatfs\source" -I"C:\Users\Guido\Desktop\PORONGA MICROS\watafac2\ktnuro_sdcard_fatfs" -I"C:\Users\Guido\Desktop\PORONGA MICROS\watafac2\ktnuro_sdcard_fatfs\drivers" -I"C:\Users\Guido\Desktop\PORONGA MICROS\watafac2\ktnuro_sdcard_fatfs\device" -I"C:\Users\Guido\Desktop\PORONGA MICROS\watafac2\ktnuro_sdcard_fatfs\CMSIS" -I"C:\Users\Guido\Desktop\PORONGA MICROS\watafac2\ktnuro_sdcard_fatfs\sdmmc\inc" -I"C:\Users\Guido\Desktop\PORONGA MICROS\watafac2\ktnuro_sdcard_fatfs\sdmmc\host" -I"C:\Users\Guido\Desktop\PORONGA MICROS\watafac2\ktnuro_sdcard_fatfs\sdmmc\osa" -I"C:\Users\Guido\Desktop\PORONGA MICROS\watafac2\ktnuro_sdcard_fatfs\component\osa" -I"C:\Users\Guido\Desktop\PORONGA MICROS\watafac2\ktnuro_sdcard_fatfs\component\lists" -I"C:\Users\Guido\Desktop\PORONGA MICROS\watafac2\ktnuro_sdcard_fatfs\fatfs\source" -I"C:\Users\Guido\Desktop\PORONGA MICROS\watafac2\ktnuro_sdcard_fatfs\fatfs\source\fsl_ram_disk" -I"C:\Users\Guido\Desktop\PORONGA MICROS\watafac2\ktnuro_sdcard_fatfs\fatfs\source\fsl_sd_disk" -I"C:\Users\Guido\Desktop\PORONGA MICROS\watafac2\ktnuro_sdcard_fatfs\utilities" -I"C:\Users\Guido\Desktop\PORONGA MICROS\watafac2\ktnuro_sdcard_fatfs\component\serial_manager" -I"C:\Users\Guido\Desktop\PORONGA MICROS\watafac2\ktnuro_sdcard_fatfs\component\uart" -O0 -fno-common -g3 -Wall -c  -ffunction-sections  -fdata-sections  -ffreestanding  -fno-builtin -fmerge-constants -fmacro-prefix-map="../device/"=. -mcpu=cortex-m4 -mfpu=fpv4-sp-d16 -mfloat-abi=hard -mthumb -D__REDLIB__ -fstack-usage -specs=redlib.specs -MMD -MP -MF"device/system_MK64F12.d" -MT"device/system_MK64F12.o" -MT"device/system_MK64F12.d" -o "device/system_MK64F12.o" "../device/system_MK64F12.c"
 
 
Building file: ../component/uart/uart_adapter.c
Building file: ../component/serial_manager/serial_manager.c
Invoking: MCU C Compiler
arm-none-eabi-gcc -std=gnu99 -D__REDLIB__ -DCPU_MK64FN1M0VLL12 -DCPU_MK64FN1M0VLL12_cm4 -DFRDM_K64F -DFREEDOM -DSD_ENABLED -DSERIAL_PORT_TYPE_UART=1 -DSDK_DEBUGCONSOLE=0 -DCR_INTEGER_PRINTF -DPRINTF_FLOAT_ENABLE=0 -D__MCUXPRESSO -D__USE_CMSIS -DDEBUG -I"C:\Users\Guido\Desktop\PORONGA MICROS\watafac2\ktnuro_sdcard_fatfs\board" -I"C:\Users\Guido\Desktop\PORONGA MICROS\watafac2\ktnuro_sdcard_fatfs\source" -I"C:\Users\Guido\Desktop\PORONGA MICROS\watafac2\ktnuro_sdcard_fatfs" -I"C:\Users\Guido\Desktop\PORONGA MICROS\watafac2\ktnuro_sdcard_fatfs\drivers" -I"C:\Users\Guido\Desktop\PORONGA MICROS\watafac2\ktnuro_sdcard_fatfs\device" -I"C:\Users\Guido\Desktop\PORONGA MICROS\watafac2\ktnuro_sdcard_fatfs\CMSIS" -I"C:\Users\Guido\Desktop\PORONGA MICROS\watafac2\ktnuro_sdcard_fatfs\sdmmc\inc" -I"C:\Users\Guido\Desktop\PORONGA MICROS\watafac2\ktnuro_sdcard_fatfs\sdmmc\host" -I"C:\Users\Guido\Desktop\PORONGA MICROS\watafac2\ktnuro_sdcard_fatfs\sdmmc\osa" -I"C:\Users\Guido\Desktop\PORONGA MICROS\watafac2\ktnuro_sdcard_fatfs\component\osa" -I"C:\Users\Guido\Desktop\PORONGA MICROS\watafac2\ktnuro_sdcard_fatfs\component\lists" -I"C:\Users\Guido\Desktop\PORONGA MICROS\watafac2\ktnuro_sdcard_fatfs\fatfs\source" -I"C:\Users\Guido\Desktop\PORONGA MICROS\watafac2\ktnuro_sdcard_fatfs\fatfs\source\fsl_ram_disk" -I"C:\Users\Guido\Desktop\PORONGA MICROS\watafac2\ktnuro_sdcard_fatfs\fatfs\source\fsl_sd_disk" -I"C:\Users\Guido\Desktop\PORONGA MICROS\watafac2\ktnuro_sdcard_fatfs\utilities" -I"C:\Users\Guido\Desktop\PORONGA MICROS\watafac2\ktnuro_sdcard_fatfs\component\serial_manager" -I"C:\Users\Guido\Desktop\PORONGA MICROS\watafac2\ktnuro_sdcard_fatfs\component\uart" -O0 -fno-common -g3 -Wall -c  -ffunction-sections  -fdata-sections  -ffreestanding  -fno-builtin -fmerge-constants -fmacro-prefix-map="../component/uart/"=. -mcpu=cortex-m4 -mfpu=fpv4-sp-d16 -mfloat-abi=hard -mthumb -D__REDLIB__ -fstack-usage -specs=redlib.specs -MMD -MP -MF"component/uart/uart_adapter.d" -MT"component/uart/uart_adapter.o" -MT"component/uart/uart_adapter.d" -o "component/uart/uart_adapter.o" "../component/uart/uart_adapter.c"
Invoking: MCU C Compiler
arm-none-eabi-gcc -std=gnu99 -D__REDLIB__ -DCPU_MK64FN1M0VLL12 -DCPU_MK64FN1M0VLL12_cm4 -DFRDM_K64F -DFREEDOM -DSD_ENABLED -DSERIAL_PORT_TYPE_UART=1 -DSDK_DEBUGCONSOLE=0 -DCR_INTEGER_PRINTF -DPRINTF_FLOAT_ENABLE=0 -D__MCUXPRESSO -D__USE_CMSIS -DDEBUG -I"C:\Users\Guido\Desktop\PORONGA MICROS\watafac2\ktnuro_sdcard_fatfs\board" -I"C:\Users\Guido\Desktop\PORONGA MICROS\watafac2\ktnuro_sdcard_fatfs\source" -I"C:\Users\Guido\Desktop\PORONGA MICROS\watafac2\ktnuro_sdcard_fatfs" -I"C:\Users\Guido\Desktop\PORONGA MICROS\watafac2\ktnuro_sdcard_fatfs\drivers" -I"C:\Users\Guido\Desktop\PORONGA MICROS\watafac2\ktnuro_sdcard_fatfs\device" -I"C:\Users\Guido\Desktop\PORONGA MICROS\watafac2\ktnuro_sdcard_fatfs\CMSIS" -I"C:\Users\Guido\Desktop\PORONGA MICROS\watafac2\ktnuro_sdcard_fatfs\sdmmc\inc" -I"C:\Users\Guido\Desktop\PORONGA MICROS\watafac2\ktnuro_sdcard_fatfs\sdmmc\host" -I"C:\Users\Guido\Desktop\PORONGA MICROS\watafac2\ktnuro_sdcard_fatfs\sdmmc\osa" -I"C:\Users\Guido\Desktop\PORONGA MICROS\watafac2\ktnuro_sdcard_fatfs\component\osa" -I"C:\Users\Guido\Desktop\PORONGA MICROS\watafac2\ktnuro_sdcard_fatfs\component\lists" -I"C:\Users\Guido\Desktop\PORONGA MICROS\watafac2\ktnuro_sdcard_fatfs\fatfs\source" -I"C:\Users\Guido\Desktop\PORONGA MICROS\watafac2\ktnuro_sdcard_fatfs\fatfs\source\fsl_ram_disk" -I"C:\Users\Guido\Desktop\PORONGA MICROS\watafac2\ktnuro_sdcard_fatfs\fatfs\source\fsl_sd_disk" -I"C:\Users\Guido\Desktop\PORONGA MICROS\watafac2\ktnuro_sdcard_fatfs\utilities" -I"C:\Users\Guido\Desktop\PORONGA MICROS\watafac2\ktnuro_sdcard_fatfs\component\serial_manager" -I"C:\Users\Guido\Desktop\PORONGA MICROS\watafac2\ktnuro_sdcard_fatfs\component\uart" -O0 -fno-common -g3 -Wall -c  -ffunction-sections  -fdata-sections  -ffreestanding  -fno-builtin -fmerge-constants -fmacro-prefix-map="../component/serial_manager/"=. -mcpu=cortex-m4 -mfpu=fpv4-sp-d16 -mfloat-abi=hard -mthumb -D__REDLIB__ -fstack-usage -specs=redlib.specs -MMD -MP -MF"component/serial_manager/serial_manager.d" -MT"component/serial_manager/serial_manager.o" -MT"component/serial_manager/serial_manager.d" -o "component/serial_manager/serial_manager.o" "../component/serial_manager/serial_manager.c"
Finished building: ../device/system_MK64F12.c
 
Building file: ../component/serial_manager/serial_port_uart.c
Invoking: MCU C Compiler
arm-none-eabi-gcc -std=gnu99 -D__REDLIB__ -DCPU_MK64FN1M0VLL12 -DCPU_MK64FN1M0VLL12_cm4 -DFRDM_K64F -DFREEDOM -DSD_ENABLED -DSERIAL_PORT_TYPE_UART=1 -DSDK_DEBUGCONSOLE=0 -DCR_INTEGER_PRINTF -DPRINTF_FLOAT_ENABLE=0 -D__MCUXPRESSO -D__USE_CMSIS -DDEBUG -I"C:\Users\Guido\Desktop\PORONGA MICROS\watafac2\ktnuro_sdcard_fatfs\board" -I"C:\Users\Guido\Desktop\PORONGA MICROS\watafac2\ktnuro_sdcard_fatfs\source" -I"C:\Users\Guido\Desktop\PORONGA MICROS\watafac2\ktnuro_sdcard_fatfs" -I"C:\Users\Guido\Desktop\PORONGA MICROS\watafac2\ktnuro_sdcard_fatfs\drivers" -I"C:\Users\Guido\Desktop\PORONGA MICROS\watafac2\ktnuro_sdcard_fatfs\device" -I"C:\Users\Guido\Desktop\PORONGA MICROS\watafac2\ktnuro_sdcard_fatfs\CMSIS" -I"C:\Users\Guido\Desktop\PORONGA MICROS\watafac2\ktnuro_sdcard_fatfs\sdmmc\inc" -I"C:\Users\Guido\Desktop\PORONGA MICROS\watafac2\ktnuro_sdcard_fatfs\sdmmc\host" -I"C:\Users\Guido\Desktop\PORONGA MICROS\watafac2\ktnuro_sdcard_fatfs\sdmmc\osa" -I"C:\Users\Guido\Desktop\PORONGA MICROS\watafac2\ktnuro_sdcard_fatfs\component\osa" -I"C:\Users\Guido\Desktop\PORONGA MICROS\watafac2\ktnuro_sdcard_fatfs\component\lists" -I"C:\Users\Guido\Desktop\PORONGA MICROS\watafac2\ktnuro_sdcard_fatfs\fatfs\source" -I"C:\Users\Guido\Desktop\PORONGA MICROS\watafac2\ktnuro_sdcard_fatfs\fatfs\source\fsl_ram_disk" -I"C:\Users\Guido\Desktop\PORONGA MICROS\watafac2\ktnuro_sdcard_fatfs\fatfs\source\fsl_sd_disk" -I"C:\Users\Guido\Desktop\PORONGA MICROS\watafac2\ktnuro_sdcard_fatfs\utilities" -I"C:\Users\Guido\Desktop\PORONGA MICROS\watafac2\ktnuro_sdcard_fatfs\component\serial_manager" -I"C:\Users\Guido\Desktop\PORONGA MICROS\watafac2\ktnuro_sdcard_fatfs\component\uart" -O0 -fno-common -g3 -Wall -c  -ffunction-sections  -fdata-sections  -ffreestanding  -fno-builtin -fmerge-constants -fmacro-prefix-map="../component/serial_manager/"=. -mcpu=cortex-m4 -mfpu=fpv4-sp-d16 -mfloat-abi=hard -mthumb -D__REDLIB__ -fstack-usage -specs=redlib.specs -MMD -MP -MF"component/serial_manager/serial_port_uart.d" -MT"component/serial_manager/serial_port_uart.o" -MT"component/serial_manager/serial_port_uart.d" -o "component/serial_manager/serial_port_uart.o" "../component/serial_manager/serial_port_uart.c"
Finished building: ../component/uart/uart_adapter.c
Finished building: ../drivers/fsl_uart.c
Finished building: ../component/serial_manager/serial_manager.c
 
 
 
Building file: ../board/board.c
Building file: ../component/lists/generic_list.c
Building file: ../component/osa/fsl_os_abstraction_bm.c
Invoking: MCU C Compiler
Invoking: MCU C Compiler
Invoking: MCU C Compiler
arm-none-eabi-gcc -std=gnu99 -D__REDLIB__ -DCPU_MK64FN1M0VLL12 -DCPU_MK64FN1M0VLL12_cm4 -DFRDM_K64F -DFREEDOM -DSD_ENABLED -DSERIAL_PORT_TYPE_UART=1 -DSDK_DEBUGCONSOLE=0 -DCR_INTEGER_PRINTF -DPRINTF_FLOAT_ENABLE=0 -D__MCUXPRESSO -D__USE_CMSIS -DDEBUG -I"C:\Users\Guido\Desktop\PORONGA MICROS\watafac2\ktnuro_sdcard_fatfs\board" -I"C:\Users\Guido\Desktop\PORONGA MICROS\watafac2\ktnuro_sdcard_fatfs\source" -I"C:\Users\Guido\Desktop\PORONGA MICROS\watafac2\ktnuro_sdcard_fatfs" -I"C:\Users\Guido\Desktop\PORONGA MICROS\watafac2\ktnuro_sdcard_fatfs\drivers" -I"C:\Users\Guido\Desktop\PORONGA MICROS\watafac2\ktnuro_sdcard_fatfs\device" -I"C:\Users\Guido\Desktop\PORONGA MICROS\watafac2\ktnuro_sdcard_fatfs\CMSIS" -I"C:\Users\Guido\Desktop\PORONGA MICROS\watafac2\ktnuro_sdcard_fatfs\sdmmc\inc" -I"C:\Users\Guido\Desktop\PORONGA MICROS\watafac2\ktnuro_sdcard_fatfs\sdmmc\host" -I"C:\Users\Guido\Desktop\PORONGA MICROS\watafac2\ktnuro_sdcard_fatfs\sdmmc\osa" -I"C:\Users\Guido\Desktop\PORONGA MICROS\watafac2\ktnuro_sdcard_fatfs\component\osa" -I"C:\Users\Guido\Desktop\PORONGA MICROS\watafac2\ktnuro_sdcard_fatfs\component\lists" -I"C:\Users\Guido\Desktop\PORONGA MICROS\watafac2\ktnuro_sdcard_fatfs\fatfs\source" -I"C:\Users\Guido\Desktop\PORONGA MICROS\watafac2\ktnuro_sdcard_fatfs\fatfs\source\fsl_ram_disk" -I"C:\Users\Guido\Desktop\PORONGA MICROS\watafac2\ktnuro_sdcard_fatfs\fatfs\source\fsl_sd_disk" -I"C:\Users\Guido\Desktop\PORONGA MICROS\watafac2\ktnuro_sdcard_fatfs\utilities" -I"C:\Users\Guido\Desktop\PORONGA MICROS\watafac2\ktnuro_sdcard_fatfs\component\serial_manager" -I"C:\Users\Guido\Desktop\PORONGA MICROS\watafac2\ktnuro_sdcard_fatfs\component\uart" -O0 -fno-common -g3 -Wall -c  -ffunction-sections  -fdata-sections  -ffreestanding  -fno-builtin -fmerge-constants -fmacro-prefix-map="../component/osa/"=. -mcpu=cortex-m4 -mfpu=fpv4-sp-d16 -mfloat-abi=hard -mthumb -D__REDLIB__ -fstack-usage -specs=redlib.specs -MMD -MP -MF"component/osa/fsl_os_abstraction_bm.d" -MT"component/osa/fsl_os_abstraction_bm.o" -MT"component/osa/fsl_os_abstraction_bm.d" -o "component/osa/fsl_os_abstraction_bm.o" "../component/osa/fsl_os_abstraction_bm.c"
arm-none-eabi-gcc -std=gnu99 -D__REDLIB__ -DCPU_MK64FN1M0VLL12 -DCPU_MK64FN1M0VLL12_cm4 -DFRDM_K64F -DFREEDOM -DSD_ENABLED -DSERIAL_PORT_TYPE_UART=1 -DSDK_DEBUGCONSOLE=0 -DCR_INTEGER_PRINTF -DPRINTF_FLOAT_ENABLE=0 -D__MCUXPRESSO -D__USE_CMSIS -DDEBUG -I"C:\Users\Guido\Desktop\PORONGA MICROS\watafac2\ktnuro_sdcard_fatfs\board" -I"C:\Users\Guido\Desktop\PORONGA MICROS\watafac2\ktnuro_sdcard_fatfs\source" -I"C:\Users\Guido\Desktop\PORONGA MICROS\watafac2\ktnuro_sdcard_fatfs" -I"C:\Users\Guido\Desktop\PORONGA MICROS\watafac2\ktnuro_sdcard_fatfs\drivers" -I"C:\Users\Guido\Desktop\PORONGA MICROS\watafac2\ktnuro_sdcard_fatfs\device" -I"C:\Users\Guido\Desktop\PORONGA MICROS\watafac2\ktnuro_sdcard_fatfs\CMSIS" -I"C:\Users\Guido\Desktop\PORONGA MICROS\watafac2\ktnuro_sdcard_fatfs\sdmmc\inc" -I"C:\Users\Guido\Desktop\PORONGA MICROS\watafac2\ktnuro_sdcard_fatfs\sdmmc\host" -I"C:\Users\Guido\Desktop\PORONGA MICROS\watafac2\ktnuro_sdcard_fatfs\sdmmc\osa" -I"C:\Users\Guido\Desktop\PORONGA MICROS\watafac2\ktnuro_sdcard_fatfs\component\osa" -I"C:\Users\Guido\Desktop\PORONGA MICROS\watafac2\ktnuro_sdcard_fatfs\component\lists" -I"C:\Users\Guido\Desktop\PORONGA MICROS\watafac2\ktnuro_sdcard_fatfs\fatfs\source" -I"C:\Users\Guido\Desktop\PORONGA MICROS\watafac2\ktnuro_sdcard_fatfs\fatfs\source\fsl_ram_disk" -I"C:\Users\Guido\Desktop\PORONGA MICROS\watafac2\ktnuro_sdcard_fatfs\fatfs\source\fsl_sd_disk" -I"C:\Users\Guido\Desktop\PORONGA MICROS\watafac2\ktnuro_sdcard_fatfs\utilities" -I"C:\Users\Guido\Desktop\PORONGA MICROS\watafac2\ktnuro_sdcard_fatfs\component\serial_manager" -I"C:\Users\Guido\Desktop\PORONGA MICROS\watafac2\ktnuro_sdcard_fatfs\component\uart" -O0 -fno-common -g3 -Wall -c  -ffunction-sections  -fdata-sections  -ffreestanding  -fno-builtin -fmerge-constants -fmacro-prefix-map="../component/lists/"=. -mcpu=cortex-m4 -mfpu=fpv4-sp-d16 -mfloat-abi=hard -mthumb -D__REDLIB__ -fstack-usage -specs=redlib.specs -MMD -MP -MF"component/lists/generic_list.d" -MT"component/lists/generic_list.o" -MT"component/lists/generic_list.d" -o "component/lists/generic_list.o" "../component/lists/generic_list.c"
arm-none-eabi-gcc -std=gnu99 -D__REDLIB__ -DCPU_MK64FN1M0VLL12 -DCPU_MK64FN1M0VLL12_cm4 -DFRDM_K64F -DFREEDOM -DSD_ENABLED -DSERIAL_PORT_TYPE_UART=1 -DSDK_DEBUGCONSOLE=0 -DCR_INTEGER_PRINTF -DPRINTF_FLOAT_ENABLE=0 -D__MCUXPRESSO -D__USE_CMSIS -DDEBUG -I"C:\Users\Guido\Desktop\PORONGA MICROS\watafac2\ktnuro_sdcard_fatfs\board" -I"C:\Users\Guido\Desktop\PORONGA MICROS\watafac2\ktnuro_sdcard_fatfs\source" -I"C:\Users\Guido\Desktop\PORONGA MICROS\watafac2\ktnuro_sdcard_fatfs" -I"C:\Users\Guido\Desktop\PORONGA MICROS\watafac2\ktnuro_sdcard_fatfs\drivers" -I"C:\Users\Guido\Desktop\PORONGA MICROS\watafac2\ktnuro_sdcard_fatfs\device" -I"C:\Users\Guido\Desktop\PORONGA MICROS\watafac2\ktnuro_sdcard_fatfs\CMSIS" -I"C:\Users\Guido\Desktop\PORONGA MICROS\watafac2\ktnuro_sdcard_fatfs\sdmmc\inc" -I"C:\Users\Guido\Desktop\PORONGA MICROS\watafac2\ktnuro_sdcard_fatfs\sdmmc\host" -I"C:\Users\Guido\Desktop\PORONGA MICROS\watafac2\ktnuro_sdcard_fatfs\sdmmc\osa" -I"C:\Users\Guido\Desktop\PORONGA MICROS\watafac2\ktnuro_sdcard_fatfs\component\osa" -I"C:\Users\Guido\Desktop\PORONGA MICROS\watafac2\ktnuro_sdcard_fatfs\component\lists" -I"C:\Users\Guido\Desktop\PORONGA MICROS\watafac2\ktnuro_sdcard_fatfs\fatfs\source" -I"C:\Users\Guido\Desktop\PORONGA MICROS\watafac2\ktnuro_sdcard_fatfs\fatfs\source\fsl_ram_disk" -I"C:\Users\Guido\Desktop\PORONGA MICROS\watafac2\ktnuro_sdcard_fatfs\fatfs\source\fsl_sd_disk" -I"C:\Users\Guido\Desktop\PORONGA MICROS\watafac2\ktnuro_sdcard_fatfs\utilities" -I"C:\Users\Guido\Desktop\PORONGA MICROS\watafac2\ktnuro_sdcard_fatfs\component\serial_manager" -I"C:\Users\Guido\Desktop\PORONGA MICROS\watafac2\ktnuro_sdcard_fatfs\component\uart" -O0 -fno-common -g3 -Wall -c  -ffunction-sections  -fdata-sections  -ffreestanding  -fno-builtin -fmerge-constants -fmacro-prefix-map="../board/"=. -mcpu=cortex-m4 -mfpu=fpv4-sp-d16 -mfloat-abi=hard -mthumb -D__REDLIB__ -fstack-usage -specs=redlib.specs -MMD -MP -MF"board/board.d" -MT"board/board.o" -MT"board/board.d" -o "board/board.o" "../board/board.c"
Finished building: ../component/serial_manager/serial_port_uart.c
 
Building file: ../board/clock_config.c
Invoking: MCU C Compiler
arm-none-eabi-gcc -std=gnu99 -D__REDLIB__ -DCPU_MK64FN1M0VLL12 -DCPU_MK64FN1M0VLL12_cm4 -DFRDM_K64F -DFREEDOM -DSD_ENABLED -DSERIAL_PORT_TYPE_UART=1 -DSDK_DEBUGCONSOLE=0 -DCR_INTEGER_PRINTF -DPRINTF_FLOAT_ENABLE=0 -D__MCUXPRESSO -D__USE_CMSIS -DDEBUG -I"C:\Users\Guido\Desktop\PORONGA MICROS\watafac2\ktnuro_sdcard_fatfs\board" -I"C:\Users\Guido\Desktop\PORONGA MICROS\watafac2\ktnuro_sdcard_fatfs\source" -I"C:\Users\Guido\Desktop\PORONGA MICROS\watafac2\ktnuro_sdcard_fatfs" -I"C:\Users\Guido\Desktop\PORONGA MICROS\watafac2\ktnuro_sdcard_fatfs\drivers" -I"C:\Users\Guido\Desktop\PORONGA MICROS\watafac2\ktnuro_sdcard_fatfs\device" -I"C:\Users\Guido\Desktop\PORONGA MICROS\watafac2\ktnuro_sdcard_fatfs\CMSIS" -I"C:\Users\Guido\Desktop\PORONGA MICROS\watafac2\ktnuro_sdcard_fatfs\sdmmc\inc" -I"C:\Users\Guido\Desktop\PORONGA MICROS\watafac2\ktnuro_sdcard_fatfs\sdmmc\host" -I"C:\Users\Guido\Desktop\PORONGA MICROS\watafac2\ktnuro_sdcard_fatfs\sdmmc\osa" -I"C:\Users\Guido\Desktop\PORONGA MICROS\watafac2\ktnuro_sdcard_fatfs\component\osa" -I"C:\Users\Guido\Desktop\PORONGA MICROS\watafac2\ktnuro_sdcard_fatfs\component\lists" -I"C:\Users\Guido\Desktop\PORONGA MICROS\watafac2\ktnuro_sdcard_fatfs\fatfs\source" -I"C:\Users\Guido\Desktop\PORONGA MICROS\watafac2\ktnuro_sdcard_fatfs\fatfs\source\fsl_ram_disk" -I"C:\Users\Guido\Desktop\PORONGA MICROS\watafac2\ktnuro_sdcard_fatfs\fatfs\source\fsl_sd_disk" -I"C:\Users\Guido\Desktop\PORONGA MICROS\watafac2\ktnuro_sdcard_fatfs\utilities" -I"C:\Users\Guido\Desktop\PORONGA MICROS\watafac2\ktnuro_sdcard_fatfs\component\serial_manager" -I"C:\Users\Guido\Desktop\PORONGA MICROS\watafac2\ktnuro_sdcard_fatfs\component\uart" -O0 -fno-common -g3 -Wall -c  -ffunction-sections  -fdata-sections  -ffreestanding  -fno-builtin -fmerge-constants -fmacro-prefix-map="../board/"=. -mcpu=cortex-m4 -mfpu=fpv4-sp-d16 -mfloat-abi=hard -mthumb -D__REDLIB__ -fstack-usage -specs=redlib.specs -MMD -MP -MF"board/clock_config.d" -MT"board/clock_config.o" -MT"board/clock_config.d" -o "board/clock_config.o" "../board/clock_config.c"
Finished building: ../board/board.c
 
Building file: ../board/pin_mux.c
Invoking: MCU C Compiler
Finished building: ../component/osa/fsl_os_abstraction_bm.c
arm-none-eabi-gcc -std=gnu99 -D__REDLIB__ -DCPU_MK64FN1M0VLL12 -DCPU_MK64FN1M0VLL12_cm4 -DFRDM_K64F -DFREEDOM -DSD_ENABLED -DSERIAL_PORT_TYPE_UART=1 -DSDK_DEBUGCONSOLE=0 -DCR_INTEGER_PRINTF -DPRINTF_FLOAT_ENABLE=0 -D__MCUXPRESSO -D__USE_CMSIS -DDEBUG -I"C:\Users\Guido\Desktop\PORONGA MICROS\watafac2\ktnuro_sdcard_fatfs\board" -I"C:\Users\Guido\Desktop\PORONGA MICROS\watafac2\ktnuro_sdcard_fatfs\source" -I"C:\Users\Guido\Desktop\PORONGA MICROS\watafac2\ktnuro_sdcard_fatfs" -I"C:\Users\Guido\Desktop\PORONGA MICROS\watafac2\ktnuro_sdcard_fatfs\drivers" -I"C:\Users\Guido\Desktop\PORONGA MICROS\watafac2\ktnuro_sdcard_fatfs\device" -I"C:\Users\Guido\Desktop\PORONGA MICROS\watafac2\ktnuro_sdcard_fatfs\CMSIS" -I"C:\Users\Guido\Desktop\PORONGA MICROS\watafac2\ktnuro_sdcard_fatfs\sdmmc\inc" -I"C:\Users\Guido\Desktop\PORONGA MICROS\watafac2\ktnuro_sdcard_fatfs\sdmmc\host" -I"C:\Users\Guido\Desktop\PORONGA MICROS\watafac2\ktnuro_sdcard_fatfs\sdmmc\osa" -I"C:\Users\Guido\Desktop\PORONGA MICROS\watafac2\ktnuro_sdcard_fatfs\component\osa" -I"C:\Users\Guido\Desktop\PORONGA MICROS\watafac2\ktnuro_sdcard_fatfs\component\lists" -I"C:\Users\Guido\Desktop\PORONGA MICROS\watafac2\ktnuro_sdcard_fatfs\fatfs\source" -I"C:\Users\Guido\Desktop\PORONGA MICROS\watafac2\ktnuro_sdcard_fatfs\fatfs\source\fsl_ram_disk" -I"C:\Users\Guido\Desktop\PORONGA MICROS\watafac2\ktnuro_sdcard_fatfs\fatfs\source\fsl_sd_disk" -I"C:\Users\Guido\Desktop\PORONGA MICROS\watafac2\ktnuro_sdcard_fatfs\utilities" -I"C:\Users\Guido\Desktop\PORONGA MICROS\watafac2\ktnuro_sdcard_fatfs\component\serial_manager" -I"C:\Users\Guido\Desktop\PORONGA MICROS\watafac2\ktnuro_sdcard_fatfs\component\uart" -O0 -fno-common -g3 -Wall -c  -ffunction-sections  -fdata-sections  -ffreestanding  -fno-builtin -fmerge-constants -fmacro-prefix-map="../board/"=. -mcpu=cortex-m4 -mfpu=fpv4-sp-d16 -mfloat-abi=hard -mthumb -D__REDLIB__ -fstack-usage -specs=redlib.specs -MMD -MP -MF"board/pin_mux.d" -MT"board/pin_mux.o" -MT"board/pin_mux.d" -o "board/pin_mux.o" "../board/pin_mux.c"
Finished building: ../component/lists/generic_list.c
 
 
Building file: ../board/sdmmc_config.c
Invoking: MCU C Compiler
[...]
   PROGRAM_FLASH:      102360 B         1 MB      9.76%
      SRAM_UPPER:       14368 B       192 KB      7.31%
      SRAM_LOWER:          0 GB        64 KB      0.00%
        FLEX_RAM:          0 GB         4 KB      0.00%
Finished building target: ktnuro_sdcard_fatfs.axf
 
make --no-print-directory post-build
Performing post-build steps
arm-none-eabi-size "ktnuro_sdcard_fatfs.axf"; # arm-none-eabi-objcopy -v -O binary "ktnuro_sdcard_fatfs.axf" "ktnuro_sdcard_fatfs.bin" ; # checksum -p MK64FN1M0xxx12 -d "ktnuro_sdcard_fatfs.bin";
   text	   data	    bss	    dec	    hex	filename
 102344	     16	  14352	 116712	  1c7e8	ktnuro_sdcard_fatfs.axf
 
21:07:09 **** Incremental Build of configuration Debug for project ktnuro_sdcard_fatfs ****
make -r -j4 all 
Building file: ../source/sdcard_fatfs.c
Invoking: MCU C Compiler
arm-none-eabi-gcc -std=gnu99 -D__REDLIB__ -DCPU_MK64FN1M0VLL12 -DCPU_MK64FN1M0VLL12_cm4 -DFRDM_K64F -DFREEDOM -DSD_ENABLED -DSERIAL_PORT_TYPE_UART=1 -DSDK_DEBUGCONSOLE=0 -DCR_INTEGER_PRINTF -DPRINTF_FLOAT_ENABLE=0 -D__MCUXPRESSO -D__USE_CMSIS -DDEBUG -I"C:\Users\Guido\Desktop\PORONGA MICROS\watafac2\ktnuro_sdcard_fatfs\board" -I"C:\Users\Guido\Desktop\PORONGA MICROS\watafac2\ktnuro_sdcard_fatfs\source" -I"C:\Users\Guido\Desktop\PORONGA MICROS\watafac2\ktnuro_sdcard_fatfs" -I"C:\Users\Guido\Desktop\PORONGA MICROS\watafac2\ktnuro_sdcard_fatfs\drivers" -I"C:\Users\Guido\Desktop\PORONGA MICROS\watafac2\ktnuro_sdcard_fatfs\device" -I"C:\Users\Guido\Desktop\PORONGA MICROS\watafac2\ktnuro_sdcard_fatfs\CMSIS" -I"C:\Users\Guido\Desktop\PORONGA MICROS\watafac2\ktnuro_sdcard_fatfs\sdmmc\inc" -I"C:\Users\Guido\Desktop\PORONGA MICROS\watafac2\ktnuro_sdcard_fatfs\sdmmc\host" -I"C:\Users\Guido\Desktop\PORONGA MICROS\watafac2\ktnuro_sdcard_fatfs\sdmmc\osa" -I"C:\Users\Guido\Desktop\PORONGA MICROS\watafac2\ktnuro_sdcard_fatfs\component\osa" -I"C:\Users\Guido\Desktop\PORONGA MICROS\watafac2\ktnuro_sdcard_fatfs\component\lists" -I"C:\Users\Guido\Desktop\PORONGA MICROS\watafac2\ktnuro_sdcard_fatfs\fatfs\source" -I"C:\Users\Guido\Desktop\PORONGA MICROS\watafac2\ktnuro_sdcard_fatfs\fatfs\source\fsl_ram_disk" -I"C:\Users\Guido\Desktop\PORONGA MICROS\watafac2\ktnuro_sdcard_fatfs\fatfs\source\fsl_sd_disk" -I"C:\Users\Guido\Desktop\PORONGA MICROS\watafac2\ktnuro_sdcard_fatfs\utilities" -I"C:\Users\Guido\Desktop\PORONGA MICROS\watafac2\ktnuro_sdcard_fatfs\component\serial_manager" -I"C:\Users\Guido\Desktop\PORONGA MICROS\watafac2\ktnuro_sdcard_fatfs\component\uart" -O0 -fno-common -g3 -Wall -c  -ffunction-sections  -fdata-sections  -ffreestanding  -fno-builtin -fmerge-constants -fmacro-prefix-map="../source/"=. -mcpu=cortex-m4 -mfpu=fpv4-sp-d16 -mfloat-abi=hard -mthumb -D__REDLIB__ -fstack-usage -specs=redlib.specs -MMD -MP -MF"source/sdcard_fatfs.d" -MT"source/sdcard_fatfs.o" -MT"source/sdcard_fatfs.d" -o "source/sdcard_fatfs.o" "../source/sdcard_fatfs.c"
../source/sdcard_fatfs.c: In function 'exploreFS':
../source/sdcard_fatfs.c:65:5: error: wrong type argument to unary exclamation mark
   65 |  if(!directory){
      |     ^
../source/sdcard_fatfs.c:66:25: error: expected ';' before '}' token
   66 |   f_closedir(&directory)
      |                         ^
      |                         ;
   67 |  }
      |  ~                       
../source/sdcard_fatfs.c:70:10: warning: returning 'int' from a function with return type 'char *' makes pointer from integer without a cast [-Wint-conversion]
   70 |   return -1;
      |          ^
../source/sdcard_fatfs.c: In function 'getPrev':
../source/sdcard_fatfs.c:152:10: warning: unused variable 'error' [-Wunused-variable]
  152 |  FRESULT error;
      |          ^~~~~
../source/sdcard_fatfs.c: In function 'openSelected':
../source/sdcard_fatfs.c:188:10: warning: variable 'ret' set but not used [-Wunused-but-set-variable]
  188 |   char * ret=NULL;
      |          ^~~
../source/sdcard_fatfs.c: In function 'addToPath':
../source/sdcard_fatfs.c:209:13: warning: comparison between pointer and integer
  209 |  while(s[i] != NULL){
      |             ^~
../source/sdcard_fatfs.c: In function 'removeFromPath':
../source/sdcard_fatfs.c:220:13: warning: comparison between pointer and integer
  220 |  while(s[i] != NULL){
      |             ^~
../source/sdcard_fatfs.c: In function 'openSelected':
../source/sdcard_fatfs.c:202:1: warning: control reaches end of non-void function [-Wreturn-type]
  202 | }
      | ^
At top level:
../source/sdcard_fatfs.c:244:12: warning: 'g_fileObject' defined but not used [-Wunused-variable]
  244 | static FIL g_fileObject; /* File object */
      |            ^~~~~~~~~~~~
make: *** [source/subdir.mk:23: source/sdcard_fatfs.o] Error 1
"make -r -j4 all" terminated with exit code 2. Build might be incomplete.
21:07:23 **** Incremental Build of configuration Debug for project ktnuro_sdcard_fatfs ****
make -r -j4 all 
Building file: ../source/sdcard_fatfs.c
Invoking: MCU C Compiler
arm-none-eabi-gcc -std=gnu99 -D__REDLIB__ -DCPU_MK64FN1M0VLL12 -DCPU_MK64FN1M0VLL12_cm4 -DFRDM_K64F -DFREEDOM -DSD_ENABLED -DSERIAL_PORT_TYPE_UART=1 -DSDK_DEBUGCONSOLE=0 -DCR_INTEGER_PRINTF -DPRINTF_FLOAT_ENABLE=0 -D__MCUXPRESSO -D__USE_CMSIS -DDEBUG -I"C:\Users\Guido\Desktop\PORONGA MICROS\watafac2\ktnuro_sdcard_fatfs\board" -I"C:\Users\Guido\Desktop\PORONGA MICROS\watafac2\ktnuro_sdcard_fatfs\source" -I"C:\Users\Guido\Desktop\PORONGA MICROS\watafac2\ktnuro_sdcard_fatfs" -I"C:\Users\Guido\Desktop\PORONGA MICROS\watafac2\ktnuro_sdcard_fatfs\drivers" -I"C:\Users\Guido\Desktop\PORONGA MICROS\watafac2\ktnuro_sdcard_fatfs\device" -I"C:\Users\Guido\Desktop\PORONGA MICROS\watafac2\ktnuro_sdcard_fatfs\CMSIS" -I"C:\Users\Guido\Desktop\PORONGA MICROS\watafac2\ktnuro_sdcard_fatfs\sdmmc\inc" -I"C:\Users\Guido\Desktop\PORONGA MICROS\watafac2\ktnuro_sdcard_fatfs\sdmmc\host" -I"C:\Users\Guido\Desktop\PORONGA MICROS\watafac2\ktnuro_sdcard_fatfs\sdmmc\osa" -I"C:\Users\Guido\Desktop\PORONGA MICROS\watafac2\ktnuro_sdcard_fatfs\component\osa" -I"C:\Users\Guido\Desktop\PORONGA MICROS\watafac2\ktnuro_sdcard_fatfs\component\lists" -I"C:\Users\Guido\Desktop\PORONGA MICROS\watafac2\ktnuro_sdcard_fatfs\fatfs\source" -I"C:\Users\Guido\Desktop\PORONGA MICROS\watafac2\ktnuro_sdcard_fatfs\fatfs\source\fsl_ram_disk" -I"C:\Users\Guido\Desktop\PORONGA MICROS\watafac2\ktnuro_sdcard_fatfs\fatfs\source\fsl_sd_disk" -I"C:\Users\Guido\Desktop\PORONGA MICROS\watafac2\ktnuro_sdcard_fatfs\utilities" -I"C:\Users\Guido\Desktop\PORONGA MICROS\watafac2\ktnuro_sdcard_fatfs\component\serial_manager" -I"C:\Users\Guido\Desktop\PORONGA MICROS\watafac2\ktnuro_sdcard_fatfs\component\uart" -O0 -fno-common -g3 -Wall -c  -ffunction-sections  -fdata-sections  -ffreestanding  -fno-builtin -fmerge-constants -fmacro-prefix-map="../source/"=. -mcpu=cortex-m4 -mfpu=fpv4-sp-d16 -mfloat-abi=hard -mthumb -D__REDLIB__ -fstack-usage -specs=redlib.specs -MMD -MP -MF"source/sdcard_fatfs.d" -MT"source/sdcard_fatfs.o" -MT"source/sdcard_fatfs.d" -o "source/sdcard_fatfs.o" "../source/sdcard_fatfs.c"
../source/sdcard_fatfs.c: In function 'exploreFS':
../source/sdcard_fatfs.c:65:5: error: wrong type argument to unary exclamation mark
   65 |  if(!directory){
      |     ^
../source/sdcard_fatfs.c:70:10: warning: returning 'int' from a function with return type 'char *' makes pointer from integer without a cast [-Wint-conversion]
   70 |   return -1;
      |          ^
../source/sdcard_fatfs.c: In function 'getPrev':
../source/sdcard_fatfs.c:152:10: warning: unused variable 'error' [-Wunused-variable]
  152 |  FRESULT error;
      |          ^~~~~
../source/sdcard_fatfs.c: In function 'openSelected':
../source/sdcard_fatfs.c:188:10: warning: variable 'ret' set but not used [-Wunused-but-set-variable]
  188 |   char * ret=NULL;
      |          ^~~
../source/sdcard_fatfs.c: In function 'addToPath':
../source/sdcard_fatfs.c:209:13: warning: comparison between pointer and integer
  209 |  while(s[i] != NULL){
      |             ^~
../source/sdcard_fatfs.c: In function 'removeFromPath':
../source/sdcard_fatfs.c:220:13: warning: comparison between pointer and integer
  220 |  while(s[i] != NULL){
      |             ^~
../source/sdcard_fatfs.c: In function 'openSelected':
../source/sdcard_fatfs.c:202:1: warning: control reaches end of non-void function [-Wreturn-type]
  202 | }
      | ^
At top level:
../source/sdcard_fatfs.c:244:12: warning: 'g_fileObject' defined but not used [-Wunused-variable]
  244 | static FIL g_fileObject; /* File object */
      |            ^~~~~~~~~~~~
make: *** [source/subdir.mk:23: source/sdcard_fatfs.o] Error 1
"make -r -j4 all" terminated with exit code 2. Build might be incomplete.
21:08:14 **** Incremental Build of configuration Debug for project ktnuro_sdcard_fatfs ****
make -r -j4 all 
Building file: ../source/sdcard_fatfs.c
Invoking: MCU C Compiler
arm-none-eabi-gcc -std=gnu99 -D__REDLIB__ -DCPU_MK64FN1M0VLL12 -DCPU_MK64FN1M0VLL12_cm4 -DFRDM_K64F -DFREEDOM -DSD_ENABLED -DSERIAL_PORT_TYPE_UART=1 -DSDK_DEBUGCONSOLE=0 -DCR_INTEGER_PRINTF -DPRINTF_FLOAT_ENABLE=0 -D__MCUXPRESSO -D__USE_CMSIS -DDEBUG -I"C:\Users\Guido\Desktop\PORONGA MICROS\watafac2\ktnuro_sdcard_fatfs\board" -I"C:\Users\Guido\Desktop\PORONGA MICROS\watafac2\ktnuro_sdcard_fatfs\source" -I"C:\Users\Guido\Desktop\PORONGA MICROS\watafac2\ktnuro_sdcard_fatfs" -I"C:\Users\Guido\Desktop\PORONGA MICROS\watafac2\ktnuro_sdcard_fatfs\drivers" -I"C:\Users\Guido\Desktop\PORONGA MICROS\watafac2\ktnuro_sdcard_fatfs\device" -I"C:\Users\Guido\Desktop\PORONGA MICROS\watafac2\ktnuro_sdcard_fatfs\CMSIS" -I"C:\Users\Guido\Desktop\PORONGA MICROS\watafac2\ktnuro_sdcard_fatfs\sdmmc\inc" -I"C:\Users\Guido\Desktop\PORONGA MICROS\watafac2\ktnuro_sdcard_fatfs\sdmmc\host" -I"C:\Users\Guido\Desktop\PORONGA MICROS\watafac2\ktnuro_sdcard_fatfs\sdmmc\osa" -I"C:\Users\Guido\Desktop\PORONGA MICROS\watafac2\ktnuro_sdcard_fatfs\component\osa" -I"C:\Users\Guido\Desktop\PORONGA MICROS\watafac2\ktnuro_sdcard_fatfs\component\lists" -I"C:\Users\Guido\Desktop\PORONGA MICROS\watafac2\ktnuro_sdcard_fatfs\fatfs\source" -I"C:\Users\Guido\Desktop\PORONGA MICROS\watafac2\ktnuro_sdcard_fatfs\fatfs\source\fsl_ram_disk" -I"C:\Users\Guido\Desktop\PORONGA MICROS\watafac2\ktnuro_sdcard_fatfs\fatfs\source\fsl_sd_disk" -I"C:\Users\Guido\Desktop\PORONGA MICROS\watafac2\ktnuro_sdcard_fatfs\utilities" -I"C:\Users\Guido\Desktop\PORONGA MICROS\watafac2\ktnuro_sdcard_fatfs\component\serial_manager" -I"C:\Users\Guido\Desktop\PORONGA MICROS\watafac2\ktnuro_sdcard_fatfs\component\uart" -O0 -fno-common -g3 -Wall -c  -ffunction-sections  -fdata-sections  -ffreestanding  -fno-builtin -fmerge-constants -fmacro-prefix-map="../source/"=. -mcpu=cortex-m4 -mfpu=fpv4-sp-d16 -mfloat-abi=hard -mthumb -D__REDLIB__ -fstack-usage -specs=redlib.specs -MMD -MP -MF"source/sdcard_fatfs.d" -MT"source/sdcard_fatfs.o" -MT"source/sdcard_fatfs.d" -o "source/sdcard_fatfs.o" "../source/sdcard_fatfs.c"
../source/sdcard_fatfs.c: In function 'exploreFS':
../source/sdcard_fatfs.c:68:10: warning: returning 'int' from a function with return type 'char *' makes pointer from integer without a cast [-Wint-conversion]
   68 |   return -1;
      |          ^
../source/sdcard_fatfs.c: In function 'getPrev':
../source/sdcard_fatfs.c:150:10: warning: unused variable 'error' [-Wunused-variable]
  150 |  FRESULT error;
      |          ^~~~~
../source/sdcard_fatfs.c: In function 'openSelected':
../source/sdcard_fatfs.c:186:10: warning: variable 'ret' set but not used [-Wunused-but-set-variable]
  186 |   char * ret=NULL;
      |          ^~~
../source/sdcard_fatfs.c: In function 'addToPath':
../source/sdcard_fatfs.c:207:13: warning: comparison between pointer and integer
  207 |  while(s[i] != NULL){
      |             ^~
../source/sdcard_fatfs.c: In function 'removeFromPath':
../source/sdcard_fatfs.c:218:13: warning: comparison between pointer and integer
  218 |  while(s[i] != NULL){
      |             ^~
../source/sdcard_fatfs.c: In function 'openSelected':
../source/sdcard_fatfs.c:200:1: warning: control reaches end of non-void function [-Wreturn-type]
  200 | }
      | ^
At top level:
../source/sdcard_fatfs.c:242:12: warning: 'g_fileObject' defined but not used [-Wunused-variable]
  242 | static FIL g_fileObject; /* File object */
      |            ^~~~~~~~~~~~
Finished building: ../source/sdcard_fatfs.c
 
Building target: ktnuro_sdcard_fatfs.axf
Invoking: MCU Linker
arm-none-eabi-gcc -nostdlib -Xlinker -Map="ktnuro_sdcard_fatfs.map" -Xlinker --gc-sections -Xlinker -print-memory-usage -Xlinker --sort-section=alignment -Xlinker --cref -mcpu=cortex-m4 -mfpu=fpv4-sp-d16 -mfloat-abi=hard -mthumb -T ktnuro_sdcard_fatfs_Debug.ld -o "ktnuro_sdcard_fatfs.axf"  ./utilities/fsl_assert.o ./utilities/fsl_debug_console.o ./utilities/fsl_str.o  ./startup/startup_mk64f12.o  ./source/sdcard_fatfs.o ./source/semihost_hardfault.o  ./sdmmc/src/fsl_sd.o ./sdmmc/src/fsl_sdmmc_common.o  ./sdmmc/osa/fsl_sdmmc_osa.o  ./sdmmc/host/fsl_sdmmc_host.o  ./fatfs/source/fsl_sd_disk/fsl_sd_disk.o  ./fatfs/source/fsl_ram_disk/fsl_ram_disk.o  ./fatfs/source/diskio.o ./fatfs/source/ff.o ./fatfs/source/ffsystem.o ./fatfs/source/ffunicode.o  ./drivers/fsl_clock.o ./drivers/fsl_common.o ./drivers/fsl_ftfx_cache.o ./drivers/fsl_ftfx_controller.o ./drivers/fsl_ftfx_flash.o ./drivers/fsl_ftfx_flexnvm.o ./drivers/fsl_gpio.o ./drivers/fsl_sdhc.o ./drivers/fsl_smc.o ./drivers/fsl_sysmpu.o ./drivers/fsl_uart.o  ./device/system_MK64F12.o  ./component/uart/uart_adapter.o  ./component/serial_manager/serial_manager.o ./component/serial_manager/serial_port_uart.o  ./component/osa/fsl_os_abstraction_bm.o  ./component/lists/generic_list.o  ./board/board.o ./board/clock_config.o ./board/pin_mux.o ./board/sdmmc_config.o   
Memory region         Used Size  Region Size  %age Used
   PROGRAM_FLASH:      102408 B         1 MB      9.77%
      SRAM_UPPER:       14368 B       192 KB      7.31%
      SRAM_LOWER:          0 GB        64 KB      0.00%
        FLEX_RAM:          0 GB         4 KB      0.00%
Finished building target: ktnuro_sdcard_fatfs.axf
 
make --no-print-directory post-build
Performing post-build steps
arm-none-eabi-size "ktnuro_sdcard_fatfs.axf"; # arm-none-eabi-objcopy -v -O binary "ktnuro_sdcard_fatfs.axf" "ktnuro_sdcard_fatfs.bin" ; # checksum -p MK64FN1M0xxx12 -d "ktnuro_sdcard_fatfs.bin";
   text	   data	    bss	    dec	    hex	filename
 102392	     16	  14352	 116760	  1c818	ktnuro_sdcard_fatfs.axf
 
21:30:02 **** Incremental Build of configuration Debug for project ktnuro_sdcard_fatfs ****
make -r -j4 all 
Building file: ../source/sdcard_fatfs.c
Invoking: MCU C Compiler
arm-none-eabi-gcc -std=gnu99 -D__REDLIB__ -DCPU_MK64FN1M0VLL12 -DCPU_MK64FN1M0VLL12_cm4 -DFRDM_K64F -DFREEDOM -DSD_ENABLED -DSERIAL_PORT_TYPE_UART=1 -DSDK_DEBUGCONSOLE=0 -DCR_INTEGER_PRINTF -DPRINTF_FLOAT_ENABLE=0 -D__MCUXPRESSO -D__USE_CMSIS -DDEBUG -I"C:\Users\Guido\Desktop\PORONGA MICROS\watafac2\ktnuro_sdcard_fatfs\board" -I"C:\Users\Guido\Desktop\PORONGA MICROS\watafac2\ktnuro_sdcard_fatfs\source" -I"C:\Users\Guido\Desktop\PORONGA MICROS\watafac2\ktnuro_sdcard_fatfs" -I"C:\Users\Guido\Desktop\PORONGA MICROS\watafac2\ktnuro_sdcard_fatfs\drivers" -I"C:\Users\Guido\Desktop\PORONGA MICROS\watafac2\ktnuro_sdcard_fatfs\device" -I"C:\Users\Guido\Desktop\PORONGA MICROS\watafac2\ktnuro_sdcard_fatfs\CMSIS" -I"C:\Users\Guido\Desktop\PORONGA MICROS\watafac2\ktnuro_sdcard_fatfs\sdmmc\inc" -I"C:\Users\Guido\Desktop\PORONGA MICROS\watafac2\ktnuro_sdcard_fatfs\sdmmc\host" -I"C:\Users\Guido\Desktop\PORONGA MICROS\watafac2\ktnuro_sdcard_fatfs\sdmmc\osa" -I"C:\Users\Guido\Desktop\PORONGA MICROS\watafac2\ktnuro_sdcard_fatfs\component\osa" -I"C:\Users\Guido\Desktop\PORONGA MICROS\watafac2\ktnuro_sdcard_fatfs\component\lists" -I"C:\Users\Guido\Desktop\PORONGA MICROS\watafac2\ktnuro_sdcard_fatfs\fatfs\source" -I"C:\Users\Guido\Desktop\PORONGA MICROS\watafac2\ktnuro_sdcard_fatfs\fatfs\source\fsl_ram_disk" -I"C:\Users\Guido\Desktop\PORONGA MICROS\watafac2\ktnuro_sdcard_fatfs\fatfs\source\fsl_sd_disk" -I"C:\Users\Guido\Desktop\PORONGA MICROS\watafac2\ktnuro_sdcard_fatfs\utilities" -I"C:\Users\Guido\Desktop\PORONGA MICROS\watafac2\ktnuro_sdcard_fatfs\component\serial_manager" -I"C:\Users\Guido\Desktop\PORONGA MICROS\watafac2\ktnuro_sdcard_fatfs\component\uart" -O0 -fno-common -g3 -Wall -c  -ffunction-sections  -fdata-sections  -ffreestanding  -fno-builtin -fmerge-constants -fmacro-prefix-map="../source/"=. -mcpu=cortex-m4 -mfpu=fpv4-sp-d16 -mfloat-abi=hard -mthumb -D__REDLIB__ -fstack-usage -specs=redlib.specs -MMD -MP -MF"source/sdcard_fatfs.d" -MT"source/sdcard_fatfs.o" -MT"source/sdcard_fatfs.d" -o "source/sdcard_fatfs.o" "../source/sdcard_fatfs.c"
../source/sdcard_fatfs.c: In function 'exploreFS':
../source/sdcard_fatfs.c:68:10: warning: returning 'int' from a function with return type 'char *' makes pointer from integer without a cast [-Wint-conversion]
   68 |   return -1;
      |          ^
../source/sdcard_fatfs.c: In function 'getPrev':
../source/sdcard_fatfs.c:150:10: warning: unused variable 'error' [-Wunused-variable]
  150 |  FRESULT error;
      |          ^~~~~
../source/sdcard_fatfs.c: In function 'openSelected':
../source/sdcard_fatfs.c:186:10: warning: variable 'ret' set but not used [-Wunused-but-set-variable]
  186 |   char * ret=NULL;
      |          ^~~
../source/sdcard_fatfs.c: In function 'addToPath':
../source/sdcard_fatfs.c:217:13: warning: comparison between pointer and integer
  217 |  while(s[i] != NULL){
      |             ^~
../source/sdcard_fatfs.c: In function 'openSelected':
../source/sdcard_fatfs.c:200:1: warning: control reaches end of non-void function [-Wreturn-type]
  200 | }
      | ^
At top level:
../source/sdcard_fatfs.c:250:12: warning: 'g_fileObject' defined but not used [-Wunused-variable]
  250 | static FIL g_fileObject; /* File object */
      |            ^~~~~~~~~~~~
Finished building: ../source/sdcard_fatfs.c
 
Building target: ktnuro_sdcard_fatfs.axf
Invoking: MCU Linker
arm-none-eabi-gcc -nostdlib -Xlinker -Map="ktnuro_sdcard_fatfs.map" -Xlinker --gc-sections -Xlinker -print-memory-usage -Xlinker --sort-section=alignment -Xlinker --cref -mcpu=cortex-m4 -mfpu=fpv4-sp-d16 -mfloat-abi=hard -mthumb -T ktnuro_sdcard_fatfs_Debug.ld -o "ktnuro_sdcard_fatfs.axf"  ./utilities/fsl_assert.o ./utilities/fsl_debug_console.o ./utilities/fsl_str.o  ./startup/startup_mk64f12.o  ./source/sdcard_fatfs.o ./source/semihost_hardfault.o  ./sdmmc/src/fsl_sd.o ./sdmmc/src/fsl_sdmmc_common.o  ./sdmmc/osa/fsl_sdmmc_osa.o  ./sdmmc/host/fsl_sdmmc_host.o  ./fatfs/source/fsl_sd_disk/fsl_sd_disk.o  ./fatfs/source/fsl_ram_disk/fsl_ram_disk.o  ./fatfs/source/diskio.o ./fatfs/source/ff.o ./fatfs/source/ffsystem.o ./fatfs/source/ffunicode.o  ./drivers/fsl_clock.o ./drivers/fsl_common.o ./drivers/fsl_ftfx_cache.o ./drivers/fsl_ftfx_controller.o ./drivers/fsl_ftfx_flash.o ./drivers/fsl_ftfx_flexnvm.o ./drivers/fsl_gpio.o ./drivers/fsl_sdhc.o ./drivers/fsl_smc.o ./drivers/fsl_sysmpu.o ./drivers/fsl_uart.o  ./device/system_MK64F12.o  ./component/uart/uart_adapter.o  ./component/serial_manager/serial_manager.o ./component/serial_manager/serial_port_uart.o  ./component/osa/fsl_os_abstraction_bm.o  ./component/lists/generic_list.o  ./board/board.o ./board/clock_config.o ./board/pin_mux.o ./board/sdmmc_config.o   
Memory region         Used Size  Region Size  %age Used
   PROGRAM_FLASH:      102648 B         1 MB      9.79%
      SRAM_UPPER:       14368 B       192 KB      7.31%
      SRAM_LOWER:          0 GB        64 KB      0.00%
        FLEX_RAM:          0 GB         4 KB      0.00%
Finished building target: ktnuro_sdcard_fatfs.axf
 
make --no-print-directory post-build
Performing post-build steps
arm-none-eabi-size "ktnuro_sdcard_fatfs.axf"; # arm-none-eabi-objcopy -v -O binary "ktnuro_sdcard_fatfs.axf" "ktnuro_sdcard_fatfs.bin" ; # checksum -p MK64FN1M0xxx12 -d "ktnuro_sdcard_fatfs.bin";
   text	   data	    bss	    dec	    hex	filename
 102632	     16	  14352	 117000	  1c908	ktnuro_sdcard_fatfs.axf
 
