15:04:46 **** Incremental Build of configuration Debug for project ktnuro_sdcard_fatfs ****
make -r -j4 all 
Building file: ../source/FS_explorer.c
Invoking: MCU C Compiler
arm-none-eabi-gcc -std=gnu99 -D__REDLIB__ -DCPU_MK64FN1M0VLL12 -DCPU_MK64FN1M0VLL12_cm4 -DFRDM_K64F -DFREEDOM -DSD_ENABLED -DSERIAL_PORT_TYPE_UART=1 -DSDK_DEBUGCONSOLE=0 -DCR_INTEGER_PRINTF -DPRINTF_FLOAT_ENABLE=0 -D__MCUXPRESSO -D__USE_CMSIS -DDEBUG -I"C:\Users\Guido\Documents\GitHub\LaboDeMicrosTPF\TestS\FS_explorer_develop\ktnuro_sdcard_fatfs\board" -I"C:\Users\Guido\Documents\GitHub\LaboDeMicrosTPF\TestS\FS_explorer_develop\ktnuro_sdcard_fatfs\source" -I"C:\Users\Guido\Documents\GitHub\LaboDeMicrosTPF\TestS\FS_explorer_develop\ktnuro_sdcard_fatfs" -I"C:\Users\Guido\Documents\GitHub\LaboDeMicrosTPF\TestS\FS_explorer_develop\ktnuro_sdcard_fatfs\drivers" -I"C:\Users\Guido\Documents\GitHub\LaboDeMicrosTPF\TestS\FS_explorer_develop\ktnuro_sdcard_fatfs\device" -I"C:\Users\Guido\Documents\GitHub\LaboDeMicrosTPF\TestS\FS_explorer_develop\ktnuro_sdcard_fatfs\CMSIS" -I"C:\Users\Guido\Documents\GitHub\LaboDeMicrosTPF\TestS\FS_explorer_develop\ktnuro_sdcard_fatfs\sdmmc\inc" -I"C:\Users\Guido\Documents\GitHub\LaboDeMicrosTPF\TestS\FS_explorer_develop\ktnuro_sdcard_fatfs\sdmmc\host" -I"C:\Users\Guido\Documents\GitHub\LaboDeMicrosTPF\TestS\FS_explorer_develop\ktnuro_sdcard_fatfs\sdmmc\osa" -I"C:\Users\Guido\Documents\GitHub\LaboDeMicrosTPF\TestS\FS_explorer_develop\ktnuro_sdcard_fatfs\component\osa" -I"C:\Users\Guido\Documents\GitHub\LaboDeMicrosTPF\TestS\FS_explorer_develop\ktnuro_sdcard_fatfs\component\lists" -I"C:\Users\Guido\Documents\GitHub\LaboDeMicrosTPF\TestS\FS_explorer_develop\ktnuro_sdcard_fatfs\fatfs\source" -I"C:\Users\Guido\Documents\GitHub\LaboDeMicrosTPF\TestS\FS_explorer_develop\ktnuro_sdcard_fatfs\fatfs\source\fsl_ram_disk" -I"C:\Users\Guido\Documents\GitHub\LaboDeMicrosTPF\TestS\FS_explorer_develop\ktnuro_sdcard_fatfs\fatfs\source\fsl_sd_disk" -I"C:\Users\Guido\Documents\GitHub\LaboDeMicrosTPF\TestS\FS_explorer_develop\ktnuro_sdcard_fatfs\utilities" -I"C:\Users\Guido\Documents\GitHub\LaboDeMicrosTPF\TestS\FS_explorer_develop\ktnuro_sdcard_fatfs\component\serial_manager" -I"C:\Users\Guido\Documents\GitHub\LaboDeMicrosTPF\TestS\FS_explorer_develop\ktnuro_sdcard_fatfs\component\uart" -O0 -fno-common -g3 -Wall -c  -ffunction-sections  -fdata-sections  -ffreestanding  -fno-builtin -fmerge-constants -fmacro-prefix-map="../source/"=. -mcpu=cortex-m4 -mfpu=fpv4-sp-d16 -mfloat-abi=hard -mthumb -D__REDLIB__ -fstack-usage -specs=redlib.specs -MMD -MP -MF"source/FS_explorer.d" -MT"source/FS_explorer.o" -MT"source/FS_explorer.d" -o "source/FS_explorer.o" "../source/FS_explorer.c"
../source/FS_explorer.c: In function 'exploreFS':
../source/FS_explorer.c:85:10: warning: returning 'int' from a function with return type 'char *' makes pointer from integer without a cast [-Wint-conversion]
   85 |   return -1;
      |          ^
../source/FS_explorer.c: In function 'getPrev':
../source/FS_explorer.c:174:10: warning: unused variable 'error' [-Wunused-variable]
  174 |  FRESULT error;
      |          ^~~~~
../source/FS_explorer.c: In function 'addToPath':
../source/FS_explorer.c:260:14: warning: comparison between pointer and integer
  260 |  while (s[i] != NULL) {
      |              ^~
Finished building: ../source/FS_explorer.c
 
Building target: ktnuro_sdcard_fatfs.axf
Invoking: MCU Linker
arm-none-eabi-gcc -nostdlib -Xlinker -Map="ktnuro_sdcard_fatfs.map" -Xlinker --gc-sections -Xlinker -print-memory-usage -Xlinker --sort-section=alignment -Xlinker --cref -mcpu=cortex-m4 -mfpu=fpv4-sp-d16 -mfloat-abi=hard -mthumb -T ktnuro_sdcard_fatfs_Debug.ld -o "ktnuro_sdcard_fatfs.axf"  ./utilities/fsl_assert.o ./utilities/fsl_debug_console.o ./utilities/fsl_str.o  ./startup/startup_mk64f12.o  ./source/FS_explorer.o ./source/sdcard_fatfs.o ./source/semihost_hardfault.o  ./sdmmc/src/fsl_sd.o ./sdmmc/src/fsl_sdmmc_common.o  ./sdmmc/osa/fsl_sdmmc_osa.o  ./sdmmc/host/fsl_sdmmc_host.o  ./fatfs/source/fsl_sd_disk/fsl_sd_disk.o  ./fatfs/source/fsl_ram_disk/fsl_ram_disk.o  ./fatfs/source/diskio.o ./fatfs/source/ff.o ./fatfs/source/ffsystem.o ./fatfs/source/ffunicode.o  ./drivers/fsl_clock.o ./drivers/fsl_common.o ./drivers/fsl_ftfx_cache.o ./drivers/fsl_ftfx_controller.o ./drivers/fsl_ftfx_flash.o ./drivers/fsl_ftfx_flexnvm.o ./drivers/fsl_gpio.o ./drivers/fsl_sdhc.o ./drivers/fsl_smc.o ./drivers/fsl_sysmpu.o ./drivers/fsl_uart.o  ./device/system_MK64F12.o  ./component/uart/uart_adapter.o  ./component/serial_manager/serial_manager.o ./component/serial_manager/serial_port_uart.o  ./component/osa/fsl_os_abstraction_bm.o  ./component/lists/generic_list.o  ./board/board.o ./board/clock_config.o ./board/pin_mux.o ./board/sdmmc_config.o   
Memory region         Used Size  Region Size  %age Used
   PROGRAM_FLASH:      102904 B         1 MB      9.81%
      SRAM_UPPER:       14368 B       192 KB      7.31%
      SRAM_LOWER:          0 GB        64 KB      0.00%
        FLEX_RAM:          0 GB         4 KB      0.00%
Finished building target: ktnuro_sdcard_fatfs.axf
 
make --no-print-directory post-build
Performing post-build steps
arm-none-eabi-size "ktnuro_sdcard_fatfs.axf"; # arm-none-eabi-objcopy -v -O binary "ktnuro_sdcard_fatfs.axf" "ktnuro_sdcard_fatfs.bin" ; # checksum -p MK64FN1M0xxx12 -d "ktnuro_sdcard_fatfs.bin";
   text	   data	    bss	    dec	    hex	filename
 102888	     16	  14352	 117256	  1ca08	ktnuro_sdcard_fatfs.axf
 

15:04:48 Build Finished. 0 errors, 3 warnings. (took 1s.235ms)

