21:30:02 **** Incremental Build of configuration Debug for project ktnuro_sdcard_fatfs ****
make -r -j4 all 
Building file: ../source/sdcard_fatfs.c
Invoking: MCU C Compiler
arm-none-eabi-gcc -std=gnu99 -D__REDLIB__ -DCPU_MK64FN1M0VLL12 -DCPU_MK64FN1M0VLL12_cm4 -DFRDM_K64F -DFREEDOM -DSD_ENABLED -DSERIAL_PORT_TYPE_UART=1 -DSDK_DEBUGCONSOLE=0 -DCR_INTEGER_PRINTF -DPRINTF_FLOAT_ENABLE=0 -D__MCUXPRESSO -D__USE_CMSIS -DDEBUG -I"C:\Users\Guido\Desktop\PORONGA MICROS\watafac2\ktnuro_sdcard_fatfs\board" -I"C:\Users\Guido\Desktop\PORONGA MICROS\watafac2\ktnuro_sdcard_fatfs\source" -I"C:\Users\Guido\Desktop\PORONGA MICROS\watafac2\ktnuro_sdcard_fatfs" -I"C:\Users\Guido\Desktop\PORONGA MICROS\watafac2\ktnuro_sdcard_fatfs\drivers" -I"C:\Users\Guido\Desktop\PORONGA MICROS\watafac2\ktnuro_sdcard_fatfs\device" -I"C:\Users\Guido\Desktop\PORONGA MICROS\watafac2\ktnuro_sdcard_fatfs\CMSIS" -I"C:\Users\Guido\Desktop\PORONGA MICROS\watafac2\ktnuro_sdcard_fatfs\sdmmc\inc" -I"C:\Users\Guido\Desktop\PORONGA MICROS\watafac2\ktnuro_sdcard_fatfs\sdmmc\host" -I"C:\Users\Guido\Desktop\PORONGA MICROS\watafac2\ktnuro_sdcard_fatfs\sdmmc\osa" -I"C:\Users\Guido\Desktop\PORONGA MICROS\watafac2\ktnuro_sdcard_fatfs\component\osa" -I"C:\Users\Guido\Desktop\PORONGA MICROS\watafac2\ktnuro_sdcard_fatfs\component\lists" -I"C:\Users\Guido\Desktop\PORONGA MICROS\watafac2\ktnuro_sdcard_fatfs\fatfs\source" -I"C:\Users\Guido\Desktop\PORONGA MICROS\watafac2\ktnuro_sdcard_fatfs\fatfs\source\fsl_ram_disk" -I"C:\Users\Guido\Desktop\PORONGA MICROS\watafac2\ktnuro_sdcard_fatfs\fatfs\source\fsl_sd_disk" -I"C:\Users\Guido\Desktop\PORONGA MICROS\watafac2\ktnuro_sdcard_fatfs\utilities" -I"C:\Users\Guido\Desktop\PORONGA MICROS\watafac2\ktnuro_sdcard_fatfs\component\serial_manager" -I"C:\Users\Guido\Desktop\PORONGA MICROS\watafac2\ktnuro_sdcard_fatfs\component\uart" -O0 -fno-common -g3 -Wall -c  -ffunction-sections  -fdata-sections  -ffreestanding  -fno-builtin -fmerge-constants -fmacro-prefix-map="../source/"=. -mcpu=cortex-m4 -mfpu=fpv4-sp-d16 -mfloat-abi=hard -mthumb -D__REDLIB__ -fstack-usage -specs=redlib.specs -MMD -MP -MF"source/sdcard_fatfs.d" -MT"source/sdcard_fatfs.o" -MT"source/sdcard_fatfs.d" -o "source/sdcard_fatfs.o" "../source/sdcard_fatfs.c"
../source/sdcard_fatfs.c: In function 'exploreFS':
../source/sdcard_fatfs.c:68:10: warning: returning 'int' from a function with return type 'char *' makes pointer from integer without a cast [-Wint-conversion]
   68 |   return -1;
      |          ^
../source/sdcard_fatfs.c: In function 'getPrev':
../source/sdcard_fatfs.c:150:10: warning: unused variable 'error' [-Wunused-variable]
  150 |  FRESULT error;
      |          ^~~~~
../source/sdcard_fatfs.c: In function 'openSelected':
../source/sdcard_fatfs.c:186:10: warning: variable 'ret' set but not used [-Wunused-but-set-variable]
  186 |   char * ret=NULL;
      |          ^~~
../source/sdcard_fatfs.c: In function 'addToPath':
../source/sdcard_fatfs.c:217:13: warning: comparison between pointer and integer
  217 |  while(s[i] != NULL){
      |             ^~
../source/sdcard_fatfs.c: In function 'openSelected':
../source/sdcard_fatfs.c:200:1: warning: control reaches end of non-void function [-Wreturn-type]
  200 | }
      | ^
At top level:
../source/sdcard_fatfs.c:250:12: warning: 'g_fileObject' defined but not used [-Wunused-variable]
  250 | static FIL g_fileObject; /* File object */
      |            ^~~~~~~~~~~~
Finished building: ../source/sdcard_fatfs.c
 
Building target: ktnuro_sdcard_fatfs.axf
Invoking: MCU Linker
arm-none-eabi-gcc -nostdlib -Xlinker -Map="ktnuro_sdcard_fatfs.map" -Xlinker --gc-sections -Xlinker -print-memory-usage -Xlinker --sort-section=alignment -Xlinker --cref -mcpu=cortex-m4 -mfpu=fpv4-sp-d16 -mfloat-abi=hard -mthumb -T ktnuro_sdcard_fatfs_Debug.ld -o "ktnuro_sdcard_fatfs.axf"  ./utilities/fsl_assert.o ./utilities/fsl_debug_console.o ./utilities/fsl_str.o  ./startup/startup_mk64f12.o  ./source/sdcard_fatfs.o ./source/semihost_hardfault.o  ./sdmmc/src/fsl_sd.o ./sdmmc/src/fsl_sdmmc_common.o  ./sdmmc/osa/fsl_sdmmc_osa.o  ./sdmmc/host/fsl_sdmmc_host.o  ./fatfs/source/fsl_sd_disk/fsl_sd_disk.o  ./fatfs/source/fsl_ram_disk/fsl_ram_disk.o  ./fatfs/source/diskio.o ./fatfs/source/ff.o ./fatfs/source/ffsystem.o ./fatfs/source/ffunicode.o  ./drivers/fsl_clock.o ./drivers/fsl_common.o ./drivers/fsl_ftfx_cache.o ./drivers/fsl_ftfx_controller.o ./drivers/fsl_ftfx_flash.o ./drivers/fsl_ftfx_flexnvm.o ./drivers/fsl_gpio.o ./drivers/fsl_sdhc.o ./drivers/fsl_smc.o ./drivers/fsl_sysmpu.o ./drivers/fsl_uart.o  ./device/system_MK64F12.o  ./component/uart/uart_adapter.o  ./component/serial_manager/serial_manager.o ./component/serial_manager/serial_port_uart.o  ./component/osa/fsl_os_abstraction_bm.o  ./component/lists/generic_list.o  ./board/board.o ./board/clock_config.o ./board/pin_mux.o ./board/sdmmc_config.o   
Memory region         Used Size  Region Size  %age Used
   PROGRAM_FLASH:      102648 B         1 MB      9.79%
      SRAM_UPPER:       14368 B       192 KB      7.31%
      SRAM_LOWER:          0 GB        64 KB      0.00%
        FLEX_RAM:          0 GB         4 KB      0.00%
Finished building target: ktnuro_sdcard_fatfs.axf
 
make --no-print-directory post-build
Performing post-build steps
arm-none-eabi-size "ktnuro_sdcard_fatfs.axf"; # arm-none-eabi-objcopy -v -O binary "ktnuro_sdcard_fatfs.axf" "ktnuro_sdcard_fatfs.bin" ; # checksum -p MK64FN1M0xxx12 -d "ktnuro_sdcard_fatfs.bin";
   text	   data	    bss	    dec	    hex	filename
 102632	     16	  14352	 117000	  1c908	ktnuro_sdcard_fatfs.axf
 

21:30:04 Build Finished. 0 errors, 6 warnings. (took 2s.684ms)

