Archive member included to satisfy reference by file (symbol)

c:/nxp/mcuxpressoide_11.2.1_4149/ide/plugins/com.nxp.mcuxpresso.tools.win32_11.2.0.202008311134/tools/bin/../lib/gcc/arm-none-eabi/9.2.1/../../../../arm-none-eabi/lib/thumb/v7e-m+fp/hard\libcr_semihost_nf.a(_cr__main.o)
                              ./startup/startup_mk64f12.o (__main)
c:/nxp/mcuxpressoide_11.2.1_4149/ide/plugins/com.nxp.mcuxpresso.tools.win32_11.2.0.202008311134/tools/bin/../lib/gcc/arm-none-eabi/9.2.1/../../../../arm-none-eabi/lib/thumb/v7e-m+fp/hard\libcr_c.a(memcpy.o)
                              ./utilities/fsl_str.o (memcpy)
c:/nxp/mcuxpressoide_11.2.1_4149/ide/plugins/com.nxp.mcuxpresso.tools.win32_11.2.0.202008311134/tools/bin/../lib/gcc/arm-none-eabi/9.2.1/../../../../arm-none-eabi/lib/thumb/v7e-m+fp/hard\libcr_c.a(memset.o)
                              ./sdmmc/src/fsl_sd.o (memset)
c:/nxp/mcuxpressoide_11.2.1_4149/ide/plugins/com.nxp.mcuxpresso.tools.win32_11.2.0.202008311134/tools/bin/../lib/gcc/arm-none-eabi/9.2.1/../../../../arm-none-eabi/lib/thumb/v7e-m+fp/hard\libcr_c.a(alloc.o)
                              ./drivers/fsl_common.o (malloc)
c:/nxp/mcuxpressoide_11.2.1_4149/ide/plugins/com.nxp.mcuxpresso.tools.win32_11.2.0.202008311134/tools/bin/../lib/gcc/arm-none-eabi/9.2.1/../../../../arm-none-eabi/lib/thumb/v7e-m+fp/hard\libcr_c.a(initio.o)
                              c:/nxp/mcuxpressoide_11.2.1_4149/ide/plugins/com.nxp.mcuxpresso.tools.win32_11.2.0.202008311134/tools/bin/../lib/gcc/arm-none-eabi/9.2.1/../../../../arm-none-eabi/lib/thumb/v7e-m+fp/hard\libcr_semihost_nf.a(_cr__main.o) (_initio)
c:/nxp/mcuxpressoide_11.2.1_4149/ide/plugins/com.nxp.mcuxpresso.tools.win32_11.2.0.202008311134/tools/bin/../lib/gcc/arm-none-eabi/9.2.1/../../../../arm-none-eabi/lib/thumb/v7e-m+fp/hard\libcr_c.a(printf.o)
                              ./utilities/fsl_assert.o (_printf)
c:/nxp/mcuxpressoide_11.2.1_4149/ide/plugins/com.nxp.mcuxpresso.tools.win32_11.2.0.202008311134/tools/bin/../lib/gcc/arm-none-eabi/9.2.1/../../../../arm-none-eabi/lib/thumb/v7e-m+fp/hard\libcr_c.a(scanf.o)
                              ./utilities/fsl_str.o (strtoul)
c:/nxp/mcuxpressoide_11.2.1_4149/ide/plugins/com.nxp.mcuxpresso.tools.win32_11.2.0.202008311134/tools/bin/../lib/gcc/arm-none-eabi/9.2.1/../../../../arm-none-eabi/lib/thumb/v7e-m+fp/hard\libcr_c.a(setvbuf.o)
                              c:/nxp/mcuxpressoide_11.2.1_4149/ide/plugins/com.nxp.mcuxpresso.tools.win32_11.2.0.202008311134/tools/bin/../lib/gcc/arm-none-eabi/9.2.1/../../../../arm-none-eabi/lib/thumb/v7e-m+fp/hard\libcr_c.a(initio.o) (setvbuf)
c:/nxp/mcuxpressoide_11.2.1_4149/ide/plugins/com.nxp.mcuxpresso.tools.win32_11.2.0.202008311134/tools/bin/../lib/gcc/arm-none-eabi/9.2.1/../../../../arm-none-eabi/lib/thumb/v7e-m+fp/hard\libcr_c.a(strlen.o)
                              ./utilities/fsl_str.o (strlen)
c:/nxp/mcuxpressoide_11.2.1_4149/ide/plugins/com.nxp.mcuxpresso.tools.win32_11.2.0.202008311134/tools/bin/../lib/gcc/arm-none-eabi/9.2.1/../../../../arm-none-eabi/lib/thumb/v7e-m+fp/hard\libcr_c.a(ungetc.o)
                              c:/nxp/mcuxpressoide_11.2.1_4149/ide/plugins/com.nxp.mcuxpresso.tools.win32_11.2.0.202008311134/tools/bin/../lib/gcc/arm-none-eabi/9.2.1/../../../../arm-none-eabi/lib/thumb/v7e-m+fp/hard\libcr_c.a(scanf.o) (ungetc)
c:/nxp/mcuxpressoide_11.2.1_4149/ide/plugins/com.nxp.mcuxpresso.tools.win32_11.2.0.202008311134/tools/bin/../lib/gcc/arm-none-eabi/9.2.1/../../../../arm-none-eabi/lib/thumb/v7e-m+fp/hard\libcr_c.a(__fillbuf.o)
                              c:/nxp/mcuxpressoide_11.2.1_4149/ide/plugins/com.nxp.mcuxpresso.tools.win32_11.2.0.202008311134/tools/bin/../lib/gcc/arm-none-eabi/9.2.1/../../../../arm-none-eabi/lib/thumb/v7e-m+fp/hard\libcr_c.a(scanf.o) (__filbuf)
c:/nxp/mcuxpressoide_11.2.1_4149/ide/plugins/com.nxp.mcuxpresso.tools.win32_11.2.0.202008311134/tools/bin/../lib/gcc/arm-none-eabi/9.2.1/../../../../arm-none-eabi/lib/thumb/v7e-m+fp/hard\libcr_c.a(__init_alloc.o)
                              c:/nxp/mcuxpressoide_11.2.1_4149/ide/plugins/com.nxp.mcuxpresso.tools.win32_11.2.0.202008311134/tools/bin/../lib/gcc/arm-none-eabi/9.2.1/../../../../arm-none-eabi/lib/thumb/v7e-m+fp/hard\libcr_c.a(alloc.o) (__heaps)
c:/nxp/mcuxpressoide_11.2.1_4149/ide/plugins/com.nxp.mcuxpresso.tools.win32_11.2.0.202008311134/tools/bin/../lib/gcc/arm-none-eabi/9.2.1/../../../../arm-none-eabi/lib/thumb/v7e-m+fp/hard\libcr_c.a(_cr_sbrk.o)
                              c:/nxp/mcuxpressoide_11.2.1_4149/ide/plugins/com.nxp.mcuxpresso.tools.win32_11.2.0.202008311134/tools/bin/../lib/gcc/arm-none-eabi/9.2.1/../../../../arm-none-eabi/lib/thumb/v7e-m+fp/hard\libcr_c.a(alloc.o) (_sbrk)
c:/nxp/mcuxpressoide_11.2.1_4149/ide/plugins/com.nxp.mcuxpresso.tools.win32_11.2.0.202008311134/tools/bin/../lib/gcc/arm-none-eabi/9.2.1/../../../../arm-none-eabi/lib/thumb/v7e-m+fp/hard\libcr_c.a(_deferredlazyseek.o)
[...]
Memory Configuration

Name             Origin             Length             Attributes
PROGRAM_FLASH    0x00000000         0x00100000         xr
SRAM_UPPER       0x20000000         0x00030000         xrw
SRAM_LOWER       0x1fff0000         0x00010000         xrw
FLEX_RAM         0x14000000         0x00001000         xrw
*default*        0x00000000         0xffffffff

Linker script and memory map

LOAD ./utilities/fsl_assert.o
LOAD ./utilities/fsl_debug_console.o
LOAD ./utilities/fsl_str.o
LOAD ./startup/startup_mk64f12.o
LOAD ./source/sdcard_fatfs.o
LOAD ./source/semihost_hardfault.o
LOAD ./sdmmc/src/fsl_sd.o
LOAD ./sdmmc/src/fsl_sdmmc_common.o
LOAD ./sdmmc/osa/fsl_sdmmc_osa.o
LOAD ./sdmmc/host/fsl_sdmmc_host.o
LOAD ./fatfs/source/fsl_sd_disk/fsl_sd_disk.o
LOAD ./fatfs/source/fsl_ram_disk/fsl_ram_disk.o
LOAD ./fatfs/source/diskio.o
LOAD ./fatfs/source/ff.o
LOAD ./fatfs/source/ffsystem.o
LOAD ./fatfs/source/ffunicode.o
LOAD ./drivers/fsl_clock.o
LOAD ./drivers/fsl_common.o
LOAD ./drivers/fsl_ftfx_cache.o
LOAD ./drivers/fsl_ftfx_controller.o
LOAD ./drivers/fsl_ftfx_flash.o
LOAD ./drivers/fsl_ftfx_flexnvm.o
LOAD ./drivers/fsl_gpio.o
LOAD ./drivers/fsl_sdhc.o
LOAD ./drivers/fsl_smc.o
LOAD ./drivers/fsl_sysmpu.o
LOAD ./drivers/fsl_uart.o
LOAD ./device/system_MK64F12.o
LOAD ./component/uart/uart_adapter.o
LOAD ./component/serial_manager/serial_manager.o
LOAD ./component/serial_manager/serial_port_uart.o
LOAD ./component/osa/fsl_os_abstraction_bm.o
LOAD ./component/lists/generic_list.o
LOAD ./board/board.o
LOAD ./board/clock_config.o
LOAD ./board/pin_mux.o
LOAD ./board/sdmmc_config.o
START GROUP
LOAD c:/nxp/mcuxpressoide_11.2.1_4149/ide/plugins/com.nxp.mcuxpresso.tools.win32_11.2.0.202008311134/tools/bin/../lib/gcc/arm-none-eabi/9.2.1/../../../../arm-none-eabi/lib/thumb/v7e-m+fp/hard\libcr_semihost_nf.a
LOAD c:/nxp/mcuxpressoide_11.2.1_4149/ide/plugins/com.nxp.mcuxpresso.tools.win32_11.2.0.202008311134/tools/bin/../lib/gcc/arm-none-eabi/9.2.1/../../../../arm-none-eabi/lib/thumb/v7e-m+fp/hard\libcr_c.a
LOAD c:/nxp/mcuxpressoide_11.2.1_4149/ide/plugins/com.nxp.mcuxpresso.tools.win32_11.2.0.202008311134/tools/bin/../lib/gcc/arm-none-eabi/9.2.1/thumb/v7e-m+fp/hard\libcr_eabihelpers.a
LOAD c:/nxp/mcuxpressoide_11.2.1_4149/ide/plugins/com.nxp.mcuxpresso.tools.win32_11.2.0.202008311134/tools/bin/../lib/gcc/arm-none-eabi/9.2.1/thumb/v7e-m+fp/hard\libgcc.a
END GROUP
                0x00000000                __base_PROGRAM_FLASH = 0x0
                0x00000000                __base_Flash = 0x0
                0x00100000                __top_PROGRAM_FLASH = 0x100000
                0x00100000                __top_Flash = 0x100000
                0x20000000                __base_SRAM_UPPER = 0x20000000
                0x20000000                __base_RAM = 0x20000000
                0x20030000                __top_SRAM_UPPER = 0x20030000
                0x20030000                __top_RAM = 0x20030000
                0x1fff0000                __base_SRAM_LOWER = 0x1fff0000
                0x1fff0000                __base_RAM2 = 0x1fff0000
                0x20000000                __top_SRAM_LOWER = 0x20000000
                0x20000000                __top_RAM2 = 0x20000000
                0x14000000                __base_FLEX_RAM = 0x14000000
                0x14000000                __base_RAM3 = 0x14000000
                0x14001000                __top_FLEX_RAM = 0x14001000
                0x14001000                __top_RAM3 = 0x14001000

.text           0x00000000    0x190e8
 FILL mask 0xff
                0x00000000                __vectors_start__ = ABSOLUTE (.)
 *(SORT_BY_ALIGNMENT(.isr_vector))
 .isr_vector    0x00000000      0x198 ./startup/startup_mk64f12.o
                0x00000000                g_pfnVectors
                0x00000000                __Vectors
                0x00000198                . = ALIGN (0x4)
                0x00000198                __section_table_start = .
                0x00000198                __data_section_table = .
                0x00000198        0x4 LONG 0x190e8 LOADADDR (.data)
                0x0000019c        0x4 LONG 0x20000000 ADDR (.data)
                0x000001a0        0x4 LONG 0x10 SIZEOF (.data)
                0x000001a4        0x4 LONG 0x190e8 LOADADDR (.data_RAM2)
                0x000001a8        0x4 LONG 0x1fff0000 ADDR (.data_RAM2)
                0x000001ac        0x4 LONG 0x0 SIZEOF (.data_RAM2)
                0x000001b0        0x4 LONG 0x190e8 LOADADDR (.data_RAM3)
                0x000001b4        0x4 LONG 0x14000000 ADDR (.data_RAM3)
                0x000001b8        0x4 LONG 0x0 SIZEOF (.data_RAM3)
                0x000001bc                __data_section_table_end = .
                0x000001bc                __bss_section_table = .
                0x000001bc        0x4 LONG 0x20000010 ADDR (.bss)
                0x000001c0        0x4 LONG 0x2010 SIZEOF (.bss)
                0x000001c4        0x4 LONG 0x1fff0000 ADDR (.bss_RAM2)
                0x000001c8        0x4 LONG 0x0 SIZEOF (.bss_RAM2)
                0x000001cc        0x4 LONG 0x14000000 ADDR (.bss_RAM3)
                0x000001d0        0x4 LONG 0x0 SIZEOF (.bss_RAM3)
                0x000001d4                __bss_section_table_end = .
                0x000001d4                __section_table_end = .
 *(SORT_BY_ALIGNMENT(.after_vectors*))
 .after_vectors.reset
                0x000001d4       0x4c ./startup/startup_mk64f12.o
                0x000001d4                ResetISR
 .after_vectors.init_data
                0x00000220       0x1e ./startup/startup_mk64f12.o
                0x00000220                data_init
 .after_vectors.init_bss
                0x0000023e       0x12 ./startup/startup_mk64f12.o
                0x0000023e                bss_init
 .after_vectors
                0x00000250       0x14 ./startup/startup_mk64f12.o
                0x00000250                NMI_Handler
                0x00000254                MemManage_Handler
                0x00000256                BusFault_Handler
                0x00000258                UsageFault_Handler
                0x0000025a                SVC_Handler
                0x0000025c                DebugMon_Handler
                0x0000025e                PendSV_Handler
                0x00000260                SysTick_Handler
                0x00000262                DMA_Error_DriverIRQHandler
                0x00000262                LPTMR0_DriverIRQHandler
                0x00000262                FTM1_DriverIRQHandler
                0x00000262                FTM2_DriverIRQHandler
                0x00000262                PIT2_DriverIRQHandler
                0x00000262                I2S0_Tx_DriverIRQHandler
                0x00000262                RTC_Seconds_DriverIRQHandler
                0x00000262                DMA6_DriverIRQHandler
                0x00000262                LLWU_DriverIRQHandler
                0x00000262                MCM_DriverIRQHandler
                0x00000262                MCG_DriverIRQHandler
                0x00000262                ENET_1588_Timer_DriverIRQHandler
                0x00000262                I2C2_DriverIRQHandler
                0x00000262                DAC1_DriverIRQHandler
                0x00000262                SPI1_DriverIRQHandler
                0x00000262                CMP1_DriverIRQHandler
                0x00000262                FTM0_DriverIRQHandler
                0x00000262                IntDefaultHandler
                0x00000262                USB0_DriverIRQHandler
                0x00000262                UART5_ERR_DriverIRQHandler
                0x00000262                PORTC_DriverIRQHandler
                0x00000262                DMA11_DriverIRQHandler
                0x00000262                DAC0_DriverIRQHandler
                0x00000262                DMA10_DriverIRQHandler
                0x00000262                CMP2_DriverIRQHandler
                0x00000262                UART2_ERR_DriverIRQHandler
                0x00000262                SPI2_DriverIRQHandler
                0x00000262                LVD_LVW_DriverIRQHandler
                0x00000262                PIT0_DriverIRQHandler
                0x00000262                DMA12_DriverIRQHandler
                0x00000262                DMA5_DriverIRQHandler
                0x00000262                DMA4_DriverIRQHandler
                0x00000262                USBDCD_DriverIRQHandler
                0x00000262                UART3_ERR_DriverIRQHandler
                0x00000262                DMA3_DriverIRQHandler
                0x00000262                DMA8_DriverIRQHandler
                0x00000262                DMA9_DriverIRQHandler
                0x00000262                UART0_ERR_DriverIRQHandler
                0x00000262                CMT_DriverIRQHandler
                0x00000262                Reserved71_DriverIRQHandler
                0x00000262                ADC1_DriverIRQHandler
                0x00000262                PORTA_DriverIRQHandler
                0x00000262                DMA14_DriverIRQHandler
                0x00000262                PIT3_DriverIRQHandler
                0x00000262                PIT1_DriverIRQHandler
                0x00000262                WDOG_EWM_DriverIRQHandler
                0x00000262                PDB0_DriverIRQHandler
                0x00000262                RTC_DriverIRQHandler
                0x00000262                I2S0_Rx_DriverIRQHandler
                0x00000262                Read_Collision_DriverIRQHandler
                0x00000262                SWI_DriverIRQHandler
                0x00000262                UART4_ERR_DriverIRQHandler
                0x00000262                PORTB_DriverIRQHandler
                0x00000262                UART0_LON_DriverIRQHandler
                0x00000262                DMA0_DriverIRQHandler
                0x00000262                DMA1_DriverIRQHandler
                0x00000262                I2C1_DriverIRQHandler
                0x00000262                ENET_Receive_DriverIRQHandler
                0x00000262                DMA13_DriverIRQHandler
                0x00000262                ENET_Error_DriverIRQHandler
                0x00000262                DMA15_DriverIRQHandler
                0x00000262                SPI0_DriverIRQHandler
                0x00000262                ADC0_DriverIRQHandler
                0x00000262                CMP0_DriverIRQHandler
                0x00000262                CAN0_DriverIRQHandler
                0x00000262                FTM3_DriverIRQHandler
                0x00000262                RNG_DriverIRQHandler
                0x00000262                UART1_ERR_DriverIRQHandler
                0x00000262                DMA2_DriverIRQHandler
                0x00000262                ENET_Transmit_DriverIRQHandler
                0x00000262                PORTD_DriverIRQHandler
                0x00000262                PORTE_DriverIRQHandler
                0x00000262                FTFE_DriverIRQHandler
                0x00000262                I2C0_DriverIRQHandler
                0x00000262                DMA7_DriverIRQHandler
                0x00000400                . = 0x400
 *fill*         0x00000264      0x19c ff
                0x00000400                PROVIDE (__FLASH_CONFIG_START__ = .)
 *(SORT_BY_ALIGNMENT(.FlashConfig))
 .FlashConfig   0x00000400       0x10 ./startup/startup_mk64f12.o
                0x00000400                Flash_Config
                0x00000410                PROVIDE (__FLASH_CONFIG_END__ = .)
                0x00000001                ASSERT (! ((__FLASH_CONFIG_START__ == __FLASH_CONFIG_END__)), Linker Flash Config Support Enabled, but no .FlashConfig section provided within application)
 *(SORT_BY_ALIGNMENT(.text*))
 .text.__assertion_failed
                0x00000410       0x18 ./utilities/fsl_assert.o
                0x00000410                __assertion_failed
 .text.exploreFS
                0x00000428      0x128 ./source/sdcard_fatfs.o
                0x00000428                exploreFS
 .text.getNext  0x00000550      0x13c ./source/sdcard_fatfs.o
                0x00000550                getNext
 .text.getPrev  0x0000068c      0x10c ./source/sdcard_fatfs.o
                0x0000068c                getPrev
 .text.openSelected
                0x00000798       0x98 ./source/sdcard_fatfs.o
                0x00000798                openSelected
 .text.goBackDir
                0x00000830       0x4c ./source/sdcard_fatfs.o
                0x00000830                goBackDir
 .text.addToPath
                0x0000087c       0x74 ./source/sdcard_fatfs.o
                0x0000087c                addToPath
 .text.removeDirFromPath
                0x000008f0       0x4c ./source/sdcard_fatfs.o
                0x000008f0                removeDirFromPath
 .text.main     0x0000093c      0x1b4 ./source/sdcard_fatfs.o
                0x0000093c                main
 .text.sdcardWaitCardInsert
                0x00000af0       0x6c ./source/sdcard_fatfs.o
 .text.SD_SendApplicationCmd
                0x00000b5c       0x30 ./sdmmc/src/fsl_sd.o
 .text.SD_GoIdle
                0x00000b8c       0x2c ./sdmmc/src/fsl_sd.o
 .text.SD_SetBlockSize
                0x00000bb8       0x30 ./sdmmc/src/fsl_sd.o
 .text.SD_StopTransmission
                0x00000be8       0x80 ./sdmmc/src/fsl_sd.o
 .text.SD_Transfer
                0x00000c68       0x64 ./sdmmc/src/fsl_sd.o
 .text.SD_WaitWriteComplete
                0x00000ccc       0x8c ./sdmmc/src/fsl_sd.o
 .text.SD_SendWriteSuccessBlocks
                0x00000d58       0xe0 ./sdmmc/src/fsl_sd.o
 .text.SD_SendRca
                0x00000e38       0x74 ./sdmmc/src/fsl_sd.o
 .text.SD_SwitchFunction
                0x00000eac       0xc8 ./sdmmc/src/fsl_sd.o
 .text.SD_DecodeScr
                0x00000f74      0x17c ./sdmmc/src/fsl_sd.o
 .text.SD_SendScr
                0x000010f0      0x138 ./sdmmc/src/fsl_sd.o
 .text.SD_SelectFunction
                0x00001228      0x2b0 ./sdmmc/src/fsl_sd.o
 .text.SD_SetDataBusWidth
                0x000014d8       0xa0 ./sdmmc/src/fsl_sd.o
 .text.SD_DecodeCsd
                0x00001578      0x378 ./sdmmc/src/fsl_sd.o
 .text.SD_SendCsd
                0x000018f0       0x98 ./sdmmc/src/fsl_sd.o
 .text.SD_DecodeCid
                0x00001988       0xd4 ./sdmmc/src/fsl_sd.o
 .text.SD_AllSendCid
                0x00001a5c       0x8c ./sdmmc/src/fsl_sd.o
 .text.SD_ApplicationSendOperationCondition
                0x00001ae8       0xdc ./sdmmc/src/fsl_sd.o
 .text.SD_SendInterfaceCondition
                0x00001bc4       0x98 ./sdmmc/src/fsl_sd.o
 .text.SD_SelectBusTiming
                0x00001c5c       0xe0 ./sdmmc/src/fsl_sd.o
 .text.SD_DecodeStatus
                0x00001d3c      0x114 ./sdmmc/src/fsl_sd.o
 .text.SD_ReadStatus
                0x00001e50      0x164 ./sdmmc/src/fsl_sd.o
                0x00001e50                SD_ReadStatus
 .text.SD_SelectCard
                0x00001fb4       0x38 ./sdmmc/src/fsl_sd.o
                0x00001fb4                SD_SelectCard
 .text.SD_Read  0x00001fec      0x12c ./sdmmc/src/fsl_sd.o
 .text.SD_Write
                0x00002118      0x168 ./sdmmc/src/fsl_sd.o
 .text.SD_ReadBlocks
                0x00002280      0x148 ./sdmmc/src/fsl_sd.o
                0x00002280                SD_ReadBlocks
 .text.SD_WriteBlocks
                0x000023c8      0x14c ./sdmmc/src/fsl_sd.o
                0x000023c8                SD_WriteBlocks
 .text.SD_ProbeBusVoltage
                0x00002514       0x9c ./sdmmc/src/fsl_sd.o
                0x00002514                SD_ProbeBusVoltage
 .text.SD_CardInit
                0x000025b0      0x148 ./sdmmc/src/fsl_sd.o
                0x000025b0                SD_CardInit
 .text.SD_CardDeinit
                0x000026f8       0x28 ./sdmmc/src/fsl_sd.o
                0x000026f8                SD_CardDeinit
 .text.SD_HostInit
                0x00002720       0x80 ./sdmmc/src/fsl_sd.o
                0x00002720                SD_HostInit
 .text.SD_SetCardPower
                0x000027a0       0x50 ./sdmmc/src/fsl_sd.o
                0x000027a0                SD_SetCardPower
 .text.SD_PollingCardInsert
                0x000027f0       0xcc ./sdmmc/src/fsl_sd.o
                0x000027f0                SD_PollingCardInsert
 .text.SDMMC_SelectCard
                0x000028bc       0x80 ./sdmmc/src/fsl_sdmmc_common.o
                0x000028bc                SDMMC_SelectCard
 .text.SDMMC_SendApplicationCommand
                0x0000293c       0x7c ./sdmmc/src/fsl_sdmmc_common.o
                0x0000293c                SDMMC_SendApplicationCommand
 .text.SDMMC_SetBlockSize
                0x000029b8       0x68 ./sdmmc/src/fsl_sdmmc_common.o
                0x000029b8                SDMMC_SetBlockSize
 .text.SDMMC_OSAEventCreate
                0x00002a20       0x2c ./sdmmc/osa/fsl_sdmmc_osa.o
                0x00002a20                SDMMC_OSAEventCreate
 .text.SDMMC_OSAEventWait
                0x00002a4c       0x60 ./sdmmc/osa/fsl_sdmmc_osa.o
                0x00002a4c                SDMMC_OSAEventWait
 .text.SDMMC_OSAEventSet
                0x00002aac       0x2c ./sdmmc/osa/fsl_sdmmc_osa.o
                0x00002aac                SDMMC_OSAEventSet
 .text.SDMMC_OSAEventGet
                0x00002ad8       0x40 ./sdmmc/osa/fsl_sdmmc_osa.o
                0x00002ad8                SDMMC_OSAEventGet
 .text.SDMMC_OSAEventClear
                0x00002b18       0x2c ./sdmmc/osa/fsl_sdmmc_osa.o
                0x00002b18                SDMMC_OSAEventClear
 .text.SDMMC_OSADelay
                0x00002b44       0x28 ./sdmmc/osa/fsl_sdmmc_osa.o
                0x00002b44                SDMMC_OSADelay
 .text.SDMMCHOST_PollingCardDetectStatus
                0x00002b6c       0xc0 ./sdmmc/host/fsl_sdmmc_host.o
                0x00002b6c                SDMMCHOST_PollingCardDetectStatus
 .text.SDMMCHOST_Init
                0x00002c2c       0xb4 ./sdmmc/host/fsl_sdmmc_host.o
                0x00002c2c                SDMMCHOST_Init
 .text.sd_disk_write
                0x00002ce0       0x40 ./fatfs/source/fsl_sd_disk/fsl_sd_disk.o
                0x00002ce0                sd_disk_write
 .text.sd_disk_read
                0x00002d20       0x40 ./fatfs/source/fsl_sd_disk/fsl_sd_disk.o
                0x00002d20                sd_disk_read
 .text.sd_disk_initialize
                0x00002d60       0x68 ./fatfs/source/fsl_sd_disk/fsl_sd_disk.o
                0x00002d60                sd_disk_initialize
 .text.cmp_lfn  0x00002dc8       0xdc ./fatfs/source/ff.o
 .text.pick_lfn
                0x00002ea4       0xcc ./fatfs/source/ff.o
 .text.create_name
                0x00002f70      0x434 ./fatfs/source/ff.o
 .text.get_ldnumber
                0x000033a4       0x90 ./fatfs/source/ff.o
 .text.check_fs
                0x00003434      0x118 ./fatfs/source/ff.o
 .text.mount_volume
                0x0000354c      0x404 ./fatfs/source/ff.o
 .text.f_mount  0x00003950       0x80 ./fatfs/source/ff.o
                0x00003950                f_mount
 .text.f_chdrive
                0x000039d0       0x34 ./fatfs/source/ff.o
                0x000039d0                f_chdrive
 .text.ff_uni2oem
                0x00003a04       0xb8 ./fatfs/source/ffunicode.o
                0x00003a04                ff_uni2oem
 .text.ff_oem2uni
                0x00003abc       0xb0 ./fatfs/source/ffunicode.o
                0x00003abc                ff_oem2uni
 .text.ff_wtoupper
                0x00003b6c      0x124 ./fatfs/source/ffunicode.o
                0x00003b6c                ff_wtoupper
 .text.CLOCK_SetEr32kClock
                0x00003c90       0x30 ./drivers/fsl_clock.o
 .text.CLOCK_SetPllFllSelClock
                0x00003cc0       0x3c ./drivers/fsl_clock.o
 .text.CLOCK_GetMcgExtClkFreq
                0x00003cfc       0x7c ./drivers/fsl_clock.o
 .text.CLOCK_GetFllExtRefClkFreq
                0x00003d78       0xb0 ./drivers/fsl_clock.o
 .text.CLOCK_GetInternalRefClkSelectFreq
                0x00003e28       0x4c ./drivers/fsl_clock.o
 .text.CLOCK_GetFllRefClkFreq
                0x00003e74       0x34 ./drivers/fsl_clock.o
 .text.CLOCK_GetOscRangeFromFreq
                0x00003ea8       0x3c ./drivers/fsl_clock.o
 .text.CLOCK_GetOsc0ErClkFreq
                0x00003ee4       0x44 ./drivers/fsl_clock.o
                0x00003ee4                CLOCK_GetOsc0ErClkFreq
 .text.CLOCK_GetEr32kClkFreq
                0x00003f28       0x74 ./drivers/fsl_clock.o
                0x00003f28                CLOCK_GetEr32kClkFreq
 .text.CLOCK_GetPllFllSelClkFreq
                0x00003f9c       0x58 ./drivers/fsl_clock.o
                0x00003f9c                CLOCK_GetPllFllSelClkFreq
 .text.CLOCK_GetCoreSysClkFreq
                0x00003ff4       0x28 ./drivers/fsl_clock.o
                0x00003ff4                CLOCK_GetCoreSysClkFreq
 .text.CLOCK_GetFreq
                0x0000401c      0x148 ./drivers/fsl_clock.o
                0x0000401c                CLOCK_GetFreq
 .text.CLOCK_SetSimConfig
                0x00004164       0x38 ./drivers/fsl_clock.o
                0x00004164                CLOCK_SetSimConfig
 .text.CLOCK_GetOutClkFreq
                0x0000419c       0x64 ./drivers/fsl_clock.o
                0x0000419c                CLOCK_GetOutClkFreq
 .text.CLOCK_GetFllFreq
                0x00004200       0x84 ./drivers/fsl_clock.o
                0x00004200                CLOCK_GetFllFreq
 .text.CLOCK_GetInternalRefClkFreq
                0x00004284       0x30 ./drivers/fsl_clock.o
                0x00004284                CLOCK_GetInternalRefClkFreq
 .text.CLOCK_GetPll0Freq
                0x000042b4       0x78 ./drivers/fsl_clock.o
                0x000042b4                CLOCK_GetPll0Freq
 .text.CLOCK_SetExternalRefClkConfig
                0x0000432c       0x6c ./drivers/fsl_clock.o
                0x0000432c                CLOCK_SetExternalRefClkConfig
 .text.CLOCK_SetInternalRefClkConfig
                0x00004398      0x104 ./drivers/fsl_clock.o
                0x00004398                CLOCK_SetInternalRefClkConfig
 .text.CLOCK_EnablePll0
                0x0000449c       0x88 ./drivers/fsl_clock.o
                0x0000449c                CLOCK_EnablePll0
 .text.CLOCK_InitOsc0
                0x00004524       0x8c ./drivers/fsl_clock.o
                0x00004524                CLOCK_InitOsc0
 .text.CLOCK_SetPbeMode
                0x000045b0       0xa8 ./drivers/fsl_clock.o
                0x000045b0                CLOCK_SetPbeMode
 .text.CLOCK_BootToPeeMode
                0x00004658       0x64 ./drivers/fsl_clock.o
                0x00004658                CLOCK_BootToPeeMode
 .text.SDK_DelayAtLeastUs
                0x000046bc       0x90 ./drivers/fsl_common.o
                0x000046bc                SDK_DelayAtLeastUs
 .text.__NVIC_EnableIRQ
                0x0000474c       0x3c ./drivers/fsl_sdhc.o
 .text.SDHC_GetInstance
                0x00004788       0x40 ./drivers/fsl_sdhc.o
 .text.SDHC_ReceiveCommandResponse
                0x000047c8       0xc0 ./drivers/fsl_sdhc.o
 .text.SDHC_TransferHandleCommand
                0x00004888       0xb0 ./drivers/fsl_sdhc.o
 .text.SDHC_TransferHandleData
                0x00004938       0xdc ./drivers/fsl_sdhc.o
 .text.SDHC_Init
                0x00004a14      0x114 ./drivers/fsl_sdhc.o
                0x00004a14                SDHC_Init
 .text.SDHC_SetSdClock
                0x00004b28      0x17c ./drivers/fsl_sdhc.o
                0x00004b28                SDHC_SetSdClock
 .text.SDHC_SetTransferConfig
                0x00004ca4       0x8c ./drivers/fsl_sdhc.o
                0x00004ca4                SDHC_SetTransferConfig
 .text.SDHC_SetAdmaTableConfig
                0x00004d30      0x160 ./drivers/fsl_sdhc.o
                0x00004d30                SDHC_SetAdmaTableConfig
 .text.SDHC_TransferCreateHandle
                0x00004e90       0xa0 ./drivers/fsl_sdhc.o
                0x00004e90                SDHC_TransferCreateHandle
 .text.SDHC_TransferNonBlocking
                0x00004f30      0x13c ./drivers/fsl_sdhc.o
                0x00004f30                SDHC_TransferNonBlocking
 .text.SDHC_TransferHandleIRQ
                0x0000506c       0x9c ./drivers/fsl_sdhc.o
                0x0000506c                SDHC_TransferHandleIRQ
 .text.SDHC_DriverIRQHandler
                0x00005108       0x3c ./drivers/fsl_sdhc.o
                0x00005108                SDHC_DriverIRQHandler
 .text.UART0_DriverIRQHandler
                0x00005144       0x28 ./drivers/fsl_uart.o
                0x00005144                UART0_DriverIRQHandler
 .text.UART1_DriverIRQHandler
                0x0000516c       0x28 ./drivers/fsl_uart.o
                0x0000516c                UART1_DriverIRQHandler
 .text.UART2_DriverIRQHandler
                0x00005194       0x28 ./drivers/fsl_uart.o
                0x00005194                UART2_DriverIRQHandler
 .text.UART3_DriverIRQHandler
                0x000051bc       0x28 ./drivers/fsl_uart.o
                0x000051bc                UART3_DriverIRQHandler
 .text.UART4_DriverIRQHandler
                0x000051e4       0x28 ./drivers/fsl_uart.o
                0x000051e4                UART4_DriverIRQHandler
 .text.UART5_DriverIRQHandler
                0x0000520c       0x28 ./drivers/fsl_uart.o
                0x0000520c                UART5_DriverIRQHandler
 .text.SystemInit
                0x00005234       0x3c ./device/system_MK64F12.o
                0x00005234                SystemInit
 .text.OSA_EventCreate
                0x00005270       0x48 ./component/osa/fsl_os_abstraction_bm.o
                0x00005270                OSA_EventCreate
 .text.CLOCK_SetSimSafeDivs
                0x000052b8       0x20 ./board/clock_config.o
 .text.CLOCK_SetXtal0Freq
                0x000052d8       0x20 ./board/clock_config.o
 .text.CLOCK_CONFIG_SetFllExtRefDiv
                0x000052f8       0x3c ./board/clock_config.o
 .text.BOARD_BootClockRUN
                0x00005334       0x60 ./board/clock_config.o
                0x00005334                BOARD_BootClockRUN
 .text.PORT_SetPinConfig
                0x00005394       0x38 ./board/pin_mux.o
 .text.BOARD_InitPins
                0x000053cc      0x188 ./board/pin_mux.o
                0x000053cc                BOARD_InitPins
 .text.__NVIC_EnableIRQ
                0x00005554       0x3c ./board/sdmmc_config.o
 .text.__NVIC_SetPriority
                0x00005590       0x54 ./board/sdmmc_config.o
 .text.BOARD_SDCardGetDetectStatus
                0x000055e4       0x20 ./board/sdmmc_config.o
                0x000055e4                BOARD_SDCardGetDetectStatus
 .text.PORTE_IRQHandler
                0x00005604       0x48 ./board/sdmmc_config.o
                0x00005604                PORTE_IRQHandler
 .text.BOARD_SDCardDetectInit
                0x0000564c       0x74 ./board/sdmmc_config.o
                0x0000564c                BOARD_SDCardDetectInit
 .text.BOARD_SD_Config
                0x000056c0       0x80 ./board/sdmmc_config.o
                0x000056c0                BOARD_SD_Config
 .text.malloc   0x00005740       0xc8 c:/nxp/mcuxpressoide_11.2.1_4149/ide/plugins/com.nxp.mcuxpresso.tools.win32_11.2.0.202008311134/tools/bin/../lib/gcc/arm-none-eabi/9.2.1/../../../../arm-none-eabi/lib/thumb/v7e-m+fp/hard\libcr_c.a(alloc.o)
                0x00005740                malloc
 .text._Csys_alloc
                0x00005808       0x20 c:/nxp/mcuxpressoide_11.2.1_4149/ide/plugins/com.nxp.mcuxpresso.tools.win32_11.2.0.202008311134/tools/bin/../lib/gcc/arm-none-eabi/9.2.1/../../../../arm-none-eabi/lib/thumb/v7e-m+fp/hard\libcr_c.a(alloc.o)
                0x00005808                _Csys_alloc
 .text._initio  0x00005828       0x78 c:/nxp/mcuxpressoide_11.2.1_4149/ide/plugins/com.nxp.mcuxpresso.tools.win32_11.2.0.202008311134/tools/bin/../lib/gcc/arm-none-eabi/9.2.1/../../../../arm-none-eabi/lib/thumb/v7e-m+fp/hard\libcr_c.a(initio.o)
                0x00005828                _initio
 .text.__vfprintf
                0x000058a0      0xce8 c:/nxp/mcuxpressoide_11.2.1_4149/ide/plugins/com.nxp.mcuxpresso.tools.win32_11.2.0.202008311134/tools/bin/../lib/gcc/arm-none-eabi/9.2.1/../../../../arm-none-eabi/lib/thumb/v7e-m+fp/hard\libcr_c.a(printf.o)
                0x000058a0                __vfprintf
 .text._vsnprintf
                0x00006588       0x68 c:/nxp/mcuxpressoide_11.2.1_4149/ide/plugins/com.nxp.mcuxpresso.tools.win32_11.2.0.202008311134/tools/bin/../lib/gcc/arm-none-eabi/9.2.1/../../../../arm-none-eabi/lib/thumb/v7e-m+fp/hard\libcr_c.a(printf.o)
                0x00006588                _vsnprintf
 .text._printf  0x000065f0       0x54 c:/nxp/mcuxpressoide_11.2.1_4149/ide/plugins/com.nxp.mcuxpresso.tools.win32_11.2.0.202008311134/tools/bin/../lib/gcc/arm-none-eabi/9.2.1/../../../../arm-none-eabi/lib/thumb/v7e-m+fp/hard\libcr_c.a(printf.o)
                0x000065f0                _printf
 .text._sbrk    0x00006644       0x3c c:/nxp/mcuxpressoide_11.2.1_4149/ide/plugins/com.nxp.mcuxpresso.tools.win32_11.2.0.202008311134/tools/bin/../lib/gcc/arm-none-eabi/9.2.1/../../../../arm-none-eabi/lib/thumb/v7e-m+fp/hard\libcr_c.a(_cr_sbrk.o)
                0x00006644                _sbrk
 .text._Cwritebuf
                0x00006680       0x6c c:/nxp/mcuxpressoide_11.2.1_4149/ide/plugins/com.nxp.mcuxpresso.tools.win32_11.2.0.202008311134/tools/bin/../lib/gcc/arm-none-eabi/9.2.1/../../../../arm-none-eabi/lib/thumb/v7e-m+fp/hard\libcr_c.a(_writebuf.o)
                0x00006680                _Cwritebuf
 .text.fflush   0x000066ec       0x44 c:/nxp/mcuxpressoide_11.2.1_4149/ide/plugins/com.nxp.mcuxpresso.tools.win32_11.2.0.202008311134/tools/bin/../lib/gcc/arm-none-eabi/9.2.1/../../../../arm-none-eabi/lib/thumb/v7e-m+fp/hard\libcr_c.a(fflush.o)
                0x000066ec                fflush
 .text.fseek    0x00006730      0x100 c:/nxp/mcuxpressoide_11.2.1_4149/ide/plugins/com.nxp.mcuxpresso.tools.win32_11.2.0.202008311134/tools/bin/../lib/gcc/arm-none-eabi/9.2.1/../../../../arm-none-eabi/lib/thumb/v7e-m+fp/hard\libcr_c.a(fseek.o)
                0x00006730                fseek
 .text.ftell    0x00006830       0x44 c:/nxp/mcuxpressoide_11.2.1_4149/ide/plugins/com.nxp.mcuxpresso.tools.win32_11.2.0.202008311134/tools/bin/../lib/gcc/arm-none-eabi/9.2.1/../../../../arm-none-eabi/lib/thumb/v7e-m+fp/hard\libcr_c.a(ftell.o)
                0x00006830                ftell
 .text.__check_heap_overflow
                0x00006874       0x18 c:/nxp/mcuxpressoide_11.2.1_4149/ide/plugins/com.nxp.mcuxpresso.tools.win32_11.2.0.202008311134/tools/bin/../lib/gcc/arm-none-eabi/9.2.1/../../../../arm-none-eabi/lib/thumb/v7e-m+fp/hard\libcr_c.a(_cr_check_heap.o)
                0x00006874                __check_heap_overflow
 .text.__sys_appexit
                0x0000688c        0xc c:/nxp/mcuxpressoide_11.2.1_4149/ide/plugins/com.nxp.mcuxpresso.tools.win32_11.2.0.202008311134/tools/bin/../lib/gcc/arm-none-eabi/9.2.1/../../../../arm-none-eabi/lib/thumb/v7e-m+fp/hard\libcr_semihost_nf.a(__sys_appexit.o)
                0x0000688c                __sys_appexit
                0x0000688c                __exit
 .text.DMA0_IRQHandler
                0x00006898        0x8 ./startup/startup_mk64f12.o
                0x00006898                DMA0_IRQHandler
 .text.DMA1_IRQHandler
                0x000068a0        0x8 ./startup/startup_mk64f12.o
                0x000068a0                DMA1_IRQHandler
 .text.DMA2_IRQHandler
                0x000068a8        0x8 ./startup/startup_mk64f12.o
                0x000068a8                DMA2_IRQHandler
 .text.DMA3_IRQHandler
                0x000068b0        0x8 ./startup/startup_mk64f12.o
                0x000068b0                DMA3_IRQHandler
 .text.DMA4_IRQHandler
                0x000068b8        0x8 ./startup/startup_mk64f12.o
                0x000068b8                DMA4_IRQHandler
 .text.DMA5_IRQHandler
                0x000068c0        0x8 ./startup/startup_mk64f12.o
                0x000068c0                DMA5_IRQHandler
 .text.DMA6_IRQHandler
                0x000068c8        0x8 ./startup/startup_mk64f12.o
                0x000068c8                DMA6_IRQHandler
 .text.DMA7_IRQHandler
                0x000068d0        0x8 ./startup/startup_mk64f12.o
                0x000068d0                DMA7_IRQHandler
 .text.DMA8_IRQHandler
                0x000068d8        0x8 ./startup/startup_mk64f12.o
                0x000068d8                DMA8_IRQHandler
 .text.DMA9_IRQHandler
                0x000068e0        0x8 ./startup/startup_mk64f12.o
                0x000068e0                DMA9_IRQHandler
 .text.DMA10_IRQHandler
                0x000068e8        0x8 ./startup/startup_mk64f12.o
                0x000068e8                DMA10_IRQHandler
 .text.DMA11_IRQHandler
                0x000068f0        0x8 ./startup/startup_mk64f12.o
                0x000068f0                DMA11_IRQHandler
 .text.DMA12_IRQHandler
                0x000068f8        0x8 ./startup/startup_mk64f12.o
                0x000068f8                DMA12_IRQHandler
 .text.DMA13_IRQHandler
                0x00006900        0x8 ./startup/startup_mk64f12.o
                0x00006900                DMA13_IRQHandler
 .text.DMA14_IRQHandler
                0x00006908        0x8 ./startup/startup_mk64f12.o
                0x00006908                DMA14_IRQHandler
 .text.DMA15_IRQHandler
                0x00006910        0x8 ./startup/startup_mk64f12.o
                0x00006910                DMA15_IRQHandler
 .text.DMA_Error_IRQHandler
                0x00006918        0x8 ./startup/startup_mk64f12.o
                0x00006918                DMA_Error_IRQHandler
 .text.MCM_IRQHandler
                0x00006920        0x8 ./startup/startup_mk64f12.o
                0x00006920                MCM_IRQHandler
 .text.FTFE_IRQHandler
                0x00006928        0x8 ./startup/startup_mk64f12.o
                0x00006928                FTFE_IRQHandler
 .text.Read_Collision_IRQHandler
                0x00006930        0x8 ./startup/startup_mk64f12.o
                0x00006930                Read_Collision_IRQHandler
 .text.LVD_LVW_IRQHandler
                0x00006938        0x8 ./startup/startup_mk64f12.o
                0x00006938                LVD_LVW_IRQHandler
 .text.LLWU_IRQHandler
                0x00006940        0x8 ./startup/startup_mk64f12.o
                0x00006940                LLWU_IRQHandler
 .text.WDOG_EWM_IRQHandler
                0x00006948        0x8 ./startup/startup_mk64f12.o
                0x00006948                WDOG_EWM_IRQHandler
 .text.RNG_IRQHandler
                0x00006950        0x8 ./startup/startup_mk64f12.o
                0x00006950                RNG_IRQHandler
 .text.I2C0_IRQHandler
                0x00006958        0x8 ./startup/startup_mk64f12.o
                0x00006958                I2C0_IRQHandler
 .text.I2C1_IRQHandler
                0x00006960        0x8 ./startup/startup_mk64f12.o
                0x00006960                I2C1_IRQHandler
 .text.SPI0_IRQHandler
                0x00006968        0x8 ./startup/startup_mk64f12.o
                0x00006968                SPI0_IRQHandler
 .text.SPI1_IRQHandler
                0x00006970        0x8 ./startup/startup_mk64f12.o
                0x00006970                SPI1_IRQHandler
 .text.I2S0_Tx_IRQHandler
                0x00006978        0x8 ./startup/startup_mk64f12.o
                0x00006978                I2S0_Tx_IRQHandler
 .text.I2S0_Rx_IRQHandler
                0x00006980        0x8 ./startup/startup_mk64f12.o
                0x00006980                I2S0_Rx_IRQHandler
 .text.UART0_LON_IRQHandler
                0x00006988        0x8 ./startup/startup_mk64f12.o
                0x00006988                UART0_LON_IRQHandler
 .text.UART0_RX_TX_IRQHandler
                0x00006990        0x8 ./startup/startup_mk64f12.o
                0x00006990                UART0_RX_TX_IRQHandler
 .text.UART0_ERR_IRQHandler
                0x00006998        0x8 ./startup/startup_mk64f12.o
                0x00006998                UART0_ERR_IRQHandler
 .text.UART1_RX_TX_IRQHandler
                0x000069a0        0x8 ./startup/startup_mk64f12.o
                0x000069a0                UART1_RX_TX_IRQHandler
 .text.UART1_ERR_IRQHandler
                0x000069a8        0x8 ./startup/startup_mk64f12.o
                0x000069a8                UART1_ERR_IRQHandler
 .text.UART2_RX_TX_IRQHandler
                0x000069b0        0x8 ./startup/startup_mk64f12.o
                0x000069b0                UART2_RX_TX_IRQHandler
 .text.UART2_ERR_IRQHandler
                0x000069b8        0x8 ./startup/startup_mk64f12.o
                0x000069b8                UART2_ERR_IRQHandler
 .text.UART3_RX_TX_IRQHandler
                0x000069c0        0x8 ./startup/startup_mk64f12.o
                0x000069c0                UART3_RX_TX_IRQHandler
 .text.UART3_ERR_IRQHandler
                0x000069c8        0x8 ./startup/startup_mk64f12.o
                0x000069c8                UART3_ERR_IRQHandler
 .text.ADC0_IRQHandler
                0x000069d0        0x8 ./startup/startup_mk64f12.o
                0x000069d0                ADC0_IRQHandler
 .text.CMP0_IRQHandler
                0x000069d8        0x8 ./startup/startup_mk64f12.o
                0x000069d8                CMP0_IRQHandler
 .text.CMP1_IRQHandler
                0x000069e0        0x8 ./startup/startup_mk64f12.o
                0x000069e0                CMP1_IRQHandler
 .text.FTM0_IRQHandler
                0x000069e8        0x8 ./startup/startup_mk64f12.o
                0x000069e8                FTM0_IRQHandler
 .text.FTM1_IRQHandler
                0x000069f0        0x8 ./startup/startup_mk64f12.o
                0x000069f0                FTM1_IRQHandler
 .text.FTM2_IRQHandler
                0x000069f8        0x8 ./startup/startup_mk64f12.o
                0x000069f8                FTM2_IRQHandler
 .text.CMT_IRQHandler
                0x00006a00        0x8 ./startup/startup_mk64f12.o
                0x00006a00                CMT_IRQHandler
 .text.RTC_IRQHandler
                0x00006a08        0x8 ./startup/startup_mk64f12.o
                0x00006a08                RTC_IRQHandler
 .text.RTC_Seconds_IRQHandler
                0x00006a10        0x8 ./startup/startup_mk64f12.o
                0x00006a10                RTC_Seconds_IRQHandler
 .text.PIT0_IRQHandler
                0x00006a18        0x8 ./startup/startup_mk64f12.o
                0x00006a18                PIT0_IRQHandler
 .text.PIT1_IRQHandler
                0x00006a20        0x8 ./startup/startup_mk64f12.o
                0x00006a20                PIT1_IRQHandler
 .text.PIT2_IRQHandler
                0x00006a28        0x8 ./startup/startup_mk64f12.o
                0x00006a28                PIT2_IRQHandler
 .text.PIT3_IRQHandler
                0x00006a30        0x8 ./startup/startup_mk64f12.o
                0x00006a30                PIT3_IRQHandler
 .text.PDB0_IRQHandler
                0x00006a38        0x8 ./startup/startup_mk64f12.o
                0x00006a38                PDB0_IRQHandler
 .text.USB0_IRQHandler
                0x00006a40        0x8 ./startup/startup_mk64f12.o
                0x00006a40                USB0_IRQHandler
 .text.USBDCD_IRQHandler
                0x00006a48        0x8 ./startup/startup_mk64f12.o
                0x00006a48                USBDCD_IRQHandler
 .text.Reserved71_IRQHandler
                0x00006a50        0x8 ./startup/startup_mk64f12.o
                0x00006a50                Reserved71_IRQHandler
 .text.DAC0_IRQHandler
                0x00006a58        0x8 ./startup/startup_mk64f12.o
                0x00006a58                DAC0_IRQHandler
 .text.MCG_IRQHandler
                0x00006a60        0x8 ./startup/startup_mk64f12.o
                0x00006a60                MCG_IRQHandler
 .text.LPTMR0_IRQHandler
                0x00006a68        0x8 ./startup/startup_mk64f12.o
                0x00006a68                LPTMR0_IRQHandler
 .text.PORTA_IRQHandler
                0x00006a70        0x8 ./startup/startup_mk64f12.o
                0x00006a70                PORTA_IRQHandler
 .text.PORTB_IRQHandler
                0x00006a78        0x8 ./startup/startup_mk64f12.o
                0x00006a78                PORTB_IRQHandler
 .text.PORTC_IRQHandler
                0x00006a80        0x8 ./startup/startup_mk64f12.o
                0x00006a80                PORTC_IRQHandler
 .text.PORTD_IRQHandler
                0x00006a88        0x8 ./startup/startup_mk64f12.o
                0x00006a88                PORTD_IRQHandler
 .text.SWI_IRQHandler
                0x00006a90        0x8 ./startup/startup_mk64f12.o
                0x00006a90                SWI_IRQHandler
 .text.SPI2_IRQHandler
                0x00006a98        0x8 ./startup/startup_mk64f12.o
                0x00006a98                SPI2_IRQHandler
 .text.UART4_RX_TX_IRQHandler
                0x00006aa0        0x8 ./startup/startup_mk64f12.o
                0x00006aa0                UART4_RX_TX_IRQHandler
 .text.UART4_ERR_IRQHandler
                0x00006aa8        0x8 ./startup/startup_mk64f12.o
                0x00006aa8                UART4_ERR_IRQHandler
 .text.UART5_RX_TX_IRQHandler
                0x00006ab0        0x8 ./startup/startup_mk64f12.o
                0x00006ab0                UART5_RX_TX_IRQHandler
 .text.UART5_ERR_IRQHandler
                0x00006ab8        0x8 ./startup/startup_mk64f12.o
                0x00006ab8                UART5_ERR_IRQHandler
 .text.CMP2_IRQHandler
                0x00006ac0        0x8 ./startup/startup_mk64f12.o
                0x00006ac0                CMP2_IRQHandler
 .text.FTM3_IRQHandler
                0x00006ac8        0x8 ./startup/startup_mk64f12.o
                0x00006ac8                FTM3_IRQHandler
 .text.DAC1_IRQHandler
                0x00006ad0        0x8 ./startup/startup_mk64f12.o
                0x00006ad0                DAC1_IRQHandler
 .text.ADC1_IRQHandler
                0x00006ad8        0x8 ./startup/startup_mk64f12.o
                0x00006ad8                ADC1_IRQHandler
 .text.I2C2_IRQHandler
                0x00006ae0        0x8 ./startup/startup_mk64f12.o
                0x00006ae0                I2C2_IRQHandler
 .text.CAN0_ORed_Message_buffer_IRQHandler
                0x00006ae8        0x8 ./startup/startup_mk64f12.o
                0x00006ae8                CAN0_ORed_Message_buffer_IRQHandler
 .text.CAN0_Bus_Off_IRQHandler
                0x00006af0        0x8 ./startup/startup_mk64f12.o
                0x00006af0                CAN0_Bus_Off_IRQHandler
 .text.CAN0_Error_IRQHandler
                0x00006af8        0x8 ./startup/startup_mk64f12.o
                0x00006af8                CAN0_Error_IRQHandler
 .text.CAN0_Tx_Warning_IRQHandler
                0x00006b00        0x8 ./startup/startup_mk64f12.o
                0x00006b00                CAN0_Tx_Warning_IRQHandler
 .text.CAN0_Rx_Warning_IRQHandler
                0x00006b08        0x8 ./startup/startup_mk64f12.o
                0x00006b08                CAN0_Rx_Warning_IRQHandler
 .text.CAN0_Wake_Up_IRQHandler
                0x00006b10        0x8 ./startup/startup_mk64f12.o
                0x00006b10                CAN0_Wake_Up_IRQHandler
 .text.SDHC_IRQHandler
                0x00006b18        0x8 ./startup/startup_mk64f12.o
                0x00006b18                SDHC_IRQHandler
 .text.ENET_1588_Timer_IRQHandler
                0x00006b20        0x8 ./startup/startup_mk64f12.o
                0x00006b20                ENET_1588_Timer_IRQHandler
 .text.ENET_Transmit_IRQHandler
                0x00006b28        0x8 ./startup/startup_mk64f12.o
                0x00006b28                ENET_Transmit_IRQHandler
 .text.ENET_Receive_IRQHandler
                0x00006b30        0x8 ./startup/startup_mk64f12.o
                0x00006b30                ENET_Receive_IRQHandler
 .text.ENET_Error_IRQHandler
                0x00006b38        0x8 ./startup/startup_mk64f12.o
                0x00006b38                ENET_Error_IRQHandler
 .text.SYSMPU_Enable
                0x00006b40       0x38 ./source/sdcard_fatfs.o
 .text.copyFname
                0x00006b78       0x40 ./source/sdcard_fatfs.o
                0x00006b78                copyFname
 .text.HardFault_Handler
                0x00006bb8       0x2c ./source/semihost_hardfault.o
                0x00006bb8                HardFault_Handler
 .text.SDHC_GetPresentStatusFlags
                0x00006be4       0x18 ./sdmmc/src/fsl_sd.o
 .text.SDMMCHOST_SendCardActive
                0x00006bfc       0x1c ./sdmmc/src/fsl_sd.o
 .text.SDMMCHOST_SetCardClock
                0x00006c18       0x24 ./sdmmc/src/fsl_sd.o
 .text.SDMMCHOST_IsCardBusy
                0x00006c3c       0x2c ./sdmmc/src/fsl_sd.o
 .text.SD_HostDoReset
                0x00006c68       0x1a ./sdmmc/src/fsl_sd.o
                0x00006c68                SD_HostDoReset
 .text.SDMMC_GoIdle
                0x00006c82       0x50 ./sdmmc/src/fsl_sdmmc_common.o
                0x00006c82                SDMMC_GoIdle
 .text.SDMMC_OSAInit
                0x00006cd2        0xe ./sdmmc/osa/fsl_sdmmc_osa.o
                0x00006cd2                SDMMC_OSAInit
 .text.SDHC_EnableInterruptStatus
                0x00006ce0       0x22 ./sdmmc/host/fsl_sdmmc_host.o
 .text.SDHC_EnableInterruptSignal
                0x00006d02       0x22 ./sdmmc/host/fsl_sdmmc_host.o
 .text.SDHC_DisableInterruptSignal
                0x00006d24       0x24 ./sdmmc/host/fsl_sdmmc_host.o
 .text.SDHC_GetInterruptStatusFlags
                0x00006d48       0x18 ./sdmmc/host/fsl_sdmmc_host.o
 .text.SDHC_GetPresentStatusFlags
                0x00006d60       0x18 ./sdmmc/host/fsl_sdmmc_host.o
 .text.SDHC_SetDataBusWidth
                0x00006d78       0x2e ./sdmmc/host/fsl_sdmmc_host.o
 .text.SDHC_CardDetectByData3
                0x00006da6       0x38 ./sdmmc/host/fsl_sdmmc_host.o
 .text.SDMMCHOST_DetectCardInsertByHost
                0x00006dde       0x54 ./sdmmc/host/fsl_sdmmc_host.o
 .text.SDMMCHOST_DetectCardRemoveByHost
                0x00006e32       0x4c ./sdmmc/host/fsl_sdmmc_host.o
 .text.SDMMCHOST_CardDetectInit
                0x00006e7e       0x7c ./sdmmc/host/fsl_sdmmc_host.o
                0x00006e7e                SDMMCHOST_CardDetectInit
 .text.SDMMCHOST_CardDetectStatus
                0x00006efa       0x36 ./sdmmc/host/fsl_sdmmc_host.o
                0x00006efa                SDMMCHOST_CardDetectStatus
 .text.SDMMCHOST_TransferCompleteCallback
                0x00006f30       0x5a ./sdmmc/host/fsl_sdmmc_host.o
 .text.SDMMCHOST_TransferFunction
                0x00006f8a       0xce ./sdmmc/host/fsl_sdmmc_host.o
                0x00006f8a                SDMMCHOST_TransferFunction
 .text.SDMMCHOST_ErrorRecovery
                0x00007058       0x48 ./sdmmc/host/fsl_sdmmc_host.o
 .text.SDMMCHOST_SetCardPower
                0x000070a0       0x18 ./sdmmc/host/fsl_sdmmc_host.o
                0x000070a0                SDMMCHOST_SetCardPower
 .text.SDMMCHOST_Reset
                0x000070b8       0x14 ./sdmmc/host/fsl_sdmmc_host.o
                0x000070b8                SDMMCHOST_Reset
 .text.SDMMCHOST_SetCardBusWidth
                0x000070cc       0x34 ./sdmmc/host/fsl_sdmmc_host.o
                0x000070cc                SDMMCHOST_SetCardBusWidth
 .text.sd_disk_status
                0x00007100       0x22 ./fatfs/source/fsl_sd_disk/fsl_sd_disk.o
                0x00007100                sd_disk_status
 .text.disk_status
                0x00007122       0x2c ./fatfs/source/diskio.o
                0x00007122                disk_status
 .text.disk_initialize
                0x0000714e       0x2c ./fatfs/source/diskio.o
                0x0000714e                disk_initialize
 .text.disk_read
                0x0000717a       0x36 ./fatfs/source/diskio.o
                0x0000717a                disk_read
 .text.disk_write
                0x000071b0       0x36 ./fatfs/source/diskio.o
                0x000071b0                disk_write
 .text.ld_word  0x000071e6       0x30 ./fatfs/source/ff.o
 .text.ld_dword
                0x00007216       0x46 ./fatfs/source/ff.o
 .text.st_word  0x0000725c       0x36 ./fatfs/source/ff.o
 .text.st_dword
                0x00007292       0x58 ./fatfs/source/ff.o
 .text.mem_set  0x000072ea       0x36 ./fatfs/source/ff.o
 .text.mem_cmp  0x00007320       0x4e ./fatfs/source/ff.o
 .text.chk_chr  0x0000736e       0x36 ./fatfs/source/ff.o
 .text.dbc_1st  0x000073a4       0x40 ./fatfs/source/ff.o
 .text.dbc_2nd  0x000073e4       0x54 ./fatfs/source/ff.o
 .text.tchar2uni
                0x00007438       0x8a ./fatfs/source/ff.o
 .text.put_utf  0x000074c2       0x70 ./fatfs/source/ff.o
 .text.sync_window
                0x00007532       0x78 ./fatfs/source/ff.o
 .text.move_window
                0x000075aa       0x5a ./fatfs/source/ff.o
 .text.clst2sect
                0x00007604       0x3e ./fatfs/source/ff.o
 .text.get_fat  0x00007642      0x150 ./fatfs/source/ff.o
 .text.put_fat  0x00007792      0x1d8 ./fatfs/source/ff.o
 .text.create_chain
                0x0000796a      0x1a2 ./fatfs/source/ff.o
 .text.dir_clear
                0x00007b0c       0x90 ./fatfs/source/ff.o
 .text.dir_sdi  0x00007b9c       0xf6 ./fatfs/source/ff.o
 .text.dir_next
                0x00007c92      0x12c ./fatfs/source/ff.o
 .text.ld_clust
                0x00007dbe       0x3e ./fatfs/source/ff.o
 .text.sum_sfn  0x00007dfc       0x42 ./fatfs/source/ff.o
 .text.dir_read
                0x00007e3e      0x14e ./fatfs/source/ff.o
 .text.dir_find
                0x00007f8c      0x180 ./fatfs/source/ff.o
 .text.get_fileinfo
                0x0000810c      0x22e ./fatfs/source/ff.o
 .text.follow_path
                0x0000833a      0x11c ./fatfs/source/ff.o
 .text.find_volume
                0x00008456       0xc4 ./fatfs/source/ff.o
 .text.validate
                0x0000851a       0x6a ./fatfs/source/ff.o
 .text.f_opendir
                0x00008584       0xf6 ./fatfs/source/ff.o
                0x00008584                f_opendir
 .text.f_closedir
                0x0000867a       0x30 ./fatfs/source/ff.o
                0x0000867a                f_closedir
 .text.f_readdir
                0x000086aa       0xb0 ./fatfs/source/ff.o
                0x000086aa                f_readdir
 .text.OSC_SetExtRefClkConfig
                0x0000875a       0x34 ./drivers/fsl_clock.o
 .text.OSC_SetCapLoad
                0x0000878e       0x34 ./drivers/fsl_clock.o
 .text.CLOCK_GetPll0RefFreq
                0x000087c2        0xe ./drivers/fsl_clock.o
 .text.CLOCK_GetFixedFreqClkFreq
                0x000087d0       0x34 ./drivers/fsl_clock.o
                0x000087d0                CLOCK_GetFixedFreqClkFreq
 .text.DelayLoop
                0x00008804       0x20 ./drivers/fsl_common.o
 .text.CLOCK_EnableClock
                0x00008824       0x34 ./drivers/fsl_sdhc.o
 .text.EnableIRQ
                0x00008858       0x2c ./drivers/fsl_sdhc.o
 .text.SDHC_EnableInterruptSignal
                0x00008884       0x22 ./drivers/fsl_sdhc.o
 .text.SDHC_DisableInterruptSignal
                0x000088a6       0x24 ./drivers/fsl_sdhc.o
 .text.SDHC_GetEnabledInterruptStatusFlags
                0x000088ca       0x22 ./drivers/fsl_sdhc.o
 .text.SDHC_ClearInterruptStatusFlags
                0x000088ec       0x1c ./drivers/fsl_sdhc.o
 .text.SDHC_GetPresentStatusFlags
                0x00008908       0x18 ./drivers/fsl_sdhc.o
 .text.SDHC_WriteData
                0x00008920       0x1c ./drivers/fsl_sdhc.o
 .text.SDHC_ReadData
                0x0000893c       0x18 ./drivers/fsl_sdhc.o
 .text.SDHC_StartTransfer
                0x00008954      0x158 ./drivers/fsl_sdhc.o
 .text.SDHC_ReadDataPort
                0x00008aac       0xa4 ./drivers/fsl_sdhc.o
 .text.SDHC_WriteDataPort
                0x00008b50       0xa6 ./drivers/fsl_sdhc.o
 .text.SDHC_TransferHandleCardDetect
                0x00008bf6       0x4c ./drivers/fsl_sdhc.o
 .text.SDHC_TransferHandleSdioInterrupt
                0x00008c42       0x28 ./drivers/fsl_sdhc.o
 .text.SDHC_TransferHandleSdioBlockGap
                0x00008c6a       0x28 ./drivers/fsl_sdhc.o
 .text.SDHC_Reset
                0x00008c92       0x52 ./drivers/fsl_sdhc.o
                0x00008c92                SDHC_Reset
 .text.SDHC_SetCardActive
                0x00008ce4       0x4c ./drivers/fsl_sdhc.o
                0x00008ce4                SDHC_SetCardActive
 .text.UART0_RX_TX_DriverIRQHandler
                0x00008d30       0x12 ./drivers/fsl_uart.o
                0x00008d30                UART0_RX_TX_DriverIRQHandler
 .text.UART1_RX_TX_DriverIRQHandler
                0x00008d42       0x12 ./drivers/fsl_uart.o
                0x00008d42                UART1_RX_TX_DriverIRQHandler
 .text.UART2_RX_TX_DriverIRQHandler
                0x00008d54       0x12 ./drivers/fsl_uart.o
                0x00008d54                UART2_RX_TX_DriverIRQHandler
 .text.UART3_RX_TX_DriverIRQHandler
                0x00008d66       0x12 ./drivers/fsl_uart.o
                0x00008d66                UART3_RX_TX_DriverIRQHandler
 .text.UART4_RX_TX_DriverIRQHandler
                0x00008d78       0x12 ./drivers/fsl_uart.o
                0x00008d78                UART4_RX_TX_DriverIRQHandler
 .text.UART5_RX_TX_DriverIRQHandler
                0x00008d8a       0x12 ./drivers/fsl_uart.o
                0x00008d8a                UART5_RX_TX_DriverIRQHandler
 .text.SystemInitHook
                0x00008d9c        0xe ./device/system_MK64F12.o
                0x00008d9c                SystemInitHook
 .text.DisableGlobalIRQ
                0x00008daa       0x22 ./component/osa/fsl_os_abstraction_bm.o
 .text.EnableGlobalIRQ
                0x00008dcc       0x20 ./component/osa/fsl_os_abstraction_bm.o
 .text.OSA_EnterCritical
                0x00008dec       0x1a ./component/osa/fsl_os_abstraction_bm.o
                0x00008dec                OSA_EnterCritical
 .text.OSA_ExitCritical
                0x00008e06       0x16 ./component/osa/fsl_os_abstraction_bm.o
                0x00008e06                OSA_ExitCritical
 .text.OSA_EventSet
                0x00008e1c       0x36 ./component/osa/fsl_os_abstraction_bm.o
                0x00008e1c                OSA_EventSet
 .text.OSA_EventClear
                0x00008e52       0x3c ./component/osa/fsl_os_abstraction_bm.o
                0x00008e52                OSA_EventClear
 .text.OSA_EventGet
                0x00008e8e       0x44 ./component/osa/fsl_os_abstraction_bm.o
                0x00008e8e                OSA_EventGet
 .text.OSA_EventWait
                0x00008ed2       0x94 ./component/osa/fsl_os_abstraction_bm.o
                0x00008ed2                OSA_EventWait
 .text.DbgConsole_Init
                0x00008f66       0x20 ./board/board.o
 .text.BOARD_InitDebugConsole
                0x00008f86       0x22 ./board/board.o
                0x00008f86                BOARD_InitDebugConsole
 .text.CLOCK_EnableClock
                0x00008fa8       0x34 ./board/pin_mux.o
 .text.PORT_SetPinMux
                0x00008fdc       0x3a ./board/pin_mux.o
 .text.EnableIRQ
                0x00009016       0x2c ./board/sdmmc_config.o
 .text.GPIO_PinRead
                0x00009042       0x24 ./board/sdmmc_config.o
 .text.PORT_SetPinInterruptConfig
                0x00009066       0x3a ./board/sdmmc_config.o
 .text.PORT_GetPinsInterruptFlags
                0x000090a0       0x1a ./board/sdmmc_config.o
 .text.PORT_ClearPinsInterruptFlags
                0x000090ba       0x1e ./board/sdmmc_config.o
 .text.__main   0x000090d8        0xe c:/nxp/mcuxpressoide_11.2.1_4149/ide/plugins/com.nxp.mcuxpresso.tools.win32_11.2.0.202008311134/tools/bin/../lib/gcc/arm-none-eabi/9.2.1/../../../../arm-none-eabi/lib/thumb/v7e-m+fp/hard\libcr_semihost_nf.a(_cr__main.o)
                0x000090d8                __CR_SEMIHOST
                0x000090d8                __main
 .text.memcpy   0x000090e6        0x4 c:/nxp/mcuxpressoide_11.2.1_4149/ide/plugins/com.nxp.mcuxpresso.tools.win32_11.2.0.202008311134/tools/bin/../lib/gcc/arm-none-eabi/9.2.1/../../../../arm-none-eabi/lib/thumb/v7e-m+fp/hard\libcr_c.a(memcpy.o)
                0x000090e6                memcpy
 .text.memset   0x000090ea        0x4 c:/nxp/mcuxpressoide_11.2.1_4149/ide/plugins/com.nxp.mcuxpresso.tools.win32_11.2.0.202008311134/tools/bin/../lib/gcc/arm-none-eabi/9.2.1/../../../../arm-none-eabi/lib/thumb/v7e-m+fp/hard\libcr_c.a(memset.o)
                0x000090ea                memset
 .text.free     0x000090ee       0x30 c:/nxp/mcuxpressoide_11.2.1_4149/ide/plugins/com.nxp.mcuxpresso.tools.win32_11.2.0.202008311134/tools/bin/../lib/gcc/arm-none-eabi/9.2.1/../../../../arm-none-eabi/lib/thumb/v7e-m+fp/hard\libcr_c.a(alloc.o)
                0x000090ee                free
 .text.no_fp_display
                0x0000911e        0x4 c:/nxp/mcuxpressoide_11.2.1_4149/ide/plugins/com.nxp.mcuxpresso.tools.win32_11.2.0.202008311134/tools/bin/../lib/gcc/arm-none-eabi/9.2.1/../../../../arm-none-eabi/lib/thumb/v7e-m+fp/hard\libcr_c.a(printf.o)
 .text.setvbuf  0x00009122       0x3e c:/nxp/mcuxpressoide_11.2.1_4149/ide/plugins/com.nxp.mcuxpresso.tools.win32_11.2.0.202008311134/tools/bin/../lib/gcc/arm-none-eabi/9.2.1/../../../../arm-none-eabi/lib/thumb/v7e-m+fp/hard\libcr_c.a(setvbuf.o)
                0x00009122                setvbuf
 .text.strlen   0x00009160       0x4c c:/nxp/mcuxpressoide_11.2.1_4149/ide/plugins/com.nxp.mcuxpresso.tools.win32_11.2.0.202008311134/tools/bin/../lib/gcc/arm-none-eabi/9.2.1/../../../../arm-none-eabi/lib/thumb/v7e-m+fp/hard\libcr_c.a(strlen.o)
                0x00009160                strlen
 .text._deferredlazyseek
                0x000091ac       0x40 c:/nxp/mcuxpressoide_11.2.1_4149/ide/plugins/com.nxp.mcuxpresso.tools.win32_11.2.0.202008311134/tools/bin/../lib/gcc/arm-none-eabi/9.2.1/../../../../arm-none-eabi/lib/thumb/v7e-m+fp/hard\libcr_c.a(_deferredlazyseek.o)
                0x000091ac                _deferredlazyseek
 .text.__flsbuf
                0x000091ec      0x140 c:/nxp/mcuxpressoide_11.2.1_4149/ide/plugins/com.nxp.mcuxpresso.tools.win32_11.2.0.202008311134/tools/bin/../lib/gcc/arm-none-eabi/9.2.1/../../../../arm-none-eabi/lib/thumb/v7e-m+fp/hard\libcr_c.a(_deferredlazyseek.o)
                0x000091ec                __flsbuf
 .text._fdopen  0x0000932c       0x68 c:/nxp/mcuxpressoide_11.2.1_4149/ide/plugins/com.nxp.mcuxpresso.tools.win32_11.2.0.202008311134/tools/bin/../lib/gcc/arm-none-eabi/9.2.1/../../../../arm-none-eabi/lib/thumb/v7e-m+fp/hard\libcr_c.a(_fdopen.o)
                0x0000932c                _fdopen
 .text._fflush  0x00009394       0x52 c:/nxp/mcuxpressoide_11.2.1_4149/ide/plugins/com.nxp.mcuxpresso.tools.win32_11.2.0.202008311134/tools/bin/../lib/gcc/arm-none-eabi/9.2.1/../../../../arm-none-eabi/lib/thumb/v7e-m+fp/hard\libcr_c.a(_fflush.o)
                0x00009394                _fflush
 .text.fclose   0x000093e6       0x58 c:/nxp/mcuxpressoide_11.2.1_4149/ide/plugins/com.nxp.mcuxpresso.tools.win32_11.2.0.202008311134/tools/bin/../lib/gcc/arm-none-eabi/9.2.1/../../../../arm-none-eabi/lib/thumb/v7e-m+fp/hard\libcr_c.a(fclose.o)
                0x000093e6                fclose
 .text.remove   0x0000943e       0x14 c:/nxp/mcuxpressoide_11.2.1_4149/ide/plugins/com.nxp.mcuxpresso.tools.win32_11.2.0.202008311134/tools/bin/../lib/gcc/arm-none-eabi/9.2.1/../../../../arm-none-eabi/lib/thumb/v7e-m+fp/hard\libcr_c.a(remove.o)
                0x0000943e                remove
 .text._do_fflush
                0x00009452       0x40 c:/nxp/mcuxpressoide_11.2.1_4149/ide/plugins/com.nxp.mcuxpresso.tools.win32_11.2.0.202008311134/tools/bin/../lib/gcc/arm-none-eabi/9.2.1/../../../../arm-none-eabi/lib/thumb/v7e-m+fp/hard\libcr_c.a(_do_fflush.o)
                0x00009452                _do_fflush
 .text.__aeabi_division_uldivmod
                0x00009492      0x174 c:/nxp/mcuxpressoide_11.2.1_4149/ide/plugins/com.nxp.mcuxpresso.tools.win32_11.2.0.202008311134/tools/bin/../lib/gcc/arm-none-eabi/9.2.1/thumb/v7e-m+fp/hard\libcr_eabihelpers.a(division_64.o)
                0x00009492                __aeabi_uldivmod
                0x00009496                __bhs_ldivmod1
 .text.__aeabi_division_idiv0
                0x00009606        0x2 c:/nxp/mcuxpressoide_11.2.1_4149/ide/plugins/com.nxp.mcuxpresso.tools.win32_11.2.0.202008311134/tools/bin/../lib/gcc/arm-none-eabi/9.2.1/thumb/v7e-m+fp/hard\libcr_eabihelpers.a(division_idiv0.o)
                0x00009606                __aeabi_idiv0
 .text.__aeabi_memcpy
                0x00009608       0x34 c:/nxp/mcuxpressoide_11.2.1_4149/ide/plugins/com.nxp.mcuxpresso.tools.win32_11.2.0.202008311134/tools/bin/../lib/gcc/arm-none-eabi/9.2.1/thumb/v7e-m+fp/hard\libcr_eabihelpers.a(memcpy.o)
                0x00009608                __aeabi_memcpy
                0x00009612                __aeabi_memcpy8
                0x00009612                __aeabi_memcpy4
 .text.__aeabi_memset_lowlevel
                0x0000963c       0x32 c:/nxp/mcuxpressoide_11.2.1_4149/ide/plugins/com.nxp.mcuxpresso.tools.win32_11.2.0.202008311134/tools/bin/../lib/gcc/arm-none-eabi/9.2.1/thumb/v7e-m+fp/hard\libcr_eabihelpers.a(memcpy.o)
                0x0000963c                __aeabi_lowlevel_memset
 .text.__sys_close
                0x0000966e        0xc c:/nxp/mcuxpressoide_11.2.1_4149/ide/plugins/com.nxp.mcuxpresso.tools.win32_11.2.0.202008311134/tools/bin/../lib/gcc/arm-none-eabi/9.2.1/../../../../arm-none-eabi/lib/thumb/v7e-m+fp/hard\libcr_semihost_nf.a(__sys_close.o)
                0x0000966e                __sys_close
 .text.__sys_flen
                0x0000967a        0xc c:/nxp/mcuxpressoide_11.2.1_4149/ide/plugins/com.nxp.mcuxpresso.tools.win32_11.2.0.202008311134/tools/bin/../lib/gcc/arm-none-eabi/9.2.1/../../../../arm-none-eabi/lib/thumb/v7e-m+fp/hard\libcr_semihost_nf.a(__sys_flen.o)
                0x0000967a                __sys_flen
 .text.__sys_istty
                0x00009686        0xc c:/nxp/mcuxpressoide_11.2.1_4149/ide/plugins/com.nxp.mcuxpresso.tools.win32_11.2.0.202008311134/tools/bin/../lib/gcc/arm-none-eabi/9.2.1/../../../../arm-none-eabi/lib/thumb/v7e-m+fp/hard\libcr_semihost_nf.a(__sys_istty.o)
                0x00009686                __sys_istty
 .text.__sys_remove
                0x00009692        0xc c:/nxp/mcuxpressoide_11.2.1_4149/ide/plugins/com.nxp.mcuxpresso.tools.win32_11.2.0.202008311134/tools/bin/../lib/gcc/arm-none-eabi/9.2.1/../../../../arm-none-eabi/lib/thumb/v7e-m+fp/hard\libcr_semihost_nf.a(__sys_remove.o)
                0x00009692                __sys_remove
 .text.__sys_seek
                0x0000969e        0xc c:/nxp/mcuxpressoide_11.2.1_4149/ide/plugins/com.nxp.mcuxpresso.tools.win32_11.2.0.202008311134/tools/bin/../lib/gcc/arm-none-eabi/9.2.1/../../../../arm-none-eabi/lib/thumb/v7e-m+fp/hard\libcr_semihost_nf.a(__sys_seek.o)
                0x0000969e                __sys_seek
 .text.__sys_tmpnam
                0x000096aa        0xc c:/nxp/mcuxpressoide_11.2.1_4149/ide/plugins/com.nxp.mcuxpresso.tools.win32_11.2.0.202008311134/tools/bin/../lib/gcc/arm-none-eabi/9.2.1/../../../../arm-none-eabi/lib/thumb/v7e-m+fp/hard\libcr_semihost_nf.a(__sys_tmpnam.o)
                0x000096aa                __sys_tmpnam
 .text.__sys_write
                0x000096b6        0xc c:/nxp/mcuxpressoide_11.2.1_4149/ide/plugins/com.nxp.mcuxpresso.tools.win32_11.2.0.202008311134/tools/bin/../lib/gcc/arm-none-eabi/9.2.1/../../../../arm-none-eabi/lib/thumb/v7e-m+fp/hard\libcr_semihost_nf.a(__sys_write.o)
                0x000096b6                __sys_write
 *(SORT_BY_ALIGNMENT(.rodata) SORT_BY_ALIGNMENT(.rodata.*) SORT_BY_ALIGNMENT(.constdata) SORT_BY_ALIGNMENT(.constdata.*))
 *fill*         0x000096c2        0x2 ff
 .rodata.__assertion_failed.str1.4
                0x000096c4       0x14 ./utilities/fsl_assert.o
 .rodata.exploreFS.str1.4
                0x000096d8       0x39 ./source/sdcard_fatfs.o
 *fill*         0x00009711        0x3 ff
 .rodata.openSelected.str1.4
                0x00009714       0x34 ./source/sdcard_fatfs.o
 .rodata.goBackDir.str1.4
                0x00009748       0x1b ./source/sdcard_fatfs.o
 *fill*         0x00009763        0x1 ff
 .rodata.main.str1.4
                0x00009764      0x170 ./source/sdcard_fatfs.o
 .rodata.sdcardWaitCardInsert.str1.4
                0x000098d4       0x42 ./source/sdcard_fatfs.o
 *fill*         0x00009916        0x2 ff
 .rodata.SD_SendApplicationCmd.str1.4
                0x00009918       0x15 ./sdmmc/src/fsl_sd.o
 *fill*         0x0000992d        0x3 ff
 .rodata.SD_GoIdle.str1.4
                0x00009930       0x15 ./sdmmc/src/fsl_sd.o
 *fill*         0x00009945        0x3 ff
 .rodata.SD_SetBlockSize.str1.4
                0x00009948       0x15 ./sdmmc/src/fsl_sd.o
 *fill*         0x0000995d        0x3 ff
 .rodata.SD_StopTransmission.str1.4
                0x00009960       0x15 ./sdmmc/src/fsl_sd.o
 *fill*         0x00009975        0x3 ff
 .rodata.SD_Transfer.str1.4
                0x00009978       0x18 ./sdmmc/src/fsl_sd.o
 .rodata.SD_WaitWriteComplete.str1.4
                0x00009990       0x15 ./sdmmc/src/fsl_sd.o
 *fill*         0x000099a5        0x3 ff
 .rodata.SD_SendWriteSuccessBlocks.str1.4
                0x000099a8       0x15 ./sdmmc/src/fsl_sd.o
 *fill*         0x000099bd        0x3 ff
 .rodata.SD_SendRca.str1.4
                0x000099c0       0x15 ./sdmmc/src/fsl_sd.o
 *fill*         0x000099d5        0x3 ff
 .rodata.SD_SwitchFunction.str1.4
                0x000099d8       0x2f ./sdmmc/src/fsl_sd.o
 *fill*         0x00009a07        0x1 ff
 .rodata.SD_DecodeScr.str1.4
                0x00009a08       0x2f ./sdmmc/src/fsl_sd.o
 *fill*         0x00009a37        0x1 ff
 .rodata.SD_SendScr.str1.4
                0x00009a38       0x15 ./sdmmc/src/fsl_sd.o
 *fill*         0x00009a4d        0x3 ff
 .rodata.SD_SelectFunction.str1.4
                0x00009a50       0x15 ./sdmmc/src/fsl_sd.o
 *fill*         0x00009a65        0x3 ff
 .rodata.SD_SetDataBusWidth.str1.4
                0x00009a68       0x15 ./sdmmc/src/fsl_sd.o
 *fill*         0x00009a7d        0x3 ff
 .rodata.SD_DecodeCsd.str1.4
                0x00009a80       0x2f ./sdmmc/src/fsl_sd.o
 *fill*         0x00009aaf        0x1 ff
 .rodata.SD_SendCsd.str1.4
                0x00009ab0       0x16 ./sdmmc/src/fsl_sd.o
 *fill*         0x00009ac6        0x2 ff
 .rodata.SD_DecodeCid.str1.4
                0x00009ac8       0x30 ./sdmmc/src/fsl_sd.o
 .rodata.SD_AllSendCid.str1.4
                0x00009af8       0x16 ./sdmmc/src/fsl_sd.o
 *fill*         0x00009b0e        0x2 ff
 .rodata.SD_ApplicationSendOperationCondition.str1.4
                0x00009b10       0x16 ./sdmmc/src/fsl_sd.o
 *fill*         0x00009b26        0x2 ff
 .rodata.SD_SendInterfaceCondition.str1.4
                0x00009b28       0x16 ./sdmmc/src/fsl_sd.o
 *fill*         0x00009b3e        0x2 ff
 .rodata.SD_SelectBusTiming.str1.4
                0x00009b40       0x16 ./sdmmc/src/fsl_sd.o
 *fill*         0x00009b56        0x2 ff
 .rodata.SD_DecodeStatus.str1.4
                0x00009b58       0x2d ./sdmmc/src/fsl_sd.o
 *fill*         0x00009b85        0x3 ff
 .rodata.SD_ReadStatus.str1.4
                0x00009b88       0x16 ./sdmmc/src/fsl_sd.o
 *fill*         0x00009b9e        0x2 ff
 .rodata.SD_SelectCard.str1.4
                0x00009ba0       0x16 ./sdmmc/src/fsl_sd.o
 *fill*         0x00009bb6        0x2 ff
 .rodata.SD_Read.str1.4
                0x00009bb8       0x87 ./sdmmc/src/fsl_sd.o
 *fill*         0x00009c3f        0x1 ff
 .rodata.SD_Write.str1.4
                0x00009c40       0x87 ./sdmmc/src/fsl_sd.o
 *fill*         0x00009cc7        0x1 ff
 .rodata.SD_ReadBlocks.str1.4
                0x00009cc8       0x8b ./sdmmc/src/fsl_sd.o
 *fill*         0x00009d53        0x1 ff
 .rodata.SD_WriteBlocks.str1.4
                0x00009d54       0x8b ./sdmmc/src/fsl_sd.o
 *fill*         0x00009ddf        0x1 ff
 .rodata.SD_ProbeBusVoltage.str1.4
                0x00009de0       0x16 ./sdmmc/src/fsl_sd.o
 *fill*         0x00009df6        0x2 ff
 .rodata.SD_CardInit.str1.4
                0x00009df8       0x43 ./sdmmc/src/fsl_sd.o
 *fill*         0x00009e3b        0x1 ff
 .rodata.SD_CardDeinit.str1.4
                0x00009e3c       0x16 ./sdmmc/src/fsl_sd.o
 *fill*         0x00009e52        0x2 ff
 .rodata.SD_HostInit.str1.4
                0x00009e54       0x43 ./sdmmc/src/fsl_sd.o
 *fill*         0x00009e97        0x1 ff
 .rodata.SD_SetCardPower.str1.4
                0x00009e98       0x1e ./sdmmc/src/fsl_sd.o
 *fill*         0x00009eb6        0x2 ff
 .rodata.SD_PollingCardInsert.str1.4
                0x00009eb8       0x4b ./sdmmc/src/fsl_sd.o
 *fill*         0x00009f03        0x1 ff
 .rodata.SDMMC_OSAEventCreate.str1.4
                0x00009f04       0x2a ./sdmmc/osa/fsl_sdmmc_osa.o
 *fill*         0x00009f2e        0x2 ff
 .rodata.SDMMC_OSAEventWait.str1.4
                0x00009f30       0x2a ./sdmmc/osa/fsl_sdmmc_osa.o
 *fill*         0x00009f5a        0x2 ff
 .rodata.SDMMC_OSAEventSet.str1.4
                0x00009f5c       0x2a ./sdmmc/osa/fsl_sdmmc_osa.o
 *fill*         0x00009f86        0x2 ff
 .rodata.SDMMC_OSAEventGet.str1.4
                0x00009f88       0x50 ./sdmmc/osa/fsl_sdmmc_osa.o
 .rodata.SDMMC_OSAEventClear.str1.4
                0x00009fd8       0x2b ./sdmmc/osa/fsl_sdmmc_osa.o
 *fill*         0x0000a003        0x1 ff
 .rodata.SDMMCHOST_PollingCardDetectStatus.str1.4
                0x0000a004       0x51 ./sdmmc/host/fsl_sdmmc_host.o
 *fill*         0x0000a055        0x3 ff
 .rodata.SDMMCHOST_Init.str1.4
                0x0000a058       0x58 ./sdmmc/host/fsl_sdmmc_host.o
 .rodata.LfnOfs
                0x0000a0b0        0xd ./fatfs/source/ff.o
 *fill*         0x0000a0bd        0x3 ff
 .rodata.create_name.str1.4
                0x0000a0c0       0x13 ./fatfs/source/ff.o
 *fill*         0x0000a0d3        0x1 ff
 .rodata.check_fs.str1.4
                0x0000a0d4        0x9 ./fatfs/source/ff.o
 *fill*         0x0000a0dd        0x3 ff
 .rodata.uni2oem932
                0x0000a0e0     0x7378 ./fatfs/source/ffunicode.o
 .rodata.oem2uni932
                0x00011458     0x7378 ./fatfs/source/ffunicode.o
 .rodata.cvt1.5437
                0x000187d0      0x1f2 ./fatfs/source/ffunicode.o
 *fill*         0x000189c2        0x2 ff
 .rodata.cvt2.5438
                0x000189c4       0xbc ./fatfs/source/ffunicode.o
 .rodata.CLOCK_GetMcgExtClkFreq.str1.4
                0x00018a80       0x4e ./drivers/fsl_clock.o
 *fill*         0x00018ace        0x2 ff
 .rodata.CLOCK_GetOsc0ErClkFreq.str1.4
                0x00018ad0       0x1f ./drivers/fsl_clock.o
 *fill*         0x00018aef        0x1 ff
 .rodata.CLOCK_GetEr32kClkFreq.str1.4
                0x00018af0       0x20 ./drivers/fsl_clock.o
 .rodata.CLOCK_GetPll0Freq.str1.4
                0x00018b10       0x1e ./drivers/fsl_clock.o
 *fill*         0x00018b2e        0x2 ff
 .rodata.CLOCK_EnablePll0.str1.4
                0x00018b30       0x1b ./drivers/fsl_clock.o
 *fill*         0x00018b4b        0x1 ff
 .rodata.CLOCK_SetPbeMode.str1.4
                0x00018b4c       0x1b ./drivers/fsl_clock.o
 *fill*         0x00018b67        0x1 ff
 .rodata.CLOCK_BootToPeeMode.str1.4
                0x00018b68       0x1b ./drivers/fsl_clock.o
 *fill*         0x00018b83        0x1 ff
 .rodata.fllFactorTable.7941
                0x00018b84       0x10 ./drivers/fsl_clock.o
 .rodata.SDK_DelayAtLeastUs.str1.4
                0x00018b94       0x4c ./drivers/fsl_common.o
 .rodata.SDHC_GetInstance.str1.4
                0x00018be0       0x34 ./drivers/fsl_sdhc.o
 .rodata.SDHC_ReceiveCommandResponse.str1.4
                0x00018c14       0x22 ./drivers/fsl_sdhc.o
 *fill*         0x00018c36        0x2 ff
 .rodata.SDHC_TransferHandleCommand.str1.4
                0x00018c38       0x2a ./drivers/fsl_sdhc.o
 *fill*         0x00018c62        0x2 ff
 .rodata.SDHC_TransferHandleData.str1.4
                0x00018c64       0x27 ./drivers/fsl_sdhc.o
 *fill*         0x00018c8b        0x1 ff
 .rodata.SDHC_Init.str1.4
                0x00018c8c      0x11f ./drivers/fsl_sdhc.o
 *fill*         0x00018dab        0x1 ff
 .rodata.SDHC_SetSdClock.str1.4
                0x00018dac       0x6a ./drivers/fsl_sdhc.o
 *fill*         0x00018e16        0x2 ff
 .rodata.SDHC_SetTransferConfig.str1.4
                0x00018e18       0xf1 ./drivers/fsl_sdhc.o
 *fill*         0x00018f09        0x3 ff
 .rodata.SDHC_TransferCreateHandle.str1.4
                0x00018f0c       0x48 ./drivers/fsl_sdhc.o
 .rodata.SDHC_TransferNonBlocking.str1.4
                0x00018f54       0x24 ./drivers/fsl_sdhc.o
 .rodata.SDHC_TransferHandleIRQ.str1.4
                0x00018f78       0x22 ./drivers/fsl_sdhc.o
 *fill*         0x00018f9a        0x2 ff
 .rodata.SDHC_DriverIRQHandler.str1.4
                0x00018f9c       0x2b ./drivers/fsl_sdhc.o
 *fill*         0x00018fc7        0x1 ff
 .rodata.OSA_EventCreate.str1.4
                0x00018fc8       0x2b ./component/osa/fsl_os_abstraction_bm.o
 *fill*         0x00018ff3        0x1 ff
 .rodata.mcgConfig_BOARD_BootClockRUN
                0x00018ff4        0xb ./board/clock_config.o
                0x00018ff4                mcgConfig_BOARD_BootClockRUN
 *fill*         0x00018fff        0x1 ff
 .rodata.simConfig_BOARD_BootClockRUN
                0x00019000        0x8 ./board/clock_config.o
                0x00019000                simConfig_BOARD_BootClockRUN
 .rodata.oscConfig_BOARD_BootClockRUN
                0x00019008        0x8 ./board/clock_config.o
                0x00019008                oscConfig_BOARD_BootClockRUN
 .rodata.PORT_SetPinConfig.str1.4
                0x00019010       0x63 ./board/pin_mux.o
 *fill*         0x00019073        0x1 ff
 .rodata.BOARD_SD_Config.str1.4
                0x00019074       0x1a ./board/sdmmc_config.o
 *fill*         0x0001908e        0x2 ff
 .rodata.__num_Ciob_streams
                0x00019090        0x4 c:/nxp/mcuxpressoide_11.2.1_4149/ide/plugins/com.nxp.mcuxpresso.tools.win32_11.2.0.202008311134/tools/bin/../lib/gcc/arm-none-eabi/9.2.1/../../../../arm-none-eabi/lib/thumb/v7e-m+fp/hard\libcr_semihost_nf.a(__ciob.o)
                0x00019090                __num_Ciob_streams
 .rodata._Csys_alloc.str1.1
                0x00019094       0x18 c:/nxp/mcuxpressoide_11.2.1_4149/ide/plugins/com.nxp.mcuxpresso.tools.win32_11.2.0.202008311134/tools/bin/../lib/gcc/arm-none-eabi/9.2.1/../../../../arm-none-eabi/lib/thumb/v7e-m+fp/hard\libcr_c.a(alloc.o)
 .rodata._initio.str1.1
                0x000190ac        0x4 c:/nxp/mcuxpressoide_11.2.1_4149/ide/plugins/com.nxp.mcuxpresso.tools.win32_11.2.0.202008311134/tools/bin/../lib/gcc/arm-none-eabi/9.2.1/../../../../arm-none-eabi/lib/thumb/v7e-m+fp/hard\libcr_c.a(initio.o)
 .rodata.__vfprintf.str1.1
                0x000190b0       0x37 c:/nxp/mcuxpressoide_11.2.1_4149/ide/plugins/com.nxp.mcuxpresso.tools.win32_11.2.0.202008311134/tools/bin/../lib/gcc/arm-none-eabi/9.2.1/../../../../arm-none-eabi/lib/thumb/v7e-m+fp/hard\libcr_c.a(printf.o)
                                 0x38 (size before relaxing)
                0x000190e8                . = ALIGN (0x8)
 *fill*         0x000190e7        0x1 ff

.glue_7         0x000190e8        0x0
 .glue_7        0x000190e8        0x0 linker stubs

.glue_7t        0x000190e8        0x0
 .glue_7t       0x000190e8        0x0 linker stubs

.vfp11_veneer   0x000190e8        0x0
 .vfp11_veneer  0x000190e8        0x0 linker stubs

.v4_bx          0x000190e8        0x0
 .v4_bx         0x000190e8        0x0 linker stubs

.iplt           0x000190e8        0x0
 .iplt          0x000190e8        0x0 ./utilities/fsl_assert.o

.rel.dyn        0x000190e8        0x0
 .rel.iplt      0x000190e8        0x0 ./utilities/fsl_assert.o

.ARM.extab
 *(SORT_BY_ALIGNMENT(.ARM.extab*) SORT_BY_ALIGNMENT(.gnu.linkonce.armextab.*))

.ARM.exidx      0x000190e8        0x0
                0x000190e8                __exidx_start = .
 *(SORT_BY_ALIGNMENT(.ARM.exidx*) SORT_BY_ALIGNMENT(.gnu.linkonce.armexidx.*))
                0x000190e8                __exidx_end = .
                0x000190e8                _etext = .

.m_usb_data
 *(SORT_BY_ALIGNMENT(m_usb_bdt))

.data_RAM2      0x1fff0000        0x0 load address 0x000190e8
 FILL mask 0xff
                [!provide]                PROVIDE (__start_data_RAM2 = .)
                [!provide]                PROVIDE (__start_data_SRAM_LOWER = .)
 *(SORT_BY_ALIGNMENT(.ramfunc.$RAM2))
 *(SORT_BY_ALIGNMENT(.ramfunc.$SRAM_LOWER))
 *(SORT_BY_ALIGNMENT(.data.$RAM2))
 *(SORT_BY_ALIGNMENT(.data.$SRAM_LOWER))
 *(SORT_BY_ALIGNMENT(.data.$RAM2.*))
 *(SORT_BY_ALIGNMENT(.data.$SRAM_LOWER.*))
                0x1fff0000                . = ALIGN (0x8)
                [!provide]                PROVIDE (__end_data_RAM2 = .)
                [!provide]                PROVIDE (__end_data_SRAM_LOWER = .)

.data_RAM3      0x14000000        0x0 load address 0x000190e8
 FILL mask 0xff
                [!provide]                PROVIDE (__start_data_RAM3 = .)
                [!provide]                PROVIDE (__start_data_FLEX_RAM = .)
 *(SORT_BY_ALIGNMENT(.ramfunc.$RAM3))
 *(SORT_BY_ALIGNMENT(.ramfunc.$FLEX_RAM))
 *(SORT_BY_ALIGNMENT(.data.$RAM3))
 *(SORT_BY_ALIGNMENT(.data.$FLEX_RAM))
 *(SORT_BY_ALIGNMENT(.data.$RAM3.*))
 *(SORT_BY_ALIGNMENT(.data.$FLEX_RAM.*))
                0x14000000                . = ALIGN (0x8)
                [!provide]                PROVIDE (__end_data_RAM3 = .)
                [!provide]                PROVIDE (__end_data_FLEX_RAM = .)

.uninit_RESERVED
                0x20000000        0x0
                0x20000000                _start_uninit_RESERVED = .
 *(SORT_BY_ALIGNMENT(.bss.$RESERVED*))
                0x20000000                . = ALIGN (0x8)
                0x20000000                _end_uninit_RESERVED = .

.data           0x20000000       0x10 load address 0x000190e8
 FILL mask 0xff
                0x20000000                _data = .
                [!provide]                PROVIDE (__start_data_RAM = .)
                [!provide]                PROVIDE (__start_data_SRAM_UPPER = .)
 *(SORT_BY_ALIGNMENT(vtable))
 *(SORT_BY_ALIGNMENT(.ramfunc*))
 *(SORT_BY_ALIGNMENT(CodeQuickAccess))
 *(SORT_BY_ALIGNMENT(DataQuickAccess))
 *(SORT_BY_ALIGNMENT(RamFunction))
 *(SORT_BY_ALIGNMENT(.data*))
 .data.s_slowIrcFreq
                0x20000000        0x4 ./drivers/fsl_clock.o
 .data.s_fastIrcFreq
                0x20000004        0x4 ./drivers/fsl_clock.o
 .data.SystemCoreClock
                0x20000008        0x4 ./device/system_MK64F12.o
                0x20000008                SystemCoreClock
                0x20000010                . = ALIGN (0x8)
 *fill*         0x2000000c        0x4 ff
                0x20000010                _edata = .
                [!provide]                PROVIDE (__end_data_RAM = .)
                [!provide]                PROVIDE (__end_data_SRAM_UPPER = .)

.igot.plt       0x20000010        0x0 load address 0x000190f8
 .igot.plt      0x20000010        0x0 ./utilities/fsl_assert.o

.bss_RAM2       0x1fff0000        0x0
                [!provide]                PROVIDE (__start_bss_RAM2 = .)
                [!provide]                PROVIDE (__start_bss_SRAM_LOWER = .)
 *(SORT_BY_ALIGNMENT(.bss.$RAM2))
 *(SORT_BY_ALIGNMENT(.bss.$SRAM_LOWER))
 *(SORT_BY_ALIGNMENT(.bss.$RAM2.*))
 *(SORT_BY_ALIGNMENT(.bss.$SRAM_LOWER.*))
                0x1fff0000                . = ALIGN ((. != 0x0)?0x8:0x1)
                [!provide]                PROVIDE (__end_bss_RAM2 = .)
                [!provide]                PROVIDE (__end_bss_SRAM_LOWER = .)

.bss_RAM3       0x14000000        0x0
                [!provide]                PROVIDE (__start_bss_RAM3 = .)
                [!provide]                PROVIDE (__start_bss_FLEX_RAM = .)
 *(SORT_BY_ALIGNMENT(.bss.$RAM3))
 *(SORT_BY_ALIGNMENT(.bss.$FLEX_RAM))
 *(SORT_BY_ALIGNMENT(.bss.$RAM3.*))
 *(SORT_BY_ALIGNMENT(.bss.$FLEX_RAM.*))
                0x14000000                . = ALIGN ((. != 0x0)?0x8:0x1)
                [!provide]                PROVIDE (__end_bss_RAM3 = .)
                [!provide]                PROVIDE (__end_bss_FLEX_RAM = .)

.bss            0x20000010     0x2010
                0x20000010                _bss = .
                [!provide]                PROVIDE (__start_bss_RAM = .)
                [!provide]                PROVIDE (__start_bss_SRAM_UPPER = .)
 *(SORT_BY_ALIGNMENT(.bss*))
 .bss.directory
                0x20000010       0x30 ./source/sdcard_fatfs.o
                0x20000010                directory
 .bss.fileInformation
                0x20000040      0x118 ./source/sdcard_fatfs.o
                0x20000040                fileInformation
 .bss.directoryNames
                0x20000158     0x1400 ./source/sdcard_fatfs.o
                0x20000158                directoryNames
 .bss.directory_path
                0x20001558      0x3e8 ./source/sdcard_fatfs.o
 .bss.g_fileSystem
                0x20001940      0x238 ./source/sdcard_fatfs.o
 .bss.g_sd      0x20001b78      0x294 ./fatfs/source/fsl_sd_disk/fsl_sd_disk.o
                0x20001b78                g_sd
 .bss.FatFs     0x20001e0c        0xc ./fatfs/source/ff.o
 .bss.g_xtal0Freq
                0x20001e18        0x4 ./drivers/fsl_clock.o
                0x20001e18                g_xtal0Freq
 .bss.g_xtal32Freq
                0x20001e1c        0x4 ./drivers/fsl_clock.o
                0x20001e1c                g_xtal32Freq
 .bss.s_sdhcHandle
                0x20001e20        0x4 ./drivers/fsl_sdhc.o
 .bss.s_sdhcIsr
                0x20001e24        0x4 ./drivers/fsl_sdhc.o
 .bss.s_uartHandle
                0x20001e28       0x18 ./drivers/fsl_uart.o
 .bss.s_uartIsr
                0x20001e40        0x4 ./drivers/fsl_uart.o
 .bss.s_sdmmcHostDmaBuffer
                0x20001e44       0x80 ./board/sdmmc_config.o
 .bss.s_cd      0x20001ec4       0x14 ./board/sdmmc_config.o
 .bss.s_host    0x20001ed8       0x64 ./board/sdmmc_config.o
 .bss.s_event   0x20001f3c       0x10 ./board/sdmmc_config.o
                0x20001f3c                s_event
 .bss.__end_of_heap
                0x20001f4c        0x4 c:/nxp/mcuxpressoide_11.2.1_4149/ide/plugins/com.nxp.mcuxpresso.tools.win32_11.2.0.202008311134/tools/bin/../lib/gcc/arm-none-eabi/9.2.1/../../../../arm-none-eabi/lib/thumb/v7e-m+fp/hard\libcr_c.a(__init_alloc.o)
                0x20001f4c                __end_of_heap
 .bss.__heaps   0x20001f50        0x4 c:/nxp/mcuxpressoide_11.2.1_4149/ide/plugins/com.nxp.mcuxpresso.tools.win32_11.2.0.202008311134/tools/bin/../lib/gcc/arm-none-eabi/9.2.1/../../../../arm-none-eabi/lib/thumb/v7e-m+fp/hard\libcr_c.a(__init_alloc.o)
                0x20001f50                __heaps
 .bss.errno     0x20001f54        0x4 c:/nxp/mcuxpressoide_11.2.1_4149/ide/plugins/com.nxp.mcuxpresso.tools.win32_11.2.0.202008311134/tools/bin/../lib/gcc/arm-none-eabi/9.2.1/../../../../arm-none-eabi/lib/thumb/v7e-m+fp/hard\libcr_c.a(errno.o)
                0x20001f54                errno
 .bss.__Ciob    0x20001f58       0xb4 c:/nxp/mcuxpressoide_11.2.1_4149/ide/plugins/com.nxp.mcuxpresso.tools.win32_11.2.0.202008311134/tools/bin/../lib/gcc/arm-none-eabi/9.2.1/../../../../arm-none-eabi/lib/thumb/v7e-m+fp/hard\libcr_semihost_nf.a(__ciob.o)
                0x20001f58                __Ciob
 .bss.path_index
                0x2000200c        0x2 ./source/sdcard_fatfs.o
 .bss.page_counter
                0x2000200e        0x2 ./source/sdcard_fatfs.o
 .bss.page_finished
                0x20002010        0x2 ./source/sdcard_fatfs.o
 .bss.Fsid      0x20002012        0x2 ./fatfs/source/ff.o
 .bss.directory_counter
                0x20002014        0x1 ./source/sdcard_fatfs.o
 .bss.directory_index
                0x20002015        0x1 ./source/sdcard_fatfs.o
 .bss.directory_finished
                0x20002016        0x1 ./source/sdcard_fatfs.o
 .bss.directory_depht
                0x20002017        0x1 ./source/sdcard_fatfs.o
 .bss.directory_counter_finished
                0x20002018        0x1 ./source/sdcard_fatfs.o
 .bss.CurrVol   0x20002019        0x1 ./fatfs/source/ff.o
 *(SORT_BY_ALIGNMENT(COMMON))
                0x20002020                . = ALIGN (0x8)
 *fill*         0x2000201a        0x6 
                0x20002020                _ebss = .
                [!provide]                PROVIDE (__end_bss_RAM = .)
                [!provide]                PROVIDE (__end_bss_SRAM_UPPER = .)
                [!provide]                PROVIDE (end = .)

.noinit_RAM2    0x1fff0000        0x0
                [!provide]                PROVIDE (__start_noinit_RAM2 = .)
                [!provide]                PROVIDE (__start_noinit_SRAM_LOWER = .)
 *(SORT_BY_ALIGNMENT(.noinit.$RAM2))
 *(SORT_BY_ALIGNMENT(.noinit.$SRAM_LOWER))
 *(SORT_BY_ALIGNMENT(.noinit.$RAM2.*))
 *(SORT_BY_ALIGNMENT(.noinit.$SRAM_LOWER.*))
                0x1fff0000                . = ALIGN (0x8)
                [!provide]                PROVIDE (__end_noinit_RAM2 = .)
                [!provide]                PROVIDE (__end_noinit_SRAM_LOWER = .)

.noinit_RAM3    0x14000000        0x0
                [!provide]                PROVIDE (__start_noinit_RAM3 = .)
                [!provide]                PROVIDE (__start_noinit_FLEX_RAM = .)
 *(SORT_BY_ALIGNMENT(.noinit.$RAM3))
 *(SORT_BY_ALIGNMENT(.noinit.$FLEX_RAM))
 *(SORT_BY_ALIGNMENT(.noinit.$RAM3.*))
 *(SORT_BY_ALIGNMENT(.noinit.$FLEX_RAM.*))
                0x14000000                . = ALIGN (0x8)
                [!provide]                PROVIDE (__end_noinit_RAM3 = .)
                [!provide]                PROVIDE (__end_noinit_FLEX_RAM = .)

.noinit         0x20002020        0x0
                0x20002020                _noinit = .
                [!provide]                PROVIDE (__start_noinit_RAM = .)
                [!provide]                PROVIDE (__start_noinit_SRAM_UPPER = .)
 *(SORT_BY_ALIGNMENT(.noinit*))
                0x20002020                . = ALIGN (0x8)
                0x20002020                _end_noinit = .
                [!provide]                PROVIDE (__end_noinit_RAM = .)
                [!provide]                PROVIDE (__end_noinit_SRAM_UPPER = .)
                0x00001000                _HeapSize = 0x1000

.heap           0x20002020     0x1000
                0x20002020                _pvHeapStart = .
                0x20003020                . = (. + _HeapSize)
 *fill*         0x20002020     0x1000 
                0x20003020                . = ALIGN (0x8)
                0x20003020                _pvHeapLimit = .
                0x00000800                _StackSize = 0x800

.heap2stackfill
                0x20003020      0x800
                0x20003820                . = (. + _StackSize)
 *fill*         0x20003020      0x800 

.stack          0x2002f800        0x0
                0x2002f800                _vStackBase = .
                0x2002f800                . = ALIGN (0x8)
                0x20030000                _vStackTop = (. + _StackSize)
                0x00000000                _image_start = LOADADDR (.text)
                0x000190f8                _image_end = (LOADADDR (.data) + SIZEOF (.data))
                0x000190f8                _image_size = (_image_end - _image_start)
OUTPUT(ktnuro_sdcard_fatfs.axf elf32-littlearm)

.debug_info     0x00000000    0x18493
 .debug_info    0x00000000      0x259 ./utilities/fsl_assert.o
 .debug_info    0x00000259      0x92e ./startup/startup_mk64f12.o
 .debug_info    0x00000b87     0x1fc3 ./source/sdcard_fatfs.o
 .debug_info    0x00002b4a       0x3c ./source/semihost_hardfault.o
 .debug_info    0x00002b86     0x2d35 ./sdmmc/src/fsl_sd.o
 .debug_info    0x000058bb      0xcc2 ./sdmmc/src/fsl_sdmmc_common.o
 .debug_info    0x0000657d      0x34c ./sdmmc/osa/fsl_sdmmc_osa.o
 .debug_info    0x000068c9     0x146e ./sdmmc/host/fsl_sdmmc_host.o
 .debug_info    0x00007d37     0x14d2 ./fatfs/source/fsl_sd_disk/fsl_sd_disk.o
 .debug_info    0x00009209     0x1146 ./fatfs/source/diskio.o
 .debug_info    0x0000a34f     0x2a31 ./fatfs/source/ff.o
 .debug_info    0x0000cd80      0x33c ./fatfs/source/ffunicode.o
 .debug_info    0x0000d0bc     0x21ca ./drivers/fsl_clock.o
 .debug_info    0x0000f286      0x2be ./drivers/fsl_common.o
 .debug_info    0x0000f544     0x222c ./drivers/fsl_sdhc.o
 .debug_info    0x00011770     0x1cbb ./drivers/fsl_uart.o
 .debug_info    0x0001342b      0x69f ./device/system_MK64F12.o
 .debug_info    0x00013aca      0xfd1 ./component/osa/fsl_os_abstraction_bm.o
 .debug_info    0x00014a9b      0x672 ./board/board.o
 .debug_info    0x0001510d      0xbff ./board/clock_config.o
 .debug_info    0x00015d0c      0x8b0 ./board/pin_mux.o
 .debug_info    0x000165bc     0x1ed7 ./board/sdmmc_config.o

.debug_abbrev   0x00000000     0x321e
 .debug_abbrev  0x00000000       0xe9 ./utilities/fsl_assert.o
 .debug_abbrev  0x000000e9      0x17a ./startup/startup_mk64f12.o
 .debug_abbrev  0x00000263      0x3a0 ./source/sdcard_fatfs.o
 .debug_abbrev  0x00000603       0x31 ./source/semihost_hardfault.o
 .debug_abbrev  0x00000634      0x383 ./sdmmc/src/fsl_sd.o
 .debug_abbrev  0x000009b7      0x1e8 ./sdmmc/src/fsl_sdmmc_common.o
 .debug_abbrev  0x00000b9f      0x145 ./sdmmc/osa/fsl_sdmmc_osa.o
 .debug_abbrev  0x00000ce4      0x33f ./sdmmc/host/fsl_sdmmc_host.o
 .debug_abbrev  0x00001023      0x246 ./fatfs/source/fsl_sd_disk/fsl_sd_disk.o
 .debug_abbrev  0x00001269      0x286 ./fatfs/source/diskio.o
 .debug_abbrev  0x000014ef      0x27b ./fatfs/source/ff.o
 .debug_abbrev  0x0000176a      0x117 ./fatfs/source/ffunicode.o
 .debug_abbrev  0x00001881      0x371 ./drivers/fsl_clock.o
 .debug_abbrev  0x00001bf2      0x153 ./drivers/fsl_common.o
 .debug_abbrev  0x00001d45      0x32b ./drivers/fsl_sdhc.o
 .debug_abbrev  0x00002070      0x358 ./drivers/fsl_uart.o
 .debug_abbrev  0x000023c8      0x170 ./device/system_MK64F12.o
 .debug_abbrev  0x00002538      0x374 ./component/osa/fsl_os_abstraction_bm.o
 .debug_abbrev  0x000028ac      0x1a0 ./board/board.o
 .debug_abbrev  0x00002a4c      0x233 ./board/clock_config.o
 .debug_abbrev  0x00002c7f      0x249 ./board/pin_mux.o
 .debug_abbrev  0x00002ec8      0x356 ./board/sdmmc_config.o

.debug_aranges  0x00000000     0x11d0
 .debug_aranges
                0x00000000       0x20 ./utilities/fsl_assert.o
 .debug_aranges
                0x00000020      0x330 ./startup/startup_mk64f12.o
 .debug_aranges
                0x00000350       0x70 ./source/sdcard_fatfs.o
 .debug_aranges
                0x000003c0       0x20 ./source/semihost_hardfault.o
 .debug_aranges
                0x000003e0      0x1b0 ./sdmmc/src/fsl_sd.o
 .debug_aranges
                0x00000590       0x48 ./sdmmc/src/fsl_sdmmc_common.o
 .debug_aranges
                0x000005d8       0x58 ./sdmmc/osa/fsl_sdmmc_osa.o
 .debug_aranges
                0x00000630      0x100 ./sdmmc/host/fsl_sdmmc_host.o
 .debug_aranges
                0x00000730       0x40 ./fatfs/source/fsl_sd_disk/fsl_sd_disk.o
 .debug_aranges
                0x00000770       0x40 ./fatfs/source/diskio.o
 .debug_aranges
                0x000007b0      0x250 ./fatfs/source/ff.o
 .debug_aranges
                0x00000a00       0x30 ./fatfs/source/ffunicode.o
 .debug_aranges
                0x00000a30      0x1f8 ./drivers/fsl_clock.o
 .debug_aranges
                0x00000c28       0x38 ./drivers/fsl_common.o
 .debug_aranges
                0x00000c60      0x170 ./drivers/fsl_sdhc.o
 .debug_aranges
                0x00000dd0      0x180 ./drivers/fsl_uart.o
 .debug_aranges
                0x00000f50       0x30 ./device/system_MK64F12.o
 .debug_aranges
                0x00000f80      0x128 ./component/osa/fsl_os_abstraction_bm.o
 .debug_aranges
                0x000010a8       0x28 ./board/board.o
 .debug_aranges
                0x000010d0       0x58 ./board/clock_config.o
 .debug_aranges
                0x00001128       0x38 ./board/pin_mux.o
 .debug_aranges
                0x00001160       0x70 ./board/sdmmc_config.o

.debug_ranges   0x00000000     0x1070
 .debug_ranges  0x00000000       0x10 ./utilities/fsl_assert.o
 .debug_ranges  0x00000010      0x320 ./startup/startup_mk64f12.o
 .debug_ranges  0x00000330       0x60 ./source/sdcard_fatfs.o
 .debug_ranges  0x00000390       0x10 ./source/semihost_hardfault.o
 .debug_ranges  0x000003a0      0x1a0 ./sdmmc/src/fsl_sd.o
 .debug_ranges  0x00000540       0x38 ./sdmmc/src/fsl_sdmmc_common.o
 .debug_ranges  0x00000578       0x48 ./sdmmc/osa/fsl_sdmmc_osa.o
 .debug_ranges  0x000005c0       0xf0 ./sdmmc/host/fsl_sdmmc_host.o
 .debug_ranges  0x000006b0       0x30 ./fatfs/source/fsl_sd_disk/fsl_sd_disk.o
 .debug_ranges  0x000006e0       0x30 ./fatfs/source/diskio.o
 .debug_ranges  0x00000710      0x240 ./fatfs/source/ff.o
 .debug_ranges  0x00000950       0x20 ./fatfs/source/ffunicode.o
 .debug_ranges  0x00000970      0x1e8 ./drivers/fsl_clock.o
 .debug_ranges  0x00000b58       0x28 ./drivers/fsl_common.o
 .debug_ranges  0x00000b80      0x160 ./drivers/fsl_sdhc.o
 .debug_ranges  0x00000ce0      0x170 ./drivers/fsl_uart.o
 .debug_ranges  0x00000e50       0x20 ./device/system_MK64F12.o
 .debug_ranges  0x00000e70      0x118 ./component/osa/fsl_os_abstraction_bm.o
 .debug_ranges  0x00000f88       0x18 ./board/board.o
 .debug_ranges  0x00000fa0       0x48 ./board/clock_config.o
 .debug_ranges  0x00000fe8       0x28 ./board/pin_mux.o
 .debug_ranges  0x00001010       0x60 ./board/sdmmc_config.o

.debug_macro    0x00000000    0x15093
 .debug_macro   0x00000000      0x13c ./utilities/fsl_assert.o
 .debug_macro   0x0000013c      0xaea ./utilities/fsl_assert.o
 .debug_macro   0x00000c26       0x10 ./utilities/fsl_assert.o
 .debug_macro   0x00000c36       0x1c ./utilities/fsl_assert.o
 .debug_macro   0x00000c52       0x22 ./utilities/fsl_assert.o
 .debug_macro   0x00000c74      0x12e ./utilities/fsl_assert.o
 .debug_macro   0x00000da2      0x5b3 ./utilities/fsl_assert.o
 .debug_macro   0x00001355       0x22 ./utilities/fsl_assert.o
 .debug_macro   0x00001377       0x10 ./utilities/fsl_assert.o
 .debug_macro   0x00001387       0x57 ./utilities/fsl_assert.o
 .debug_macro   0x000013de       0x1c ./utilities/fsl_assert.o
 .debug_macro   0x000013fa       0x22 ./utilities/fsl_assert.o
 .debug_macro   0x0000141c      0x101 ./utilities/fsl_assert.o
 .debug_macro   0x0000151d      0xeeb ./utilities/fsl_assert.o
 .debug_macro   0x00002408       0x40 ./utilities/fsl_assert.o
 .debug_macro   0x00002448     0xe977 ./utilities/fsl_assert.o
 .debug_macro   0x00010dbf     0x1294 ./utilities/fsl_assert.o
 .debug_macro   0x00012053       0xd7 ./utilities/fsl_assert.o
 .debug_macro   0x0001212a      0x174 ./utilities/fsl_assert.o
 .debug_macro   0x0001229e       0x2e ./utilities/fsl_assert.o
 .debug_macro   0x000122cc       0x2e ./utilities/fsl_assert.o
 .debug_macro   0x000122fa       0x47 ./utilities/fsl_assert.o
 .debug_macro   0x00012341       0x16 ./utilities/fsl_assert.o