fsl_sdhc.h:753:24:SDHC_GetPresentStatusFlags	16	static
fsl_sdmmc_host.h:117:20:SDMMCHOST_SendCardActive	16	static
fsl_sdmmc_host.h:128:24:SDMMCHOST_SetCardClock	16	static
fsl_sdmmc_host.h:138:20:SDMMCHOST_IsCardBusy	16	static
fsl_sdmmc_host.h:171:20:SDMMCHOST_EnableBoot	16	static
fsl_mmc.c:406:24:MMC_SelectCard	16	static
fsl_mmc.c:413:24:MMC_SetBlockCount	16	static
fsl_mmc.c:420:24:MMC_GoIdle	16	static
fsl_mmc.c:427:24:MMC_SetBlockSize	16	static
fsl_mmc.c:459:17:MMC_Transfer	32	static
fsl_mmc.c:522:17:MMC_WaitWriteComplete	56	static
fsl_mmc.c:558:17:MMC_StopTransmission	56	static
fsl_mmc.c:581:17:MMC_SendOperationCondition	64	static
fsl_mmc.c:632:17:MMC_SetRelativeAddress	56	static
fsl_mmc.c:656:13:MMC_DecodeCsd	24	static
fsl_mmc.c:744:13:MMC_SetMaxFrequency	32	static
fsl_mmc.c:763:17:MMC_SetMaxEraseUnitSize	32	static
fsl_mmc.c:803:17:MMC_SetExtendedCsdConfig	64	static
fsl_mmc.c:838:13:MMC_DecodeExtendedCsd	24	static
fsl_mmc.c:935:17:MMC_SendExtendedCsd	104	static
fsl_mmc.c:1007:17:MMC_SetPowerClass	24	static
fsl_mmc.c:1112:17:MMC_SendTestPattern	88	static
fsl_mmc.c:1143:17:MMC_ReceiveTestPattern	88	static
fsl_mmc.c:1173:17:MMC_TestDataBusWidth	88	static
fsl_mmc.c:1253:17:MMC_SetDataBusWidth	24	static
fsl_mmc.c:1274:17:MMC_SetMaxDataBusWidth	24	static
fsl_mmc.c:1373:17:MMC_SwitchHSTiming	24	static
fsl_mmc.c:1405:17:MMC_SwitchToHighSpeed	24	static
fsl_mmc.c:1578:17:MMC_SelectBusTiming	24	static
fsl_mmc.c:1638:13:MMC_DecodeCid	24	static
fsl_mmc.c:1663:17:MMC_AllSendCid	56	static
fsl_mmc.c:1687:17:MMC_SendCsd	56	static
fsl_mmc.c:1713:17:MMC_CheckBlockRange	32	static
fsl_mmc.c:1748:17:MMC_CheckEraseGroupRange	40	static
fsl_mmc.c:1798:17:MMC_Read	88	static
fsl_mmc.c:1875:17:MMC_Write	88	static
fsl_mmc.c:1959:10:MMC_CardInit	24	static
fsl_mmc.c:2064:6:MMC_CardDeinit	16	static
fsl_mmc.c:2071:10:MMC_HostInit	16	static
fsl_mmc.c:2086:6:MMC_HostDeinit	16	static
fsl_mmc.c:2095:6:MMC_HostReset	16	static
fsl_mmc.c:2100:6:MMC_PowerOnCard	16	static
fsl_mmc.c:2105:6:MMC_PowerOffCard	16	static
fsl_mmc.c:2110:6:MMC_SetCardPower	16	static
fsl_mmc.c:2116:10:MMC_Init	16	static
fsl_mmc.c:2140:6:MMC_Deinit	16	static
fsl_mmc.c:2148:6:MMC_CheckReadOnly	16	static
fsl_mmc.c:2156:10:MMC_SelectPartition	24	static
fsl_mmc.c:2183:10:MMC_ReadBlocks	56	static
fsl_mmc.c:2244:10:MMC_WriteBlocks	56	static
fsl_mmc.c:2305:10:MMC_EraseGroups	72	static
fsl_mmc.c:2387:10:MMC_SetBootConfigWP	24	static
fsl_mmc.c:2406:10:MMC_SetBootPartitionWP	24	static
fsl_mmc.c:2425:10:MMC_SetBootConfig	24	static
fsl_mmc.c:2511:10:MMC_StartBoot	64	static
fsl_mmc.c:2585:10:MMC_ReadBootData	24	static
fsl_mmc.c:2599:10:MMC_StopBoot	16	static
