fsl_dac.h:187:20:DAC_Enable	16	static
fsl_dac.h:212:20:DAC_EnableBuffer	16	static
fsl_dac.h:253:20:DAC_EnableBufferDMA	16	static
fsl_pdb.h:335:20:PDB_DoSoftwareTrigger	16	static
fsl_pdb.h:348:20:PDB_DoLoadValues	16	static
fsl_pdb.h:377:20:PDB_EnableInterrupts	16	static
fsl_pdb.h:428:20:PDB_SetModulusValue	16	static
fsl_pdb.h:451:20:PDB_SetCounterDelayValue	16	static
fsl_pdb.h:559:20:PDB_SetDACTriggerIntervalValue	24	static
fsl_dmamux.h:75:20:DMAMUX_EnableChannel	16	static
fsl_dmamux.h:105:20:DMAMUX_SetSource	24	static
dac_continuous_pdb_edma.c:85:5:main	8	static
dac_continuous_pdb_edma.c:112:13:EDMA_Configuration	32	static
dac_continuous_pdb_edma.c:134:13:DMAMUX_Configuration	8	static
dac_continuous_pdb_edma.c:143:13:PDB_Configuration	24	static
dac_continuous_pdb_edma.c:166:13:DAC_Configuration	16	static
dac_continuous_pdb_edma.c:187:13:Edma_Callback	40	static
