usb_host_khci.c:49:17:_USB_HostKhciGetRoundUpPow2	24	static
usb_host_khci.c:72:17:_USB_HostKhciGetFrameCount	24	static
usb_host_khci.c:89:17:_USB_HostKhciGetFrameCountSum	24	static
usb_host_khci.c:114:13:_USB_HostKhciDelay	24	static
usb_host_khci.c:133:6:USB_HostKhciIsrFunction	24	static
usb_host_khci.c:221:13:_USB_HostKhciAttach	48	static
usb_host_khci.c:316:13:_USB_HostKhciReset	24	static
usb_host_khci.c:363:13:_USB_HostKhciDetach	16	static
usb_host_khci.c:403:13:_USB_HostKhciGetRightTrRequest	40	static
usb_host_khci.c:497:13:_USB_HostKhciUnlinkTrRequestFromList	32	static
usb_host_khci.c:569:21:_USB_HostKhciLinkTrRequestToList	24	static
usb_host_khci.c:637:13:_USB_HostKhciProcessTrCallback	32	static
usb_host_khci.c:706:16:_USB_HostKhciTransactionDone	48	static
usb_host_khci.c:890:16:_USB_HostKhciAtomNonblockingTransaction	72	static
usb_host_khci.c:1043:24:_USB_HostKhciStartTranfer	32	static
usb_host_khci.c:1135:24:_USB_HostKhciFinishTranfer	24	static
usb_host_khci.c:1222:13:_USB_HostKhciTransferClearUp	24	static
usb_host_khci.c:1303:13:_USB_HostKhciTransferStateMachine	48	static
usb_host_khci.c:1464:6:USB_HostKhciTaskFunction	32	static
usb_host_khci.c:1543:14:USB_HostKhciCreate	40	static
usb_host_khci.c:1648:14:USB_HostKhciDestory	24	static
usb_host_khci.c:1696:14:USB_HostKhciOpenPipe	48	static
usb_host_khci.c:1768:14:USB_HostKhciClosePipe	32	static
usb_host_khci.c:1825:14:USB_HostKhciWritePipe	40	static
usb_host_khci.c:1903:14:USB_HostKhciReadpipe	40	static
usb_host_khci.c:1952:21:_USB_HostKhciCancelPipe	32	static
usb_host_khci.c:1996:21:_USB_HostKhciBusControl	24	static
usb_host_khci.c:2085:14:USB_HostKciIoctl	32	static
