usb_host_devices.c:186:13:USB_HostEnumerationTransferCallback	40	static
usb_host_devices.c:300:21:USB_HostProcessState	40	static
usb_host_devices.c:400:21:USB_HostProcessCallback	40	static
usb_host_devices.c:536:21:USB_HostNotifyDevice	40	static
usb_host_devices.c:608:16:USB_HostAllocateDeviceAddress	24	static
usb_host_devices.c:635:13:USB_HostReleaseDeviceAddress	16	static
usb_host_devices.c:643:21:USB_HostRemoveDeviceInstance	32	static
usb_host_devices.c:679:13:USB_HostReleaseDeviceResource	24	static
usb_host_devices.c:750:21:USB_HostParseDeviceConfigurationDescriptor	48	static
usb_host_devices.c:978:14:USB_HostAttachDevice	48	static
usb_host_devices.c:1146:14:USB_HostDetachDevice	24	static
usb_host_devices.c:1179:14:USB_HostDetachDeviceInternal	24	static
usb_host_devices.c:1215:9:USB_HostGetDeviceAttachState	16	static
usb_host_devices.c:1220:14:USB_HostValidateDevice	24	static
usb_host_devices.c:1242:21:USB_HostControlBus	24	static
usb_host_devices.c:1258:14:USB_HostOpenDeviceInterface	32	static
usb_host_devices.c:1308:14:USB_HostCloseDeviceInterface	32	static
usb_host_devices.c:1391:14:USB_HostRemoveDevice	32	static
