fsl_sdhc.h:643:20:SDHC_EnableInterruptStatus	16	static
fsl_sdhc.h:654:20:SDHC_DisableInterruptStatus	16	static
fsl_sdhc.h:665:20:SDHC_EnableInterruptSignal	16	static
fsl_sdhc.h:676:20:SDHC_DisableInterruptSignal	16	static
fsl_sdhc.h:707:24:SDHC_GetInterruptStatusFlags	16	static
fsl_sdhc.h:753:24:SDHC_GetPresentStatusFlags	16	static
fsl_sdhc.h:821:20:SDHC_SetDataBusWidth	16	static
fsl_sdhc.h:832:20:SDHC_CardDetectByData3	16	static
fsl_sdmmc_host.h:181:20:SDMMCHOST_EnableCardInt	16	static
fsl_sdmmc_host.c:53:13:SDMMCHOST_DetectCardInsertByHost	24	static
fsl_sdmmc_host.c:74:13:SDMMCHOST_DetectCardRemoveByHost	24	static
fsl_sdmmc_host.c:93:13:SDMMCHOST_CardInterrupt	24	static
fsl_sdmmc_host.c:108:10:SDMMCHOST_CardIntInit	16	static
fsl_sdmmc_host.c:117:10:SDMMCHOST_CardDetectInit	24	static
fsl_sdmmc_host.c:148:10:SDMMCHOST_CardDetectStatus	24	static
fsl_sdmmc_host.c:162:10:SDMMCHOST_PollingCardDetectStatus	32	static
fsl_sdmmc_host.c:207:10:SDMMCHOST_WaitCardDetectStatus	24	static
fsl_sdmmc_host.c:220:13:SDMMCHOST_TransferCompleteCallback	32	static
fsl_sdmmc_host.c:244:10:SDMMCHOST_TransferFunction	40	static
fsl_sdmmc_host.c:299:13:SDMMCHOST_ErrorRecovery	24	static
fsl_sdmmc_host.c:318:6:SDMMCHOST_SetCardPower	16	static
fsl_sdmmc_host.c:323:6:SDMMCHOST_PowerOffCard	16	static
fsl_sdmmc_host.c:332:6:SDMMCHOST_PowerOnCard	16	static
fsl_sdmmc_host.c:347:10:SDMMCHOST_Init	40	static
fsl_sdmmc_host.c:380:6:SDMMCHOST_Reset	16	static
fsl_sdmmc_host.c:385:6:SDMMCHOST_SetCardBusWidth	16	static
fsl_sdmmc_host.c:393:6:SDMMCHOST_Deinit	24	static
fsl_sdmmc_host.c:400:10:SDMMCHOST_StartBoot	24	static
fsl_sdmmc_host.c:409:10:SDMMCHOST_ReadBootData	24	static
