11:57:19 **** Incremental Build of configuration Debug for project testFFT ****
make -r -j4 all 
Building file: ../source/arm_fft_bin_example_f32.c
Invoking: MCU C Compiler
arm-none-eabi-gcc -D__REDLIB__ -DCPU_MK64FN1M0VLL12 -DCPU_MK64FN1M0VLL12_cm4 -DFSL_RTOS_BM -DSDK_OS_BAREMETAL -DSDK_DEBUGCONSOLE=0 -DCR_INTEGER_PRINTF -DPRINTF_FLOAT_ENABLE=0 -DSERIAL_PORT_TYPE_UART=1 -D__MCUXPRESSO -D__USE_CMSIS -DDEBUG -I"C:\Users\Guido\Documents\GitHub\LaboDeMicrosTPF\TestS\fft_test\testFFT\drivers" -I"C:\Users\Guido\Documents\GitHub\LaboDeMicrosTPF\TestS\fft_test\testFFT\component\serial_manager" -I"C:\Users\Guido\Documents\GitHub\LaboDeMicrosTPF\TestS\fft_test\testFFT\component\lists" -I"C:\Users\Guido\Documents\GitHub\LaboDeMicrosTPF\TestS\fft_test\testFFT\CMSIS" -I"C:\Users\Guido\Documents\GitHub\LaboDeMicrosTPF\TestS\fft_test\testFFT\component\uart" -I"C:\Users\Guido\Documents\GitHub\LaboDeMicrosTPF\TestS\fft_test\testFFT\device" -I"C:\Users\Guido\Documents\GitHub\LaboDeMicrosTPF\TestS\fft_test\testFFT\utilities" -I"C:\Users\Guido\Documents\GitHub\LaboDeMicrosTPF\TestS\fft_test\testFFT\drivers" -I"C:\Users\Guido\Documents\GitHub\LaboDeMicrosTPF\TestS\fft_test\testFFT\device" -I"C:\Users\Guido\Documents\GitHub\LaboDeMicrosTPF\TestS\fft_test\testFFT\utilities" -I"C:\Users\Guido\Documents\GitHub\LaboDeMicrosTPF\TestS\fft_test\testFFT\component\lists" -I"C:\Users\Guido\Documents\GitHub\LaboDeMicrosTPF\TestS\fft_test\testFFT\CMSIS" -I"C:\Users\Guido\Documents\GitHub\LaboDeMicrosTPF\TestS\fft_test\testFFT\component\uart" -I"C:\Users\Guido\Documents\GitHub\LaboDeMicrosTPF\TestS\fft_test\testFFT\component\serial_manager" -I"C:\Users\Guido\Documents\GitHub\LaboDeMicrosTPF\TestS\fft_test\testFFT\board" -I"C:\Users\Guido\Documents\GitHub\LaboDeMicrosTPF\TestS\fft_test\testFFT\source" -I"C:\Users\Guido\Documents\GitHub\LaboDeMicrosTPF\TestS\fft_test\testFFT" -O0 -fno-common -g3 -Wall -c -ffunction-sections -fdata-sections -ffreestanding -fno-builtin -fmerge-constants -fmacro-prefix-map="../source/"=. -mcpu=cortex-m4 -mfpu=fpv4-sp-d16 -mfloat-abi=hard -mthumb -D__REDLIB__ -fstack-usage -specs=redlib.specs -MMD -MP -MF"source/arm_fft_bin_example_f32.d" -MT"source/arm_fft_bin_example_f32.o" -MT"source/arm_fft_bin_example_f32.d" -o "source/arm_fft_bin_example_f32.o" "../source/arm_fft_bin_example_f32.c"
../source/arm_fft_bin_example_f32.c: In function 'main':
../source/arm_fft_bin_example_f32.c:134:13: warning: variable 'status' set but not used [-Wunused-but-set-variable]
  134 |  arm_status status;
      |             ^~~~~~
At top level:
../source/arm_fft_bin_example_f32.c:107:18: warning: 'testOutput' defined but not used [-Wunused-variable]
  107 | static float32_t testOutput[TEST_LENGTH_SAMPLES / 2];
      |                  ^~~~~~~~~~
../source/arm_fft_bin_example_f32.c:106:18: warning: 'cfftOutput' defined but not used [-Wunused-variable]
  106 | static float32_t cfftOutput[TEST_LENGTH_SAMPLES];
      |                  ^~~~~~~~~~
../source/arm_fft_bin_example_f32.c:104:18: warning: 'ifftmode' defined but not used [-Wunused-variable]
  104 | static float32_t ifftmode[TEST_LENGTH_SAMPLES];
      |                  ^~~~~~~~
Finished building: ../source/arm_fft_bin_example_f32.c
 
Building target: testFFT.axf
Invoking: MCU Linker
arm-none-eabi-gcc -nostdlib -L"C:\Users\Guido\Documents\GitHub\LaboDeMicrosTPF\TestS\fft_test\testFFT\libs" -Xlinker -Map="testFFT.map" -Xlinker --gc-sections -Xlinker -print-memory-usage -Xlinker --sort-section=alignment -Xlinker --cref -mcpu=cortex-m4 -mfpu=fpv4-sp-d16 -mfloat-abi=hard -mthumb -T testFFT_Debug.ld -o "testFFT.axf"  ./utilities/fsl_debug_console.o ./utilities/fsl_str.o  ./startup/startup_mk64f12.o  ./source/arm_fft_bin_data.o ./source/arm_fft_bin_example_f32.o ./source/fft.o ./source/math_helper.o ./source/semihost_hardfault.o  ./drivers/fsl_adc16.o ./drivers/fsl_clock.o ./drivers/fsl_common.o ./drivers/fsl_gpio.o ./drivers/fsl_i2c.o ./drivers/fsl_smc.o ./drivers/fsl_uart.o  ./device/system_MK64F12.o  ./component/uart/uart_adapter.o  ./component/serial_manager/serial_manager.o ./component/serial_manager/serial_port_uart.o  ./component/lists/generic_list.o  ./board/board.o ./board/clock_config.o ./board/peripherals.o ./board/pin_mux.o   -larm_cortexM4lf_math -larm_cortexM7l_math
Memory region         Used Size  Region Size  %age Used
   PROGRAM_FLASH:       95960 B         1 MB      9.15%
      SRAM_UPPER:       28952 B       192 KB     14.73%
      SRAM_LOWER:          0 GB        64 KB      0.00%
        FLEX_RAM:          0 GB         4 KB      0.00%
Finished building target: testFFT.axf
 
make --no-print-directory post-build
Performing post-build steps
arm-none-eabi-size "testFFT.axf"; # arm-none-eabi-objcopy -v -O binary "testFFT.axf" "testFFT.bin" ; # checksum -p MK64FN1M0xxx12 -d "testFFT.bin";
   text	   data	    bss	    dec	    hex	filename
  95952	      8	  28944	 124904	  1e7e8	testFFT.axf
 
12:01:55 **** Incremental Build of configuration Debug for project testFFT ****
make -r -j4 all 
make: Nothing to be done for 'all'.
12:02:33 **** Incremental Build of configuration Debug for project testFFT ****
make -r -j4 all 
Building file: ../source/arm_fft_bin_example_f32.c
Invoking: MCU C Compiler
arm-none-eabi-gcc -D__REDLIB__ -DCPU_MK64FN1M0VLL12 -DCPU_MK64FN1M0VLL12_cm4 -DFSL_RTOS_BM -DSDK_OS_BAREMETAL -DSDK_DEBUGCONSOLE=0 -DCR_INTEGER_PRINTF -DPRINTF_FLOAT_ENABLE=0 -DSERIAL_PORT_TYPE_UART=1 -D__MCUXPRESSO -D__USE_CMSIS -DDEBUG -I"C:\Users\Guido\Documents\GitHub\LaboDeMicrosTPF\TestS\fft_test\testFFT\drivers" -I"C:\Users\Guido\Documents\GitHub\LaboDeMicrosTPF\TestS\fft_test\testFFT\component\serial_manager" -I"C:\Users\Guido\Documents\GitHub\LaboDeMicrosTPF\TestS\fft_test\testFFT\component\lists" -I"C:\Users\Guido\Documents\GitHub\LaboDeMicrosTPF\TestS\fft_test\testFFT\CMSIS" -I"C:\Users\Guido\Documents\GitHub\LaboDeMicrosTPF\TestS\fft_test\testFFT\component\uart" -I"C:\Users\Guido\Documents\GitHub\LaboDeMicrosTPF\TestS\fft_test\testFFT\device" -I"C:\Users\Guido\Documents\GitHub\LaboDeMicrosTPF\TestS\fft_test\testFFT\utilities" -I"C:\Users\Guido\Documents\GitHub\LaboDeMicrosTPF\TestS\fft_test\testFFT\drivers" -I"C:\Users\Guido\Documents\GitHub\LaboDeMicrosTPF\TestS\fft_test\testFFT\device" -I"C:\Users\Guido\Documents\GitHub\LaboDeMicrosTPF\TestS\fft_test\testFFT\utilities" -I"C:\Users\Guido\Documents\GitHub\LaboDeMicrosTPF\TestS\fft_test\testFFT\component\lists" -I"C:\Users\Guido\Documents\GitHub\LaboDeMicrosTPF\TestS\fft_test\testFFT\CMSIS" -I"C:\Users\Guido\Documents\GitHub\LaboDeMicrosTPF\TestS\fft_test\testFFT\component\uart" -I"C:\Users\Guido\Documents\GitHub\LaboDeMicrosTPF\TestS\fft_test\testFFT\component\serial_manager" -I"C:\Users\Guido\Documents\GitHub\LaboDeMicrosTPF\TestS\fft_test\testFFT\board" -I"C:\Users\Guido\Documents\GitHub\LaboDeMicrosTPF\TestS\fft_test\testFFT\source" -I"C:\Users\Guido\Documents\GitHub\LaboDeMicrosTPF\TestS\fft_test\testFFT" -O0 -fno-common -g3 -Wall -c -ffunction-sections -fdata-sections -ffreestanding -fno-builtin -fmerge-constants -fmacro-prefix-map="../source/"=. -mcpu=cortex-m4 -mfpu=fpv4-sp-d16 -mfloat-abi=hard -mthumb -D__REDLIB__ -fstack-usage -specs=redlib.specs -MMD -MP -MF"source/arm_fft_bin_example_f32.d" -MT"source/arm_fft_bin_example_f32.o" -MT"source/arm_fft_bin_example_f32.d" -o "source/arm_fft_bin_example_f32.o" "../source/arm_fft_bin_example_f32.c"
../source/arm_fft_bin_example_f32.c: In function 'main':
../source/arm_fft_bin_example_f32.c:134:13: warning: variable 'status' set but not used [-Wunused-but-set-variable]
  134 |  arm_status status;
      |             ^~~~~~
At top level:
../source/arm_fft_bin_example_f32.c:107:18: warning: 'testOutput' defined but not used [-Wunused-variable]
  107 | static float32_t testOutput[TEST_LENGTH_SAMPLES / 2];
      |                  ^~~~~~~~~~
../source/arm_fft_bin_example_f32.c:106:18: warning: 'cfftOutput' defined but not used [-Wunused-variable]
  106 | static float32_t cfftOutput[TEST_LENGTH_SAMPLES];
      |                  ^~~~~~~~~~
../source/arm_fft_bin_example_f32.c:104:18: warning: 'ifftmode' defined but not used [-Wunused-variable]
  104 | static float32_t ifftmode[TEST_LENGTH_SAMPLES];
      |                  ^~~~~~~~
Finished building: ../source/arm_fft_bin_example_f32.c
 
Building target: testFFT.axf
Invoking: MCU Linker
arm-none-eabi-gcc -nostdlib -L"C:\Users\Guido\Documents\GitHub\LaboDeMicrosTPF\TestS\fft_test\testFFT\libs" -Xlinker -Map="testFFT.map" -Xlinker --gc-sections -Xlinker -print-memory-usage -Xlinker --sort-section=alignment -Xlinker --cref -mcpu=cortex-m4 -mfpu=fpv4-sp-d16 -mfloat-abi=hard -mthumb -T testFFT_Debug.ld -o "testFFT.axf"  ./utilities/fsl_debug_console.o ./utilities/fsl_str.o  ./startup/startup_mk64f12.o  ./source/arm_fft_bin_data.o ./source/arm_fft_bin_example_f32.o ./source/fft.o ./source/math_helper.o ./source/semihost_hardfault.o  ./drivers/fsl_adc16.o ./drivers/fsl_clock.o ./drivers/fsl_common.o ./drivers/fsl_gpio.o ./drivers/fsl_i2c.o ./drivers/fsl_smc.o ./drivers/fsl_uart.o  ./device/system_MK64F12.o  ./component/uart/uart_adapter.o  ./component/serial_manager/serial_manager.o ./component/serial_manager/serial_port_uart.o  ./component/lists/generic_list.o  ./board/board.o ./board/clock_config.o ./board/peripherals.o ./board/pin_mux.o   -larm_cortexM4lf_math -larm_cortexM7l_math
Memory region         Used Size  Region Size  %age Used
   PROGRAM_FLASH:      104152 B         1 MB      9.93%
      SRAM_UPPER:       28952 B       192 KB     14.73%
      SRAM_LOWER:          0 GB        64 KB      0.00%
        FLEX_RAM:          0 GB         4 KB      0.00%
Finished building target: testFFT.axf
 
make --no-print-directory post-build
Performing post-build steps
arm-none-eabi-size "testFFT.axf"; # arm-none-eabi-objcopy -v -O binary "testFFT.axf" "testFFT.bin" ; # checksum -p MK64FN1M0xxx12 -d "testFFT.bin";
   text	   data	    bss	    dec	    hex	filename
  95952	   8200	  20752	 124904	  1e7e8	testFFT.axf
 
12:04:38 **** Incremental Build of configuration Debug for project testFFT ****
make -r -j4 all 
Building file: ../source/arm_fft_bin_example_f32.c
Invoking: MCU C Compiler
arm-none-eabi-gcc -D__REDLIB__ -DCPU_MK64FN1M0VLL12 -DCPU_MK64FN1M0VLL12_cm4 -DFSL_RTOS_BM -DSDK_OS_BAREMETAL -DSDK_DEBUGCONSOLE=0 -DCR_INTEGER_PRINTF -DPRINTF_FLOAT_ENABLE=0 -DSERIAL_PORT_TYPE_UART=1 -D__MCUXPRESSO -D__USE_CMSIS -DDEBUG -I"C:\Users\Guido\Documents\GitHub\LaboDeMicrosTPF\TestS\fft_test\testFFT\drivers" -I"C:\Users\Guido\Documents\GitHub\LaboDeMicrosTPF\TestS\fft_test\testFFT\component\serial_manager" -I"C:\Users\Guido\Documents\GitHub\LaboDeMicrosTPF\TestS\fft_test\testFFT\component\lists" -I"C:\Users\Guido\Documents\GitHub\LaboDeMicrosTPF\TestS\fft_test\testFFT\CMSIS" -I"C:\Users\Guido\Documents\GitHub\LaboDeMicrosTPF\TestS\fft_test\testFFT\component\uart" -I"C:\Users\Guido\Documents\GitHub\LaboDeMicrosTPF\TestS\fft_test\testFFT\device" -I"C:\Users\Guido\Documents\GitHub\LaboDeMicrosTPF\TestS\fft_test\testFFT\utilities" -I"C:\Users\Guido\Documents\GitHub\LaboDeMicrosTPF\TestS\fft_test\testFFT\drivers" -I"C:\Users\Guido\Documents\GitHub\LaboDeMicrosTPF\TestS\fft_test\testFFT\device" -I"C:\Users\Guido\Documents\GitHub\LaboDeMicrosTPF\TestS\fft_test\testFFT\utilities" -I"C:\Users\Guido\Documents\GitHub\LaboDeMicrosTPF\TestS\fft_test\testFFT\component\lists" -I"C:\Users\Guido\Documents\GitHub\LaboDeMicrosTPF\TestS\fft_test\testFFT\CMSIS" -I"C:\Users\Guido\Documents\GitHub\LaboDeMicrosTPF\TestS\fft_test\testFFT\component\uart" -I"C:\Users\Guido\Documents\GitHub\LaboDeMicrosTPF\TestS\fft_test\testFFT\component\serial_manager" -I"C:\Users\Guido\Documents\GitHub\LaboDeMicrosTPF\TestS\fft_test\testFFT\board" -I"C:\Users\Guido\Documents\GitHub\LaboDeMicrosTPF\TestS\fft_test\testFFT\source" -I"C:\Users\Guido\Documents\GitHub\LaboDeMicrosTPF\TestS\fft_test\testFFT" -O0 -fno-common -g3 -Wall -c -ffunction-sections -fdata-sections -ffreestanding -fno-builtin -fmerge-constants -fmacro-prefix-map="../source/"=. -mcpu=cortex-m4 -mfpu=fpv4-sp-d16 -mfloat-abi=hard -mthumb -D__REDLIB__ -fstack-usage -specs=redlib.specs -MMD -MP -MF"source/arm_fft_bin_example_f32.d" -MT"source/arm_fft_bin_example_f32.o" -MT"source/arm_fft_bin_example_f32.d" -o "source/arm_fft_bin_example_f32.o" "../source/arm_fft_bin_example_f32.c"
../source/arm_fft_bin_example_f32.c: In function 'main':
../source/arm_fft_bin_example_f32.c:134:13: warning: variable 'status' set but not used [-Wunused-but-set-variable]
  134 |  arm_status status;
      |             ^~~~~~
At top level:
../source/arm_fft_bin_example_f32.c:107:18: warning: 'testOutput' defined but not used [-Wunused-variable]
  107 | static float32_t testOutput[TEST_LENGTH_SAMPLES / 2];
      |                  ^~~~~~~~~~
../source/arm_fft_bin_example_f32.c:106:18: warning: 'cfftOutput' defined but not used [-Wunused-variable]
  106 | static float32_t cfftOutput[TEST_LENGTH_SAMPLES];
      |                  ^~~~~~~~~~
../source/arm_fft_bin_example_f32.c:104:18: warning: 'ifftmode' defined but not used [-Wunused-variable]
  104 | static float32_t ifftmode[TEST_LENGTH_SAMPLES];
      |                  ^~~~~~~~
Finished building: ../source/arm_fft_bin_example_f32.c
 
Building target: testFFT.axf
Invoking: MCU Linker
arm-none-eabi-gcc -nostdlib -L"C:\Users\Guido\Documents\GitHub\LaboDeMicrosTPF\TestS\fft_test\testFFT\libs" -Xlinker -Map="testFFT.map" -Xlinker --gc-sections -Xlinker -print-memory-usage -Xlinker --sort-section=alignment -Xlinker --cref -mcpu=cortex-m4 -mfpu=fpv4-sp-d16 -mfloat-abi=hard -mthumb -T testFFT_Debug.ld -o "testFFT.axf"  ./utilities/fsl_debug_console.o ./utilities/fsl_str.o  ./startup/startup_mk64f12.o  ./source/arm_fft_bin_data.o ./source/arm_fft_bin_example_f32.o ./source/fft.o ./source/math_helper.o ./source/semihost_hardfault.o  ./drivers/fsl_adc16.o ./drivers/fsl_clock.o ./drivers/fsl_common.o ./drivers/fsl_gpio.o ./drivers/fsl_i2c.o ./drivers/fsl_smc.o ./drivers/fsl_uart.o  ./device/system_MK64F12.o  ./component/uart/uart_adapter.o  ./component/serial_manager/serial_manager.o ./component/serial_manager/serial_port_uart.o  ./component/lists/generic_list.o  ./board/board.o ./board/clock_config.o ./board/peripherals.o ./board/pin_mux.o   -larm_cortexM4lf_math -larm_cortexM7l_math
Memory region         Used Size  Region Size  %age Used
   PROGRAM_FLASH:      104152 B         1 MB      9.93%
      SRAM_UPPER:       28952 B       192 KB     14.73%
      SRAM_LOWER:          0 GB        64 KB      0.00%
        FLEX_RAM:          0 GB         4 KB      0.00%
Finished building target: testFFT.axf
 
make --no-print-directory post-build
Performing post-build steps
arm-none-eabi-size "testFFT.axf"; # arm-none-eabi-objcopy -v -O binary "testFFT.axf" "testFFT.bin" ; # checksum -p MK64FN1M0xxx12 -d "testFFT.bin";
   text	   data	    bss	    dec	    hex	filename
  95952	   8200	  20752	 124904	  1e7e8	testFFT.axf
 
12:06:25 **** Incremental Build of configuration Debug for project testFFT ****
make -r -j4 all 
Building file: ../source/fft.c
Invoking: MCU C Compiler
arm-none-eabi-gcc -D__REDLIB__ -DCPU_MK64FN1M0VLL12 -DCPU_MK64FN1M0VLL12_cm4 -DFSL_RTOS_BM -DSDK_OS_BAREMETAL -DSDK_DEBUGCONSOLE=0 -DCR_INTEGER_PRINTF -DPRINTF_FLOAT_ENABLE=0 -DSERIAL_PORT_TYPE_UART=1 -D__MCUXPRESSO -D__USE_CMSIS -DDEBUG -I"C:\Users\Guido\Documents\GitHub\LaboDeMicrosTPF\TestS\fft_test\testFFT\drivers" -I"C:\Users\Guido\Documents\GitHub\LaboDeMicrosTPF\TestS\fft_test\testFFT\component\serial_manager" -I"C:\Users\Guido\Documents\GitHub\LaboDeMicrosTPF\TestS\fft_test\testFFT\component\lists" -I"C:\Users\Guido\Documents\GitHub\LaboDeMicrosTPF\TestS\fft_test\testFFT\CMSIS" -I"C:\Users\Guido\Documents\GitHub\LaboDeMicrosTPF\TestS\fft_test\testFFT\component\uart" -I"C:\Users\Guido\Documents\GitHub\LaboDeMicrosTPF\TestS\fft_test\testFFT\device" -I"C:\Users\Guido\Documents\GitHub\LaboDeMicrosTPF\TestS\fft_test\testFFT\utilities" -I"C:\Users\Guido\Documents\GitHub\LaboDeMicrosTPF\TestS\fft_test\testFFT\drivers" -I"C:\Users\Guido\Documents\GitHub\LaboDeMicrosTPF\TestS\fft_test\testFFT\device" -I"C:\Users\Guido\Documents\GitHub\LaboDeMicrosTPF\TestS\fft_test\testFFT\utilities" -I"C:\Users\Guido\Documents\GitHub\LaboDeMicrosTPF\TestS\fft_test\testFFT\component\lists" -I"C:\Users\Guido\Documents\GitHub\LaboDeMicrosTPF\TestS\fft_test\testFFT\CMSIS" -I"C:\Users\Guido\Documents\GitHub\LaboDeMicrosTPF\TestS\fft_test\testFFT\component\uart" -I"C:\Users\Guido\Documents\GitHub\LaboDeMicrosTPF\TestS\fft_test\testFFT\component\serial_manager" -I"C:\Users\Guido\Documents\GitHub\LaboDeMicrosTPF\TestS\fft_test\testFFT\board" -I"C:\Users\Guido\Documents\GitHub\LaboDeMicrosTPF\TestS\fft_test\testFFT\source" -I"C:\Users\Guido\Documents\GitHub\LaboDeMicrosTPF\TestS\fft_test\testFFT" -O0 -fno-common -g3 -Wall -c -ffunction-sections -fdata-sections -ffreestanding -fno-builtin -fmerge-constants -fmacro-prefix-map="../source/"=. -mcpu=cortex-m4 -mfpu=fpv4-sp-d16 -mfloat-abi=hard -mthumb -D__REDLIB__ -fstack-usage -specs=redlib.specs -MMD -MP -MF"source/fft.d" -MT"source/fft.o" -MT"source/fft.d" -o "source/fft.o" "../source/fft.c"
../source/fft.c: In function 'fftSizeToInstance':
../source/fft.c:90:38: warning: initialization discards 'const' qualifier from pointer target type [-Wdiscarded-qualifiers]
   90 |   arm_cfft_instance_f32 * instance = &arm_cfft_sR_f32_len1024;
      |                                      ^
../source/fft.c:94:26: warning: assignment discards 'const' qualifier from pointer target type [-Wdiscarded-qualifiers]
   94 |   case CFFT_16: instance = &arm_cfft_sR_f32_len16; break;
      |                          ^
../source/fft.c:95:26: warning: assignment discards 'const' qualifier from pointer target type [-Wdiscarded-qualifiers]
   95 |   case CFFT_32: instance = &arm_cfft_sR_f32_len32; break;
      |                          ^
../source/fft.c:96:26: warning: assignment discards 'const' qualifier from pointer target type [-Wdiscarded-qualifiers]
   96 |   case CFFT_64: instance = &arm_cfft_sR_f32_len64; break;
      |                          ^
../source/fft.c:97:27: warning: assignment discards 'const' qualifier from pointer target type [-Wdiscarded-qualifiers]
   97 |   case CFFT_128: instance = &arm_cfft_sR_f32_len128; break;
      |                           ^
../source/fft.c:98:27: warning: assignment discards 'const' qualifier from pointer target type [-Wdiscarded-qualifiers]
   98 |   case CFFT_256: instance = &arm_cfft_sR_f32_len256; break;
      |                           ^
../source/fft.c:99:27: warning: assignment discards 'const' qualifier from pointer target type [-Wdiscarded-qualifiers]
   99 |   case CFFT_512: instance = &arm_cfft_sR_f32_len512; break;
      |                           ^
../source/fft.c:100:28: warning: assignment discards 'const' qualifier from pointer target type [-Wdiscarded-qualifiers]
  100 |   case CFFT_1024: instance = &arm_cfft_sR_f32_len1024; break;
      |                            ^
../source/fft.c:101:28: warning: assignment discards 'const' qualifier from pointer target type [-Wdiscarded-qualifiers]
  101 |   case CFFT_2048: instance = &arm_cfft_sR_f32_len2048; break;
      |                            ^
../source/fft.c:102:28: warning: assignment discards 'const' qualifier from pointer target type [-Wdiscarded-qualifiers]
  102 |   case CFFT_4096: instance = &arm_cfft_sR_f32_len4096; break;
      |                            ^
Finished building: ../source/fft.c
 
Building target: testFFT.axf
Invoking: MCU Linker
arm-none-eabi-gcc -nostdlib -L"C:\Users\Guido\Documents\GitHub\LaboDeMicrosTPF\TestS\fft_test\testFFT\libs" -Xlinker -Map="testFFT.map" -Xlinker --gc-sections -Xlinker -print-memory-usage -Xlinker --sort-section=alignment -Xlinker --cref -mcpu=cortex-m4 -mfpu=fpv4-sp-d16 -mfloat-abi=hard -mthumb -T testFFT_Debug.ld -o "testFFT.axf"  ./utilities/fsl_debug_console.o ./utilities/fsl_str.o  ./startup/startup_mk64f12.o  ./source/arm_fft_bin_data.o ./source/arm_fft_bin_example_f32.o ./source/fft.o ./source/math_helper.o ./source/semihost_hardfault.o  ./drivers/fsl_adc16.o ./drivers/fsl_clock.o ./drivers/fsl_common.o ./drivers/fsl_gpio.o ./drivers/fsl_i2c.o ./drivers/fsl_smc.o ./drivers/fsl_uart.o  ./device/system_MK64F12.o  ./component/uart/uart_adapter.o  ./component/serial_manager/serial_manager.o ./component/serial_manager/serial_port_uart.o  ./component/lists/generic_list.o  ./board/board.o ./board/clock_config.o ./board/peripherals.o ./board/pin_mux.o   -larm_cortexM4lf_math -larm_cortexM7l_math
Memory region         Used Size  Region Size  %age Used
   PROGRAM_FLASH:      104168 B         1 MB      9.93%
      SRAM_UPPER:       28952 B       192 KB     14.73%
      SRAM_LOWER:          0 GB        64 KB      0.00%
        FLEX_RAM:          0 GB         4 KB      0.00%
Finished building target: testFFT.axf
 
make --no-print-directory post-build
Performing post-build steps
arm-none-eabi-size "testFFT.axf"; # arm-none-eabi-objcopy -v -O binary "testFFT.axf" "testFFT.bin" ; # checksum -p MK64FN1M0xxx12 -d "testFFT.bin";
   text	   data	    bss	    dec	    hex	filename
  95968	   8200	  20752	 124920	  1e7f8	testFFT.axf
 
12:07:59 **** Incremental Build of configuration Debug for project testFFT ****
make -r -j4 all 
Building file: ../source/arm_fft_bin_example_f32.c
Invoking: MCU C Compiler
arm-none-eabi-gcc -D__REDLIB__ -DCPU_MK64FN1M0VLL12 -DCPU_MK64FN1M0VLL12_cm4 -DFSL_RTOS_BM -DSDK_OS_BAREMETAL -DSDK_DEBUGCONSOLE=0 -DCR_INTEGER_PRINTF -DPRINTF_FLOAT_ENABLE=0 -DSERIAL_PORT_TYPE_UART=1 -D__MCUXPRESSO -D__USE_CMSIS -DDEBUG -I"C:\Users\Guido\Documents\GitHub\LaboDeMicrosTPF\TestS\fft_test\testFFT\drivers" -I"C:\Users\Guido\Documents\GitHub\LaboDeMicrosTPF\TestS\fft_test\testFFT\component\serial_manager" -I"C:\Users\Guido\Documents\GitHub\LaboDeMicrosTPF\TestS\fft_test\testFFT\component\lists" -I"C:\Users\Guido\Documents\GitHub\LaboDeMicrosTPF\TestS\fft_test\testFFT\CMSIS" -I"C:\Users\Guido\Documents\GitHub\LaboDeMicrosTPF\TestS\fft_test\testFFT\component\uart" -I"C:\Users\Guido\Documents\GitHub\LaboDeMicrosTPF\TestS\fft_test\testFFT\device" -I"C:\Users\Guido\Documents\GitHub\LaboDeMicrosTPF\TestS\fft_test\testFFT\utilities" -I"C:\Users\Guido\Documents\GitHub\LaboDeMicrosTPF\TestS\fft_test\testFFT\drivers" -I"C:\Users\Guido\Documents\GitHub\LaboDeMicrosTPF\TestS\fft_test\testFFT\device" -I"C:\Users\Guido\Documents\GitHub\LaboDeMicrosTPF\TestS\fft_test\testFFT\utilities" -I"C:\Users\Guido\Documents\GitHub\LaboDeMicrosTPF\TestS\fft_test\testFFT\component\lists" -I"C:\Users\Guido\Documents\GitHub\LaboDeMicrosTPF\TestS\fft_test\testFFT\CMSIS" -I"C:\Users\Guido\Documents\GitHub\LaboDeMicrosTPF\TestS\fft_test\testFFT\component\uart" -I"C:\Users\Guido\Documents\GitHub\LaboDeMicrosTPF\TestS\fft_test\testFFT\component\serial_manager" -I"C:\Users\Guido\Documents\GitHub\LaboDeMicrosTPF\TestS\fft_test\testFFT\board" -I"C:\Users\Guido\Documents\GitHub\LaboDeMicrosTPF\TestS\fft_test\testFFT\source" -I"C:\Users\Guido\Documents\GitHub\LaboDeMicrosTPF\TestS\fft_test\testFFT" -O0 -fno-common -g3 -Wall -c -ffunction-sections -fdata-sections -ffreestanding -fno-builtin -fmerge-constants -fmacro-prefix-map="../source/"=. -mcpu=cortex-m4 -mfpu=fpv4-sp-d16 -mfloat-abi=hard -mthumb -D__REDLIB__ -fstack-usage -specs=redlib.specs -MMD -MP -MF"source/arm_fft_bin_example_f32.d" -MT"source/arm_fft_bin_example_f32.o" -MT"source/arm_fft_bin_example_f32.d" -o "source/arm_fft_bin_example_f32.o" "../source/arm_fft_bin_example_f32.c"
../source/arm_fft_bin_example_f32.c: In function 'main':
../source/arm_fft_bin_example_f32.c:134:13: warning: variable 'status' set but not used [-Wunused-but-set-variable]
  134 |  arm_status status;
      |             ^~~~~~
At top level:
../source/arm_fft_bin_example_f32.c:107:18: warning: 'testOutput' defined but not used [-Wunused-variable]
  107 | static float32_t testOutput[TEST_LENGTH_SAMPLES / 2];
      |                  ^~~~~~~~~~
../source/arm_fft_bin_example_f32.c:106:18: warning: 'cfftOutput' defined but not used [-Wunused-variable]
  106 | static float32_t cfftOutput[TEST_LENGTH_SAMPLES];
      |                  ^~~~~~~~~~
../source/arm_fft_bin_example_f32.c:104:18: warning: 'ifftmode' defined but not used [-Wunused-variable]
  104 | static float32_t ifftmode[TEST_LENGTH_SAMPLES];
      |                  ^~~~~~~~
Finished building: ../source/arm_fft_bin_example_f32.c
 
Building target: testFFT.axf
Invoking: MCU Linker
arm-none-eabi-gcc -nostdlib -L"C:\Users\Guido\Documents\GitHub\LaboDeMicrosTPF\TestS\fft_test\testFFT\libs" -Xlinker -Map="testFFT.map" -Xlinker --gc-sections -Xlinker -print-memory-usage -Xlinker --sort-section=alignment -Xlinker --cref -mcpu=cortex-m4 -mfpu=fpv4-sp-d16 -mfloat-abi=hard -mthumb -T testFFT_Debug.ld -o "testFFT.axf"  ./utilities/fsl_debug_console.o ./utilities/fsl_str.o  ./startup/startup_mk64f12.o  ./source/arm_fft_bin_data.o ./source/arm_fft_bin_example_f32.o ./source/fft.o ./source/math_helper.o ./source/semihost_hardfault.o  ./drivers/fsl_adc16.o ./drivers/fsl_clock.o ./drivers/fsl_common.o ./drivers/fsl_gpio.o ./drivers/fsl_i2c.o ./drivers/fsl_smc.o ./drivers/fsl_uart.o  ./device/system_MK64F12.o  ./component/uart/uart_adapter.o  ./component/serial_manager/serial_manager.o ./component/serial_manager/serial_port_uart.o  ./component/lists/generic_list.o  ./board/board.o ./board/clock_config.o ./board/peripherals.o ./board/pin_mux.o   -larm_cortexM4lf_math -larm_cortexM7l_math
Memory region         Used Size  Region Size  %age Used
   PROGRAM_FLASH:      104168 B         1 MB      9.93%
      SRAM_UPPER:       28952 B       192 KB     14.73%
      SRAM_LOWER:          0 GB        64 KB      0.00%
        FLEX_RAM:          0 GB         4 KB      0.00%
Finished building target: testFFT.axf
 
make --no-print-directory post-build
Performing post-build steps
arm-none-eabi-size "testFFT.axf"; # arm-none-eabi-objcopy -v -O binary "testFFT.axf" "testFFT.bin" ; # checksum -p MK64FN1M0xxx12 -d "testFFT.bin";
   text	   data	    bss	    dec	    hex	filename
  95968	   8200	  20752	 124920	  1e7f8	testFFT.axf
 
