13:25:56 **** Incremental Build of configuration Debug for project testFFT ****
make -r -j4 all 
Building file: ../source/fft.c
Invoking: MCU C Compiler
arm-none-eabi-gcc -D__REDLIB__ -DCPU_MK64FN1M0VLL12 -DCPU_MK64FN1M0VLL12_cm4 -DFSL_RTOS_BM -DSDK_OS_BAREMETAL -DSDK_DEBUGCONSOLE=0 -DCR_INTEGER_PRINTF -DPRINTF_FLOAT_ENABLE=0 -DSERIAL_PORT_TYPE_UART=1 -D__MCUXPRESSO -D__USE_CMSIS -DDEBUG -I"C:\Users\Guido\Documents\GitHub\LaboDeMicrosTPF\TestS\fft_test\testFFT\drivers" -I"C:\Users\Guido\Documents\GitHub\LaboDeMicrosTPF\TestS\fft_test\testFFT\component\serial_manager" -I"C:\Users\Guido\Documents\GitHub\LaboDeMicrosTPF\TestS\fft_test\testFFT\component\lists" -I"C:\Users\Guido\Documents\GitHub\LaboDeMicrosTPF\TestS\fft_test\testFFT\CMSIS" -I"C:\Users\Guido\Documents\GitHub\LaboDeMicrosTPF\TestS\fft_test\testFFT\component\uart" -I"C:\Users\Guido\Documents\GitHub\LaboDeMicrosTPF\TestS\fft_test\testFFT\device" -I"C:\Users\Guido\Documents\GitHub\LaboDeMicrosTPF\TestS\fft_test\testFFT\utilities" -I"C:\Users\Guido\Documents\GitHub\LaboDeMicrosTPF\TestS\fft_test\testFFT\drivers" -I"C:\Users\Guido\Documents\GitHub\LaboDeMicrosTPF\TestS\fft_test\testFFT\device" -I"C:\Users\Guido\Documents\GitHub\LaboDeMicrosTPF\TestS\fft_test\testFFT\utilities" -I"C:\Users\Guido\Documents\GitHub\LaboDeMicrosTPF\TestS\fft_test\testFFT\component\lists" -I"C:\Users\Guido\Documents\GitHub\LaboDeMicrosTPF\TestS\fft_test\testFFT\CMSIS" -I"C:\Users\Guido\Documents\GitHub\LaboDeMicrosTPF\TestS\fft_test\testFFT\component\uart" -I"C:\Users\Guido\Documents\GitHub\LaboDeMicrosTPF\TestS\fft_test\testFFT\component\serial_manager" -I"C:\Users\Guido\Documents\GitHub\LaboDeMicrosTPF\TestS\fft_test\testFFT\board" -I"C:\Users\Guido\Documents\GitHub\LaboDeMicrosTPF\TestS\fft_test\testFFT\source" -I"C:\Users\Guido\Documents\GitHub\LaboDeMicrosTPF\TestS\fft_test\testFFT" -O0 -fno-common -g3 -Wall -c -ffunction-sections -fdata-sections -ffreestanding -fno-builtin -fmerge-constants -fmacro-prefix-map="../source/"=. -mcpu=cortex-m4 -mfpu=fpv4-sp-d16 -mfloat-abi=hard -mthumb -D__REDLIB__ -fstack-usage -specs=redlib.specs -MMD -MP -MF"source/fft.d" -MT"source/fft.o" -MT"source/fft.d" -o "source/fft.o" "../source/fft.c"
../source/fft.c: In function 'fftSizeToInstance':
../source/fft.c:73:38: warning: initialization discards 'const' qualifier from pointer target type [-Wdiscarded-qualifiers]
   73 |   arm_cfft_instance_f32 * instance = &arm_cfft_sR_f32_len1024;
      |                                      ^
../source/fft.c:77:26: warning: assignment discards 'const' qualifier from pointer target type [-Wdiscarded-qualifiers]
   77 |   case CFFT_16: instance = &arm_cfft_sR_f32_len16; break;
      |                          ^
../source/fft.c:78:26: warning: assignment discards 'const' qualifier from pointer target type [-Wdiscarded-qualifiers]
   78 |   case CFFT_32: instance = &arm_cfft_sR_f32_len32; break;
      |                          ^
../source/fft.c:79:26: warning: assignment discards 'const' qualifier from pointer target type [-Wdiscarded-qualifiers]
   79 |   case CFFT_64: instance = &arm_cfft_sR_f32_len64; break;
      |                          ^
../source/fft.c:80:27: warning: assignment discards 'const' qualifier from pointer target type [-Wdiscarded-qualifiers]
   80 |   case CFFT_128: instance = &arm_cfft_sR_f32_len128; break;
      |                           ^
../source/fft.c:81:27: warning: assignment discards 'const' qualifier from pointer target type [-Wdiscarded-qualifiers]
   81 |   case CFFT_256: instance = &arm_cfft_sR_f32_len256; break;
      |                           ^
../source/fft.c:82:27: warning: assignment discards 'const' qualifier from pointer target type [-Wdiscarded-qualifiers]
   82 |   case CFFT_512: instance = &arm_cfft_sR_f32_len512; break;
      |                           ^
../source/fft.c:83:28: warning: assignment discards 'const' qualifier from pointer target type [-Wdiscarded-qualifiers]
   83 |   case CFFT_1024: instance = &arm_cfft_sR_f32_len1024; break;
      |                            ^
../source/fft.c:84:28: warning: assignment discards 'const' qualifier from pointer target type [-Wdiscarded-qualifiers]
   84 |   case CFFT_2048: instance = &arm_cfft_sR_f32_len2048; break;
      |                            ^
../source/fft.c:85:28: warning: assignment discards 'const' qualifier from pointer target type [-Wdiscarded-qualifiers]
   85 |   case CFFT_4096: instance = &arm_cfft_sR_f32_len4096; break;
      |                            ^
Finished building: ../source/fft.c
 
Building target: testFFT.axf
Invoking: MCU Linker
arm-none-eabi-gcc -nostdlib -L"C:\Users\Guido\Documents\GitHub\LaboDeMicrosTPF\TestS\fft_test\testFFT\libs" -Xlinker -Map="testFFT.map" -Xlinker --gc-sections -Xlinker -print-memory-usage -Xlinker --sort-section=alignment -Xlinker --cref -mcpu=cortex-m4 -mfpu=fpv4-sp-d16 -mfloat-abi=hard -mthumb -T testFFT_Debug.ld -o "testFFT.axf"  ./utilities/fsl_debug_console.o ./utilities/fsl_str.o  ./startup/startup_mk64f12.o  ./source/arm_fft_bin_data.o ./source/arm_fft_bin_example_f32.o ./source/fft.o ./source/math_helper.o ./source/semihost_hardfault.o  ./drivers/fsl_adc16.o ./drivers/fsl_clock.o ./drivers/fsl_common.o ./drivers/fsl_gpio.o ./drivers/fsl_i2c.o ./drivers/fsl_smc.o ./drivers/fsl_uart.o  ./device/system_MK64F12.o  ./component/uart/uart_adapter.o  ./component/serial_manager/serial_manager.o ./component/serial_manager/serial_port_uart.o  ./component/lists/generic_list.o  ./board/board.o ./board/clock_config.o ./board/peripherals.o ./board/pin_mux.o   -larm_cortexM4lf_math -larm_cortexM7l_math
Memory region         Used Size  Region Size  %age Used
   PROGRAM_FLASH:       95944 B         1 MB      9.15%
      SRAM_UPPER:        8760 B       192 KB      4.46%
      SRAM_LOWER:          0 GB        64 KB      0.00%
        FLEX_RAM:          0 GB         4 KB      0.00%
Finished building target: testFFT.axf
 
make --no-print-directory post-build
Performing post-build steps
arm-none-eabi-size "testFFT.axf"; # arm-none-eabi-objcopy -v -O binary "testFFT.axf" "testFFT.bin" ; # checksum -p MK64FN1M0xxx12 -d "testFFT.bin";
   text	   data	    bss	    dec	    hex	filename
  95808	    136	   8624	 104568	  19878	testFFT.axf
 
13:26:18 **** Incremental Build of configuration Debug for project testFFT ****
make -r -j4 all 
make: Nothing to be done for 'all'.
