19:41:52 **** Incremental Build of configuration Debug for project testFFT ****
make -r -j4 all 
Building file: ../utilities/fsl_str.c
Building file: ../drivers/fsl_adc16.c
Building file: ../source/testFFT.c
Invoking: MCU C Compiler
Invoking: MCU C Compiler
Invoking: MCU C Compiler
Building file: ../utilities/fsl_debug_console.c
arm-none-eabi-gcc -D__REDLIB__ -DCPU_MK64FN1M0VLL12 -DCPU_MK64FN1M0VLL12_cm4 -DFSL_RTOS_BM -DSDK_OS_BAREMETAL -DSDK_DEBUGCONSOLE=0 -DCR_INTEGER_PRINTF -DPRINTF_FLOAT_ENABLE=0 -DSERIAL_PORT_TYPE_UART=1 -D__MCUXPRESSO -D__USE_CMSIS -DDEBUG -I"C:\Users\Guido\Documents\GitHub\LaboDeMicrosTPF\TestS\fft_test\testFFT\drivers" -I"C:\Users\Guido\Documents\GitHub\LaboDeMicrosTPF\TestS\fft_test\testFFT\component\uart" -I"C:\Users\Guido\Documents\GitHub\LaboDeMicrosTPF\TestS\fft_test\testFFT\CMSIS" -I"C:\Users\Guido\Documents\GitHub\LaboDeMicrosTPF\TestS\fft_test\testFFT\device" -I"C:\Users\Guido\Documents\GitHub\LaboDeMicrosTPF\TestS\fft_test\testFFT\utilities" -I"C:\Users\Guido\Documents\GitHub\LaboDeMicrosTPF\TestS\fft_test\testFFT\component\lists" -I"C:\Users\Guido\Documents\GitHub\LaboDeMicrosTPF\TestS\fft_test\testFFT\component\serial_manager" -I"C:\Users\Guido\Documents\GitHub\LaboDeMicrosTPF\TestS\fft_test\testFFT\board" -I"C:\Users\Guido\Documents\GitHub\LaboDeMicrosTPF\TestS\fft_test\testFFT\source" -I"C:\Users\Guido\Documents\GitHub\LaboDeMicrosTPF\TestS\fft_test\testFFT" -I"C:\Users\Guido\Documents\GitHub\LaboDeMicrosTPF\TestS\fft_test\testFFT\drivers" -I"C:\Users\Guido\Documents\GitHub\LaboDeMicrosTPF\TestS\fft_test\testFFT\device" -I"C:\Users\Guido\Documents\GitHub\LaboDeMicrosTPF\TestS\fft_test\testFFT\CMSIS" -I"C:\Users\Guido\Documents\GitHub\LaboDeMicrosTPF\TestS\fft_test\testFFT\component\uart" -I"C:\Users\Guido\Documents\GitHub\LaboDeMicrosTPF\TestS\fft_test\testFFT\utilities" -I"C:\Users\Guido\Documents\GitHub\LaboDeMicrosTPF\TestS\fft_test\testFFT\component\serial_manager" -I"C:\Users\Guido\Documents\GitHub\LaboDeMicrosTPF\TestS\fft_test\testFFT\component\lists" -O0 -fno-common -g3 -Wall -c -ffunction-sections -fdata-sections -ffreestanding -fno-builtin -fmerge-constants -fmacro-prefix-map="../utilities/"=. -mcpu=cortex-m4 -mfpu=fpv4-sp-d16 -mfloat-abi=hard -mthumb -D__REDLIB__ -fstack-usage -specs=redlib.specs -MMD -MP -MF"utilities/fsl_str.d" -MT"utilities/fsl_str.o" -MT"utilities/fsl_str.d" -o "utilities/fsl_str.o" "../utilities/fsl_str.c"
arm-none-eabi-gcc -D__REDLIB__ -DCPU_MK64FN1M0VLL12 -DCPU_MK64FN1M0VLL12_cm4 -DFSL_RTOS_BM -DSDK_OS_BAREMETAL -DSDK_DEBUGCONSOLE=0 -DCR_INTEGER_PRINTF -DPRINTF_FLOAT_ENABLE=0 -DSERIAL_PORT_TYPE_UART=1 -D__MCUXPRESSO -D__USE_CMSIS -DDEBUG -I"C:\Users\Guido\Documents\GitHub\LaboDeMicrosTPF\TestS\fft_test\testFFT\drivers" -I"C:\Users\Guido\Documents\GitHub\LaboDeMicrosTPF\TestS\fft_test\testFFT\component\uart" -I"C:\Users\Guido\Documents\GitHub\LaboDeMicrosTPF\TestS\fft_test\testFFT\CMSIS" -I"C:\Users\Guido\Documents\GitHub\LaboDeMicrosTPF\TestS\fft_test\testFFT\device" -I"C:\Users\Guido\Documents\GitHub\LaboDeMicrosTPF\TestS\fft_test\testFFT\utilities" -I"C:\Users\Guido\Documents\GitHub\LaboDeMicrosTPF\TestS\fft_test\testFFT\component\lists" -I"C:\Users\Guido\Documents\GitHub\LaboDeMicrosTPF\TestS\fft_test\testFFT\component\serial_manager" -I"C:\Users\Guido\Documents\GitHub\LaboDeMicrosTPF\TestS\fft_test\testFFT\board" -I"C:\Users\Guido\Documents\GitHub\LaboDeMicrosTPF\TestS\fft_test\testFFT\source" -I"C:\Users\Guido\Documents\GitHub\LaboDeMicrosTPF\TestS\fft_test\testFFT" -I"C:\Users\Guido\Documents\GitHub\LaboDeMicrosTPF\TestS\fft_test\testFFT\drivers" -I"C:\Users\Guido\Documents\GitHub\LaboDeMicrosTPF\TestS\fft_test\testFFT\device" -I"C:\Users\Guido\Documents\GitHub\LaboDeMicrosTPF\TestS\fft_test\testFFT\CMSIS" -I"C:\Users\Guido\Documents\GitHub\LaboDeMicrosTPF\TestS\fft_test\testFFT\component\uart" -I"C:\Users\Guido\Documents\GitHub\LaboDeMicrosTPF\TestS\fft_test\testFFT\utilities" -I"C:\Users\Guido\Documents\GitHub\LaboDeMicrosTPF\TestS\fft_test\testFFT\component\serial_manager" -I"C:\Users\Guido\Documents\GitHub\LaboDeMicrosTPF\TestS\fft_test\testFFT\component\lists" -O0 -fno-common -g3 -Wall -c -ffunction-sections -fdata-sections -ffreestanding -fno-builtin -fmerge-constants -fmacro-prefix-map="../source/"=. -mcpu=cortex-m4 -mfpu=fpv4-sp-d16 -mfloat-abi=hard -mthumb -D__REDLIB__ -fstack-usage -specs=redlib.specs -MMD -MP -MF"source/testFFT.d" -MT"source/testFFT.o" -MT"source/testFFT.d" -o "source/testFFT.o" "../source/testFFT.c"
arm-none-eabi-gcc -D__REDLIB__ -DCPU_MK64FN1M0VLL12 -DCPU_MK64FN1M0VLL12_cm4 -DFSL_RTOS_BM -DSDK_OS_BAREMETAL -DSDK_DEBUGCONSOLE=0 -DCR_INTEGER_PRINTF -DPRINTF_FLOAT_ENABLE=0 -DSERIAL_PORT_TYPE_UART=1 -D__MCUXPRESSO -D__USE_CMSIS -DDEBUG -I"C:\Users\Guido\Documents\GitHub\LaboDeMicrosTPF\TestS\fft_test\testFFT\drivers" -I"C:\Users\Guido\Documents\GitHub\LaboDeMicrosTPF\TestS\fft_test\testFFT\component\uart" -I"C:\Users\Guido\Documents\GitHub\LaboDeMicrosTPF\TestS\fft_test\testFFT\CMSIS" -I"C:\Users\Guido\Documents\GitHub\LaboDeMicrosTPF\TestS\fft_test\testFFT\device" -I"C:\Users\Guido\Documents\GitHub\LaboDeMicrosTPF\TestS\fft_test\testFFT\utilities" -I"C:\Users\Guido\Documents\GitHub\LaboDeMicrosTPF\TestS\fft_test\testFFT\component\lists" -I"C:\Users\Guido\Documents\GitHub\LaboDeMicrosTPF\TestS\fft_test\testFFT\component\serial_manager" -I"C:\Users\Guido\Documents\GitHub\LaboDeMicrosTPF\TestS\fft_test\testFFT\board" -I"C:\Users\Guido\Documents\GitHub\LaboDeMicrosTPF\TestS\fft_test\testFFT\source" -I"C:\Users\Guido\Documents\GitHub\LaboDeMicrosTPF\TestS\fft_test\testFFT" -I"C:\Users\Guido\Documents\GitHub\LaboDeMicrosTPF\TestS\fft_test\testFFT\drivers" -I"C:\Users\Guido\Documents\GitHub\LaboDeMicrosTPF\TestS\fft_test\testFFT\device" -I"C:\Users\Guido\Documents\GitHub\LaboDeMicrosTPF\TestS\fft_test\testFFT\CMSIS" -I"C:\Users\Guido\Documents\GitHub\LaboDeMicrosTPF\TestS\fft_test\testFFT\component\uart" -I"C:\Users\Guido\Documents\GitHub\LaboDeMicrosTPF\TestS\fft_test\testFFT\utilities" -I"C:\Users\Guido\Documents\GitHub\LaboDeMicrosTPF\TestS\fft_test\testFFT\component\serial_manager" -I"C:\Users\Guido\Documents\GitHub\LaboDeMicrosTPF\TestS\fft_test\testFFT\component\lists" -O0 -fno-common -g3 -Wall -c -ffunction-sections -fdata-sections -ffreestanding -fno-builtin -fmerge-constants -fmacro-prefix-map="../drivers/"=. -mcpu=cortex-m4 -mfpu=fpv4-sp-d16 -mfloat-abi=hard -mthumb -D__REDLIB__ -fstack-usage -specs=redlib.specs -MMD -MP -MF"drivers/fsl_adc16.d" -MT"drivers/fsl_adc16.o" -MT"drivers/fsl_adc16.d" -o "drivers/fsl_adc16.o" "../drivers/fsl_adc16.c"
Invoking: MCU C Compiler
arm-none-eabi-gcc -D__REDLIB__ -DCPU_MK64FN1M0VLL12 -DCPU_MK64FN1M0VLL12_cm4 -DFSL_RTOS_BM -DSDK_OS_BAREMETAL -DSDK_DEBUGCONSOLE=0 -DCR_INTEGER_PRINTF -DPRINTF_FLOAT_ENABLE=0 -DSERIAL_PORT_TYPE_UART=1 -D__MCUXPRESSO -D__USE_CMSIS -DDEBUG -I"C:\Users\Guido\Documents\GitHub\LaboDeMicrosTPF\TestS\fft_test\testFFT\drivers" -I"C:\Users\Guido\Documents\GitHub\LaboDeMicrosTPF\TestS\fft_test\testFFT\component\uart" -I"C:\Users\Guido\Documents\GitHub\LaboDeMicrosTPF\TestS\fft_test\testFFT\CMSIS" -I"C:\Users\Guido\Documents\GitHub\LaboDeMicrosTPF\TestS\fft_test\testFFT\device" -I"C:\Users\Guido\Documents\GitHub\LaboDeMicrosTPF\TestS\fft_test\testFFT\utilities" -I"C:\Users\Guido\Documents\GitHub\LaboDeMicrosTPF\TestS\fft_test\testFFT\component\lists" -I"C:\Users\Guido\Documents\GitHub\LaboDeMicrosTPF\TestS\fft_test\testFFT\component\serial_manager" -I"C:\Users\Guido\Documents\GitHub\LaboDeMicrosTPF\TestS\fft_test\testFFT\board" -I"C:\Users\Guido\Documents\GitHub\LaboDeMicrosTPF\TestS\fft_test\testFFT\source" -I"C:\Users\Guido\Documents\GitHub\LaboDeMicrosTPF\TestS\fft_test\testFFT" -I"C:\Users\Guido\Documents\GitHub\LaboDeMicrosTPF\TestS\fft_test\testFFT\drivers" -I"C:\Users\Guido\Documents\GitHub\LaboDeMicrosTPF\TestS\fft_test\testFFT\device" -I"C:\Users\Guido\Documents\GitHub\LaboDeMicrosTPF\TestS\fft_test\testFFT\CMSIS" -I"C:\Users\Guido\Documents\GitHub\LaboDeMicrosTPF\TestS\fft_test\testFFT\component\uart" -I"C:\Users\Guido\Documents\GitHub\LaboDeMicrosTPF\TestS\fft_test\testFFT\utilities" -I"C:\Users\Guido\Documents\GitHub\LaboDeMicrosTPF\TestS\fft_test\testFFT\component\serial_manager" -I"C:\Users\Guido\Documents\GitHub\LaboDeMicrosTPF\TestS\fft_test\testFFT\component\lists" -O0 -fno-common -g3 -Wall -c -ffunction-sections -fdata-sections -ffreestanding -fno-builtin -fmerge-constants -fmacro-prefix-map="../utilities/"=. -mcpu=cortex-m4 -mfpu=fpv4-sp-d16 -mfloat-abi=hard -mthumb -D__REDLIB__ -fstack-usage -specs=redlib.specs -MMD -MP -MF"utilities/fsl_debug_console.d" -MT"utilities/fsl_debug_console.o" -MT"utilities/fsl_debug_console.d" -o "utilities/fsl_debug_console.o" "../utilities/fsl_debug_console.c"
../source/testFFT.c: In function 'cfftSizeToInstance':
../source/testFFT.c:444:38: warning: initialization discards 'const' qualifier from pointer target type [-Wdiscarded-qualifiers]
  444 |   arm_cfft_instance_f32 * instance = &arm_cfft_sR_f32_len1024;
      |                                      ^
../source/testFFT.c:448:26: warning: assignment discards 'const' qualifier from pointer target type [-Wdiscarded-qualifiers]
  448 |   case CFFT_16: instance = &arm_cfft_sR_f32_len16; break;
      |                          ^
../source/testFFT.c:449:26: warning: assignment discards 'const' qualifier from pointer target type [-Wdiscarded-qualifiers]
  449 |   case CFFT_32: instance = &arm_cfft_sR_f32_len32; break;
      |                          ^
../source/testFFT.c:450:26: warning: assignment discards 'const' qualifier from pointer target type [-Wdiscarded-qualifiers]
  450 |   case CFFT_64: instance = &arm_cfft_sR_f32_len64; break;
      |                          ^
../source/testFFT.c:451:27: warning: assignment discards 'const' qualifier from pointer target type [-Wdiscarded-qualifiers]
  451 |   case CFFT_128: instance = &arm_cfft_sR_f32_len128; break;
      |                           ^
../source/testFFT.c:452:27: warning: assignment discards 'const' qualifier from pointer target type [-Wdiscarded-qualifiers]
  452 |   case CFFT_256: instance = &arm_cfft_sR_f32_len256; break;
      |                           ^
../source/testFFT.c:453:27: warning: assignment discards 'const' qualifier from pointer target type [-Wdiscarded-qualifiers]
  453 |   case CFFT_512: instance = &arm_cfft_sR_f32_len512; break;
      |                           ^
../source/testFFT.c:454:28: warning: assignment discards 'const' qualifier from pointer target type [-Wdiscarded-qualifiers]
  454 |   case CFFT_1024: instance = &arm_cfft_sR_f32_len1024; break;
      |                            ^
../source/testFFT.c:455:28: warning: assignment discards 'const' qualifier from pointer target type [-Wdiscarded-qualifiers]
  455 |   case CFFT_2048: instance = &arm_cfft_sR_f32_len2048; break;
      |                            ^
../source/testFFT.c:456:28: warning: assignment discards 'const' qualifier from pointer target type [-Wdiscarded-qualifiers]
  456 |   case CFFT_4096: instance = &arm_cfft_sR_f32_len4096; break;
      |                            ^
Finished building: ../drivers/fsl_adc16.c
Finished building: ../utilities/fsl_str.c
Finished building: ../utilities/fsl_debug_console.c
 
 
 
Building file: ../drivers/fsl_clock.c
Building file: ../drivers/fsl_common.c
Building file: ../drivers/fsl_gpio.c
Invoking: MCU C Compiler
arm-none-eabi-gcc -D__REDLIB__ -DCPU_MK64FN1M0VLL12 -DCPU_MK64FN1M0VLL12_cm4 -DFSL_RTOS_BM -DSDK_OS_BAREMETAL -DSDK_DEBUGCONSOLE=0 -DCR_INTEGER_PRINTF -DPRINTF_FLOAT_ENABLE=0 -DSERIAL_PORT_TYPE_UART=1 -D__MCUXPRESSO -D__USE_CMSIS -DDEBUG -I"C:\Users\Guido\Documents\GitHub\LaboDeMicrosTPF\TestS\fft_test\testFFT\drivers" -I"C:\Users\Guido\Documents\GitHub\LaboDeMicrosTPF\TestS\fft_test\testFFT\component\uart" -I"C:\Users\Guido\Documents\GitHub\LaboDeMicrosTPF\TestS\fft_test\testFFT\CMSIS" -I"C:\Users\Guido\Documents\GitHub\LaboDeMicrosTPF\TestS\fft_test\testFFT\device" -I"C:\Users\Guido\Documents\GitHub\LaboDeMicrosTPF\TestS\fft_test\testFFT\utilities" -I"C:\Users\Guido\Documents\GitHub\LaboDeMicrosTPF\TestS\fft_test\testFFT\component\lists" -I"C:\Users\Guido\Documents\GitHub\LaboDeMicrosTPF\TestS\fft_test\testFFT\component\serial_manager" -I"C:\Users\Guido\Documents\GitHub\LaboDeMicrosTPF\TestS\fft_test\testFFT\board" -I"C:\Users\Guido\Documents\GitHub\LaboDeMicrosTPF\TestS\fft_test\testFFT\source" -I"C:\Users\Guido\Documents\GitHub\LaboDeMicrosTPF\TestS\fft_test\testFFT" -I"C:\Users\Guido\Documents\GitHub\LaboDeMicrosTPF\TestS\fft_test\testFFT\drivers" -I"C:\Users\Guido\Documents\GitHub\LaboDeMicrosTPF\TestS\fft_test\testFFT\device" -I"C:\Users\Guido\Documents\GitHub\LaboDeMicrosTPF\TestS\fft_test\testFFT\CMSIS" -I"C:\Users\Guido\Documents\GitHub\LaboDeMicrosTPF\TestS\fft_test\testFFT\component\uart" -I"C:\Users\Guido\Documents\GitHub\LaboDeMicrosTPF\TestS\fft_test\testFFT\utilities" -I"C:\Users\Guido\Documents\GitHub\LaboDeMicrosTPF\TestS\fft_test\testFFT\component\serial_manager" -I"C:\Users\Guido\Documents\GitHub\LaboDeMicrosTPF\TestS\fft_test\testFFT\component\lists" -O0 -fno-common -g3 -Wall -c -ffunction-sections -fdata-sections -ffreestanding -fno-builtin -fmerge-constants -fmacro-prefix-map="../drivers/"=. -mcpu=cortex-m4 -mfpu=fpv4-sp-d16 -mfloat-abi=hard -mthumb -D__REDLIB__ -fstack-usage -specs=redlib.specs -MMD -MP -MF"drivers/fsl_clock.d" -MT"drivers/fsl_clock.o" -MT"drivers/fsl_clock.d" -o "drivers/fsl_clock.o" "../drivers/fsl_clock.c"
Invoking: MCU C Compiler
Invoking: MCU C Compiler
arm-none-eabi-gcc -D__REDLIB__ -DCPU_MK64FN1M0VLL12 -DCPU_MK64FN1M0VLL12_cm4 -DFSL_RTOS_BM -DSDK_OS_BAREMETAL -DSDK_DEBUGCONSOLE=0 -DCR_INTEGER_PRINTF -DPRINTF_FLOAT_ENABLE=0 -DSERIAL_PORT_TYPE_UART=1 -D__MCUXPRESSO -D__USE_CMSIS -DDEBUG -I"C:\Users\Guido\Documents\GitHub\LaboDeMicrosTPF\TestS\fft_test\testFFT\drivers" -I"C:\Users\Guido\Documents\GitHub\LaboDeMicrosTPF\TestS\fft_test\testFFT\component\uart" -I"C:\Users\Guido\Documents\GitHub\LaboDeMicrosTPF\TestS\fft_test\testFFT\CMSIS" -I"C:\Users\Guido\Documents\GitHub\LaboDeMicrosTPF\TestS\fft_test\testFFT\device" -I"C:\Users\Guido\Documents\GitHub\LaboDeMicrosTPF\TestS\fft_test\testFFT\utilities" -I"C:\Users\Guido\Documents\GitHub\LaboDeMicrosTPF\TestS\fft_test\testFFT\component\lists" -I"C:\Users\Guido\Documents\GitHub\LaboDeMicrosTPF\TestS\fft_test\testFFT\component\serial_manager" -I"C:\Users\Guido\Documents\GitHub\LaboDeMicrosTPF\TestS\fft_test\testFFT\board" -I"C:\Users\Guido\Documents\GitHub\LaboDeMicrosTPF\TestS\fft_test\testFFT\source" -I"C:\Users\Guido\Documents\GitHub\LaboDeMicrosTPF\TestS\fft_test\testFFT" -I"C:\Users\Guido\Documents\GitHub\LaboDeMicrosTPF\TestS\fft_test\testFFT\drivers" -I"C:\Users\Guido\Documents\GitHub\LaboDeMicrosTPF\TestS\fft_test\testFFT\device" -I"C:\Users\Guido\Documents\GitHub\LaboDeMicrosTPF\TestS\fft_test\testFFT\CMSIS" -I"C:\Users\Guido\Documents\GitHub\LaboDeMicrosTPF\TestS\fft_test\testFFT\component\uart" -I"C:\Users\Guido\Documents\GitHub\LaboDeMicrosTPF\TestS\fft_test\testFFT\utilities" -I"C:\Users\Guido\Documents\GitHub\LaboDeMicrosTPF\TestS\fft_test\testFFT\component\serial_manager" -I"C:\Users\Guido\Documents\GitHub\LaboDeMicrosTPF\TestS\fft_test\testFFT\component\lists" -O0 -fno-common -g3 -Wall -c -ffunction-sections -fdata-sections -ffreestanding -fno-builtin -fmerge-constants -fmacro-prefix-map="../drivers/"=. -mcpu=cortex-m4 -mfpu=fpv4-sp-d16 -mfloat-abi=hard -mthumb -D__REDLIB__ -fstack-usage -specs=redlib.specs -MMD -MP -MF"drivers/fsl_common.d" -MT"drivers/fsl_common.o" -MT"drivers/fsl_common.d" -o "drivers/fsl_common.o" "../drivers/fsl_common.c"
arm-none-eabi-gcc -D__REDLIB__ -DCPU_MK64FN1M0VLL12 -DCPU_MK64FN1M0VLL12_cm4 -DFSL_RTOS_BM -DSDK_OS_BAREMETAL -DSDK_DEBUGCONSOLE=0 -DCR_INTEGER_PRINTF -DPRINTF_FLOAT_ENABLE=0 -DSERIAL_PORT_TYPE_UART=1 -D__MCUXPRESSO -D__USE_CMSIS -DDEBUG -I"C:\Users\Guido\Documents\GitHub\LaboDeMicrosTPF\TestS\fft_test\testFFT\drivers" -I"C:\Users\Guido\Documents\GitHub\LaboDeMicrosTPF\TestS\fft_test\testFFT\component\uart" -I"C:\Users\Guido\Documents\GitHub\LaboDeMicrosTPF\TestS\fft_test\testFFT\CMSIS" -I"C:\Users\Guido\Documents\GitHub\LaboDeMicrosTPF\TestS\fft_test\testFFT\device" -I"C:\Users\Guido\Documents\GitHub\LaboDeMicrosTPF\TestS\fft_test\testFFT\utilities" -I"C:\Users\Guido\Documents\GitHub\LaboDeMicrosTPF\TestS\fft_test\testFFT\component\lists" -I"C:\Users\Guido\Documents\GitHub\LaboDeMicrosTPF\TestS\fft_test\testFFT\component\serial_manager" -I"C:\Users\Guido\Documents\GitHub\LaboDeMicrosTPF\TestS\fft_test\testFFT\board" -I"C:\Users\Guido\Documents\GitHub\LaboDeMicrosTPF\TestS\fft_test\testFFT\source" -I"C:\Users\Guido\Documents\GitHub\LaboDeMicrosTPF\TestS\fft_test\testFFT" -I"C:\Users\Guido\Documents\GitHub\LaboDeMicrosTPF\TestS\fft_test\testFFT\drivers" -I"C:\Users\Guido\Documents\GitHub\LaboDeMicrosTPF\TestS\fft_test\testFFT\device" -I"C:\Users\Guido\Documents\GitHub\LaboDeMicrosTPF\TestS\fft_test\testFFT\CMSIS" -I"C:\Users\Guido\Documents\GitHub\LaboDeMicrosTPF\TestS\fft_test\testFFT\component\uart" -I"C:\Users\Guido\Documents\GitHub\LaboDeMicrosTPF\TestS\fft_test\testFFT\utilities" -I"C:\Users\Guido\Documents\GitHub\LaboDeMicrosTPF\TestS\fft_test\testFFT\component\serial_manager" -I"C:\Users\Guido\Documents\GitHub\LaboDeMicrosTPF\TestS\fft_test\testFFT\component\lists" -O0 -fno-common -g3 -Wall -c -ffunction-sections -fdata-sections -ffreestanding -fno-builtin -fmerge-constants -fmacro-prefix-map="../drivers/"=. -mcpu=cortex-m4 -mfpu=fpv4-sp-d16 -mfloat-abi=hard -mthumb -D__REDLIB__ -fstack-usage -specs=redlib.specs -MMD -MP -MF"drivers/fsl_gpio.d" -MT"drivers/fsl_gpio.o" -MT"drivers/fsl_gpio.d" -o "drivers/fsl_gpio.o" "../drivers/fsl_gpio.c"
Finished building: ../source/testFFT.c
 
Building file: ../drivers/fsl_i2c.c
Invoking: MCU C Compiler
arm-none-eabi-gcc -D__REDLIB__ -DCPU_MK64FN1M0VLL12 -DCPU_MK64FN1M0VLL12_cm4 -DFSL_RTOS_BM -DSDK_OS_BAREMETAL -DSDK_DEBUGCONSOLE=0 -DCR_INTEGER_PRINTF -DPRINTF_FLOAT_ENABLE=0 -DSERIAL_PORT_TYPE_UART=1 -D__MCUXPRESSO -D__USE_CMSIS -DDEBUG -I"C:\Users\Guido\Documents\GitHub\LaboDeMicrosTPF\TestS\fft_test\testFFT\drivers" -I"C:\Users\Guido\Documents\GitHub\LaboDeMicrosTPF\TestS\fft_test\testFFT\component\uart" -I"C:\Users\Guido\Documents\GitHub\LaboDeMicrosTPF\TestS\fft_test\testFFT\CMSIS" -I"C:\Users\Guido\Documents\GitHub\LaboDeMicrosTPF\TestS\fft_test\testFFT\device" -I"C:\Users\Guido\Documents\GitHub\LaboDeMicrosTPF\TestS\fft_test\testFFT\utilities" -I"C:\Users\Guido\Documents\GitHub\LaboDeMicrosTPF\TestS\fft_test\testFFT\component\lists" -I"C:\Users\Guido\Documents\GitHub\LaboDeMicrosTPF\TestS\fft_test\testFFT\component\serial_manager" -I"C:\Users\Guido\Documents\GitHub\LaboDeMicrosTPF\TestS\fft_test\testFFT\board" -I"C:\Users\Guido\Documents\GitHub\LaboDeMicrosTPF\TestS\fft_test\testFFT\source" -I"C:\Users\Guido\Documents\GitHub\LaboDeMicrosTPF\TestS\fft_test\testFFT" -I"C:\Users\Guido\Documents\GitHub\LaboDeMicrosTPF\TestS\fft_test\testFFT\drivers" -I"C:\Users\Guido\Documents\GitHub\LaboDeMicrosTPF\TestS\fft_test\testFFT\device" -I"C:\Users\Guido\Documents\GitHub\LaboDeMicrosTPF\TestS\fft_test\testFFT\CMSIS" -I"C:\Users\Guido\Documents\GitHub\LaboDeMicrosTPF\TestS\fft_test\testFFT\component\uart" -I"C:\Users\Guido\Documents\GitHub\LaboDeMicrosTPF\TestS\fft_test\testFFT\utilities" -I"C:\Users\Guido\Documents\GitHub\LaboDeMicrosTPF\TestS\fft_test\testFFT\component\serial_manager" -I"C:\Users\Guido\Documents\GitHub\LaboDeMicrosTPF\TestS\fft_test\testFFT\component\lists" -O0 -fno-common -g3 -Wall -c -ffunction-sections -fdata-sections -ffreestanding -fno-builtin -fmerge-constants -fmacro-prefix-map="../drivers/"=. -mcpu=cortex-m4 -mfpu=fpv4-sp-d16 -mfloat-abi=hard -mthumb -D__REDLIB__ -fstack-usage -specs=redlib.specs -MMD -MP -MF"drivers/fsl_i2c.d" -MT"drivers/fsl_i2c.o" -MT"drivers/fsl_i2c.d" -o "drivers/fsl_i2c.o" "../drivers/fsl_i2c.c"
Finished building: ../drivers/fsl_common.c
 
Finished building: ../drivers/fsl_gpio.c
Building file: ../drivers/fsl_smc.c
 
Invoking: MCU C Compiler
Building file: ../drivers/fsl_uart.c
arm-none-eabi-gcc -D__REDLIB__ -DCPU_MK64FN1M0VLL12 -DCPU_MK64FN1M0VLL12_cm4 -DFSL_RTOS_BM -DSDK_OS_BAREMETAL -DSDK_DEBUGCONSOLE=0 -DCR_INTEGER_PRINTF -DPRINTF_FLOAT_ENABLE=0 -DSERIAL_PORT_TYPE_UART=1 -D__MCUXPRESSO -D__USE_CMSIS -DDEBUG -I"C:\Users\Guido\Documents\GitHub\LaboDeMicrosTPF\TestS\fft_test\testFFT\drivers" -I"C:\Users\Guido\Documents\GitHub\LaboDeMicrosTPF\TestS\fft_test\testFFT\component\uart" -I"C:\Users\Guido\Documents\GitHub\LaboDeMicrosTPF\TestS\fft_test\testFFT\CMSIS" -I"C:\Users\Guido\Documents\GitHub\LaboDeMicrosTPF\TestS\fft_test\testFFT\device" -I"C:\Users\Guido\Documents\GitHub\LaboDeMicrosTPF\TestS\fft_test\testFFT\utilities" -I"C:\Users\Guido\Documents\GitHub\LaboDeMicrosTPF\TestS\fft_test\testFFT\component\lists" -I"C:\Users\Guido\Documents\GitHub\LaboDeMicrosTPF\TestS\fft_test\testFFT\component\serial_manager" -I"C:\Users\Guido\Documents\GitHub\LaboDeMicrosTPF\TestS\fft_test\testFFT\board" -I"C:\Users\Guido\Documents\GitHub\LaboDeMicrosTPF\TestS\fft_test\testFFT\source" -I"C:\Users\Guido\Documents\GitHub\LaboDeMicrosTPF\TestS\fft_test\testFFT" -I"C:\Users\Guido\Documents\GitHub\LaboDeMicrosTPF\TestS\fft_test\testFFT\drivers" -I"C:\Users\Guido\Documents\GitHub\LaboDeMicrosTPF\TestS\fft_test\testFFT\device" -I"C:\Users\Guido\Documents\GitHub\LaboDeMicrosTPF\TestS\fft_test\testFFT\CMSIS" -I"C:\Users\Guido\Documents\GitHub\LaboDeMicrosTPF\TestS\fft_test\testFFT\component\uart" -I"C:\Users\Guido\Documents\GitHub\LaboDeMicrosTPF\TestS\fft_test\testFFT\utilities" -I"C:\Users\Guido\Documents\GitHub\LaboDeMicrosTPF\TestS\fft_test\testFFT\component\serial_manager" -I"C:\Users\Guido\Documents\GitHub\LaboDeMicrosTPF\TestS\fft_test\testFFT\component\lists" -O0 -fno-common -g3 -Wall -c -ffunction-sections -fdata-sections -ffreestanding -fno-builtin -fmerge-constants -fmacro-prefix-map="../drivers/"=. -mcpu=cortex-m4 -mfpu=fpv4-sp-d16 -mfloat-abi=hard -mthumb -D__REDLIB__ -fstack-usage -specs=redlib.specs -MMD -MP -MF"drivers/fsl_smc.d" -MT"drivers/fsl_smc.o" -MT"drivers/fsl_smc.d" -o "drivers/fsl_smc.o" "../drivers/fsl_smc.c"
Invoking: MCU C Compiler
arm-none-eabi-gcc -D__REDLIB__ -DCPU_MK64FN1M0VLL12 -DCPU_MK64FN1M0VLL12_cm4 -DFSL_RTOS_BM -DSDK_OS_BAREMETAL -DSDK_DEBUGCONSOLE=0 -DCR_INTEGER_PRINTF -DPRINTF_FLOAT_ENABLE=0 -DSERIAL_PORT_TYPE_UART=1 -D__MCUXPRESSO -D__USE_CMSIS -DDEBUG -I"C:\Users\Guido\Documents\GitHub\LaboDeMicrosTPF\TestS\fft_test\testFFT\drivers" -I"C:\Users\Guido\Documents\GitHub\LaboDeMicrosTPF\TestS\fft_test\testFFT\component\uart" -I"C:\Users\Guido\Documents\GitHub\LaboDeMicrosTPF\TestS\fft_test\testFFT\CMSIS" -I"C:\Users\Guido\Documents\GitHub\LaboDeMicrosTPF\TestS\fft_test\testFFT\device" -I"C:\Users\Guido\Documents\GitHub\LaboDeMicrosTPF\TestS\fft_test\testFFT\utilities" -I"C:\Users\Guido\Documents\GitHub\LaboDeMicrosTPF\TestS\fft_test\testFFT\component\lists" -I"C:\Users\Guido\Documents\GitHub\LaboDeMicrosTPF\TestS\fft_test\testFFT\component\serial_manager" -I"C:\Users\Guido\Documents\GitHub\LaboDeMicrosTPF\TestS\fft_test\testFFT\board" -I"C:\Users\Guido\Documents\GitHub\LaboDeMicrosTPF\TestS\fft_test\testFFT\source" -I"C:\Users\Guido\Documents\GitHub\LaboDeMicrosTPF\TestS\fft_test\testFFT" -I"C:\Users\Guido\Documents\GitHub\LaboDeMicrosTPF\TestS\fft_test\testFFT\drivers" -I"C:\Users\Guido\Documents\GitHub\LaboDeMicrosTPF\TestS\fft_test\testFFT\device" -I"C:\Users\Guido\Documents\GitHub\LaboDeMicrosTPF\TestS\fft_test\testFFT\CMSIS" -I"C:\Users\Guido\Documents\GitHub\LaboDeMicrosTPF\TestS\fft_test\testFFT\component\uart" -I"C:\Users\Guido\Documents\GitHub\LaboDeMicrosTPF\TestS\fft_test\testFFT\utilities" -I"C:\Users\Guido\Documents\GitHub\LaboDeMicrosTPF\TestS\fft_test\testFFT\component\serial_manager" -I"C:\Users\Guido\Documents\GitHub\LaboDeMicrosTPF\TestS\fft_test\testFFT\component\lists" -O0 -fno-common -g3 -Wall -c -ffunction-sections -fdata-sections -ffreestanding -fno-builtin -fmerge-constants -fmacro-prefix-map="../drivers/"=. -mcpu=cortex-m4 -mfpu=fpv4-sp-d16 -mfloat-abi=hard -mthumb -D__REDLIB__ -fstack-usage -specs=redlib.specs -MMD -MP -MF"drivers/fsl_uart.d" -MT"drivers/fsl_uart.o" -MT"drivers/fsl_uart.d" -o "drivers/fsl_uart.o" "../drivers/fsl_uart.c"
Finished building: ../drivers/fsl_clock.c
 
Building file: ../device/system_MK64F12.c
Invoking: MCU C Compiler
arm-none-eabi-gcc -D__REDLIB__ -DCPU_MK64FN1M0VLL12 -DCPU_MK64FN1M0VLL12_cm4 -DFSL_RTOS_BM -DSDK_OS_BAREMETAL -DSDK_DEBUGCONSOLE=0 -DCR_INTEGER_PRINTF -DPRINTF_FLOAT_ENABLE=0 -DSERIAL_PORT_TYPE_UART=1 -D__MCUXPRESSO -D__USE_CMSIS -DDEBUG -I"C:\Users\Guido\Documents\GitHub\LaboDeMicrosTPF\TestS\fft_test\testFFT\drivers" -I"C:\Users\Guido\Documents\GitHub\LaboDeMicrosTPF\TestS\fft_test\testFFT\component\uart" -I"C:\Users\Guido\Documents\GitHub\LaboDeMicrosTPF\TestS\fft_test\testFFT\CMSIS" -I"C:\Users\Guido\Documents\GitHub\LaboDeMicrosTPF\TestS\fft_test\testFFT\device" -I"C:\Users\Guido\Documents\GitHub\LaboDeMicrosTPF\TestS\fft_test\testFFT\utilities" -I"C:\Users\Guido\Documents\GitHub\LaboDeMicrosTPF\TestS\fft_test\testFFT\component\lists" -I"C:\Users\Guido\Documents\GitHub\LaboDeMicrosTPF\TestS\fft_test\testFFT\component\serial_manager" -I"C:\Users\Guido\Documents\GitHub\LaboDeMicrosTPF\TestS\fft_test\testFFT\board" -I"C:\Users\Guido\Documents\GitHub\LaboDeMicrosTPF\TestS\fft_test\testFFT\source" -I"C:\Users\Guido\Documents\GitHub\LaboDeMicrosTPF\TestS\fft_test\testFFT" -I"C:\Users\Guido\Documents\GitHub\LaboDeMicrosTPF\TestS\fft_test\testFFT\drivers" -I"C:\Users\Guido\Documents\GitHub\LaboDeMicrosTPF\TestS\fft_test\testFFT\device" -I"C:\Users\Guido\Documents\GitHub\LaboDeMicrosTPF\TestS\fft_test\testFFT\CMSIS" -I"C:\Users\Guido\Documents\GitHub\LaboDeMicrosTPF\TestS\fft_test\testFFT\component\uart" -I"C:\Users\Guido\Documents\GitHub\LaboDeMicrosTPF\TestS\fft_test\testFFT\utilities" -I"C:\Users\Guido\Documents\GitHub\LaboDeMicrosTPF\TestS\fft_test\testFFT\component\serial_manager" -I"C:\Users\Guido\Documents\GitHub\LaboDeMicrosTPF\TestS\fft_test\testFFT\component\lists" -O0 -fno-common -g3 -Wall -c -ffunction-sections -fdata-sections -ffreestanding -fno-builtin -fmerge-constants -fmacro-prefix-map="../device/"=. -mcpu=cortex-m4 -mfpu=fpv4-sp-d16 -mfloat-abi=hard -mthumb -D__REDLIB__ -fstack-usage -specs=redlib.specs -MMD -MP -MF"device/system_MK64F12.d" -MT"device/system_MK64F12.o" -MT"device/system_MK64F12.d" -o "device/system_MK64F12.o" "../device/system_MK64F12.c"
Finished building: ../drivers/fsl_i2c.c
 
Building file: ../component/uart/uart_adapter.c
Invoking: MCU C Compiler
arm-none-eabi-gcc -D__REDLIB__ -DCPU_MK64FN1M0VLL12 -DCPU_MK64FN1M0VLL12_cm4 -DFSL_RTOS_BM -DSDK_OS_BAREMETAL -DSDK_DEBUGCONSOLE=0 -DCR_INTEGER_PRINTF -DPRINTF_FLOAT_ENABLE=0 -DSERIAL_PORT_TYPE_UART=1 -D__MCUXPRESSO -D__USE_CMSIS -DDEBUG -I"C:\Users\Guido\Documents\GitHub\LaboDeMicrosTPF\TestS\fft_test\testFFT\drivers" -I"C:\Users\Guido\Documents\GitHub\LaboDeMicrosTPF\TestS\fft_test\testFFT\component\uart" -I"C:\Users\Guido\Documents\GitHub\LaboDeMicrosTPF\TestS\fft_test\testFFT\CMSIS" -I"C:\Users\Guido\Documents\GitHub\LaboDeMicrosTPF\TestS\fft_test\testFFT\device" -I"C:\Users\Guido\Documents\GitHub\LaboDeMicrosTPF\TestS\fft_test\testFFT\utilities" -I"C:\Users\Guido\Documents\GitHub\LaboDeMicrosTPF\TestS\fft_test\testFFT\component\lists" -I"C:\Users\Guido\Documents\GitHub\LaboDeMicrosTPF\TestS\fft_test\testFFT\component\serial_manager" -I"C:\Users\Guido\Documents\GitHub\LaboDeMicrosTPF\TestS\fft_test\testFFT\board" -I"C:\Users\Guido\Documents\GitHub\LaboDeMicrosTPF\TestS\fft_test\testFFT\source" -I"C:\Users\Guido\Documents\GitHub\LaboDeMicrosTPF\TestS\fft_test\testFFT" -I"C:\Users\Guido\Documents\GitHub\LaboDeMicrosTPF\TestS\fft_test\testFFT\drivers" -I"C:\Users\Guido\Documents\GitHub\LaboDeMicrosTPF\TestS\fft_test\testFFT\device" -I"C:\Users\Guido\Documents\GitHub\LaboDeMicrosTPF\TestS\fft_test\testFFT\CMSIS" -I"C:\Users\Guido\Documents\GitHub\LaboDeMicrosTPF\TestS\fft_test\testFFT\component\uart" -I"C:\Users\Guido\Documents\GitHub\LaboDeMicrosTPF\TestS\fft_test\testFFT\utilities" -I"C:\Users\Guido\Documents\GitHub\LaboDeMicrosTPF\TestS\fft_test\testFFT\component\serial_manager" -I"C:\Users\Guido\Documents\GitHub\LaboDeMicrosTPF\TestS\fft_test\testFFT\component\lists" -O0 -fno-common -g3 -Wall -c -ffunction-sections -fdata-sections -ffreestanding -fno-builtin -fmerge-constants -fmacro-prefix-map="../component/uart/"=. -mcpu=cortex-m4 -mfpu=fpv4-sp-d16 -mfloat-abi=hard -mthumb -D__REDLIB__ -fstack-usage -specs=redlib.specs -MMD -MP -MF"component/uart/uart_adapter.d" -MT"component/uart/uart_adapter.o" -MT"component/uart/uart_adapter.d" -o "component/uart/uart_adapter.o" "../component/uart/uart_adapter.c"
Finished building: ../drivers/fsl_smc.c
 
Building file: ../component/serial_manager/serial_manager.c
Invoking: MCU C Compiler
arm-none-eabi-gcc -D__REDLIB__ -DCPU_MK64FN1M0VLL12 -DCPU_MK64FN1M0VLL12_cm4 -DFSL_RTOS_BM -DSDK_OS_BAREMETAL -DSDK_DEBUGCONSOLE=0 -DCR_INTEGER_PRINTF -DPRINTF_FLOAT_ENABLE=0 -DSERIAL_PORT_TYPE_UART=1 -D__MCUXPRESSO -D__USE_CMSIS -DDEBUG -I"C:\Users\Guido\Documents\GitHub\LaboDeMicrosTPF\TestS\fft_test\testFFT\drivers" -I"C:\Users\Guido\Documents\GitHub\LaboDeMicrosTPF\TestS\fft_test\testFFT\component\uart" -I"C:\Users\Guido\Documents\GitHub\LaboDeMicrosTPF\TestS\fft_test\testFFT\CMSIS" -I"C:\Users\Guido\Documents\GitHub\LaboDeMicrosTPF\TestS\fft_test\testFFT\device" -I"C:\Users\Guido\Documents\GitHub\LaboDeMicrosTPF\TestS\fft_test\testFFT\utilities" -I"C:\Users\Guido\Documents\GitHub\LaboDeMicrosTPF\TestS\fft_test\testFFT\component\lists" -I"C:\Users\Guido\Documents\GitHub\LaboDeMicrosTPF\TestS\fft_test\testFFT\component\serial_manager" -I"C:\Users\Guido\Documents\GitHub\LaboDeMicrosTPF\TestS\fft_test\testFFT\board" -I"C:\Users\Guido\Documents\GitHub\LaboDeMicrosTPF\TestS\fft_test\testFFT\source" -I"C:\Users\Guido\Documents\GitHub\LaboDeMicrosTPF\TestS\fft_test\testFFT" -I"C:\Users\Guido\Documents\GitHub\LaboDeMicrosTPF\TestS\fft_test\testFFT\drivers" -I"C:\Users\Guido\Documents\GitHub\LaboDeMicrosTPF\TestS\fft_test\testFFT\device" -I"C:\Users\Guido\Documents\GitHub\LaboDeMicrosTPF\TestS\fft_test\testFFT\CMSIS" -I"C:\Users\Guido\Documents\GitHub\LaboDeMicrosTPF\TestS\fft_test\testFFT\component\uart" -I"C:\Users\Guido\Documents\GitHub\LaboDeMicrosTPF\TestS\fft_test\testFFT\utilities" -I"C:\Users\Guido\Documents\GitHub\LaboDeMicrosTPF\TestS\fft_test\testFFT\component\serial_manager" -I"C:\Users\Guido\Documents\GitHub\LaboDeMicrosTPF\TestS\fft_test\testFFT\component\lists" -O0 -fno-common -g3 -Wall -c -ffunction-sections -fdata-sections -ffreestanding -fno-builtin -fmerge-constants -fmacro-prefix-map="../component/serial_manager/"=. -mcpu=cortex-m4 -mfpu=fpv4-sp-d16 -mfloat-abi=hard -mthumb -D__REDLIB__ -fstack-usage -specs=redlib.specs -MMD -MP -MF"component/serial_manager/serial_manager.d" -MT"component/serial_manager/serial_manager.o" -MT"component/serial_manager/serial_manager.d" -o "component/serial_manager/serial_manager.o" "../component/serial_manager/serial_manager.c"
Finished building: ../drivers/fsl_uart.c
 
Finished building: ../device/system_MK64F12.c
Building file: ../component/serial_manager/serial_port_uart.c
 
Invoking: MCU C Compiler
arm-none-eabi-gcc -D__REDLIB__ -DCPU_MK64FN1M0VLL12 -DCPU_MK64FN1M0VLL12_cm4 -DFSL_RTOS_BM -DSDK_OS_BAREMETAL -DSDK_DEBUGCONSOLE=0 -DCR_INTEGER_PRINTF -DPRINTF_FLOAT_ENABLE=0 -DSERIAL_PORT_TYPE_UART=1 -D__MCUXPRESSO -D__USE_CMSIS -DDEBUG -I"C:\Users\Guido\Documents\GitHub\LaboDeMicrosTPF\TestS\fft_test\testFFT\drivers" -I"C:\Users\Guido\Documents\GitHub\LaboDeMicrosTPF\TestS\fft_test\testFFT\component\uart" -I"C:\Users\Guido\Documents\GitHub\LaboDeMicrosTPF\TestS\fft_test\testFFT\CMSIS" -I"C:\Users\Guido\Documents\GitHub\LaboDeMicrosTPF\TestS\fft_test\testFFT\device" -I"C:\Users\Guido\Documents\GitHub\LaboDeMicrosTPF\TestS\fft_test\testFFT\utilities" -I"C:\Users\Guido\Documents\GitHub\LaboDeMicrosTPF\TestS\fft_test\testFFT\component\lists" -I"C:\Users\Guido\Documents\GitHub\LaboDeMicrosTPF\TestS\fft_test\testFFT\component\serial_manager" -I"C:\Users\Guido\Documents\GitHub\LaboDeMicrosTPF\TestS\fft_test\testFFT\board" -I"C:\Users\Guido\Documents\GitHub\LaboDeMicrosTPF\TestS\fft_test\testFFT\source" -I"C:\Users\Guido\Documents\GitHub\LaboDeMicrosTPF\TestS\fft_test\testFFT" -I"C:\Users\Guido\Documents\GitHub\LaboDeMicrosTPF\TestS\fft_test\testFFT\drivers" -I"C:\Users\Guido\Documents\GitHub\LaboDeMicrosTPF\TestS\fft_test\testFFT\device" -I"C:\Users\Guido\Documents\GitHub\LaboDeMicrosTPF\TestS\fft_test\testFFT\CMSIS" -I"C:\Users\Guido\Documents\GitHub\LaboDeMicrosTPF\TestS\fft_test\testFFT\component\uart" -I"C:\Users\Guido\Documents\GitHub\LaboDeMicrosTPF\TestS\fft_test\testFFT\utilities" -I"C:\Users\Guido\Documents\GitHub\LaboDeMicrosTPF\TestS\fft_test\testFFT\component\serial_manager" -I"C:\Users\Guido\Documents\GitHub\LaboDeMicrosTPF\TestS\fft_test\testFFT\component\lists" -O0 -fno-common -g3 -Wall -c -ffunction-sections -fdata-sections -ffreestanding -fno-builtin -fmerge-constants -fmacro-prefix-map="../component/serial_manager/"=. -mcpu=cortex-m4 -mfpu=fpv4-sp-d16 -mfloat-abi=hard -mthumb -D__REDLIB__ -fstack-usage -specs=redlib.specs -MMD -MP -MF"component/serial_manager/serial_port_uart.d" -MT"component/serial_manager/serial_port_uart.o" -MT"component/serial_manager/serial_port_uart.d" -o "component/serial_manager/serial_port_uart.o" "../component/serial_manager/serial_port_uart.c"
Building file: ../component/lists/generic_list.c
Invoking: MCU C Compiler
arm-none-eabi-gcc -D__REDLIB__ -DCPU_MK64FN1M0VLL12 -DCPU_MK64FN1M0VLL12_cm4 -DFSL_RTOS_BM -DSDK_OS_BAREMETAL -DSDK_DEBUGCONSOLE=0 -DCR_INTEGER_PRINTF -DPRINTF_FLOAT_ENABLE=0 -DSERIAL_PORT_TYPE_UART=1 -D__MCUXPRESSO -D__USE_CMSIS -DDEBUG -I"C:\Users\Guido\Documents\GitHub\LaboDeMicrosTPF\TestS\fft_test\testFFT\drivers" -I"C:\Users\Guido\Documents\GitHub\LaboDeMicrosTPF\TestS\fft_test\testFFT\component\uart" -I"C:\Users\Guido\Documents\GitHub\LaboDeMicrosTPF\TestS\fft_test\testFFT\CMSIS" -I"C:\Users\Guido\Documents\GitHub\LaboDeMicrosTPF\TestS\fft_test\testFFT\device" -I"C:\Users\Guido\Documents\GitHub\LaboDeMicrosTPF\TestS\fft_test\testFFT\utilities" -I"C:\Users\Guido\Documents\GitHub\LaboDeMicrosTPF\TestS\fft_test\testFFT\component\lists" -I"C:\Users\Guido\Documents\GitHub\LaboDeMicrosTPF\TestS\fft_test\testFFT\component\serial_manager" -I"C:\Users\Guido\Documents\GitHub\LaboDeMicrosTPF\TestS\fft_test\testFFT\board" -I"C:\Users\Guido\Documents\GitHub\LaboDeMicrosTPF\TestS\fft_test\testFFT\source" -I"C:\Users\Guido\Documents\GitHub\LaboDeMicrosTPF\TestS\fft_test\testFFT" -I"C:\Users\Guido\Documents\GitHub\LaboDeMicrosTPF\TestS\fft_test\testFFT\drivers" -I"C:\Users\Guido\Documents\GitHub\LaboDeMicrosTPF\TestS\fft_test\testFFT\device" -I"C:\Users\Guido\Documents\GitHub\LaboDeMicrosTPF\TestS\fft_test\testFFT\CMSIS" -I"C:\Users\Guido\Documents\GitHub\LaboDeMicrosTPF\TestS\fft_test\testFFT\component\uart" -I"C:\Users\Guido\Documents\GitHub\LaboDeMicrosTPF\TestS\fft_test\testFFT\utilities" -I"C:\Users\Guido\Documents\GitHub\LaboDeMicrosTPF\TestS\fft_test\testFFT\component\serial_manager" -I"C:\Users\Guido\Documents\GitHub\LaboDeMicrosTPF\TestS\fft_test\testFFT\component\lists" -O0 -fno-common -g3 -Wall -c -ffunction-sections -fdata-sections -ffreestanding -fno-builtin -fmerge-constants -fmacro-prefix-map="../component/lists/"=. -mcpu=cortex-m4 -mfpu=fpv4-sp-d16 -mfloat-abi=hard -mthumb -D__REDLIB__ -fstack-usage -specs=redlib.specs -MMD -MP -MF"component/lists/generic_list.d" -MT"component/lists/generic_list.o" -MT"component/lists/generic_list.d" -o "component/lists/generic_list.o" "../component/lists/generic_list.c"
Finished building: ../component/uart/uart_adapter.c
 
Building file: ../board/board.c
Invoking: MCU C Compiler
arm-none-eabi-gcc -D__REDLIB__ -DCPU_MK64FN1M0VLL12 -DCPU_MK64FN1M0VLL12_cm4 -DFSL_RTOS_BM -DSDK_OS_BAREMETAL -DSDK_DEBUGCONSOLE=0 -DCR_INTEGER_PRINTF -DPRINTF_FLOAT_ENABLE=0 -DSERIAL_PORT_TYPE_UART=1 -D__MCUXPRESSO -D__USE_CMSIS -DDEBUG -I"C:\Users\Guido\Documents\GitHub\LaboDeMicrosTPF\TestS\fft_test\testFFT\drivers" -I"C:\Users\Guido\Documents\GitHub\LaboDeMicrosTPF\TestS\fft_test\testFFT\component\uart" -I"C:\Users\Guido\Documents\GitHub\LaboDeMicrosTPF\TestS\fft_test\testFFT\CMSIS" -I"C:\Users\Guido\Documents\GitHub\LaboDeMicrosTPF\TestS\fft_test\testFFT\device" -I"C:\Users\Guido\Documents\GitHub\LaboDeMicrosTPF\TestS\fft_test\testFFT\utilities" -I"C:\Users\Guido\Documents\GitHub\LaboDeMicrosTPF\TestS\fft_test\testFFT\component\lists" -I"C:\Users\Guido\Documents\GitHub\LaboDeMicrosTPF\TestS\fft_test\testFFT\component\serial_manager" -I"C:\Users\Guido\Documents\GitHub\LaboDeMicrosTPF\TestS\fft_test\testFFT\board" -I"C:\Users\Guido\Documents\GitHub\LaboDeMicrosTPF\TestS\fft_test\testFFT\source" -I"C:\Users\Guido\Documents\GitHub\LaboDeMicrosTPF\TestS\fft_test\testFFT" -I"C:\Users\Guido\Documents\GitHub\LaboDeMicrosTPF\TestS\fft_test\testFFT\drivers" -I"C:\Users\Guido\Documents\GitHub\LaboDeMicrosTPF\TestS\fft_test\testFFT\device" -I"C:\Users\Guido\Documents\GitHub\LaboDeMicrosTPF\TestS\fft_test\testFFT\CMSIS" -I"C:\Users\Guido\Documents\GitHub\LaboDeMicrosTPF\TestS\fft_test\testFFT\component\uart" -I"C:\Users\Guido\Documents\GitHub\LaboDeMicrosTPF\TestS\fft_test\testFFT\utilities" -I"C:\Users\Guido\Documents\GitHub\LaboDeMicrosTPF\TestS\fft_test\testFFT\component\serial_manager" -I"C:\Users\Guido\Documents\GitHub\LaboDeMicrosTPF\TestS\fft_test\testFFT\component\lists" -O0 -fno-common -g3 -Wall -c -ffunction-sections -fdata-sections -ffreestanding -fno-builtin -fmerge-constants -fmacro-prefix-map="../board/"=. -mcpu=cortex-m4 -mfpu=fpv4-sp-d16 -mfloat-abi=hard -mthumb -D__REDLIB__ -fstack-usage -specs=redlib.specs -MMD -MP -MF"board/board.d" -MT"board/board.o" -MT"board/board.d" -o "board/board.o" "../board/board.c"
Finished building: ../component/serial_manager/serial_manager.c
 
Building file: ../board/clock_config.c
Finished building: ../component/serial_manager/serial_port_uart.c
Invoking: MCU C Compiler
 
arm-none-eabi-gcc -D__REDLIB__ -DCPU_MK64FN1M0VLL12 -DCPU_MK64FN1M0VLL12_cm4 -DFSL_RTOS_BM -DSDK_OS_BAREMETAL -DSDK_DEBUGCONSOLE=0 -DCR_INTEGER_PRINTF -DPRINTF_FLOAT_ENABLE=0 -DSERIAL_PORT_TYPE_UART=1 -D__MCUXPRESSO -D__USE_CMSIS -DDEBUG -I"C:\Users\Guido\Documents\GitHub\LaboDeMicrosTPF\TestS\fft_test\testFFT\drivers" -I"C:\Users\Guido\Documents\GitHub\LaboDeMicrosTPF\TestS\fft_test\testFFT\component\uart" -I"C:\Users\Guido\Documents\GitHub\LaboDeMicrosTPF\TestS\fft_test\testFFT\CMSIS" -I"C:\Users\Guido\Documents\GitHub\LaboDeMicrosTPF\TestS\fft_test\testFFT\device" -I"C:\Users\Guido\Documents\GitHub\LaboDeMicrosTPF\TestS\fft_test\testFFT\utilities" -I"C:\Users\Guido\Documents\GitHub\LaboDeMicrosTPF\TestS\fft_test\testFFT\component\lists" -I"C:\Users\Guido\Documents\GitHub\LaboDeMicrosTPF\TestS\fft_test\testFFT\component\serial_manager" -I"C:\Users\Guido\Documents\GitHub\LaboDeMicrosTPF\TestS\fft_test\testFFT\board" -I"C:\Users\Guido\Documents\GitHub\LaboDeMicrosTPF\TestS\fft_test\testFFT\source" -I"C:\Users\Guido\Documents\GitHub\LaboDeMicrosTPF\TestS\fft_test\testFFT" -I"C:\Users\Guido\Documents\GitHub\LaboDeMicrosTPF\TestS\fft_test\testFFT\drivers" -I"C:\Users\Guido\Documents\GitHub\LaboDeMicrosTPF\TestS\fft_test\testFFT\device" -I"C:\Users\Guido\Documents\GitHub\LaboDeMicrosTPF\TestS\fft_test\testFFT\CMSIS" -I"C:\Users\Guido\Documents\GitHub\LaboDeMicrosTPF\TestS\fft_test\testFFT\component\uart" -I"C:\Users\Guido\Documents\GitHub\LaboDeMicrosTPF\TestS\fft_test\testFFT\utilities" -I"C:\Users\Guido\Documents\GitHub\LaboDeMicrosTPF\TestS\fft_test\testFFT\component\serial_manager" -I"C:\Users\Guido\Documents\GitHub\LaboDeMicrosTPF\TestS\fft_test\testFFT\component\lists" -O0 -fno-common -g3 -Wall -c -ffunction-sections -fdata-sections -ffreestanding -fno-builtin -fmerge-constants -fmacro-prefix-map="../board/"=. -mcpu=cortex-m4 -mfpu=fpv4-sp-d16 -mfloat-abi=hard -mthumb -D__REDLIB__ -fstack-usage -specs=redlib.specs -MMD -MP -MF"board/clock_config.d" -MT"board/clock_config.o" -MT"board/clock_config.d" -o "board/clock_config.o" "../board/clock_config.c"
Building file: ../board/pin_mux.c
Invoking: MCU C Compiler
arm-none-eabi-gcc -D__REDLIB__ -DCPU_MK64FN1M0VLL12 -DCPU_MK64FN1M0VLL12_cm4 -DFSL_RTOS_BM -DSDK_OS_BAREMETAL -DSDK_DEBUGCONSOLE=0 -DCR_INTEGER_PRINTF -DPRINTF_FLOAT_ENABLE=0 -DSERIAL_PORT_TYPE_UART=1 -D__MCUXPRESSO -D__USE_CMSIS -DDEBUG -I"C:\Users\Guido\Documents\GitHub\LaboDeMicrosTPF\TestS\fft_test\testFFT\drivers" -I"C:\Users\Guido\Documents\GitHub\LaboDeMicrosTPF\TestS\fft_test\testFFT\component\uart" -I"C:\Users\Guido\Documents\GitHub\LaboDeMicrosTPF\TestS\fft_test\testFFT\CMSIS" -I"C:\Users\Guido\Documents\GitHub\LaboDeMicrosTPF\TestS\fft_test\testFFT\device" -I"C:\Users\Guido\Documents\GitHub\LaboDeMicrosTPF\TestS\fft_test\testFFT\utilities" -I"C:\Users\Guido\Documents\GitHub\LaboDeMicrosTPF\TestS\fft_test\testFFT\component\lists" -I"C:\Users\Guido\Documents\GitHub\LaboDeMicrosTPF\TestS\fft_test\testFFT\component\serial_manager" -I"C:\Users\Guido\Documents\GitHub\LaboDeMicrosTPF\TestS\fft_test\testFFT\board" -I"C:\Users\Guido\Documents\GitHub\LaboDeMicrosTPF\TestS\fft_test\testFFT\source" -I"C:\Users\Guido\Documents\GitHub\LaboDeMicrosTPF\TestS\fft_test\testFFT" -I"C:\Users\Guido\Documents\GitHub\LaboDeMicrosTPF\TestS\fft_test\testFFT\drivers" -I"C:\Users\Guido\Documents\GitHub\LaboDeMicrosTPF\TestS\fft_test\testFFT\device" -I"C:\Users\Guido\Documents\GitHub\LaboDeMicrosTPF\TestS\fft_test\testFFT\CMSIS" -I"C:\Users\Guido\Documents\GitHub\LaboDeMicrosTPF\TestS\fft_test\testFFT\component\uart" -I"C:\Users\Guido\Documents\GitHub\LaboDeMicrosTPF\TestS\fft_test\testFFT\utilities" -I"C:\Users\Guido\Documents\GitHub\LaboDeMicrosTPF\TestS\fft_test\testFFT\component\serial_manager" -I"C:\Users\Guido\Documents\GitHub\LaboDeMicrosTPF\TestS\fft_test\testFFT\component\lists" -O0 -fno-common -g3 -Wall -c -ffunction-sections -fdata-sections -ffreestanding -fno-builtin -fmerge-constants -fmacro-prefix-map="../board/"=. -mcpu=cortex-m4 -mfpu=fpv4-sp-d16 -mfloat-abi=hard -mthumb -D__REDLIB__ -fstack-usage -specs=redlib.specs -MMD -MP -MF"board/pin_mux.d" -MT"board/pin_mux.o" -MT"board/pin_mux.d" -o "board/pin_mux.o" "../board/pin_mux.c"
Finished building: ../component/lists/generic_list.c
 
Finished building: ../board/board.c
 
Finished building: ../board/clock_config.c
 
Finished building: ../board/pin_mux.c
 
Building target: testFFT.axf
Invoking: MCU Linker
arm-none-eabi-gcc -nostdlib -L"C:\Users\Guido\Documents\GitHub\LaboDeMicrosTPF\TestS\fft_test\testFFT\libs" -Xlinker -Map="testFFT.map" -Xlinker --gc-sections -Xlinker -print-memory-usage -Xlinker --sort-section=alignment -Xlinker --cref -mcpu=cortex-m4 -mfpu=fpv4-sp-d16 -mfloat-abi=hard -mthumb -T testFFT_Debug.ld -o "testFFT.axf"  ./utilities/fsl_debug_console.o ./utilities/fsl_str.o  ./startup/startup_mk64f12.o  ./source/semihost_hardfault.o ./source/testFFT.o  ./drivers/fsl_adc16.o ./drivers/fsl_clock.o ./drivers/fsl_common.o ./drivers/fsl_gpio.o ./drivers/fsl_i2c.o ./drivers/fsl_smc.o ./drivers/fsl_uart.o  ./device/system_MK64F12.o  ./component/uart/uart_adapter.o  ./component/serial_manager/serial_manager.o ./component/serial_manager/serial_port_uart.o  ./component/lists/generic_list.o  ./board/board.o ./board/clock_config.o ./board/peripherals.o ./board/pin_mux.o   -larm_cortexM4lf_math
Memory region         Used Size  Region Size  %age Used
   PROGRAM_FLASH:      110928 B         1 MB     10.58%
      SRAM_UPPER:       33024 B       192 KB     16.80%
      SRAM_LOWER:          0 GB        64 KB      0.00%
        FLEX_RAM:          0 GB         4 KB      0.00%
Finished building target: testFFT.axf
 
make --no-print-directory post-build
Performing post-build steps
arm-none-eabi-size "testFFT.axf"; # arm-none-eabi-objcopy -v -O binary "testFFT.axf" "testFFT.bin" ; # checksum -p MK64FN1M0xxx12 -d "testFFT.bin";
   text	   data	    bss	    dec	    hex	filename
  98624	  12304	  20720	 131648	  20240	testFFT.axf
 
