fsl_pdb.h:335:20:PDB_DoSoftwareTrigger	16	static
fsl_pdb.h:348:20:PDB_DoLoadValues	16	static
fsl_pdb.h:377:20:PDB_EnableInterrupts	16	static
fsl_pdb.h:390:20:PDB_DisableInterrupts	16	static
fsl_pdb.h:428:20:PDB_SetModulusValue	16	static
fsl_pdb.h:451:20:PDB_SetCounterDelayValue	16	static
fsl_pdb.h:559:20:PDB_SetDACTriggerIntervalValue	24	static
fsl_dac.h:187:20:DAC_Enable	16	static
fsl_dac.h:212:20:DAC_EnableBuffer	16	static
fsl_dac.h:253:20:DAC_EnableBufferDMA	16	static
fsl_dmamux.h:75:20:DMAMUX_EnableChannel	16	static
fsl_dmamux.h:105:20:DMAMUX_SetSource	24	static
DAC_Wrapper.c:88:6:DAC_Wrapper_Init	8	static
DAC_Wrapper.c:107:6:DAC_Wrapper_PDB_Config	16	static
DAC_Wrapper.c:113:6:DAC_Wrapper_Set_Data_Array	16	static
DAC_Wrapper.c:124:6:DAC_Wrapper_Set_Next_Buffer	16	static
DAC_Wrapper.c:134:6:DAC_Wrapper_Clear_Data_Array	4	static
DAC_Wrapper.c:140:6:DAC_Wrapper_Start_Trigger	8	static
DAC_Wrapper.c:144:6:DAC_Wrapper_Loop	16	static
DAC_Wrapper.c:148:6:DAC_Wrapper_Sleep	4	static
DAC_Wrapper.c:152:6:DAC_Wrapper_Wake_Up	8	static
DAC_Wrapper.c:164:6:MP3_Set_Sample_Rate	32	static
DAC_Wrapper.c:290:6:DAC_Wrapper_Is_Transfer_Done	4	static
DAC_Wrapper.c:294:6:DAC_Wrapper_Clear_Transfer_Done	4	static
DAC_Wrapper.c:302:13:EDMA_Configuration	32	static
DAC_Wrapper.c:325:13:DMAMUX_Configuration	8	static
DAC_Wrapper.c:333:13:PDB_Configuration	32	static
DAC_Wrapper.c:361:13:DAC_Configuration	16	static
DAC_Wrapper.c:386:13:Edma_Callback	40	static
