20:45:58 **** Incremental Build of configuration Debug for project MK64FN1M0xxx12_Project ****
make -r -j4 all 
Building file: ../fatfs/source/fsl_sd_disk/fsl_sd_disk.c
Invoking: MCU C Compiler
arm-none-eabi-gcc -D__REDLIB__ -DCPU_MK64FN1M0VLL12 -DCPU_MK64FN1M0VLL12_cm4 -DFSL_RTOS_BM -DSDK_OS_BAREMETAL -DSDK_DEBUGCONSOLE=0 -DCR_INTEGER_PRINTF -DPRINTF_FLOAT_ENABLE=0 -DSERIAL_PORT_TYPE_UART=1 -D__MCUXPRESSO -D__USE_CMSIS -DDEBUG -I"C:\Users\Guido\Desktop\PORONGA MICROS\sd_sdk_ktn_parte2\MK64FN1M0xxx12_Project\usb\host\class" -I"C:\Users\Guido\Desktop\PORONGA MICROS\sd_sdk_ktn_parte2\MK64FN1M0xxx12_Project\sdmmc\inc" -I"C:\Users\Guido\Desktop\PORONGA MICROS\sd_sdk_ktn_parte2\MK64FN1M0xxx12_Project\usb\host" -I"C:\Users\Guido\Desktop\PORONGA MICROS\sd_sdk_ktn_parte2\MK64FN1M0xxx12_Project\CMSIS" -I"C:\Users\Guido\Desktop\PORONGA MICROS\sd_sdk_ktn_parte2\MK64FN1M0xxx12_Project\drivers" -I"C:\Users\Guido\Desktop\PORONGA MICROS\sd_sdk_ktn_parte2\MK64FN1M0xxx12_Project\fatfs\source\fsl_ram_disk" -I"C:\Users\Guido\Desktop\PORONGA MICROS\sd_sdk_ktn_parte2\MK64FN1M0xxx12_Project\component\osa" -I"C:\Users\Guido\Desktop\PORONGA MICROS\sd_sdk_ktn_parte2\MK64FN1M0xxx12_Project\sdmmc\osa" -I"C:\Users\Guido\Desktop\PORONGA MICROS\sd_sdk_ktn_parte2\MK64FN1M0xxx12_Project\fatfs\source\fsl_sdspi_disk" -I"C:\Users\Guido\Desktop\PORONGA MICROS\sd_sdk_ktn_parte2\MK64FN1M0xxx12_Project\sdmmc\host" -I"C:\Users\Guido\Desktop\PORONGA MICROS\sd_sdk_ktn_parte2\MK64FN1M0xxx12_Project\component\uart" -I"C:\Users\Guido\Desktop\PORONGA MICROS\sd_sdk_ktn_parte2\MK64FN1M0xxx12_Project\component\serial_manager" -I"C:\Users\Guido\Desktop\PORONGA MICROS\sd_sdk_ktn_parte2\MK64FN1M0xxx12_Project\fatfs\source\fsl_usb_disk" -I"C:\Users\Guido\Desktop\PORONGA MICROS\sd_sdk_ktn_parte2\MK64FN1M0xxx12_Project\source\generated" -I"C:\Users\Guido\Desktop\PORONGA MICROS\sd_sdk_ktn_parte2\MK64FN1M0xxx12_Project\fatfs\source\fsl_mmc_disk" -I"C:\Users\Guido\Desktop\PORONGA MICROS\sd_sdk_ktn_parte2\MK64FN1M0xxx12_Project\usb\include" -I"C:\Users\Guido\Desktop\PORONGA MICROS\sd_sdk_ktn_parte2\MK64FN1M0xxx12_Project\device" -I"C:\Users\Guido\Desktop\PORONGA MICROS\sd_sdk_ktn_parte2\MK64FN1M0xxx12_Project\component\lists" -I"C:\Users\Guido\Desktop\PORONGA MICROS\sd_sdk_ktn_parte2\MK64FN1M0xxx12_Project\fatfs\source\fsl_sd_disk" -I"C:\Users\Guido\Desktop\PORONGA MICROS\sd_sdk_ktn_parte2\MK64FN1M0xxx12_Project\utilities" -I"C:\Users\Guido\Desktop\PORONGA MICROS\sd_sdk_ktn_parte2\MK64FN1M0xxx12_Project\fatfs\source" -I"C:\Users\Guido\Desktop\PORONGA MICROS\sd_sdk_ktn_parte2\MK64FN1M0xxx12_Project\source" -I"C:\Users\Guido\Desktop\PORONGA MICROS\sd_sdk_ktn_parte2\MK64FN1M0xxx12_Project\board" -I"C:\Users\Guido\Desktop\PORONGA MICROS\sd_sdk_ktn_parte2\MK64FN1M0xxx12_Project\source" -I"C:\Users\Guido\Desktop\PORONGA MICROS\sd_sdk_ktn_parte2\MK64FN1M0xxx12_Project" -I"C:\Users\Guido\Desktop\PORONGA MICROS\sd_sdk_ktn_parte2\MK64FN1M0xxx12_Project\drivers" -I"C:\Users\Guido\Desktop\PORONGA MICROS\sd_sdk_ktn_parte2\MK64FN1M0xxx12_Project\device" -I"C:\Users\Guido\Desktop\PORONGA MICROS\sd_sdk_ktn_parte2\MK64FN1M0xxx12_Project\CMSIS" -I"C:\Users\Guido\Desktop\PORONGA MICROS\sd_sdk_ktn_parte2\MK64FN1M0xxx12_Project\component\uart" -I"C:\Users\Guido\Desktop\PORONGA MICROS\sd_sdk_ktn_parte2\MK64FN1M0xxx12_Project\utilities" -I"C:\Users\Guido\Desktop\PORONGA MICROS\sd_sdk_ktn_parte2\MK64FN1M0xxx12_Project\component\serial_manager" -I"C:\Users\Guido\Desktop\PORONGA MICROS\sd_sdk_ktn_parte2\MK64FN1M0xxx12_Project\component\lists" -I"C:\Users\Guido\Desktop\PORONGA MICROS\sd_sdk_ktn_parte2\MK64FN1M0xxx12_Project\fatfs\source" -I"C:\Users\Guido\Desktop\PORONGA MICROS\sd_sdk_ktn_parte2\MK64FN1M0xxx12_Project\fatfs\source\fsl_ram_disk" -I"C:\Users\Guido\Desktop\PORONGA MICROS\sd_sdk_ktn_parte2\MK64FN1M0xxx12_Project\fatfs\source\fsl_mmc_disk" -I"C:\Users\Guido\Desktop\PORONGA MICROS\sd_sdk_ktn_parte2\MK64FN1M0xxx12_Project\sdmmc\inc" -I"C:\Users\Guido\Desktop\PORONGA MICROS\sd_sdk_ktn_parte2\MK64FN1M0xxx12_Project\sdmmc\host" -I"C:\Users\Guido\Desktop\PORONGA MICROS\sd_sdk_ktn_parte2\MK64FN1M0xxx12_Project\fatfs\source\fsl_sd_disk" -I"C:\Users\Guido\Desktop\PORONGA MICROS\sd_sdk_ktn_parte2\MK64FN1M0xxx12_Project\fatfs\source\fsl_sdspi_disk" -I"C:\Users\Guido\Desktop\PORONGA MICROS\sd_sdk_ktn_parte2\MK64FN1M0xxx12_Project\fatfs\source\fsl_usb_disk" -I"C:\Users\Guido\Desktop\PORONGA MICROS\sd_sdk_ktn_parte2\MK64FN1M0xxx12_Project\usb\host\class" -I"C:\Users\Guido\Desktop\PORONGA MICROS\sd_sdk_ktn_parte2\MK64FN1M0xxx12_Project\usb\host" -I"C:\Users\Guido\Desktop\PORONGA MICROS\sd_sdk_ktn_parte2\MK64FN1M0xxx12_Project\component\osa" -I"C:\Users\Guido\Desktop\PORONGA MICROS\sd_sdk_ktn_parte2\MK64FN1M0xxx12_Project\source\generated" -I"C:\Users\Guido\Desktop\PORONGA MICROS\sd_sdk_ktn_parte2\MK64FN1M0xxx12_Project\usb\include" -I"C:\Users\Guido\Desktop\PORONGA MICROS\sd_sdk_ktn_parte2\MK64FN1M0xxx12_Project\sdmmc\osa" -O0 -fno-common -g3 -Wall -c -ffunction-sections -fdata-sections -ffreestanding -fno-builtin -fmerge-constants -fmacro-prefix-map="../fatfs/source/fsl_sd_disk/"=. -mcpu=cortex-m4 -mfpu=fpv4-sp-d16 -mfloat-abi=hard -mthumb -D__REDLIB__ -fstack-usage -specs=redlib.specs -MMD -MP -MF"fatfs/source/fsl_sd_disk/fsl_sd_disk.d" -MT"fatfs/source/fsl_sd_disk/fsl_sd_disk.o" -MT"fatfs/source/fsl_sd_disk/fsl_sd_disk.d" -o "fatfs/source/fsl_sd_disk/fsl_sd_disk.o" "../fatfs/source/fsl_sd_disk/fsl_sd_disk.c"
Finished building: ../fatfs/source/fsl_sd_disk/fsl_sd_disk.c
 
Building target: MK64FN1M0xxx12_Project.axf
Invoking: MCU Linker
arm-none-eabi-gcc -nostdlib -Xlinker -Map="MK64FN1M0xxx12_Project.map" -Xlinker --gc-sections -Xlinker -print-memory-usage -Xlinker --sort-section=alignment -Xlinker --cref -mcpu=cortex-m4 -mfpu=fpv4-sp-d16 -mfloat-abi=hard -mthumb -T MK64FN1M0xxx12_Project_Debug.ld -o "MK64FN1M0xxx12_Project.axf"  ./utilities/fsl_debug_console.o ./utilities/fsl_str.o  ./usb/host/class/usb_host_hub.o ./usb/host/class/usb_host_hub_app.o ./usb/host/class/usb_host_msd.o ./usb/host/class/usb_host_msd_ufi.o  ./usb/host/usb_host_devices.o ./usb/host/usb_host_framework.o ./usb/host/usb_host_hci.o ./usb/host/usb_host_khci.o  ./startup/startup_mk64f12.o  ./source/MK64FN1M0xxx12_Project.o ./source/semihost_hardfault.o  ./sdmmc/src/fsl_mmc.o ./sdmmc/src/fsl_sd.o ./sdmmc/src/fsl_sdmmc_common.o ./sdmmc/src/fsl_sdspi.o  ./sdmmc/osa/fsl_sdmmc_osa.o  ./sdmmc/host/fsl_sdmmc_host.o  ./fatfs/source/fsl_usb_disk/fsl_usb_disk_bm.o  ./fatfs/source/fsl_sdspi_disk/fsl_sdspi_disk.o  ./fatfs/source/fsl_sd_disk/fsl_sd_disk.o  ./fatfs/source/fsl_ram_disk/fsl_ram_disk.o  ./fatfs/source/fsl_mmc_disk/fsl_mmc_disk.o  ./fatfs/source/diskio.o ./fatfs/source/ff.o ./fatfs/source/ffsystem.o ./fatfs/source/ffunicode.o  ./drivers/fsl_adc16.o ./drivers/fsl_clock.o ./drivers/fsl_common.o ./drivers/fsl_dspi.o ./drivers/fsl_gpio.o ./drivers/fsl_i2c.o ./drivers/fsl_sdhc.o ./drivers/fsl_smc.o ./drivers/fsl_sysmpu.o ./drivers/fsl_uart.o  ./device/system_MK64F12.o  ./component/uart/uart_adapter.o  ./component/serial_manager/serial_manager.o ./component/serial_manager/serial_port_uart.o  ./component/osa/fsl_os_abstraction_bm.o  ./component/lists/generic_list.o  ./board/board.o ./board/clock_config.o ./board/peripherals.o ./board/pin_mux.o ./board/sdmmc_config.o   
Memory region         Used Size  Region Size  %age Used
   PROGRAM_FLASH:       19824 B         1 MB      1.89%
      SRAM_UPPER:        9416 B       192 KB      4.79%
      SRAM_LOWER:          0 GB        64 KB      0.00%
        FLEX_RAM:          0 GB         4 KB      0.00%
Finished building target: MK64FN1M0xxx12_Project.axf
 
make --no-print-directory post-build
Performing post-build steps
arm-none-eabi-size "MK64FN1M0xxx12_Project.axf"; # arm-none-eabi-objcopy -v -O binary "MK64FN1M0xxx12_Project.axf" "MK64FN1M0xxx12_Project.bin" ; # checksum -p MK64FN1M0xxx12 -d "MK64FN1M0xxx12_Project.bin";
   text	   data	    bss	    dec	    hex	filename
  19808	     16	   9400	  29224	   7228	MK64FN1M0xxx12_Project.axf
 
20:46:43 **** Incremental Build of configuration Debug for project MK64FN1M0xxx12_Project ****
make -r -j4 all 
make: Nothing to be done for 'all'.
20:47:21 **** Incremental Build of configuration Debug for project MK64FN1M0xxx12_Project ****
make -r -j4 all 
make: Nothing to be done for 'all'.
20:59:44 **** Incremental Build of configuration Debug for project MK64FN1M0xxx12_Project ****
make -r -j4 all 
Building file: ../source/MK64FN1M0xxx12_Project.c
Invoking: MCU C Compiler
arm-none-eabi-gcc -D__REDLIB__ -DCPU_MK64FN1M0VLL12 -DCPU_MK64FN1M0VLL12_cm4 -DFSL_RTOS_BM -DSDK_OS_BAREMETAL -DSDK_DEBUGCONSOLE=0 -DCR_INTEGER_PRINTF -DPRINTF_FLOAT_ENABLE=0 -DSERIAL_PORT_TYPE_UART=1 -D__MCUXPRESSO -D__USE_CMSIS -DDEBUG -I"C:\Users\Guido\Desktop\PORONGA MICROS\sd_sdk_ktn_parte2\MK64FN1M0xxx12_Project\usb\host\class" -I"C:\Users\Guido\Desktop\PORONGA MICROS\sd_sdk_ktn_parte2\MK64FN1M0xxx12_Project\sdmmc\inc" -I"C:\Users\Guido\Desktop\PORONGA MICROS\sd_sdk_ktn_parte2\MK64FN1M0xxx12_Project\usb\host" -I"C:\Users\Guido\Desktop\PORONGA MICROS\sd_sdk_ktn_parte2\MK64FN1M0xxx12_Project\CMSIS" -I"C:\Users\Guido\Desktop\PORONGA MICROS\sd_sdk_ktn_parte2\MK64FN1M0xxx12_Project\drivers" -I"C:\Users\Guido\Desktop\PORONGA MICROS\sd_sdk_ktn_parte2\MK64FN1M0xxx12_Project\fatfs\source\fsl_ram_disk" -I"C:\Users\Guido\Desktop\PORONGA MICROS\sd_sdk_ktn_parte2\MK64FN1M0xxx12_Project\component\osa" -I"C:\Users\Guido\Desktop\PORONGA MICROS\sd_sdk_ktn_parte2\MK64FN1M0xxx12_Project\sdmmc\osa" -I"C:\Users\Guido\Desktop\PORONGA MICROS\sd_sdk_ktn_parte2\MK64FN1M0xxx12_Project\fatfs\source\fsl_sdspi_disk" -I"C:\Users\Guido\Desktop\PORONGA MICROS\sd_sdk_ktn_parte2\MK64FN1M0xxx12_Project\sdmmc\host" -I"C:\Users\Guido\Desktop\PORONGA MICROS\sd_sdk_ktn_parte2\MK64FN1M0xxx12_Project\component\uart" -I"C:\Users\Guido\Desktop\PORONGA MICROS\sd_sdk_ktn_parte2\MK64FN1M0xxx12_Project\component\serial_manager" -I"C:\Users\Guido\Desktop\PORONGA MICROS\sd_sdk_ktn_parte2\MK64FN1M0xxx12_Project\fatfs\source\fsl_usb_disk" -I"C:\Users\Guido\Desktop\PORONGA MICROS\sd_sdk_ktn_parte2\MK64FN1M0xxx12_Project\source\generated" -I"C:\Users\Guido\Desktop\PORONGA MICROS\sd_sdk_ktn_parte2\MK64FN1M0xxx12_Project\fatfs\source\fsl_mmc_disk" -I"C:\Users\Guido\Desktop\PORONGA MICROS\sd_sdk_ktn_parte2\MK64FN1M0xxx12_Project\usb\include" -I"C:\Users\Guido\Desktop\PORONGA MICROS\sd_sdk_ktn_parte2\MK64FN1M0xxx12_Project\device" -I"C:\Users\Guido\Desktop\PORONGA MICROS\sd_sdk_ktn_parte2\MK64FN1M0xxx12_Project\component\lists" -I"C:\Users\Guido\Desktop\PORONGA MICROS\sd_sdk_ktn_parte2\MK64FN1M0xxx12_Project\fatfs\source\fsl_sd_disk" -I"C:\Users\Guido\Desktop\PORONGA MICROS\sd_sdk_ktn_parte2\MK64FN1M0xxx12_Project\utilities" -I"C:\Users\Guido\Desktop\PORONGA MICROS\sd_sdk_ktn_parte2\MK64FN1M0xxx12_Project\fatfs\source" -I"C:\Users\Guido\Desktop\PORONGA MICROS\sd_sdk_ktn_parte2\MK64FN1M0xxx12_Project\source" -I"C:\Users\Guido\Desktop\PORONGA MICROS\sd_sdk_ktn_parte2\MK64FN1M0xxx12_Project\board" -I"C:\Users\Guido\Desktop\PORONGA MICROS\sd_sdk_ktn_parte2\MK64FN1M0xxx12_Project\source" -I"C:\Users\Guido\Desktop\PORONGA MICROS\sd_sdk_ktn_parte2\MK64FN1M0xxx12_Project" -I"C:\Users\Guido\Desktop\PORONGA MICROS\sd_sdk_ktn_parte2\MK64FN1M0xxx12_Project\drivers" -I"C:\Users\Guido\Desktop\PORONGA MICROS\sd_sdk_ktn_parte2\MK64FN1M0xxx12_Project\device" -I"C:\Users\Guido\Desktop\PORONGA MICROS\sd_sdk_ktn_parte2\MK64FN1M0xxx12_Project\CMSIS" -I"C:\Users\Guido\Desktop\PORONGA MICROS\sd_sdk_ktn_parte2\MK64FN1M0xxx12_Project\component\uart" -I"C:\Users\Guido\Desktop\PORONGA MICROS\sd_sdk_ktn_parte2\MK64FN1M0xxx12_Project\utilities" -I"C:\Users\Guido\Desktop\PORONGA MICROS\sd_sdk_ktn_parte2\MK64FN1M0xxx12_Project\component\serial_manager" -I"C:\Users\Guido\Desktop\PORONGA MICROS\sd_sdk_ktn_parte2\MK64FN1M0xxx12_Project\component\lists" -I"C:\Users\Guido\Desktop\PORONGA MICROS\sd_sdk_ktn_parte2\MK64FN1M0xxx12_Project\fatfs\source" -I"C:\Users\Guido\Desktop\PORONGA MICROS\sd_sdk_ktn_parte2\MK64FN1M0xxx12_Project\fatfs\source\fsl_ram_disk" -I"C:\Users\Guido\Desktop\PORONGA MICROS\sd_sdk_ktn_parte2\MK64FN1M0xxx12_Project\fatfs\source\fsl_mmc_disk" -I"C:\Users\Guido\Desktop\PORONGA MICROS\sd_sdk_ktn_parte2\MK64FN1M0xxx12_Project\sdmmc\inc" -I"C:\Users\Guido\Desktop\PORONGA MICROS\sd_sdk_ktn_parte2\MK64FN1M0xxx12_Project\sdmmc\host" -I"C:\Users\Guido\Desktop\PORONGA MICROS\sd_sdk_ktn_parte2\MK64FN1M0xxx12_Project\fatfs\source\fsl_sd_disk" -I"C:\Users\Guido\Desktop\PORONGA MICROS\sd_sdk_ktn_parte2\MK64FN1M0xxx12_Project\fatfs\source\fsl_sdspi_disk" -I"C:\Users\Guido\Desktop\PORONGA MICROS\sd_sdk_ktn_parte2\MK64FN1M0xxx12_Project\fatfs\source\fsl_usb_disk" -I"C:\Users\Guido\Desktop\PORONGA MICROS\sd_sdk_ktn_parte2\MK64FN1M0xxx12_Project\usb\host\class" -I"C:\Users\Guido\Desktop\PORONGA MICROS\sd_sdk_ktn_parte2\MK64FN1M0xxx12_Project\usb\host" -I"C:\Users\Guido\Desktop\PORONGA MICROS\sd_sdk_ktn_parte2\MK64FN1M0xxx12_Project\component\osa" -I"C:\Users\Guido\Desktop\PORONGA MICROS\sd_sdk_ktn_parte2\MK64FN1M0xxx12_Project\source\generated" -I"C:\Users\Guido\Desktop\PORONGA MICROS\sd_sdk_ktn_parte2\MK64FN1M0xxx12_Project\usb\include" -I"C:\Users\Guido\Desktop\PORONGA MICROS\sd_sdk_ktn_parte2\MK64FN1M0xxx12_Project\sdmmc\osa" -O0 -fno-common -g3 -Wall -c -ffunction-sections -fdata-sections -ffreestanding -fno-builtin -fmerge-constants -fmacro-prefix-map="../source/"=. -mcpu=cortex-m4 -mfpu=fpv4-sp-d16 -mfloat-abi=hard -mthumb -D__REDLIB__ -fstack-usage -specs=redlib.specs -MMD -MP -MF"source/MK64FN1M0xxx12_Project.d" -MT"source/MK64FN1M0xxx12_Project.o" -MT"source/MK64FN1M0xxx12_Project.d" -o "source/MK64FN1M0xxx12_Project.o" "../source/MK64FN1M0xxx12_Project.c"
Finished building: ../source/MK64FN1M0xxx12_Project.c
 
Building target: MK64FN1M0xxx12_Project.axf
Invoking: MCU Linker
arm-none-eabi-gcc -nostdlib -Xlinker -Map="MK64FN1M0xxx12_Project.map" -Xlinker --gc-sections -Xlinker -print-memory-usage -Xlinker --sort-section=alignment -Xlinker --cref -mcpu=cortex-m4 -mfpu=fpv4-sp-d16 -mfloat-abi=hard -mthumb -T MK64FN1M0xxx12_Project_Debug.ld -o "MK64FN1M0xxx12_Project.axf"  ./utilities/fsl_debug_console.o ./utilities/fsl_str.o  ./usb/host/class/usb_host_hub.o ./usb/host/class/usb_host_hub_app.o ./usb/host/class/usb_host_msd.o ./usb/host/class/usb_host_msd_ufi.o  ./usb/host/usb_host_devices.o ./usb/host/usb_host_framework.o ./usb/host/usb_host_hci.o ./usb/host/usb_host_khci.o  ./startup/startup_mk64f12.o  ./source/MK64FN1M0xxx12_Project.o ./source/semihost_hardfault.o  ./sdmmc/src/fsl_mmc.o ./sdmmc/src/fsl_sd.o ./sdmmc/src/fsl_sdmmc_common.o ./sdmmc/src/fsl_sdspi.o  ./sdmmc/osa/fsl_sdmmc_osa.o  ./sdmmc/host/fsl_sdmmc_host.o  ./fatfs/source/fsl_usb_disk/fsl_usb_disk_bm.o  ./fatfs/source/fsl_sdspi_disk/fsl_sdspi_disk.o  ./fatfs/source/fsl_sd_disk/fsl_sd_disk.o  ./fatfs/source/fsl_ram_disk/fsl_ram_disk.o  ./fatfs/source/fsl_mmc_disk/fsl_mmc_disk.o  ./fatfs/source/diskio.o ./fatfs/source/ff.o ./fatfs/source/ffsystem.o ./fatfs/source/ffunicode.o  ./drivers/fsl_adc16.o ./drivers/fsl_clock.o ./drivers/fsl_common.o ./drivers/fsl_dspi.o ./drivers/fsl_gpio.o ./drivers/fsl_i2c.o ./drivers/fsl_sdhc.o ./drivers/fsl_smc.o ./drivers/fsl_sysmpu.o ./drivers/fsl_uart.o  ./device/system_MK64F12.o  ./component/uart/uart_adapter.o  ./component/serial_manager/serial_manager.o ./component/serial_manager/serial_port_uart.o  ./component/osa/fsl_os_abstraction_bm.o  ./component/lists/generic_list.o  ./board/board.o ./board/clock_config.o ./board/peripherals.o ./board/pin_mux.o ./board/sdmmc_config.o   
Memory region         Used Size  Region Size  %age Used
   PROGRAM_FLASH:       19840 B         1 MB      1.89%
      SRAM_UPPER:        9416 B       192 KB      4.79%
      SRAM_LOWER:          0 GB        64 KB      0.00%
        FLEX_RAM:          0 GB         4 KB      0.00%
Finished building target: MK64FN1M0xxx12_Project.axf
 
make --no-print-directory post-build
Performing post-build steps
arm-none-eabi-size "MK64FN1M0xxx12_Project.axf"; # arm-none-eabi-objcopy -v -O binary "MK64FN1M0xxx12_Project.axf" "MK64FN1M0xxx12_Project.bin" ; # checksum -p MK64FN1M0xxx12 -d "MK64FN1M0xxx12_Project.bin";
   text	   data	    bss	    dec	    hex	filename
  19824	     16	   9400	  29240	   7238	MK64FN1M0xxx12_Project.axf
 
21:00:23 **** Incremental Build of configuration Debug for project MK64FN1M0xxx12_Project ****
make -r -j4 all 
make: Nothing to be done for 'all'.
21:05:06 **** Incremental Build of configuration Debug for project MK64FN1M0xxx12_Project ****
make -r -j4 all 
Building file: ../source/MK64FN1M0xxx12_Project.c
Invoking: MCU C Compiler
arm-none-eabi-gcc -D__REDLIB__ -DCPU_MK64FN1M0VLL12 -DCPU_MK64FN1M0VLL12_cm4 -DFSL_RTOS_BM -DSDK_OS_BAREMETAL -DSDK_DEBUGCONSOLE=0 -DCR_INTEGER_PRINTF -DPRINTF_FLOAT_ENABLE=0 -DSERIAL_PORT_TYPE_UART=1 -D__MCUXPRESSO -D__USE_CMSIS -DDEBUG -I"C:\Users\Guido\Desktop\PORONGA MICROS\sd_sdk_ktn_parte2\MK64FN1M0xxx12_Project\usb\host\class" -I"C:\Users\Guido\Desktop\PORONGA MICROS\sd_sdk_ktn_parte2\MK64FN1M0xxx12_Project\sdmmc\inc" -I"C:\Users\Guido\Desktop\PORONGA MICROS\sd_sdk_ktn_parte2\MK64FN1M0xxx12_Project\usb\host" -I"C:\Users\Guido\Desktop\PORONGA MICROS\sd_sdk_ktn_parte2\MK64FN1M0xxx12_Project\CMSIS" -I"C:\Users\Guido\Desktop\PORONGA MICROS\sd_sdk_ktn_parte2\MK64FN1M0xxx12_Project\drivers" -I"C:\Users\Guido\Desktop\PORONGA MICROS\sd_sdk_ktn_parte2\MK64FN1M0xxx12_Project\fatfs\source\fsl_ram_disk" -I"C:\Users\Guido\Desktop\PORONGA MICROS\sd_sdk_ktn_parte2\MK64FN1M0xxx12_Project\component\osa" -I"C:\Users\Guido\Desktop\PORONGA MICROS\sd_sdk_ktn_parte2\MK64FN1M0xxx12_Project\sdmmc\osa" -I"C:\Users\Guido\Desktop\PORONGA MICROS\sd_sdk_ktn_parte2\MK64FN1M0xxx12_Project\fatfs\source\fsl_sdspi_disk" -I"C:\Users\Guido\Desktop\PORONGA MICROS\sd_sdk_ktn_parte2\MK64FN1M0xxx12_Project\sdmmc\host" -I"C:\Users\Guido\Desktop\PORONGA MICROS\sd_sdk_ktn_parte2\MK64FN1M0xxx12_Project\component\uart" -I"C:\Users\Guido\Desktop\PORONGA MICROS\sd_sdk_ktn_parte2\MK64FN1M0xxx12_Project\component\serial_manager" -I"C:\Users\Guido\Desktop\PORONGA MICROS\sd_sdk_ktn_parte2\MK64FN1M0xxx12_Project\fatfs\source\fsl_usb_disk" -I"C:\Users\Guido\Desktop\PORONGA MICROS\sd_sdk_ktn_parte2\MK64FN1M0xxx12_Project\source\generated" -I"C:\Users\Guido\Desktop\PORONGA MICROS\sd_sdk_ktn_parte2\MK64FN1M0xxx12_Project\fatfs\source\fsl_mmc_disk" -I"C:\Users\Guido\Desktop\PORONGA MICROS\sd_sdk_ktn_parte2\MK64FN1M0xxx12_Project\usb\include" -I"C:\Users\Guido\Desktop\PORONGA MICROS\sd_sdk_ktn_parte2\MK64FN1M0xxx12_Project\device" -I"C:\Users\Guido\Desktop\PORONGA MICROS\sd_sdk_ktn_parte2\MK64FN1M0xxx12_Project\component\lists" -I"C:\Users\Guido\Desktop\PORONGA MICROS\sd_sdk_ktn_parte2\MK64FN1M0xxx12_Project\fatfs\source\fsl_sd_disk" -I"C:\Users\Guido\Desktop\PORONGA MICROS\sd_sdk_ktn_parte2\MK64FN1M0xxx12_Project\utilities" -I"C:\Users\Guido\Desktop\PORONGA MICROS\sd_sdk_ktn_parte2\MK64FN1M0xxx12_Project\fatfs\source" -I"C:\Users\Guido\Desktop\PORONGA MICROS\sd_sdk_ktn_parte2\MK64FN1M0xxx12_Project\source" -I"C:\Users\Guido\Desktop\PORONGA MICROS\sd_sdk_ktn_parte2\MK64FN1M0xxx12_Project\board" -I"C:\Users\Guido\Desktop\PORONGA MICROS\sd_sdk_ktn_parte2\MK64FN1M0xxx12_Project\source" -I"C:\Users\Guido\Desktop\PORONGA MICROS\sd_sdk_ktn_parte2\MK64FN1M0xxx12_Project" -I"C:\Users\Guido\Desktop\PORONGA MICROS\sd_sdk_ktn_parte2\MK64FN1M0xxx12_Project\drivers" -I"C:\Users\Guido\Desktop\PORONGA MICROS\sd_sdk_ktn_parte2\MK64FN1M0xxx12_Project\device" -I"C:\Users\Guido\Desktop\PORONGA MICROS\sd_sdk_ktn_parte2\MK64FN1M0xxx12_Project\CMSIS" -I"C:\Users\Guido\Desktop\PORONGA MICROS\sd_sdk_ktn_parte2\MK64FN1M0xxx12_Project\component\uart" -I"C:\Users\Guido\Desktop\PORONGA MICROS\sd_sdk_ktn_parte2\MK64FN1M0xxx12_Project\utilities" -I"C:\Users\Guido\Desktop\PORONGA MICROS\sd_sdk_ktn_parte2\MK64FN1M0xxx12_Project\component\serial_manager" -I"C:\Users\Guido\Desktop\PORONGA MICROS\sd_sdk_ktn_parte2\MK64FN1M0xxx12_Project\component\lists" -I"C:\Users\Guido\Desktop\PORONGA MICROS\sd_sdk_ktn_parte2\MK64FN1M0xxx12_Project\fatfs\source" -I"C:\Users\Guido\Desktop\PORONGA MICROS\sd_sdk_ktn_parte2\MK64FN1M0xxx12_Project\fatfs\source\fsl_ram_disk" -I"C:\Users\Guido\Desktop\PORONGA MICROS\sd_sdk_ktn_parte2\MK64FN1M0xxx12_Project\fatfs\source\fsl_mmc_disk" -I"C:\Users\Guido\Desktop\PORONGA MICROS\sd_sdk_ktn_parte2\MK64FN1M0xxx12_Project\sdmmc\inc" -I"C:\Users\Guido\Desktop\PORONGA MICROS\sd_sdk_ktn_parte2\MK64FN1M0xxx12_Project\sdmmc\host" -I"C:\Users\Guido\Desktop\PORONGA MICROS\sd_sdk_ktn_parte2\MK64FN1M0xxx12_Project\fatfs\source\fsl_sd_disk" -I"C:\Users\Guido\Desktop\PORONGA MICROS\sd_sdk_ktn_parte2\MK64FN1M0xxx12_Project\fatfs\source\fsl_sdspi_disk" -I"C:\Users\Guido\Desktop\PORONGA MICROS\sd_sdk_ktn_parte2\MK64FN1M0xxx12_Project\fatfs\source\fsl_usb_disk" -I"C:\Users\Guido\Desktop\PORONGA MICROS\sd_sdk_ktn_parte2\MK64FN1M0xxx12_Project\usb\host\class" -I"C:\Users\Guido\Desktop\PORONGA MICROS\sd_sdk_ktn_parte2\MK64FN1M0xxx12_Project\usb\host" -I"C:\Users\Guido\Desktop\PORONGA MICROS\sd_sdk_ktn_parte2\MK64FN1M0xxx12_Project\component\osa" -I"C:\Users\Guido\Desktop\PORONGA MICROS\sd_sdk_ktn_parte2\MK64FN1M0xxx12_Project\source\generated" -I"C:\Users\Guido\Desktop\PORONGA MICROS\sd_sdk_ktn_parte2\MK64FN1M0xxx12_Project\usb\include" -I"C:\Users\Guido\Desktop\PORONGA MICROS\sd_sdk_ktn_parte2\MK64FN1M0xxx12_Project\sdmmc\osa" -O0 -fno-common -g3 -Wall -c -ffunction-sections -fdata-sections -ffreestanding -fno-builtin -fmerge-constants -fmacro-prefix-map="../source/"=. -mcpu=cortex-m4 -mfpu=fpv4-sp-d16 -mfloat-abi=hard -mthumb -D__REDLIB__ -fstack-usage -specs=redlib.specs -MMD -MP -MF"source/MK64FN1M0xxx12_Project.d" -MT"source/MK64FN1M0xxx12_Project.o" -MT"source/MK64FN1M0xxx12_Project.d" -o "source/MK64FN1M0xxx12_Project.o" "../source/MK64FN1M0xxx12_Project.c"
Finished building: ../source/MK64FN1M0xxx12_Project.c
 
Building target: MK64FN1M0xxx12_Project.axf
Invoking: MCU Linker
arm-none-eabi-gcc -nostdlib -Xlinker -Map="MK64FN1M0xxx12_Project.map" -Xlinker --gc-sections -Xlinker -print-memory-usage -Xlinker --sort-section=alignment -Xlinker --cref -mcpu=cortex-m4 -mfpu=fpv4-sp-d16 -mfloat-abi=hard -mthumb -T MK64FN1M0xxx12_Project_Debug.ld -o "MK64FN1M0xxx12_Project.axf"  ./utilities/fsl_debug_console.o ./utilities/fsl_str.o  ./usb/host/class/usb_host_hub.o ./usb/host/class/usb_host_hub_app.o ./usb/host/class/usb_host_msd.o ./usb/host/class/usb_host_msd_ufi.o  ./usb/host/usb_host_devices.o ./usb/host/usb_host_framework.o ./usb/host/usb_host_hci.o ./usb/host/usb_host_khci.o  ./startup/startup_mk64f12.o  ./source/MK64FN1M0xxx12_Project.o ./source/semihost_hardfault.o  ./sdmmc/src/fsl_mmc.o ./sdmmc/src/fsl_sd.o ./sdmmc/src/fsl_sdmmc_common.o ./sdmmc/src/fsl_sdspi.o  ./sdmmc/osa/fsl_sdmmc_osa.o  ./sdmmc/host/fsl_sdmmc_host.o  ./fatfs/source/fsl_usb_disk/fsl_usb_disk_bm.o  ./fatfs/source/fsl_sdspi_disk/fsl_sdspi_disk.o  ./fatfs/source/fsl_sd_disk/fsl_sd_disk.o  ./fatfs/source/fsl_ram_disk/fsl_ram_disk.o  ./fatfs/source/fsl_mmc_disk/fsl_mmc_disk.o  ./fatfs/source/diskio.o ./fatfs/source/ff.o ./fatfs/source/ffsystem.o ./fatfs/source/ffunicode.o  ./drivers/fsl_adc16.o ./drivers/fsl_clock.o ./drivers/fsl_common.o ./drivers/fsl_dspi.o ./drivers/fsl_gpio.o ./drivers/fsl_i2c.o ./drivers/fsl_sdhc.o ./drivers/fsl_smc.o ./drivers/fsl_sysmpu.o ./drivers/fsl_uart.o  ./device/system_MK64F12.o  ./component/uart/uart_adapter.o  ./component/serial_manager/serial_manager.o ./component/serial_manager/serial_port_uart.o  ./component/osa/fsl_os_abstraction_bm.o  ./component/lists/generic_list.o  ./board/board.o ./board/clock_config.o ./board/peripherals.o ./board/pin_mux.o ./board/sdmmc_config.o   
Memory region         Used Size  Region Size  %age Used
   PROGRAM_FLASH:       19872 B         1 MB      1.90%
      SRAM_UPPER:        9416 B       192 KB      4.79%
      SRAM_LOWER:          0 GB        64 KB      0.00%
        FLEX_RAM:          0 GB         4 KB      0.00%
Finished building target: MK64FN1M0xxx12_Project.axf
 
make --no-print-directory post-build
Performing post-build steps
arm-none-eabi-size "MK64FN1M0xxx12_Project.axf"; # arm-none-eabi-objcopy -v -O binary "MK64FN1M0xxx12_Project.axf" "MK64FN1M0xxx12_Project.bin" ; # checksum -p MK64FN1M0xxx12 -d "MK64FN1M0xxx12_Project.bin";
   text	   data	    bss	    dec	    hex	filename
  19856	     16	   9400	  29272	   7258	MK64FN1M0xxx12_Project.axf
 
21:06:21 **** Incremental Build of configuration Debug for project MK64FN1M0xxx12_Project ****
make -r -j4 all 
Building file: ../source/MK64FN1M0xxx12_Project.c
Invoking: MCU C Compiler
arm-none-eabi-gcc -D__REDLIB__ -DCPU_MK64FN1M0VLL12 -DCPU_MK64FN1M0VLL12_cm4 -DFSL_RTOS_BM -DSDK_OS_BAREMETAL -DSDK_DEBUGCONSOLE=0 -DCR_INTEGER_PRINTF -DPRINTF_FLOAT_ENABLE=0 -DSERIAL_PORT_TYPE_UART=1 -D__MCUXPRESSO -D__USE_CMSIS -DDEBUG -I"C:\Users\Guido\Desktop\PORONGA MICROS\sd_sdk_ktn_parte2\MK64FN1M0xxx12_Project\usb\host\class" -I"C:\Users\Guido\Desktop\PORONGA MICROS\sd_sdk_ktn_parte2\MK64FN1M0xxx12_Project\sdmmc\inc" -I"C:\Users\Guido\Desktop\PORONGA MICROS\sd_sdk_ktn_parte2\MK64FN1M0xxx12_Project\usb\host" -I"C:\Users\Guido\Desktop\PORONGA MICROS\sd_sdk_ktn_parte2\MK64FN1M0xxx12_Project\CMSIS" -I"C:\Users\Guido\Desktop\PORONGA MICROS\sd_sdk_ktn_parte2\MK64FN1M0xxx12_Project\drivers" -I"C:\Users\Guido\Desktop\PORONGA MICROS\sd_sdk_ktn_parte2\MK64FN1M0xxx12_Project\fatfs\source\fsl_ram_disk" -I"C:\Users\Guido\Desktop\PORONGA MICROS\sd_sdk_ktn_parte2\MK64FN1M0xxx12_Project\component\osa" -I"C:\Users\Guido\Desktop\PORONGA MICROS\sd_sdk_ktn_parte2\MK64FN1M0xxx12_Project\sdmmc\osa" -I"C:\Users\Guido\Desktop\PORONGA MICROS\sd_sdk_ktn_parte2\MK64FN1M0xxx12_Project\fatfs\source\fsl_sdspi_disk" -I"C:\Users\Guido\Desktop\PORONGA MICROS\sd_sdk_ktn_parte2\MK64FN1M0xxx12_Project\sdmmc\host" -I"C:\Users\Guido\Desktop\PORONGA MICROS\sd_sdk_ktn_parte2\MK64FN1M0xxx12_Project\component\uart" -I"C:\Users\Guido\Desktop\PORONGA MICROS\sd_sdk_ktn_parte2\MK64FN1M0xxx12_Project\component\serial_manager" -I"C:\Users\Guido\Desktop\PORONGA MICROS\sd_sdk_ktn_parte2\MK64FN1M0xxx12_Project\fatfs\source\fsl_usb_disk" -I"C:\Users\Guido\Desktop\PORONGA MICROS\sd_sdk_ktn_parte2\MK64FN1M0xxx12_Project\source\generated" -I"C:\Users\Guido\Desktop\PORONGA MICROS\sd_sdk_ktn_parte2\MK64FN1M0xxx12_Project\fatfs\source\fsl_mmc_disk" -I"C:\Users\Guido\Desktop\PORONGA MICROS\sd_sdk_ktn_parte2\MK64FN1M0xxx12_Project\usb\include" -I"C:\Users\Guido\Desktop\PORONGA MICROS\sd_sdk_ktn_parte2\MK64FN1M0xxx12_Project\device" -I"C:\Users\Guido\Desktop\PORONGA MICROS\sd_sdk_ktn_parte2\MK64FN1M0xxx12_Project\component\lists" -I"C:\Users\Guido\Desktop\PORONGA MICROS\sd_sdk_ktn_parte2\MK64FN1M0xxx12_Project\fatfs\source\fsl_sd_disk" -I"C:\Users\Guido\Desktop\PORONGA MICROS\sd_sdk_ktn_parte2\MK64FN1M0xxx12_Project\utilities" -I"C:\Users\Guido\Desktop\PORONGA MICROS\sd_sdk_ktn_parte2\MK64FN1M0xxx12_Project\fatfs\source" -I"C:\Users\Guido\Desktop\PORONGA MICROS\sd_sdk_ktn_parte2\MK64FN1M0xxx12_Project\source" -I"C:\Users\Guido\Desktop\PORONGA MICROS\sd_sdk_ktn_parte2\MK64FN1M0xxx12_Project\board" -I"C:\Users\Guido\Desktop\PORONGA MICROS\sd_sdk_ktn_parte2\MK64FN1M0xxx12_Project\source" -I"C:\Users\Guido\Desktop\PORONGA MICROS\sd_sdk_ktn_parte2\MK64FN1M0xxx12_Project" -I"C:\Users\Guido\Desktop\PORONGA MICROS\sd_sdk_ktn_parte2\MK64FN1M0xxx12_Project\drivers" -I"C:\Users\Guido\Desktop\PORONGA MICROS\sd_sdk_ktn_parte2\MK64FN1M0xxx12_Project\device" -I"C:\Users\Guido\Desktop\PORONGA MICROS\sd_sdk_ktn_parte2\MK64FN1M0xxx12_Project\CMSIS" -I"C:\Users\Guido\Desktop\PORONGA MICROS\sd_sdk_ktn_parte2\MK64FN1M0xxx12_Project\component\uart" -I"C:\Users\Guido\Desktop\PORONGA MICROS\sd_sdk_ktn_parte2\MK64FN1M0xxx12_Project\utilities" -I"C:\Users\Guido\Desktop\PORONGA MICROS\sd_sdk_ktn_parte2\MK64FN1M0xxx12_Project\component\serial_manager" -I"C:\Users\Guido\Desktop\PORONGA MICROS\sd_sdk_ktn_parte2\MK64FN1M0xxx12_Project\component\lists" -I"C:\Users\Guido\Desktop\PORONGA MICROS\sd_sdk_ktn_parte2\MK64FN1M0xxx12_Project\fatfs\source" -I"C:\Users\Guido\Desktop\PORONGA MICROS\sd_sdk_ktn_parte2\MK64FN1M0xxx12_Project\fatfs\source\fsl_ram_disk" -I"C:\Users\Guido\Desktop\PORONGA MICROS\sd_sdk_ktn_parte2\MK64FN1M0xxx12_Project\fatfs\source\fsl_mmc_disk" -I"C:\Users\Guido\Desktop\PORONGA MICROS\sd_sdk_ktn_parte2\MK64FN1M0xxx12_Project\sdmmc\inc" -I"C:\Users\Guido\Desktop\PORONGA MICROS\sd_sdk_ktn_parte2\MK64FN1M0xxx12_Project\sdmmc\host" -I"C:\Users\Guido\Desktop\PORONGA MICROS\sd_sdk_ktn_parte2\MK64FN1M0xxx12_Project\fatfs\source\fsl_sd_disk" -I"C:\Users\Guido\Desktop\PORONGA MICROS\sd_sdk_ktn_parte2\MK64FN1M0xxx12_Project\fatfs\source\fsl_sdspi_disk" -I"C:\Users\Guido\Desktop\PORONGA MICROS\sd_sdk_ktn_parte2\MK64FN1M0xxx12_Project\fatfs\source\fsl_usb_disk" -I"C:\Users\Guido\Desktop\PORONGA MICROS\sd_sdk_ktn_parte2\MK64FN1M0xxx12_Project\usb\host\class" -I"C:\Users\Guido\Desktop\PORONGA MICROS\sd_sdk_ktn_parte2\MK64FN1M0xxx12_Project\usb\host" -I"C:\Users\Guido\Desktop\PORONGA MICROS\sd_sdk_ktn_parte2\MK64FN1M0xxx12_Project\component\osa" -I"C:\Users\Guido\Desktop\PORONGA MICROS\sd_sdk_ktn_parte2\MK64FN1M0xxx12_Project\source\generated" -I"C:\Users\Guido\Desktop\PORONGA MICROS\sd_sdk_ktn_parte2\MK64FN1M0xxx12_Project\usb\include" -I"C:\Users\Guido\Desktop\PORONGA MICROS\sd_sdk_ktn_parte2\MK64FN1M0xxx12_Project\sdmmc\osa" -O0 -fno-common -g3 -Wall -c -ffunction-sections -fdata-sections -ffreestanding -fno-builtin -fmerge-constants -fmacro-prefix-map="../source/"=. -mcpu=cortex-m4 -mfpu=fpv4-sp-d16 -mfloat-abi=hard -mthumb -D__REDLIB__ -fstack-usage -specs=redlib.specs -MMD -MP -MF"source/MK64FN1M0xxx12_Project.d" -MT"source/MK64FN1M0xxx12_Project.o" -MT"source/MK64FN1M0xxx12_Project.d" -o "source/MK64FN1M0xxx12_Project.o" "../source/MK64FN1M0xxx12_Project.c"
../source/MK64FN1M0xxx12_Project.c: In function 'sdcardWaitCardInsert':
../source/MK64FN1M0xxx12_Project.c:112:22: error: expected expression before '=' token
  112 |    is_inserted=false;=false;
      |                      ^
make: *** [source/subdir.mk:23: source/MK64FN1M0xxx12_Project.o] Error 1
"make -r -j4 all" terminated with exit code 2. Build might be incomplete.
21:06:36 **** Incremental Build of configuration Debug for project MK64FN1M0xxx12_Project ****
make -r -j4 all 
Building file: ../source/MK64FN1M0xxx12_Project.c
Invoking: MCU C Compiler
arm-none-eabi-gcc -D__REDLIB__ -DCPU_MK64FN1M0VLL12 -DCPU_MK64FN1M0VLL12_cm4 -DFSL_RTOS_BM -DSDK_OS_BAREMETAL -DSDK_DEBUGCONSOLE=0 -DCR_INTEGER_PRINTF -DPRINTF_FLOAT_ENABLE=0 -DSERIAL_PORT_TYPE_UART=1 -D__MCUXPRESSO -D__USE_CMSIS -DDEBUG -I"C:\Users\Guido\Desktop\PORONGA MICROS\sd_sdk_ktn_parte2\MK64FN1M0xxx12_Project\usb\host\class" -I"C:\Users\Guido\Desktop\PORONGA MICROS\sd_sdk_ktn_parte2\MK64FN1M0xxx12_Project\sdmmc\inc" -I"C:\Users\Guido\Desktop\PORONGA MICROS\sd_sdk_ktn_parte2\MK64FN1M0xxx12_Project\usb\host" -I"C:\Users\Guido\Desktop\PORONGA MICROS\sd_sdk_ktn_parte2\MK64FN1M0xxx12_Project\CMSIS" -I"C:\Users\Guido\Desktop\PORONGA MICROS\sd_sdk_ktn_parte2\MK64FN1M0xxx12_Project\drivers" -I"C:\Users\Guido\Desktop\PORONGA MICROS\sd_sdk_ktn_parte2\MK64FN1M0xxx12_Project\fatfs\source\fsl_ram_disk" -I"C:\Users\Guido\Desktop\PORONGA MICROS\sd_sdk_ktn_parte2\MK64FN1M0xxx12_Project\component\osa" -I"C:\Users\Guido\Desktop\PORONGA MICROS\sd_sdk_ktn_parte2\MK64FN1M0xxx12_Project\sdmmc\osa" -I"C:\Users\Guido\Desktop\PORONGA MICROS\sd_sdk_ktn_parte2\MK64FN1M0xxx12_Project\fatfs\source\fsl_sdspi_disk" -I"C:\Users\Guido\Desktop\PORONGA MICROS\sd_sdk_ktn_parte2\MK64FN1M0xxx12_Project\sdmmc\host" -I"C:\Users\Guido\Desktop\PORONGA MICROS\sd_sdk_ktn_parte2\MK64FN1M0xxx12_Project\component\uart" -I"C:\Users\Guido\Desktop\PORONGA MICROS\sd_sdk_ktn_parte2\MK64FN1M0xxx12_Project\component\serial_manager" -I"C:\Users\Guido\Desktop\PORONGA MICROS\sd_sdk_ktn_parte2\MK64FN1M0xxx12_Project\fatfs\source\fsl_usb_disk" -I"C:\Users\Guido\Desktop\PORONGA MICROS\sd_sdk_ktn_parte2\MK64FN1M0xxx12_Project\source\generated" -I"C:\Users\Guido\Desktop\PORONGA MICROS\sd_sdk_ktn_parte2\MK64FN1M0xxx12_Project\fatfs\source\fsl_mmc_disk" -I"C:\Users\Guido\Desktop\PORONGA MICROS\sd_sdk_ktn_parte2\MK64FN1M0xxx12_Project\usb\include" -I"C:\Users\Guido\Desktop\PORONGA MICROS\sd_sdk_ktn_parte2\MK64FN1M0xxx12_Project\device" -I"C:\Users\Guido\Desktop\PORONGA MICROS\sd_sdk_ktn_parte2\MK64FN1M0xxx12_Project\component\lists" -I"C:\Users\Guido\Desktop\PORONGA MICROS\sd_sdk_ktn_parte2\MK64FN1M0xxx12_Project\fatfs\source\fsl_sd_disk" -I"C:\Users\Guido\Desktop\PORONGA MICROS\sd_sdk_ktn_parte2\MK64FN1M0xxx12_Project\utilities" -I"C:\Users\Guido\Desktop\PORONGA MICROS\sd_sdk_ktn_parte2\MK64FN1M0xxx12_Project\fatfs\source" -I"C:\Users\Guido\Desktop\PORONGA MICROS\sd_sdk_ktn_parte2\MK64FN1M0xxx12_Project\source" -I"C:\Users\Guido\Desktop\PORONGA MICROS\sd_sdk_ktn_parte2\MK64FN1M0xxx12_Project\board" -I"C:\Users\Guido\Desktop\PORONGA MICROS\sd_sdk_ktn_parte2\MK64FN1M0xxx12_Project\source" -I"C:\Users\Guido\Desktop\PORONGA MICROS\sd_sdk_ktn_parte2\MK64FN1M0xxx12_Project" -I"C:\Users\Guido\Desktop\PORONGA MICROS\sd_sdk_ktn_parte2\MK64FN1M0xxx12_Project\drivers" -I"C:\Users\Guido\Desktop\PORONGA MICROS\sd_sdk_ktn_parte2\MK64FN1M0xxx12_Project\device" -I"C:\Users\Guido\Desktop\PORONGA MICROS\sd_sdk_ktn_parte2\MK64FN1M0xxx12_Project\CMSIS" -I"C:\Users\Guido\Desktop\PORONGA MICROS\sd_sdk_ktn_parte2\MK64FN1M0xxx12_Project\component\uart" -I"C:\Users\Guido\Desktop\PORONGA MICROS\sd_sdk_ktn_parte2\MK64FN1M0xxx12_Project\utilities" -I"C:\Users\Guido\Desktop\PORONGA MICROS\sd_sdk_ktn_parte2\MK64FN1M0xxx12_Project\component\serial_manager" -I"C:\Users\Guido\Desktop\PORONGA MICROS\sd_sdk_ktn_parte2\MK64FN1M0xxx12_Project\component\lists" -I"C:\Users\Guido\Desktop\PORONGA MICROS\sd_sdk_ktn_parte2\MK64FN1M0xxx12_Project\fatfs\source" -I"C:\Users\Guido\Desktop\PORONGA MICROS\sd_sdk_ktn_parte2\MK64FN1M0xxx12_Project\fatfs\source\fsl_ram_disk" -I"C:\Users\Guido\Desktop\PORONGA MICROS\sd_sdk_ktn_parte2\MK64FN1M0xxx12_Project\fatfs\source\fsl_mmc_disk" -I"C:\Users\Guido\Desktop\PORONGA MICROS\sd_sdk_ktn_parte2\MK64FN1M0xxx12_Project\sdmmc\inc" -I"C:\Users\Guido\Desktop\PORONGA MICROS\sd_sdk_ktn_parte2\MK64FN1M0xxx12_Project\sdmmc\host" -I"C:\Users\Guido\Desktop\PORONGA MICROS\sd_sdk_ktn_parte2\MK64FN1M0xxx12_Project\fatfs\source\fsl_sd_disk" -I"C:\Users\Guido\Desktop\PORONGA MICROS\sd_sdk_ktn_parte2\MK64FN1M0xxx12_Project\fatfs\source\fsl_sdspi_disk" -I"C:\Users\Guido\Desktop\PORONGA MICROS\sd_sdk_ktn_parte2\MK64FN1M0xxx12_Project\fatfs\source\fsl_usb_disk" -I"C:\Users\Guido\Desktop\PORONGA MICROS\sd_sdk_ktn_parte2\MK64FN1M0xxx12_Project\usb\host\class" -I"C:\Users\Guido\Desktop\PORONGA MICROS\sd_sdk_ktn_parte2\MK64FN1M0xxx12_Project\usb\host" -I"C:\Users\Guido\Desktop\PORONGA MICROS\sd_sdk_ktn_parte2\MK64FN1M0xxx12_Project\component\osa" -I"C:\Users\Guido\Desktop\PORONGA MICROS\sd_sdk_ktn_parte2\MK64FN1M0xxx12_Project\source\generated" -I"C:\Users\Guido\Desktop\PORONGA MICROS\sd_sdk_ktn_parte2\MK64FN1M0xxx12_Project\usb\include" -I"C:\Users\Guido\Desktop\PORONGA MICROS\sd_sdk_ktn_parte2\MK64FN1M0xxx12_Project\sdmmc\osa" -O0 -fno-common -g3 -Wall -c -ffunction-sections -fdata-sections -ffreestanding -fno-builtin -fmerge-constants -fmacro-prefix-map="../source/"=. -mcpu=cortex-m4 -mfpu=fpv4-sp-d16 -mfloat-abi=hard -mthumb -D__REDLIB__ -fstack-usage -specs=redlib.specs -MMD -MP -MF"source/MK64FN1M0xxx12_Project.d" -MT"source/MK64FN1M0xxx12_Project.o" -MT"source/MK64FN1M0xxx12_Project.d" -o "source/MK64FN1M0xxx12_Project.o" "../source/MK64FN1M0xxx12_Project.c"
Finished building: ../source/MK64FN1M0xxx12_Project.c
 
Building target: MK64FN1M0xxx12_Project.axf
Invoking: MCU Linker
arm-none-eabi-gcc -nostdlib -Xlinker -Map="MK64FN1M0xxx12_Project.map" -Xlinker --gc-sections -Xlinker -print-memory-usage -Xlinker --sort-section=alignment -Xlinker --cref -mcpu=cortex-m4 -mfpu=fpv4-sp-d16 -mfloat-abi=hard -mthumb -T MK64FN1M0xxx12_Project_Debug.ld -o "MK64FN1M0xxx12_Project.axf"  ./utilities/fsl_debug_console.o ./utilities/fsl_str.o  ./usb/host/class/usb_host_hub.o ./usb/host/class/usb_host_hub_app.o ./usb/host/class/usb_host_msd.o ./usb/host/class/usb_host_msd_ufi.o  ./usb/host/usb_host_devices.o ./usb/host/usb_host_framework.o ./usb/host/usb_host_hci.o ./usb/host/usb_host_khci.o  ./startup/startup_mk64f12.o  ./source/MK64FN1M0xxx12_Project.o ./source/semihost_hardfault.o  ./sdmmc/src/fsl_mmc.o ./sdmmc/src/fsl_sd.o ./sdmmc/src/fsl_sdmmc_common.o ./sdmmc/src/fsl_sdspi.o  ./sdmmc/osa/fsl_sdmmc_osa.o  ./sdmmc/host/fsl_sdmmc_host.o  ./fatfs/source/fsl_usb_disk/fsl_usb_disk_bm.o  ./fatfs/source/fsl_sdspi_disk/fsl_sdspi_disk.o  ./fatfs/source/fsl_sd_disk/fsl_sd_disk.o  ./fatfs/source/fsl_ram_disk/fsl_ram_disk.o  ./fatfs/source/fsl_mmc_disk/fsl_mmc_disk.o  ./fatfs/source/diskio.o ./fatfs/source/ff.o ./fatfs/source/ffsystem.o ./fatfs/source/ffunicode.o  ./drivers/fsl_adc16.o ./drivers/fsl_clock.o ./drivers/fsl_common.o ./drivers/fsl_dspi.o ./drivers/fsl_gpio.o ./drivers/fsl_i2c.o ./drivers/fsl_sdhc.o ./drivers/fsl_smc.o ./drivers/fsl_sysmpu.o ./drivers/fsl_uart.o  ./device/system_MK64F12.o  ./component/uart/uart_adapter.o  ./component/serial_manager/serial_manager.o ./component/serial_manager/serial_port_uart.o  ./component/osa/fsl_os_abstraction_bm.o  ./component/lists/generic_list.o  ./board/board.o ./board/clock_config.o ./board/peripherals.o ./board/pin_mux.o ./board/sdmmc_config.o   
Memory region         Used Size  Region Size  %age Used
   PROGRAM_FLASH:       19880 B         1 MB      1.90%
      SRAM_UPPER:        9416 B       192 KB      4.79%
      SRAM_LOWER:          0 GB        64 KB      0.00%
        FLEX_RAM:          0 GB         4 KB      0.00%
Finished building target: MK64FN1M0xxx12_Project.axf
 
make --no-print-directory post-build
Performing post-build steps
arm-none-eabi-size "MK64FN1M0xxx12_Project.axf"; # arm-none-eabi-objcopy -v -O binary "MK64FN1M0xxx12_Project.axf" "MK64FN1M0xxx12_Project.bin" ; # checksum -p MK64FN1M0xxx12 -d "MK64FN1M0xxx12_Project.bin";
   text	   data	    bss	    dec	    hex	filename
  19864	     16	   9400	  29280	   7260	MK64FN1M0xxx12_Project.axf
 
