17:30:47 **** Incremental Build of configuration Debug for project MK64FN1M0xxx12_Project ****
make -r -j4 all 
Building file: ../source/SD_Detect_Wraper.c
Invoking: MCU C Compiler
arm-none-eabi-gcc -D__REDLIB__ -DCPU_MK64FN1M0VLL12 -DCPU_MK64FN1M0VLL12_cm4 -DFSL_RTOS_BM -DSDK_OS_BAREMETAL -DSDK_DEBUGCONSOLE=0 -DCR_INTEGER_PRINTF -DPRINTF_FLOAT_ENABLE=0 -DSERIAL_PORT_TYPE_UART=1 -D__MCUXPRESSO -D__USE_CMSIS -DDEBUG -I"C:\Users\Guido\Documents\GitHub\LaboDeMicrosTPF\TestS\SD_TEST_README\MK64FN1M0xxx12_Project\sdmmc\inc" -I"C:\Users\Guido\Documents\GitHub\LaboDeMicrosTPF\TestS\SD_TEST_README\MK64FN1M0xxx12_Project\sdmmc\host" -I"C:\Users\Guido\Documents\GitHub\LaboDeMicrosTPF\TestS\SD_TEST_README\MK64FN1M0xxx12_Project\drivers" -I"C:\Users\Guido\Documents\GitHub\LaboDeMicrosTPF\TestS\SD_TEST_README\MK64FN1M0xxx12_Project\fatfs\source" -I"C:\Users\Guido\Documents\GitHub\LaboDeMicrosTPF\TestS\SD_TEST_README\MK64FN1M0xxx12_Project\fatfs\source\fsl_usb_disk" -I"C:\Users\Guido\Documents\GitHub\LaboDeMicrosTPF\TestS\SD_TEST_README\MK64FN1M0xxx12_Project\component\serial_manager" -I"C:\Users\Guido\Documents\GitHub\LaboDeMicrosTPF\TestS\SD_TEST_README\MK64FN1M0xxx12_Project\sdmmc\osa" -I"C:\Users\Guido\Documents\GitHub\LaboDeMicrosTPF\TestS\SD_TEST_README\MK64FN1M0xxx12_Project\fatfs\source\fsl_mmc_disk" -I"C:\Users\Guido\Documents\GitHub\LaboDeMicrosTPF\TestS\SD_TEST_README\MK64FN1M0xxx12_Project\usb\host\class" -I"C:\Users\Guido\Documents\GitHub\LaboDeMicrosTPF\TestS\SD_TEST_README\MK64FN1M0xxx12_Project\fatfs\source\fsl_sdspi_disk" -I"C:\Users\Guido\Documents\GitHub\LaboDeMicrosTPF\TestS\SD_TEST_README\MK64FN1M0xxx12_Project\CMSIS" -I"C:\Users\Guido\Documents\GitHub\LaboDeMicrosTPF\TestS\SD_TEST_README\MK64FN1M0xxx12_Project\fatfs\source\fsl_ram_disk" -I"C:\Users\Guido\Documents\GitHub\LaboDeMicrosTPF\TestS\SD_TEST_README\MK64FN1M0xxx12_Project\usb\host" -I"C:\Users\Guido\Documents\GitHub\LaboDeMicrosTPF\TestS\SD_TEST_README\MK64FN1M0xxx12_Project\source" -I"C:\Users\Guido\Documents\GitHub\LaboDeMicrosTPF\TestS\SD_TEST_README\MK64FN1M0xxx12_Project\device" -I"C:\Users\Guido\Documents\GitHub\LaboDeMicrosTPF\TestS\SD_TEST_README\MK64FN1M0xxx12_Project\component\lists" -I"C:\Users\Guido\Documents\GitHub\LaboDeMicrosTPF\TestS\SD_TEST_README\MK64FN1M0xxx12_Project\component\uart" -I"C:\Users\Guido\Documents\GitHub\LaboDeMicrosTPF\TestS\SD_TEST_README\MK64FN1M0xxx12_Project\component\osa" -I"C:\Users\Guido\Documents\GitHub\LaboDeMicrosTPF\TestS\SD_TEST_README\MK64FN1M0xxx12_Project\usb\include" -I"C:\Users\Guido\Documents\GitHub\LaboDeMicrosTPF\TestS\SD_TEST_README\MK64FN1M0xxx12_Project\utilities" -I"C:\Users\Guido\Documents\GitHub\LaboDeMicrosTPF\TestS\SD_TEST_README\MK64FN1M0xxx12_Project\fatfs\source\fsl_sd_disk" -I"C:\Users\Guido\Documents\GitHub\LaboDeMicrosTPF\TestS\SD_TEST_README\MK64FN1M0xxx12_Project\source\generated" -I"C:\Users\Guido\Documents\GitHub\LaboDeMicrosTPF\TestS\SD_TEST_README\MK64FN1M0xxx12_Project\usb\host\class" -I"C:\Users\Guido\Documents\GitHub\LaboDeMicrosTPF\TestS\SD_TEST_README\MK64FN1M0xxx12_Project\sdmmc\inc" -I"C:\Users\Guido\Documents\GitHub\LaboDeMicrosTPF\TestS\SD_TEST_README\MK64FN1M0xxx12_Project\usb\host" -I"C:\Users\Guido\Documents\GitHub\LaboDeMicrosTPF\TestS\SD_TEST_README\MK64FN1M0xxx12_Project\CMSIS" -I"C:\Users\Guido\Documents\GitHub\LaboDeMicrosTPF\TestS\SD_TEST_README\MK64FN1M0xxx12_Project\drivers" -I"C:\Users\Guido\Documents\GitHub\LaboDeMicrosTPF\TestS\SD_TEST_README\MK64FN1M0xxx12_Project\fatfs\source\fsl_ram_disk" -I"C:\Users\Guido\Documents\GitHub\LaboDeMicrosTPF\TestS\SD_TEST_README\MK64FN1M0xxx12_Project\component\osa" -I"C:\Users\Guido\Documents\GitHub\LaboDeMicrosTPF\TestS\SD_TEST_README\MK64FN1M0xxx12_Project\sdmmc\osa" -I"C:\Users\Guido\Documents\GitHub\LaboDeMicrosTPF\TestS\SD_TEST_README\MK64FN1M0xxx12_Project\fatfs\source\fsl_sdspi_disk" -I"C:\Users\Guido\Documents\GitHub\LaboDeMicrosTPF\TestS\SD_TEST_README\MK64FN1M0xxx12_Project\sdmmc\host" -I"C:\Users\Guido\Documents\GitHub\LaboDeMicrosTPF\TestS\SD_TEST_README\MK64FN1M0xxx12_Project\component\uart" -I"C:\Users\Guido\Documents\GitHub\LaboDeMicrosTPF\TestS\SD_TEST_README\MK64FN1M0xxx12_Project\component\serial_manager" -I"C:\Users\Guido\Documents\GitHub\LaboDeMicrosTPF\TestS\SD_TEST_README\MK64FN1M0xxx12_Project\fatfs\source\fsl_usb_disk" -I"C:\Users\Guido\Documents\GitHub\LaboDeMicrosTPF\TestS\SD_TEST_README\MK64FN1M0xxx12_Project\source\generated" -I"C:\Users\Guido\Documents\GitHub\LaboDeMicrosTPF\TestS\SD_TEST_README\MK64FN1M0xxx12_Project\fatfs\source\fsl_mmc_disk" -I"C:\Users\Guido\Documents\GitHub\LaboDeMicrosTPF\TestS\SD_TEST_README\MK64FN1M0xxx12_Project\usb\include" -I"C:\Users\Guido\Documents\GitHub\LaboDeMicrosTPF\TestS\SD_TEST_README\MK64FN1M0xxx12_Project\device" -I"C:\Users\Guido\Documents\GitHub\LaboDeMicrosTPF\TestS\SD_TEST_README\MK64FN1M0xxx12_Project\component\lists" -I"C:\Users\Guido\Documents\GitHub\LaboDeMicrosTPF\TestS\SD_TEST_README\MK64FN1M0xxx12_Project\fatfs\source\fsl_sd_disk" -I"C:\Users\Guido\Documents\GitHub\LaboDeMicrosTPF\TestS\SD_TEST_README\MK64FN1M0xxx12_Project\utilities" -I"C:\Users\Guido\Documents\GitHub\LaboDeMicrosTPF\TestS\SD_TEST_README\MK64FN1M0xxx12_Project\fatfs\source" -I"C:\Users\Guido\Documents\GitHub\LaboDeMicrosTPF\TestS\SD_TEST_README\MK64FN1M0xxx12_Project\source" -I"C:\Users\Guido\Documents\GitHub\LaboDeMicrosTPF\TestS\SD_TEST_README\MK64FN1M0xxx12_Project\board" -I"C:\Users\Guido\Documents\GitHub\LaboDeMicrosTPF\TestS\SD_TEST_README\MK64FN1M0xxx12_Project" -O0 -fno-common -g3 -Wall -c -ffunction-sections -fdata-sections -ffreestanding -fno-builtin -fmerge-constants -fmacro-prefix-map="../source/"=. -mcpu=cortex-m4 -mfpu=fpv4-sp-d16 -mfloat-abi=hard -mthumb -D__REDLIB__ -fstack-usage -specs=redlib.specs -MMD -MP -MF"source/SD_Detect_Wraper.d" -MT"source/SD_Detect_Wraper.o" -MT"source/SD_Detect_Wraper.d" -o "source/SD_Detect_Wraper.o" "../source/SD_Detect_Wraper.c"
../source/SD_Detect_Wraper.c: In function 'SDWraperInit':
../source/SD_Detect_Wraper.c:85:1: warning: control reaches end of non-void function [-Wreturn-type]
   85 | }
      | ^
Finished building: ../source/SD_Detect_Wraper.c
 
Building target: MK64FN1M0xxx12_Project.axf
Invoking: MCU Linker
arm-none-eabi-gcc -nostdlib -Xlinker -Map="MK64FN1M0xxx12_Project.map" -Xlinker --gc-sections -Xlinker -print-memory-usage -Xlinker --sort-section=alignment -Xlinker --cref -mcpu=cortex-m4 -mfpu=fpv4-sp-d16 -mfloat-abi=hard -mthumb -T MK64FN1M0xxx12_Project_Debug.ld -o "MK64FN1M0xxx12_Project.axf"  ./utilities/fsl_debug_console.o ./utilities/fsl_str.o  ./usb/host/class/usb_host_hub.o ./usb/host/class/usb_host_hub_app.o ./usb/host/class/usb_host_msd.o ./usb/host/class/usb_host_msd_ufi.o  ./usb/host/usb_host_devices.o ./usb/host/usb_host_framework.o ./usb/host/usb_host_hci.o ./usb/host/usb_host_khci.o  ./startup/startup_mk64f12.o  ./source/MK64FN1M0xxx12_Project.o ./source/SD_Detect_Wraper.o ./source/semihost_hardfault.o  ./sdmmc/src/fsl_mmc.o ./sdmmc/src/fsl_sd.o ./sdmmc/src/fsl_sdmmc_common.o ./sdmmc/src/fsl_sdspi.o  ./sdmmc/osa/fsl_sdmmc_osa.o  ./sdmmc/host/fsl_sdmmc_host.o  ./fatfs/source/fsl_usb_disk/fsl_usb_disk_bm.o  ./fatfs/source/fsl_sdspi_disk/fsl_sdspi_disk.o  ./fatfs/source/fsl_sd_disk/fsl_sd_disk.o  ./fatfs/source/fsl_ram_disk/fsl_ram_disk.o  ./fatfs/source/fsl_mmc_disk/fsl_mmc_disk.o  ./fatfs/source/diskio.o ./fatfs/source/ff.o ./fatfs/source/ffsystem.o ./fatfs/source/ffunicode.o  ./drivers/fsl_adc16.o ./drivers/fsl_clock.o ./drivers/fsl_common.o ./drivers/fsl_dspi.o ./drivers/fsl_gpio.o ./drivers/fsl_i2c.o ./drivers/fsl_pit.o ./drivers/fsl_sdhc.o ./drivers/fsl_smc.o ./drivers/fsl_sysmpu.o ./drivers/fsl_uart.o  ./device/system_MK64F12.o  ./component/uart/uart_adapter.o  ./component/serial_manager/serial_manager.o ./component/serial_manager/serial_port_uart.o  ./component/osa/fsl_os_abstraction_bm.o  ./component/lists/generic_list.o  ./board/board.o ./board/clock_config.o ./board/peripherals.o ./board/pin_mux.o ./board/sdmmc_config.o   
Memory region         Used Size  Region Size  %age Used
   PROGRAM_FLASH:       40000 B         1 MB      3.81%
      SRAM_UPPER:       75544 B       192 KB     38.42%
      SRAM_LOWER:          0 GB        64 KB      0.00%
        FLEX_RAM:          0 GB         4 KB      0.00%
Finished building target: MK64FN1M0xxx12_Project.axf
 
make --no-print-directory post-build
Performing post-build steps
arm-none-eabi-size "MK64FN1M0xxx12_Project.axf"; # arm-none-eabi-objcopy -v -O binary "MK64FN1M0xxx12_Project.axf" "MK64FN1M0xxx12_Project.bin" ; # checksum -p MK64FN1M0xxx12 -d "MK64FN1M0xxx12_Project.bin";
   text	   data	    bss	    dec	    hex	filename
  39984	     16	  75528	 115528	  1c348	MK64FN1M0xxx12_Project.axf
 
17:31:29 **** Incremental Build of configuration Debug for project MK64FN1M0xxx12_Project ****
make -r -j4 all 
Building file: ../source/SD_Detect_Wraper.c
Invoking: MCU C Compiler
arm-none-eabi-gcc -D__REDLIB__ -DCPU_MK64FN1M0VLL12 -DCPU_MK64FN1M0VLL12_cm4 -DFSL_RTOS_BM -DSDK_OS_BAREMETAL -DSDK_DEBUGCONSOLE=0 -DCR_INTEGER_PRINTF -DPRINTF_FLOAT_ENABLE=0 -DSERIAL_PORT_TYPE_UART=1 -D__MCUXPRESSO -D__USE_CMSIS -DDEBUG -I"C:\Users\Guido\Documents\GitHub\LaboDeMicrosTPF\TestS\SD_TEST_README\MK64FN1M0xxx12_Project\sdmmc\inc" -I"C:\Users\Guido\Documents\GitHub\LaboDeMicrosTPF\TestS\SD_TEST_README\MK64FN1M0xxx12_Project\sdmmc\host" -I"C:\Users\Guido\Documents\GitHub\LaboDeMicrosTPF\TestS\SD_TEST_README\MK64FN1M0xxx12_Project\drivers" -I"C:\Users\Guido\Documents\GitHub\LaboDeMicrosTPF\TestS\SD_TEST_README\MK64FN1M0xxx12_Project\fatfs\source" -I"C:\Users\Guido\Documents\GitHub\LaboDeMicrosTPF\TestS\SD_TEST_README\MK64FN1M0xxx12_Project\fatfs\source\fsl_usb_disk" -I"C:\Users\Guido\Documents\GitHub\LaboDeMicrosTPF\TestS\SD_TEST_README\MK64FN1M0xxx12_Project\component\serial_manager" -I"C:\Users\Guido\Documents\GitHub\LaboDeMicrosTPF\TestS\SD_TEST_README\MK64FN1M0xxx12_Project\sdmmc\osa" -I"C:\Users\Guido\Documents\GitHub\LaboDeMicrosTPF\TestS\SD_TEST_README\MK64FN1M0xxx12_Project\fatfs\source\fsl_mmc_disk" -I"C:\Users\Guido\Documents\GitHub\LaboDeMicrosTPF\TestS\SD_TEST_README\MK64FN1M0xxx12_Project\usb\host\class" -I"C:\Users\Guido\Documents\GitHub\LaboDeMicrosTPF\TestS\SD_TEST_README\MK64FN1M0xxx12_Project\fatfs\source\fsl_sdspi_disk" -I"C:\Users\Guido\Documents\GitHub\LaboDeMicrosTPF\TestS\SD_TEST_README\MK64FN1M0xxx12_Project\CMSIS" -I"C:\Users\Guido\Documents\GitHub\LaboDeMicrosTPF\TestS\SD_TEST_README\MK64FN1M0xxx12_Project\fatfs\source\fsl_ram_disk" -I"C:\Users\Guido\Documents\GitHub\LaboDeMicrosTPF\TestS\SD_TEST_README\MK64FN1M0xxx12_Project\usb\host" -I"C:\Users\Guido\Documents\GitHub\LaboDeMicrosTPF\TestS\SD_TEST_README\MK64FN1M0xxx12_Project\source" -I"C:\Users\Guido\Documents\GitHub\LaboDeMicrosTPF\TestS\SD_TEST_README\MK64FN1M0xxx12_Project\device" -I"C:\Users\Guido\Documents\GitHub\LaboDeMicrosTPF\TestS\SD_TEST_README\MK64FN1M0xxx12_Project\component\lists" -I"C:\Users\Guido\Documents\GitHub\LaboDeMicrosTPF\TestS\SD_TEST_README\MK64FN1M0xxx12_Project\component\uart" -I"C:\Users\Guido\Documents\GitHub\LaboDeMicrosTPF\TestS\SD_TEST_README\MK64FN1M0xxx12_Project\component\osa" -I"C:\Users\Guido\Documents\GitHub\LaboDeMicrosTPF\TestS\SD_TEST_README\MK64FN1M0xxx12_Project\usb\include" -I"C:\Users\Guido\Documents\GitHub\LaboDeMicrosTPF\TestS\SD_TEST_README\MK64FN1M0xxx12_Project\utilities" -I"C:\Users\Guido\Documents\GitHub\LaboDeMicrosTPF\TestS\SD_TEST_README\MK64FN1M0xxx12_Project\fatfs\source\fsl_sd_disk" -I"C:\Users\Guido\Documents\GitHub\LaboDeMicrosTPF\TestS\SD_TEST_README\MK64FN1M0xxx12_Project\source\generated" -I"C:\Users\Guido\Documents\GitHub\LaboDeMicrosTPF\TestS\SD_TEST_README\MK64FN1M0xxx12_Project\usb\host\class" -I"C:\Users\Guido\Documents\GitHub\LaboDeMicrosTPF\TestS\SD_TEST_README\MK64FN1M0xxx12_Project\sdmmc\inc" -I"C:\Users\Guido\Documents\GitHub\LaboDeMicrosTPF\TestS\SD_TEST_README\MK64FN1M0xxx12_Project\usb\host" -I"C:\Users\Guido\Documents\GitHub\LaboDeMicrosTPF\TestS\SD_TEST_README\MK64FN1M0xxx12_Project\CMSIS" -I"C:\Users\Guido\Documents\GitHub\LaboDeMicrosTPF\TestS\SD_TEST_README\MK64FN1M0xxx12_Project\drivers" -I"C:\Users\Guido\Documents\GitHub\LaboDeMicrosTPF\TestS\SD_TEST_README\MK64FN1M0xxx12_Project\fatfs\source\fsl_ram_disk" -I"C:\Users\Guido\Documents\GitHub\LaboDeMicrosTPF\TestS\SD_TEST_README\MK64FN1M0xxx12_Project\component\osa" -I"C:\Users\Guido\Documents\GitHub\LaboDeMicrosTPF\TestS\SD_TEST_README\MK64FN1M0xxx12_Project\sdmmc\osa" -I"C:\Users\Guido\Documents\GitHub\LaboDeMicrosTPF\TestS\SD_TEST_README\MK64FN1M0xxx12_Project\fatfs\source\fsl_sdspi_disk" -I"C:\Users\Guido\Documents\GitHub\LaboDeMicrosTPF\TestS\SD_TEST_README\MK64FN1M0xxx12_Project\sdmmc\host" -I"C:\Users\Guido\Documents\GitHub\LaboDeMicrosTPF\TestS\SD_TEST_README\MK64FN1M0xxx12_Project\component\uart" -I"C:\Users\Guido\Documents\GitHub\LaboDeMicrosTPF\TestS\SD_TEST_README\MK64FN1M0xxx12_Project\component\serial_manager" -I"C:\Users\Guido\Documents\GitHub\LaboDeMicrosTPF\TestS\SD_TEST_README\MK64FN1M0xxx12_Project\fatfs\source\fsl_usb_disk" -I"C:\Users\Guido\Documents\GitHub\LaboDeMicrosTPF\TestS\SD_TEST_README\MK64FN1M0xxx12_Project\source\generated" -I"C:\Users\Guido\Documents\GitHub\LaboDeMicrosTPF\TestS\SD_TEST_README\MK64FN1M0xxx12_Project\fatfs\source\fsl_mmc_disk" -I"C:\Users\Guido\Documents\GitHub\LaboDeMicrosTPF\TestS\SD_TEST_README\MK64FN1M0xxx12_Project\usb\include" -I"C:\Users\Guido\Documents\GitHub\LaboDeMicrosTPF\TestS\SD_TEST_README\MK64FN1M0xxx12_Project\device" -I"C:\Users\Guido\Documents\GitHub\LaboDeMicrosTPF\TestS\SD_TEST_README\MK64FN1M0xxx12_Project\component\lists" -I"C:\Users\Guido\Documents\GitHub\LaboDeMicrosTPF\TestS\SD_TEST_README\MK64FN1M0xxx12_Project\fatfs\source\fsl_sd_disk" -I"C:\Users\Guido\Documents\GitHub\LaboDeMicrosTPF\TestS\SD_TEST_README\MK64FN1M0xxx12_Project\utilities" -I"C:\Users\Guido\Documents\GitHub\LaboDeMicrosTPF\TestS\SD_TEST_README\MK64FN1M0xxx12_Project\fatfs\source" -I"C:\Users\Guido\Documents\GitHub\LaboDeMicrosTPF\TestS\SD_TEST_README\MK64FN1M0xxx12_Project\source" -I"C:\Users\Guido\Documents\GitHub\LaboDeMicrosTPF\TestS\SD_TEST_README\MK64FN1M0xxx12_Project\board" -I"C:\Users\Guido\Documents\GitHub\LaboDeMicrosTPF\TestS\SD_TEST_README\MK64FN1M0xxx12_Project" -O0 -fno-common -g3 -Wall -c -ffunction-sections -fdata-sections -ffreestanding -fno-builtin -fmerge-constants -fmacro-prefix-map="../source/"=. -mcpu=cortex-m4 -mfpu=fpv4-sp-d16 -mfloat-abi=hard -mthumb -D__REDLIB__ -fstack-usage -specs=redlib.specs -MMD -MP -MF"source/SD_Detect_Wraper.d" -MT"source/SD_Detect_Wraper.o" -MT"source/SD_Detect_Wraper.d" -o "source/SD_Detect_Wraper.o" "../source/SD_Detect_Wraper.c"
Finished building: ../source/SD_Detect_Wraper.c
 
Building target: MK64FN1M0xxx12_Project.axf
Invoking: MCU Linker
arm-none-eabi-gcc -nostdlib -Xlinker -Map="MK64FN1M0xxx12_Project.map" -Xlinker --gc-sections -Xlinker -print-memory-usage -Xlinker --sort-section=alignment -Xlinker --cref -mcpu=cortex-m4 -mfpu=fpv4-sp-d16 -mfloat-abi=hard -mthumb -T MK64FN1M0xxx12_Project_Debug.ld -o "MK64FN1M0xxx12_Project.axf"  ./utilities/fsl_debug_console.o ./utilities/fsl_str.o  ./usb/host/class/usb_host_hub.o ./usb/host/class/usb_host_hub_app.o ./usb/host/class/usb_host_msd.o ./usb/host/class/usb_host_msd_ufi.o  ./usb/host/usb_host_devices.o ./usb/host/usb_host_framework.o ./usb/host/usb_host_hci.o ./usb/host/usb_host_khci.o  ./startup/startup_mk64f12.o  ./source/MK64FN1M0xxx12_Project.o ./source/SD_Detect_Wraper.o ./source/semihost_hardfault.o  ./sdmmc/src/fsl_mmc.o ./sdmmc/src/fsl_sd.o ./sdmmc/src/fsl_sdmmc_common.o ./sdmmc/src/fsl_sdspi.o  ./sdmmc/osa/fsl_sdmmc_osa.o  ./sdmmc/host/fsl_sdmmc_host.o  ./fatfs/source/fsl_usb_disk/fsl_usb_disk_bm.o  ./fatfs/source/fsl_sdspi_disk/fsl_sdspi_disk.o  ./fatfs/source/fsl_sd_disk/fsl_sd_disk.o  ./fatfs/source/fsl_ram_disk/fsl_ram_disk.o  ./fatfs/source/fsl_mmc_disk/fsl_mmc_disk.o  ./fatfs/source/diskio.o ./fatfs/source/ff.o ./fatfs/source/ffsystem.o ./fatfs/source/ffunicode.o  ./drivers/fsl_adc16.o ./drivers/fsl_clock.o ./drivers/fsl_common.o ./drivers/fsl_dspi.o ./drivers/fsl_gpio.o ./drivers/fsl_i2c.o ./drivers/fsl_pit.o ./drivers/fsl_sdhc.o ./drivers/fsl_smc.o ./drivers/fsl_sysmpu.o ./drivers/fsl_uart.o  ./device/system_MK64F12.o  ./component/uart/uart_adapter.o  ./component/serial_manager/serial_manager.o ./component/serial_manager/serial_port_uart.o  ./component/osa/fsl_os_abstraction_bm.o  ./component/lists/generic_list.o  ./board/board.o ./board/clock_config.o ./board/peripherals.o ./board/pin_mux.o ./board/sdmmc_config.o   
Memory region         Used Size  Region Size  %age Used
   PROGRAM_FLASH:       40000 B         1 MB      3.81%
      SRAM_UPPER:       75544 B       192 KB     38.42%
      SRAM_LOWER:          0 GB        64 KB      0.00%
        FLEX_RAM:          0 GB         4 KB      0.00%
Finished building target: MK64FN1M0xxx12_Project.axf
 
make --no-print-directory post-build
Performing post-build steps
arm-none-eabi-size "MK64FN1M0xxx12_Project.axf"; # arm-none-eabi-objcopy -v -O binary "MK64FN1M0xxx12_Project.axf" "MK64FN1M0xxx12_Project.bin" ; # checksum -p MK64FN1M0xxx12 -d "MK64FN1M0xxx12_Project.bin";
   text	   data	    bss	    dec	    hex	filename
  39984	     16	  75528	 115528	  1c348	MK64FN1M0xxx12_Project.axf
 
17:51:15 **** Clean-only build of configuration Debug for project SD_WRAPPER ****
make -r -j4 clean 
rm -rf  ./utilities/fsl_debug_console.o ./utilities/fsl_str.o  ./usb/host/class/usb_host_hub.o ./usb/host/class/usb_host_hub_app.o ./usb/host/class/usb_host_msd.o ./usb/host/class/usb_host_msd_ufi.o  ./usb/host/usb_host_devices.o ./usb/host/usb_host_framework.o ./usb/host/usb_host_hci.o ./usb/host/usb_host_khci.o  ./startup/startup_mk64f12.o  ./source/MK64FN1M0xxx12_Project.o ./source/SD_Detect_Wraper.o ./source/semihost_hardfault.o  ./sdmmc/src/fsl_mmc.o ./sdmmc/src/fsl_sd.o ./sdmmc/src/fsl_sdmmc_common.o ./sdmmc/src/fsl_sdspi.o  ./sdmmc/osa/fsl_sdmmc_osa.o  ./sdmmc/host/fsl_sdmmc_host.o  ./fatfs/source/fsl_usb_disk/fsl_usb_disk_bm.o  ./fatfs/source/fsl_sdspi_disk/fsl_sdspi_disk.o  ./fatfs/source/fsl_sd_disk/fsl_sd_disk.o  ./fatfs/source/fsl_ram_disk/fsl_ram_disk.o  ./fatfs/source/fsl_mmc_disk/fsl_mmc_disk.o  ./fatfs/source/diskio.o ./fatfs/source/ff.o ./fatfs/source/ffsystem.o ./fatfs/source/ffunicode.o  ./drivers/fsl_adc16.o ./drivers/fsl_clock.o ./drivers/fsl_common.o ./drivers/fsl_dspi.o ./drivers/fsl_gpio.o ./drivers/fsl_i2c.o ./drivers/fsl_pit.o ./drivers/fsl_sdhc.o ./drivers/fsl_smc.o ./drivers/fsl_sysmpu.o ./drivers/fsl_uart.o  ./device/system_MK64F12.o  ./component/uart/uart_adapter.o  ./component/serial_manager/serial_manager.o ./component/serial_manager/serial_port_uart.o  ./component/osa/fsl_os_abstraction_bm.o  ./component/lists/generic_list.o  ./board/board.o ./board/clock_config.o ./board/peripherals.o ./board/pin_mux.o ./board/sdmmc_config.o  ./utilities/fsl_debug_console.d ./utilities/fsl_str.d  ./usb/host/class/usb_host_hub.d ./usb/host/class/usb_host_hub_app.d ./usb/host/class/usb_host_msd.d ./usb/host/class/usb_host_msd_ufi.d  ./usb/host/usb_host_devices.d ./usb/host/usb_host_framework.d ./usb/host/usb_host_hci.d ./usb/host/usb_host_khci.d  ./startup/startup_mk64f12.d  ./source/MK64FN1M0xxx12_Project.d ./source/SD_Detect_Wraper.d ./source/semihost_hardfault.d  ./sdmmc/src/fsl_mmc.d ./sdmmc/src/fsl_sd.d ./sdmmc/src/fsl_sdmmc_common.d ./sdmmc/src/fsl_sdspi.d  ./sdmmc/osa/fsl_sdmmc_osa.d  ./sdmmc/host/fsl_sdmmc_host.d  ./fatfs/source/fsl_usb_disk/fsl_usb_disk_bm.d  ./fatfs/source/fsl_sdspi_disk/fsl_sdspi_disk.d  ./fatfs/source/fsl_sd_disk/fsl_sd_disk.d  ./fatfs/source/fsl_ram_disk/fsl_ram_disk.d  ./fatfs/source/fsl_mmc_disk/fsl_mmc_disk.d  ./fatfs/source/diskio.d ./fatfs/source/ff.d ./fatfs/source/ffsystem.d ./fatfs/source/ffunicode.d  ./drivers/fsl_adc16.d ./drivers/fsl_clock.d ./drivers/fsl_common.d ./drivers/fsl_dspi.d ./drivers/fsl_gpio.d ./drivers/fsl_i2c.d ./drivers/fsl_pit.d ./drivers/fsl_sdhc.d ./drivers/fsl_smc.d ./drivers/fsl_sysmpu.d ./drivers/fsl_uart.d  ./device/system_MK64F12.d  ./component/uart/uart_adapter.d  ./component/serial_manager/serial_manager.d ./component/serial_manager/serial_port_uart.d  ./component/osa/fsl_os_abstraction_bm.d  ./component/lists/generic_list.d  ./board/board.d ./board/clock_config.d ./board/peripherals.d ./board/pin_mux.d ./board/sdmmc_config.d  MK64FN1M0xxx12_Project.axf
 
17:51:20 **** Build of configuration Debug for project SD_WRAPPER ****
make -r -j4 all 
Building file: ../utilities/fsl_debug_console.c
Building file: ../usb/host/class/usb_host_hub.c
Building file: ../utilities/fsl_str.c
Building file: ../usb/host/class/usb_host_hub_app.c
Invoking: MCU C Compiler
Invoking: MCU C Compiler
Invoking: MCU C Compiler
Invoking: MCU C Compiler
arm-none-eabi-gcc -D__REDLIB__ -DCPU_MK64FN1M0VLL12 -DCPU_MK64FN1M0VLL12_cm4 -DFSL_RTOS_BM -DSDK_OS_BAREMETAL -DSDK_DEBUGCONSOLE=0 -DCR_INTEGER_PRINTF -DPRINTF_FLOAT_ENABLE=0 -DSERIAL_PORT_TYPE_UART=1 -D__MCUXPRESSO -D__USE_CMSIS -DDEBUG -I"C:\Users\Guido\Documents\GitHub\LaboDeMicrosTPF\TestS\SD_TEST_README\SD_WRAPPER\sdmmc\inc" -I"C:\Users\Guido\Documents\GitHub\LaboDeMicrosTPF\TestS\SD_TEST_README\SD_WRAPPER\sdmmc\host" -I"C:\Users\Guido\Documents\GitHub\LaboDeMicrosTPF\TestS\SD_TEST_README\SD_WRAPPER\drivers" -I"C:\Users\Guido\Documents\GitHub\LaboDeMicrosTPF\TestS\SD_TEST_README\SD_WRAPPER\fatfs\source" -I"C:\Users\Guido\Documents\GitHub\LaboDeMicrosTPF\TestS\SD_TEST_README\SD_WRAPPER\fatfs\source\fsl_usb_disk" -I"C:\Users\Guido\Documents\GitHub\LaboDeMicrosTPF\TestS\SD_TEST_README\SD_WRAPPER\component\serial_manager" -I"C:\Users\Guido\Documents\GitHub\LaboDeMicrosTPF\TestS\SD_TEST_README\SD_WRAPPER\sdmmc\osa" -I"C:\Users\Guido\Documents\GitHub\LaboDeMicrosTPF\TestS\SD_TEST_README\SD_WRAPPER\fatfs\source\fsl_mmc_disk" -I"C:\Users\Guido\Documents\GitHub\LaboDeMicrosTPF\TestS\SD_TEST_README\SD_WRAPPER\usb\host\class" -I"C:\Users\Guido\Documents\GitHub\LaboDeMicrosTPF\TestS\SD_TEST_README\SD_WRAPPER\fatfs\source\fsl_sdspi_disk" -I"C:\Users\Guido\Documents\GitHub\LaboDeMicrosTPF\TestS\SD_TEST_README\SD_WRAPPER\CMSIS" -I"C:\Users\Guido\Documents\GitHub\LaboDeMicrosTPF\TestS\SD_TEST_README\SD_WRAPPER\fatfs\source\fsl_ram_disk" -I"C:\Users\Guido\Documents\GitHub\LaboDeMicrosTPF\TestS\SD_TEST_README\SD_WRAPPER\usb\host" -I"C:\Users\Guido\Documents\GitHub\LaboDeMicrosTPF\TestS\SD_TEST_README\SD_WRAPPER\source" -I"C:\Users\Guido\Documents\GitHub\LaboDeMicrosTPF\TestS\SD_TEST_README\SD_WRAPPER\device" -I"C:\Users\Guido\Documents\GitHub\LaboDeMicrosTPF\TestS\SD_TEST_README\SD_WRAPPER\component\lists" -I"C:\Users\Guido\Documents\GitHub\LaboDeMicrosTPF\TestS\SD_TEST_README\SD_WRAPPER\component\uart" -I"C:\Users\Guido\Documents\GitHub\LaboDeMicrosTPF\TestS\SD_TEST_README\SD_WRAPPER\component\osa" -I"C:\Users\Guido\Documents\GitHub\LaboDeMicrosTPF\TestS\SD_TEST_README\SD_WRAPPER\usb\include" -I"C:\Users\Guido\Documents\GitHub\LaboDeMicrosTPF\TestS\SD_TEST_README\SD_WRAPPER\utilities" -I"C:\Users\Guido\Documents\GitHub\LaboDeMicrosTPF\TestS\SD_TEST_README\SD_WRAPPER\fatfs\source\fsl_sd_disk" -I"C:\Users\Guido\Documents\GitHub\LaboDeMicrosTPF\TestS\SD_TEST_README\SD_WRAPPER\source\generated" -I"C:\Users\Guido\Documents\GitHub\LaboDeMicrosTPF\TestS\SD_TEST_README\SD_WRAPPER\usb\host\class" -I"C:\Users\Guido\Documents\GitHub\LaboDeMicrosTPF\TestS\SD_TEST_README\SD_WRAPPER\sdmmc\inc" -I"C:\Users\Guido\Documents\GitHub\LaboDeMicrosTPF\TestS\SD_TEST_README\SD_WRAPPER\usb\host" -I"C:\Users\Guido\Documents\GitHub\LaboDeMicrosTPF\TestS\SD_TEST_README\SD_WRAPPER\CMSIS" -I"C:\Users\Guido\Documents\GitHub\LaboDeMicrosTPF\TestS\SD_TEST_README\SD_WRAPPER\drivers" -I"C:\Users\Guido\Documents\GitHub\LaboDeMicrosTPF\TestS\SD_TEST_README\SD_WRAPPER\fatfs\source\fsl_ram_disk" -I"C:\Users\Guido\Documents\GitHub\LaboDeMicrosTPF\TestS\SD_TEST_README\SD_WRAPPER\component\osa" -I"C:\Users\Guido\Documents\GitHub\LaboDeMicrosTPF\TestS\SD_TEST_README\SD_WRAPPER\sdmmc\osa" -I"C:\Users\Guido\Documents\GitHub\LaboDeMicrosTPF\TestS\SD_TEST_README\SD_WRAPPER\fatfs\source\fsl_sdspi_disk" -I"C:\Users\Guido\Documents\GitHub\LaboDeMicrosTPF\TestS\SD_TEST_README\SD_WRAPPER\sdmmc\host" -I"C:\Users\Guido\Documents\GitHub\LaboDeMicrosTPF\TestS\SD_TEST_README\SD_WRAPPER\component\uart" -I"C:\Users\Guido\Documents\GitHub\LaboDeMicrosTPF\TestS\SD_TEST_README\SD_WRAPPER\component\serial_manager" -I"C:\Users\Guido\Documents\GitHub\LaboDeMicrosTPF\TestS\SD_TEST_README\SD_WRAPPER\fatfs\source\fsl_usb_disk" -I"C:\Users\Guido\Documents\GitHub\LaboDeMicrosTPF\TestS\SD_TEST_README\SD_WRAPPER\source\generated" -I"C:\Users\Guido\Documents\GitHub\LaboDeMicrosTPF\TestS\SD_TEST_README\SD_WRAPPER\fatfs\source\fsl_mmc_disk" -I"C:\Users\Guido\Documents\GitHub\LaboDeMicrosTPF\TestS\SD_TEST_README\SD_WRAPPER\usb\include" -I"C:\Users\Guido\Documents\GitHub\LaboDeMicrosTPF\TestS\SD_TEST_README\SD_WRAPPER\device" -I"C:\Users\Guido\Documents\GitHub\LaboDeMicrosTPF\TestS\SD_TEST_README\SD_WRAPPER\component\lists" -I"C:\Users\Guido\Documents\GitHub\LaboDeMicrosTPF\TestS\SD_TEST_README\SD_WRAPPER\fatfs\source\fsl_sd_disk" -I"C:\Users\Guido\Documents\GitHub\LaboDeMicrosTPF\TestS\SD_TEST_README\SD_WRAPPER\utilities" -I"C:\Users\Guido\Documents\GitHub\LaboDeMicrosTPF\TestS\SD_TEST_README\SD_WRAPPER\fatfs\source" -I"C:\Users\Guido\Documents\GitHub\LaboDeMicrosTPF\TestS\SD_TEST_README\SD_WRAPPER\source" -I"C:\Users\Guido\Documents\GitHub\LaboDeMicrosTPF\TestS\SD_TEST_README\SD_WRAPPER\board" -I"C:\Users\Guido\Documents\GitHub\LaboDeMicrosTPF\TestS\SD_TEST_README\SD_WRAPPER" -O0 -fno-common -g3 -Wall -c -ffunction-sections -fdata-sections -ffreestanding -fno-builtin -fmerge-constants -fmacro-prefix-map="../utilities/"=. -mcpu=cortex-m4 -mfpu=fpv4-sp-d16 -mfloat-abi=hard -mthumb -D__REDLIB__ -fstack-usage -specs=redlib.specs -MMD -MP -MF"utilities/fsl_debug_console.d" -MT"utilities/fsl_debug_console.o" -MT"utilities/fsl_debug_console.d" -o "utilities/fsl_debug_console.o" "../utilities/fsl_debug_console.c"
arm-none-eabi-gcc -D__REDLIB__ -DCPU_MK64FN1M0VLL12 -DCPU_MK64FN1M0VLL12_cm4 -DFSL_RTOS_BM -DSDK_OS_BAREMETAL -DSDK_DEBUGCONSOLE=0 -DCR_INTEGER_PRINTF -DPRINTF_FLOAT_ENABLE=0 -DSERIAL_PORT_TYPE_UART=1 -D__MCUXPRESSO -D__USE_CMSIS -DDEBUG -I"C:\Users\Guido\Documents\GitHub\LaboDeMicrosTPF\TestS\SD_TEST_README\SD_WRAPPER\sdmmc\inc" -I"C:\Users\Guido\Documents\GitHub\LaboDeMicrosTPF\TestS\SD_TEST_README\SD_WRAPPER\sdmmc\host" -I"C:\Users\Guido\Documents\GitHub\LaboDeMicrosTPF\TestS\SD_TEST_README\SD_WRAPPER\drivers" -I"C:\Users\Guido\Documents\GitHub\LaboDeMicrosTPF\TestS\SD_TEST_README\SD_WRAPPER\fatfs\source" -I"C:\Users\Guido\Documents\GitHub\LaboDeMicrosTPF\TestS\SD_TEST_README\SD_WRAPPER\fatfs\source\fsl_usb_disk" -I"C:\Users\Guido\Documents\GitHub\LaboDeMicrosTPF\TestS\SD_TEST_README\SD_WRAPPER\component\serial_manager" -I"C:\Users\Guido\Documents\GitHub\LaboDeMicrosTPF\TestS\SD_TEST_README\SD_WRAPPER\sdmmc\osa" -I"C:\Users\Guido\Documents\GitHub\LaboDeMicrosTPF\TestS\SD_TEST_README\SD_WRAPPER\fatfs\source\fsl_mmc_disk" -I"C:\Users\Guido\Documents\GitHub\LaboDeMicrosTPF\TestS\SD_TEST_README\SD_WRAPPER\usb\host\class" -I"C:\Users\Guido\Documents\GitHub\LaboDeMicrosTPF\TestS\SD_TEST_README\SD_WRAPPER\fatfs\source\fsl_sdspi_disk" -I"C:\Users\Guido\Documents\GitHub\LaboDeMicrosTPF\TestS\SD_TEST_README\SD_WRAPPER\CMSIS" -I"C:\Users\Guido\Documents\GitHub\LaboDeMicrosTPF\TestS\SD_TEST_README\SD_WRAPPER\fatfs\source\fsl_ram_disk" -I"C:\Users\Guido\Documents\GitHub\LaboDeMicrosTPF\TestS\SD_TEST_README\SD_WRAPPER\usb\host" -I"C:\Users\Guido\Documents\GitHub\LaboDeMicrosTPF\TestS\SD_TEST_README\SD_WRAPPER\source" -I"C:\Users\Guido\Documents\GitHub\LaboDeMicrosTPF\TestS\SD_TEST_README\SD_WRAPPER\device" -I"C:\Users\Guido\Documents\GitHub\LaboDeMicrosTPF\TestS\SD_TEST_README\SD_WRAPPER\component\lists" -I"C:\Users\Guido\Documents\GitHub\LaboDeMicrosTPF\TestS\SD_TEST_README\SD_WRAPPER\component\uart" -I"C:\Users\Guido\Documents\GitHub\LaboDeMicrosTPF\TestS\SD_TEST_README\SD_WRAPPER\component\osa" -I"C:\Users\Guido\Documents\GitHub\LaboDeMicrosTPF\TestS\SD_TEST_README\SD_WRAPPER\usb\include" -I"C:\Users\Guido\Documents\GitHub\LaboDeMicrosTPF\TestS\SD_TEST_README\SD_WRAPPER\utilities" -I"C:\Users\Guido\Documents\GitHub\LaboDeMicrosTPF\TestS\SD_TEST_README\SD_WRAPPER\fatfs\source\fsl_sd_disk" -I"C:\Users\Guido\Documents\GitHub\LaboDeMicrosTPF\TestS\SD_TEST_README\SD_WRAPPER\source\generated" -I"C:\Users\Guido\Documents\GitHub\LaboDeMicrosTPF\TestS\SD_TEST_README\SD_WRAPPER\usb\host\class" -I"C:\Users\Guido\Documents\GitHub\LaboDeMicrosTPF\TestS\SD_TEST_README\SD_WRAPPER\sdmmc\inc" -I"C:\Users\Guido\Documents\GitHub\LaboDeMicrosTPF\TestS\SD_TEST_README\SD_WRAPPER\usb\host" -I"C:\Users\Guido\Documents\GitHub\LaboDeMicrosTPF\TestS\SD_TEST_README\SD_WRAPPER\CMSIS" -I"C:\Users\Guido\Documents\GitHub\LaboDeMicrosTPF\TestS\SD_TEST_README\SD_WRAPPER\drivers" -I"C:\Users\Guido\Documents\GitHub\LaboDeMicrosTPF\TestS\SD_TEST_README\SD_WRAPPER\fatfs\source\fsl_ram_disk" -I"C:\Users\Guido\Documents\GitHub\LaboDeMicrosTPF\TestS\SD_TEST_README\SD_WRAPPER\component\osa" -I"C:\Users\Guido\Documents\GitHub\LaboDeMicrosTPF\TestS\SD_TEST_README\SD_WRAPPER\sdmmc\osa" -I"C:\Users\Guido\Documents\GitHub\LaboDeMicrosTPF\TestS\SD_TEST_README\SD_WRAPPER\fatfs\source\fsl_sdspi_disk" -I"C:\Users\Guido\Documents\GitHub\LaboDeMicrosTPF\TestS\SD_TEST_README\SD_WRAPPER\sdmmc\host" -I"C:\Users\Guido\Documents\GitHub\LaboDeMicrosTPF\TestS\SD_TEST_README\SD_WRAPPER\component\uart" -I"C:\Users\Guido\Documents\GitHub\LaboDeMicrosTPF\TestS\SD_TEST_README\SD_WRAPPER\component\serial_manager" -I"C:\Users\Guido\Documents\GitHub\LaboDeMicrosTPF\TestS\SD_TEST_README\SD_WRAPPER\fatfs\source\fsl_usb_disk" -I"C:\Users\Guido\Documents\GitHub\LaboDeMicrosTPF\TestS\SD_TEST_README\SD_WRAPPER\source\generated" -I"C:\Users\Guido\Documents\GitHub\LaboDeMicrosTPF\TestS\SD_TEST_README\SD_WRAPPER\fatfs\source\fsl_mmc_disk" -I"C:\Users\Guido\Documents\GitHub\LaboDeMicrosTPF\TestS\SD_TEST_README\SD_WRAPPER\usb\include" -I"C:\Users\Guido\Documents\GitHub\LaboDeMicrosTPF\TestS\SD_TEST_README\SD_WRAPPER\device" -I"C:\Users\Guido\Documents\GitHub\LaboDeMicrosTPF\TestS\SD_TEST_README\SD_WRAPPER\component\lists" -I"C:\Users\Guido\Documents\GitHub\LaboDeMicrosTPF\TestS\SD_TEST_README\SD_WRAPPER\fatfs\source\fsl_sd_disk" -I"C:\Users\Guido\Documents\GitHub\LaboDeMicrosTPF\TestS\SD_TEST_README\SD_WRAPPER\utilities" -I"C:\Users\Guido\Documents\GitHub\LaboDeMicrosTPF\TestS\SD_TEST_README\SD_WRAPPER\fatfs\source" -I"C:\Users\Guido\Documents\GitHub\LaboDeMicrosTPF\TestS\SD_TEST_README\SD_WRAPPER\source" -I"C:\Users\Guido\Documents\GitHub\LaboDeMicrosTPF\TestS\SD_TEST_README\SD_WRAPPER\board" -I"C:\Users\Guido\Documents\GitHub\LaboDeMicrosTPF\TestS\SD_TEST_README\SD_WRAPPER" -O0 -fno-common -g3 -Wall -c -ffunction-sections -fdata-sections -ffreestanding -fno-builtin -fmerge-constants -fmacro-prefix-map="../utilities/"=. -mcpu=cortex-m4 -mfpu=fpv4-sp-d16 -mfloat-abi=hard -mthumb -D__REDLIB__ -fstack-usage -specs=redlib.specs -MMD -MP -MF"utilities/fsl_str.d" -MT"utilities/fsl_str.o" -MT"utilities/fsl_str.d" -o "utilities/fsl_str.o" "../utilities/fsl_str.c"
arm-none-eabi-gcc -D__REDLIB__ -DCPU_MK64FN1M0VLL12 -DCPU_MK64FN1M0VLL12_cm4 -DFSL_RTOS_BM -DSDK_OS_BAREMETAL -DSDK_DEBUGCONSOLE=0 -DCR_INTEGER_PRINTF -DPRINTF_FLOAT_ENABLE=0 -DSERIAL_PORT_TYPE_UART=1 -D__MCUXPRESSO -D__USE_CMSIS -DDEBUG -I"C:\Users\Guido\Documents\GitHub\LaboDeMicrosTPF\TestS\SD_TEST_README\SD_WRAPPER\sdmmc\inc" -I"C:\Users\Guido\Documents\GitHub\LaboDeMicrosTPF\TestS\SD_TEST_README\SD_WRAPPER\sdmmc\host" -I"C:\Users\Guido\Documents\GitHub\LaboDeMicrosTPF\TestS\SD_TEST_README\SD_WRAPPER\drivers" -I"C:\Users\Guido\Documents\GitHub\LaboDeMicrosTPF\TestS\SD_TEST_README\SD_WRAPPER\fatfs\source" -I"C:\Users\Guido\Documents\GitHub\LaboDeMicrosTPF\TestS\SD_TEST_README\SD_WRAPPER\fatfs\source\fsl_usb_disk" -I"C:\Users\Guido\Documents\GitHub\LaboDeMicrosTPF\TestS\SD_TEST_README\SD_WRAPPER\component\serial_manager" -I"C:\Users\Guido\Documents\GitHub\LaboDeMicrosTPF\TestS\SD_TEST_README\SD_WRAPPER\sdmmc\osa" -I"C:\Users\Guido\Documents\GitHub\LaboDeMicrosTPF\TestS\SD_TEST_README\SD_WRAPPER\fatfs\source\fsl_mmc_disk" -I"C:\Users\Guido\Documents\GitHub\LaboDeMicrosTPF\TestS\SD_TEST_README\SD_WRAPPER\usb\host\class" -I"C:\Users\Guido\Documents\GitHub\LaboDeMicrosTPF\TestS\SD_TEST_README\SD_WRAPPER\fatfs\source\fsl_sdspi_disk" -I"C:\Users\Guido\Documents\GitHub\LaboDeMicrosTPF\TestS\SD_TEST_README\SD_WRAPPER\CMSIS" -I"C:\Users\Guido\Documents\GitHub\LaboDeMicrosTPF\TestS\SD_TEST_README\SD_WRAPPER\fatfs\source\fsl_ram_disk" -I"C:\Users\Guido\Documents\GitHub\LaboDeMicrosTPF\TestS\SD_TEST_README\SD_WRAPPER\usb\host" -I"C:\Users\Guido\Documents\GitHub\LaboDeMicrosTPF\TestS\SD_TEST_README\SD_WRAPPER\source" -I"C:\Users\Guido\Documents\GitHub\LaboDeMicrosTPF\TestS\SD_TEST_README\SD_WRAPPER\device" -I"C:\Users\Guido\Documents\GitHub\LaboDeMicrosTPF\TestS\SD_TEST_README\SD_WRAPPER\component\lists" -I"C:\Users\Guido\Documents\GitHub\LaboDeMicrosTPF\TestS\SD_TEST_README\SD_WRAPPER\component\uart" -I"C:\Users\Guido\Documents\GitHub\LaboDeMicrosTPF\TestS\SD_TEST_README\SD_WRAPPER\component\osa" -I"C:\Users\Guido\Documents\GitHub\LaboDeMicrosTPF\TestS\SD_TEST_README\SD_WRAPPER\usb\include" -I"C:\Users\Guido\Documents\GitHub\LaboDeMicrosTPF\TestS\SD_TEST_README\SD_WRAPPER\utilities" -I"C:\Users\Guido\Documents\GitHub\LaboDeMicrosTPF\TestS\SD_TEST_README\SD_WRAPPER\fatfs\source\fsl_sd_disk" -I"C:\Users\Guido\Documents\GitHub\LaboDeMicrosTPF\TestS\SD_TEST_README\SD_WRAPPER\source\generated" -I"C:\Users\Guido\Documents\GitHub\LaboDeMicrosTPF\TestS\SD_TEST_README\SD_WRAPPER\usb\host\class" -I"C:\Users\Guido\Documents\GitHub\LaboDeMicrosTPF\TestS\SD_TEST_README\SD_WRAPPER\sdmmc\inc" -I"C:\Users\Guido\Documents\GitHub\LaboDeMicrosTPF\TestS\SD_TEST_README\SD_WRAPPER\usb\host" -I"C:\Users\Guido\Documents\GitHub\LaboDeMicrosTPF\TestS\SD_TEST_README\SD_WRAPPER\CMSIS" -I"C:\Users\Guido\Documents\GitHub\LaboDeMicrosTPF\TestS\SD_TEST_README\SD_WRAPPER\drivers" -I"C:\Users\Guido\Documents\GitHub\LaboDeMicrosTPF\TestS\SD_TEST_README\SD_WRAPPER\fatfs\source\fsl_ram_disk" -I"C:\Users\Guido\Documents\GitHub\LaboDeMicrosTPF\TestS\SD_TEST_README\SD_WRAPPER\component\osa" -I"C:\Users\Guido\Documents\GitHub\LaboDeMicrosTPF\TestS\SD_TEST_README\SD_WRAPPER\sdmmc\osa" -I"C:\Users\Guido\Documents\GitHub\LaboDeMicrosTPF\TestS\SD_TEST_README\SD_WRAPPER\fatfs\source\fsl_sdspi_disk" -I"C:\Users\Guido\Documents\GitHub\LaboDeMicrosTPF\TestS\SD_TEST_README\SD_WRAPPER\sdmmc\host" -I"C:\Users\Guido\Documents\GitHub\LaboDeMicrosTPF\TestS\SD_TEST_README\SD_WRAPPER\component\uart" -I"C:\Users\Guido\Documents\GitHub\LaboDeMicrosTPF\TestS\SD_TEST_README\SD_WRAPPER\component\serial_manager" -I"C:\Users\Guido\Documents\GitHub\LaboDeMicrosTPF\TestS\SD_TEST_README\SD_WRAPPER\fatfs\source\fsl_usb_disk" -I"C:\Users\Guido\Documents\GitHub\LaboDeMicrosTPF\TestS\SD_TEST_README\SD_WRAPPER\source\generated" -I"C:\Users\Guido\Documents\GitHub\LaboDeMicrosTPF\TestS\SD_TEST_README\SD_WRAPPER\fatfs\source\fsl_mmc_disk" -I"C:\Users\Guido\Documents\GitHub\LaboDeMicrosTPF\TestS\SD_TEST_README\SD_WRAPPER\usb\include" -I"C:\Users\Guido\Documents\GitHub\LaboDeMicrosTPF\TestS\SD_TEST_README\SD_WRAPPER\device" -I"C:\Users\Guido\Documents\GitHub\LaboDeMicrosTPF\TestS\SD_TEST_README\SD_WRAPPER\component\lists" -I"C:\Users\Guido\Documents\GitHub\LaboDeMicrosTPF\TestS\SD_TEST_README\SD_WRAPPER\fatfs\source\fsl_sd_disk" -I"C:\Users\Guido\Documents\GitHub\LaboDeMicrosTPF\TestS\SD_TEST_README\SD_WRAPPER\utilities" -I"C:\Users\Guido\Documents\GitHub\LaboDeMicrosTPF\TestS\SD_TEST_README\SD_WRAPPER\fatfs\source" -I"C:\Users\Guido\Documents\GitHub\LaboDeMicrosTPF\TestS\SD_TEST_README\SD_WRAPPER\source" -I"C:\Users\Guido\Documents\GitHub\LaboDeMicrosTPF\TestS\SD_TEST_README\SD_WRAPPER\board" -I"C:\Users\Guido\Documents\GitHub\LaboDeMicrosTPF\TestS\SD_TEST_README\SD_WRAPPER" -O0 -fno-common -g3 -Wall -c -ffunction-sections -fdata-sections -ffreestanding -fno-builtin -fmerge-constants -fmacro-prefix-map="../usb/host/class/"=. -mcpu=cortex-m4 -mfpu=fpv4-sp-d16 -mfloat-abi=hard -mthumb -D__REDLIB__ -fstack-usage -specs=redlib.specs -MMD -MP -MF"usb/host/class/usb_host_hub.d" -MT"usb/host/class/usb_host_hub.o" -MT"usb/host/class/usb_host_hub.d" -o "usb/host/class/usb_host_hub.o" "../usb/host/class/usb_host_hub.c"
arm-none-eabi-gcc -D__REDLIB__ -DCPU_MK64FN1M0VLL12 -DCPU_MK64FN1M0VLL12_cm4 -DFSL_RTOS_BM -DSDK_OS_BAREMETAL -DSDK_DEBUGCONSOLE=0 -DCR_INTEGER_PRINTF -DPRINTF_FLOAT_ENABLE=0 -DSERIAL_PORT_TYPE_UART=1 -D__MCUXPRESSO -D__USE_CMSIS -DDEBUG -I"C:\Users\Guido\Documents\GitHub\LaboDeMicrosTPF\TestS\SD_TEST_README\SD_WRAPPER\sdmmc\inc" -I"C:\Users\Guido\Documents\GitHub\LaboDeMicrosTPF\TestS\SD_TEST_README\SD_WRAPPER\sdmmc\host" -I"C:\Users\Guido\Documents\GitHub\LaboDeMicrosTPF\TestS\SD_TEST_README\SD_WRAPPER\drivers" -I"C:\Users\Guido\Documents\GitHub\LaboDeMicrosTPF\TestS\SD_TEST_README\SD_WRAPPER\fatfs\source" -I"C:\Users\Guido\Documents\GitHub\LaboDeMicrosTPF\TestS\SD_TEST_README\SD_WRAPPER\fatfs\source\fsl_usb_disk" -I"C:\Users\Guido\Documents\GitHub\LaboDeMicrosTPF\TestS\SD_TEST_README\SD_WRAPPER\component\serial_manager" -I"C:\Users\Guido\Documents\GitHub\LaboDeMicrosTPF\TestS\SD_TEST_README\SD_WRAPPER\sdmmc\osa" -I"C:\Users\Guido\Documents\GitHub\LaboDeMicrosTPF\TestS\SD_TEST_README\SD_WRAPPER\fatfs\source\fsl_mmc_disk" -I"C:\Users\Guido\Documents\GitHub\LaboDeMicrosTPF\TestS\SD_TEST_README\SD_WRAPPER\usb\host\class" -I"C:\Users\Guido\Documents\GitHub\LaboDeMicrosTPF\TestS\SD_TEST_README\SD_WRAPPER\fatfs\source\fsl_sdspi_disk" -I"C:\Users\Guido\Documents\GitHub\LaboDeMicrosTPF\TestS\SD_TEST_README\SD_WRAPPER\CMSIS" -I"C:\Users\Guido\Documents\GitHub\LaboDeMicrosTPF\TestS\SD_TEST_README\SD_WRAPPER\fatfs\source\fsl_ram_disk" -I"C:\Users\Guido\Documents\GitHub\LaboDeMicrosTPF\TestS\SD_TEST_README\SD_WRAPPER\usb\host" -I"C:\Users\Guido\Documents\GitHub\LaboDeMicrosTPF\TestS\SD_TEST_README\SD_WRAPPER\source" -I"C:\Users\Guido\Documents\GitHub\LaboDeMicrosTPF\TestS\SD_TEST_README\SD_WRAPPER\device" -I"C:\Users\Guido\Documents\GitHub\LaboDeMicrosTPF\TestS\SD_TEST_README\SD_WRAPPER\component\lists" -I"C:\Users\Guido\Documents\GitHub\LaboDeMicrosTPF\TestS\SD_TEST_README\SD_WRAPPER\component\uart" -I"C:\Users\Guido\Documents\GitHub\LaboDeMicrosTPF\TestS\SD_TEST_README\SD_WRAPPER\component\osa" -I"C:\Users\Guido\Documents\GitHub\LaboDeMicrosTPF\TestS\SD_TEST_README\SD_WRAPPER\usb\include" -I"C:\Users\Guido\Documents\GitHub\LaboDeMicrosTPF\TestS\SD_TEST_README\SD_WRAPPER\utilities" -I"C:\Users\Guido\Documents\GitHub\LaboDeMicrosTPF\TestS\SD_TEST_README\SD_WRAPPER\fatfs\source\fsl_sd_disk" -I"C:\Users\Guido\Documents\GitHub\LaboDeMicrosTPF\TestS\SD_TEST_README\SD_WRAPPER\source\generated" -I"C:\Users\Guido\Documents\GitHub\LaboDeMicrosTPF\TestS\SD_TEST_README\SD_WRAPPER\usb\host\class" -I"C:\Users\Guido\Documents\GitHub\LaboDeMicrosTPF\TestS\SD_TEST_README\SD_WRAPPER\sdmmc\inc" -I"C:\Users\Guido\Documents\GitHub\LaboDeMicrosTPF\TestS\SD_TEST_README\SD_WRAPPER\usb\host" -I"C:\Users\Guido\Documents\GitHub\LaboDeMicrosTPF\TestS\SD_TEST_README\SD_WRAPPER\CMSIS" -I"C:\Users\Guido\Documents\GitHub\LaboDeMicrosTPF\TestS\SD_TEST_README\SD_WRAPPER\drivers" -I"C:\Users\Guido\Documents\GitHub\LaboDeMicrosTPF\TestS\SD_TEST_README\SD_WRAPPER\fatfs\source\fsl_ram_disk" -I"C:\Users\Guido\Documents\GitHub\LaboDeMicrosTPF\TestS\SD_TEST_README\SD_WRAPPER\component\osa" -I"C:\Users\Guido\Documents\GitHub\LaboDeMicrosTPF\TestS\SD_TEST_README\SD_WRAPPER\sdmmc\osa" -I"C:\Users\Guido\Documents\GitHub\LaboDeMicrosTPF\TestS\SD_TEST_README\SD_WRAPPER\fatfs\source\fsl_sdspi_disk" -I"C:\Users\Guido\Documents\GitHub\LaboDeMicrosTPF\TestS\SD_TEST_README\SD_WRAPPER\sdmmc\host" -I"C:\Users\Guido\Documents\GitHub\LaboDeMicrosTPF\TestS\SD_TEST_README\SD_WRAPPER\component\uart" -I"C:\Users\Guido\Documents\GitHub\LaboDeMicrosTPF\TestS\SD_TEST_README\SD_WRAPPER\component\serial_manager" -I"C:\Users\Guido\Documents\GitHub\LaboDeMicrosTPF\TestS\SD_TEST_README\SD_WRAPPER\fatfs\source\fsl_usb_disk" -I"C:\Users\Guido\Documents\GitHub\LaboDeMicrosTPF\TestS\SD_TEST_README\SD_WRAPPER\source\generated" -I"C:\Users\Guido\Documents\GitHub\LaboDeMicrosTPF\TestS\SD_TEST_README\SD_WRAPPER\fatfs\source\fsl_mmc_disk" -I"C:\Users\Guido\Documents\GitHub\LaboDeMicrosTPF\TestS\SD_TEST_README\SD_WRAPPER\usb\include" -I"C:\Users\Guido\Documents\GitHub\LaboDeMicrosTPF\TestS\SD_TEST_README\SD_WRAPPER\device" -I"C:\Users\Guido\Documents\GitHub\LaboDeMicrosTPF\TestS\SD_TEST_README\SD_WRAPPER\component\lists" -I"C:\Users\Guido\Documents\GitHub\LaboDeMicrosTPF\TestS\SD_TEST_README\SD_WRAPPER\fatfs\source\fsl_sd_disk" -I"C:\Users\Guido\Documents\GitHub\LaboDeMicrosTPF\TestS\SD_TEST_README\SD_WRAPPER\utilities" -I"C:\Users\Guido\Documents\GitHub\LaboDeMicrosTPF\TestS\SD_TEST_README\SD_WRAPPER\fatfs\source" -I"C:\Users\Guido\Documents\GitHub\LaboDeMicrosTPF\TestS\SD_TEST_README\SD_WRAPPER\source" -I"C:\Users\Guido\Documents\GitHub\LaboDeMicrosTPF\TestS\SD_TEST_README\SD_WRAPPER\board" -I"C:\Users\Guido\Documents\GitHub\LaboDeMicrosTPF\TestS\SD_TEST_README\SD_WRAPPER" -O0 -fno-common -g3 -Wall -c -ffunction-sections -fdata-sections -ffreestanding -fno-builtin -fmerge-constants -fmacro-prefix-map="../usb/host/class/"=. -mcpu=cortex-m4 -mfpu=fpv4-sp-d16 -mfloat-abi=hard -mthumb -D__REDLIB__ -fstack-usage -specs=redlib.specs -MMD -MP -MF"usb/host/class/usb_host_hub_app.d" -MT"usb/host/class/usb_host_hub_app.o" -MT"usb/host/class/usb_host_hub_app.d" -o "usb/host/class/usb_host_hub_app.o" "../usb/host/class/usb_host_hub_app.c"
Finished building: ../utilities/fsl_debug_console.c
 
Building file: ../usb/host/class/usb_host_msd.c
Finished building: ../usb/host/class/usb_host_hub.c
Invoking: MCU C Compiler
 
arm-none-eabi-gcc -D__REDLIB__ -DCPU_MK64FN1M0VLL12 -DCPU_MK64FN1M0VLL12_cm4 -DFSL_RTOS_BM -DSDK_OS_BAREMETAL -DSDK_DEBUGCONSOLE=0 -DCR_INTEGER_PRINTF -DPRINTF_FLOAT_ENABLE=0 -DSERIAL_PORT_TYPE_UART=1 -D__MCUXPRESSO -D__USE_CMSIS -DDEBUG -I"C:\Users\Guido\Documents\GitHub\LaboDeMicrosTPF\TestS\SD_TEST_README\SD_WRAPPER\sdmmc\inc" -I"C:\Users\Guido\Documents\GitHub\LaboDeMicrosTPF\TestS\SD_TEST_README\SD_WRAPPER\sdmmc\host" -I"C:\Users\Guido\Documents\GitHub\LaboDeMicrosTPF\TestS\SD_TEST_README\SD_WRAPPER\drivers" -I"C:\Users\Guido\Documents\GitHub\LaboDeMicrosTPF\TestS\SD_TEST_README\SD_WRAPPER\fatfs\source" -I"C:\Users\Guido\Documents\GitHub\LaboDeMicrosTPF\TestS\SD_TEST_README\SD_WRAPPER\fatfs\source\fsl_usb_disk" -I"C:\Users\Guido\Documents\GitHub\LaboDeMicrosTPF\TestS\SD_TEST_README\SD_WRAPPER\component\serial_manager" -I"C:\Users\Guido\Documents\GitHub\LaboDeMicrosTPF\TestS\SD_TEST_README\SD_WRAPPER\sdmmc\osa" -I"C:\Users\Guido\Documents\GitHub\LaboDeMicrosTPF\TestS\SD_TEST_README\SD_WRAPPER\fatfs\source\fsl_mmc_disk" -I"C:\Users\Guido\Documents\GitHub\LaboDeMicrosTPF\TestS\SD_TEST_README\SD_WRAPPER\usb\host\class" -I"C:\Users\Guido\Documents\GitHub\LaboDeMicrosTPF\TestS\SD_TEST_README\SD_WRAPPER\fatfs\source\fsl_sdspi_disk" -I"C:\Users\Guido\Documents\GitHub\LaboDeMicrosTPF\TestS\SD_TEST_README\SD_WRAPPER\CMSIS" -I"C:\Users\Guido\Documents\GitHub\LaboDeMicrosTPF\TestS\SD_TEST_README\SD_WRAPPER\fatfs\source\fsl_ram_disk" -I"C:\Users\Guido\Documents\GitHub\LaboDeMicrosTPF\TestS\SD_TEST_README\SD_WRAPPER\usb\host" -I"C:\Users\Guido\Documents\GitHub\LaboDeMicrosTPF\TestS\SD_TEST_README\SD_WRAPPER\source" -I"C:\Users\Guido\Documents\GitHub\LaboDeMicrosTPF\TestS\SD_TEST_README\SD_WRAPPER\device" -I"C:\Users\Guido\Documents\GitHub\LaboDeMicrosTPF\TestS\SD_TEST_README\SD_WRAPPER\component\lists" -I"C:\Users\Guido\Documents\GitHub\LaboDeMicrosTPF\TestS\SD_TEST_README\SD_WRAPPER\component\uart" -I"C:\Users\Guido\Documents\GitHub\LaboDeMicrosTPF\TestS\SD_TEST_README\SD_WRAPPER\component\osa" -I"C:\Users\Guido\Documents\GitHub\LaboDeMicrosTPF\TestS\SD_TEST_README\SD_WRAPPER\usb\include" -I"C:\Users\Guido\Documents\GitHub\LaboDeMicrosTPF\TestS\SD_TEST_README\SD_WRAPPER\utilities" -I"C:\Users\Guido\Documents\GitHub\LaboDeMicrosTPF\TestS\SD_TEST_README\SD_WRAPPER\fatfs\source\fsl_sd_disk" -I"C:\Users\Guido\Documents\GitHub\LaboDeMicrosTPF\TestS\SD_TEST_README\SD_WRAPPER\source\generated" -I"C:\Users\Guido\Documents\GitHub\LaboDeMicrosTPF\TestS\SD_TEST_README\SD_WRAPPER\usb\host\class" -I"C:\Users\Guido\Documents\GitHub\LaboDeMicrosTPF\TestS\SD_TEST_README\SD_WRAPPER\sdmmc\inc" -I"C:\Users\Guido\Documents\GitHub\LaboDeMicrosTPF\TestS\SD_TEST_README\SD_WRAPPER\usb\host" -I"C:\Users\Guido\Documents\GitHub\LaboDeMicrosTPF\TestS\SD_TEST_README\SD_WRAPPER\CMSIS" -I"C:\Users\Guido\Documents\GitHub\LaboDeMicrosTPF\TestS\SD_TEST_README\SD_WRAPPER\drivers" -I"C:\Users\Guido\Documents\GitHub\LaboDeMicrosTPF\TestS\SD_TEST_README\SD_WRAPPER\fatfs\source\fsl_ram_disk" -I"C:\Users\Guido\Documents\GitHub\LaboDeMicrosTPF\TestS\SD_TEST_README\SD_WRAPPER\component\osa" -I"C:\Users\Guido\Documents\GitHub\LaboDeMicrosTPF\TestS\SD_TEST_README\SD_WRAPPER\sdmmc\osa" -I"C:\Users\Guido\Documents\GitHub\LaboDeMicrosTPF\TestS\SD_TEST_README\SD_WRAPPER\fatfs\source\fsl_sdspi_disk" -I"C:\Users\Guido\Documents\GitHub\LaboDeMicrosTPF\TestS\SD_TEST_README\SD_WRAPPER\sdmmc\host" -I"C:\Users\Guido\Documents\GitHub\LaboDeMicrosTPF\TestS\SD_TEST_README\SD_WRAPPER\component\uart" -I"C:\Users\Guido\Documents\GitHub\LaboDeMicrosTPF\TestS\SD_TEST_README\SD_WRAPPER\component\serial_manager" -I"C:\Users\Guido\Documents\GitHub\LaboDeMicrosTPF\TestS\SD_TEST_README\SD_WRAPPER\fatfs\source\fsl_usb_disk" -I"C:\Users\Guido\Documents\GitHub\LaboDeMicrosTPF\TestS\SD_TEST_README\SD_WRAPPER\source\generated" -I"C:\Users\Guido\Documents\GitHub\LaboDeMicrosTPF\TestS\SD_TEST_README\SD_WRAPPER\fatfs\source\fsl_mmc_disk" -I"C:\Users\Guido\Documents\GitHub\LaboDeMicrosTPF\TestS\SD_TEST_README\SD_WRAPPER\usb\include" -I"C:\Users\Guido\Documents\GitHub\LaboDeMicrosTPF\TestS\SD_TEST_README\SD_WRAPPER\device" -I"C:\Users\Guido\Documents\GitHub\LaboDeMicrosTPF\TestS\SD_TEST_README\SD_WRAPPER\component\lists" -I"C:\Users\Guido\Documents\GitHub\LaboDeMicrosTPF\TestS\SD_TEST_README\SD_WRAPPER\fatfs\source\fsl_sd_disk" -I"C:\Users\Guido\Documents\GitHub\LaboDeMicrosTPF\TestS\SD_TEST_README\SD_WRAPPER\utilities" -I"C:\Users\Guido\Documents\GitHub\LaboDeMicrosTPF\TestS\SD_TEST_README\SD_WRAPPER\fatfs\source" -I"C:\Users\Guido\Documents\GitHub\LaboDeMicrosTPF\TestS\SD_TEST_README\SD_WRAPPER\source" -I"C:\Users\Guido\Documents\GitHub\LaboDeMicrosTPF\TestS\SD_TEST_README\SD_WRAPPER\board" -I"C:\Users\Guido\Documents\GitHub\LaboDeMicrosTPF\TestS\SD_TEST_README\SD_WRAPPER" -O0 -fno-common -g3 -Wall -c -ffunction-sections -fdata-sections -ffreestanding -fno-builtin -fmerge-constants -fmacro-prefix-map="../usb/host/class/"=. -mcpu=cortex-m4 -mfpu=fpv4-sp-d16 -mfloat-abi=hard -mthumb -D__REDLIB__ -fstack-usage -specs=redlib.specs -MMD -MP -MF"usb/host/class/usb_host_msd.d" -MT"usb/host/class/usb_host_msd.o" -MT"usb/host/class/usb_host_msd.d" -o "usb/host/class/usb_host_msd.o" "../usb/host/class/usb_host_msd.c"
Building file: ../usb/host/class/usb_host_msd_ufi.c
Finished building: ../usb/host/class/usb_host_hub_app.c
Invoking: MCU C Compiler
 
arm-none-eabi-gcc -D__REDLIB__ -DCPU_MK64FN1M0VLL12 -DCPU_MK64FN1M0VLL12_cm4 -DFSL_RTOS_BM -DSDK_OS_BAREMETAL -DSDK_DEBUGCONSOLE=0 -DCR_INTEGER_PRINTF -DPRINTF_FLOAT_ENABLE=0 -DSERIAL_PORT_TYPE_UART=1 -D__MCUXPRESSO -D__USE_CMSIS -DDEBUG -I"C:\Users\Guido\Documents\GitHub\LaboDeMicrosTPF\TestS\SD_TEST_README\SD_WRAPPER\sdmmc\inc" -I"C:\Users\Guido\Documents\GitHub\LaboDeMicrosTPF\TestS\SD_TEST_README\SD_WRAPPER\sdmmc\host" -I"C:\Users\Guido\Documents\GitHub\LaboDeMicrosTPF\TestS\SD_TEST_README\SD_WRAPPER\drivers" -I"C:\Users\Guido\Documents\GitHub\LaboDeMicrosTPF\TestS\SD_TEST_README\SD_WRAPPER\fatfs\source" -I"C:\Users\Guido\Documents\GitHub\LaboDeMicrosTPF\TestS\SD_TEST_README\SD_WRAPPER\fatfs\source\fsl_usb_disk" -I"C:\Users\Guido\Documents\GitHub\LaboDeMicrosTPF\TestS\SD_TEST_README\SD_WRAPPER\component\serial_manager" -I"C:\Users\Guido\Documents\GitHub\LaboDeMicrosTPF\TestS\SD_TEST_README\SD_WRAPPER\sdmmc\osa" -I"C:\Users\Guido\Documents\GitHub\LaboDeMicrosTPF\TestS\SD_TEST_README\SD_WRAPPER\fatfs\source\fsl_mmc_disk" -I"C:\Users\Guido\Documents\GitHub\LaboDeMicrosTPF\TestS\SD_TEST_README\SD_WRAPPER\usb\host\class" -I"C:\Users\Guido\Documents\GitHub\LaboDeMicrosTPF\TestS\SD_TEST_README\SD_WRAPPER\fatfs\source\fsl_sdspi_disk" -I"C:\Users\Guido\Documents\GitHub\LaboDeMicrosTPF\TestS\SD_TEST_README\SD_WRAPPER\CMSIS" -I"C:\Users\Guido\Documents\GitHub\LaboDeMicrosTPF\TestS\SD_TEST_README\SD_WRAPPER\fatfs\source\fsl_ram_disk" -I"C:\Users\Guido\Documents\GitHub\LaboDeMicrosTPF\TestS\SD_TEST_README\SD_WRAPPER\usb\host" -I"C:\Users\Guido\Documents\GitHub\LaboDeMicrosTPF\TestS\SD_TEST_README\SD_WRAPPER\source" -I"C:\Users\Guido\Documents\GitHub\LaboDeMicrosTPF\TestS\SD_TEST_README\SD_WRAPPER\device" -I"C:\Users\Guido\Documents\GitHub\LaboDeMicrosTPF\TestS\SD_TEST_README\SD_WRAPPER\component\lists" -I"C:\Users\Guido\Documents\GitHub\LaboDeMicrosTPF\TestS\SD_TEST_README\SD_WRAPPER\component\uart" -I"C:\Users\Guido\Documents\GitHub\LaboDeMicrosTPF\TestS\SD_TEST_README\SD_WRAPPER\component\osa" -I"C:\Users\Guido\Documents\GitHub\LaboDeMicrosTPF\TestS\SD_TEST_README\SD_WRAPPER\usb\include" -I"C:\Users\Guido\Documents\GitHub\LaboDeMicrosTPF\TestS\SD_TEST_README\SD_WRAPPER\utilities" -I"C:\Users\Guido\Documents\GitHub\LaboDeMicrosTPF\TestS\SD_TEST_README\SD_WRAPPER\fatfs\source\fsl_sd_disk" -I"C:\Users\Guido\Documents\GitHub\LaboDeMicrosTPF\TestS\SD_TEST_README\SD_WRAPPER\source\generated" -I"C:\Users\Guido\Documents\GitHub\LaboDeMicrosTPF\TestS\SD_TEST_README\SD_WRAPPER\usb\host\class" -I"C:\Users\Guido\Documents\GitHub\LaboDeMicrosTPF\TestS\SD_TEST_README\SD_WRAPPER\sdmmc\inc" -I"C:\Users\Guido\Documents\GitHub\LaboDeMicrosTPF\TestS\SD_TEST_README\SD_WRAPPER\usb\host" -I"C:\Users\Guido\Documents\GitHub\LaboDeMicrosTPF\TestS\SD_TEST_README\SD_WRAPPER\CMSIS" -I"C:\Users\Guido\Documents\GitHub\LaboDeMicrosTPF\TestS\SD_TEST_README\SD_WRAPPER\drivers" -I"C:\Users\Guido\Documents\GitHub\LaboDeMicrosTPF\TestS\SD_TEST_README\SD_WRAPPER\fatfs\source\fsl_ram_disk" -I"C:\Users\Guido\Documents\GitHub\LaboDeMicrosTPF\TestS\SD_TEST_README\SD_WRAPPER\component\osa" -I"C:\Users\Guido\Documents\GitHub\LaboDeMicrosTPF\TestS\SD_TEST_README\SD_WRAPPER\sdmmc\osa" -I"C:\Users\Guido\Documents\GitHub\LaboDeMicrosTPF\TestS\SD_TEST_README\SD_WRAPPER\fatfs\source\fsl_sdspi_disk" -I"C:\Users\Guido\Documents\GitHub\LaboDeMicrosTPF\TestS\SD_TEST_README\SD_WRAPPER\sdmmc\host" -I"C:\Users\Guido\Documents\GitHub\LaboDeMicrosTPF\TestS\SD_TEST_README\SD_WRAPPER\component\uart" -I"C:\Users\Guido\Documents\GitHub\LaboDeMicrosTPF\TestS\SD_TEST_README\SD_WRAPPER\component\serial_manager" -I"C:\Users\Guido\Documents\GitHub\LaboDeMicrosTPF\TestS\SD_TEST_README\SD_WRAPPER\fatfs\source\fsl_usb_disk" -I"C:\Users\Guido\Documents\GitHub\LaboDeMicrosTPF\TestS\SD_TEST_README\SD_WRAPPER\source\generated" -I"C:\Users\Guido\Documents\GitHub\LaboDeMicrosTPF\TestS\SD_TEST_README\SD_WRAPPER\fatfs\source\fsl_mmc_disk" -I"C:\Users\Guido\Documents\GitHub\LaboDeMicrosTPF\TestS\SD_TEST_README\SD_WRAPPER\usb\include" -I"C:\Users\Guido\Documents\GitHub\LaboDeMicrosTPF\TestS\SD_TEST_README\SD_WRAPPER\device" -I"C:\Users\Guido\Documents\GitHub\LaboDeMicrosTPF\TestS\SD_TEST_README\SD_WRAPPER\component\lists" -I"C:\Users\Guido\Documents\GitHub\LaboDeMicrosTPF\TestS\SD_TEST_README\SD_WRAPPER\fatfs\source\fsl_sd_disk" -I"C:\Users\Guido\Documents\GitHub\LaboDeMicrosTPF\TestS\SD_TEST_README\SD_WRAPPER\utilities" -I"C:\Users\Guido\Documents\GitHub\LaboDeMicrosTPF\TestS\SD_TEST_README\SD_WRAPPER\fatfs\source" -I"C:\Users\Guido\Documents\GitHub\LaboDeMicrosTPF\TestS\SD_TEST_README\SD_WRAPPER\source" -I"C:\Users\Guido\Documents\GitHub\LaboDeMicrosTPF\TestS\SD_TEST_README\SD_WRAPPER\board" -I"C:\Users\Guido\Documents\GitHub\LaboDeMicrosTPF\TestS\SD_TEST_README\SD_WRAPPER" -O0 -fno-common -g3 -Wall -c -ffunction-sections -fdata-sections -ffreestanding -fno-builtin -fmerge-constants -fmacro-prefix-map="../usb/host/class/"=. -mcpu=cortex-m4 -mfpu=fpv4-sp-d16 -mfloat-abi=hard -mthumb -D__REDLIB__ -fstack-usage -specs=redlib.specs -MMD -MP -MF"usb/host/class/usb_host_msd_ufi.d" -MT"usb/host/class/usb_host_msd_ufi.o" -MT"usb/host/class/usb_host_msd_ufi.d" -o "usb/host/class/usb_host_msd_ufi.o" "../usb/host/class/usb_host_msd_ufi.c"
Building file: ../usb/host/usb_host_devices.c
Invoking: MCU C Compiler
arm-none-eabi-gcc -D__REDLIB__ -DCPU_MK64FN1M0VLL12 -DCPU_MK64FN1M0VLL12_cm4 -DFSL_RTOS_BM -DSDK_OS_BAREMETAL -DSDK_DEBUGCONSOLE=0 -DCR_INTEGER_PRINTF -DPRINTF_FLOAT_ENABLE=0 -DSERIAL_PORT_TYPE_UART=1 -D__MCUXPRESSO -D__USE_CMSIS -DDEBUG -I"C:\Users\Guido\Documents\GitHub\LaboDeMicrosTPF\TestS\SD_TEST_README\SD_WRAPPER\sdmmc\inc" -I"C:\Users\Guido\Documents\GitHub\LaboDeMicrosTPF\TestS\SD_TEST_README\SD_WRAPPER\sdmmc\host" -I"C:\Users\Guido\Documents\GitHub\LaboDeMicrosTPF\TestS\SD_TEST_README\SD_WRAPPER\drivers" -I"C:\Users\Guido\Documents\GitHub\LaboDeMicrosTPF\TestS\SD_TEST_README\SD_WRAPPER\fatfs\source" -I"C:\Users\Guido\Documents\GitHub\LaboDeMicrosTPF\TestS\SD_TEST_README\SD_WRAPPER\fatfs\source\fsl_usb_disk" -I"C:\Users\Guido\Documents\GitHub\LaboDeMicrosTPF\TestS\SD_TEST_README\SD_WRAPPER\component\serial_manager" -I"C:\Users\Guido\Documents\GitHub\LaboDeMicrosTPF\TestS\SD_TEST_README\SD_WRAPPER\sdmmc\osa" -I"C:\Users\Guido\Documents\GitHub\LaboDeMicrosTPF\TestS\SD_TEST_README\SD_WRAPPER\fatfs\source\fsl_mmc_disk" -I"C:\Users\Guido\Documents\GitHub\LaboDeMicrosTPF\TestS\SD_TEST_README\SD_WRAPPER\usb\host\class" -I"C:\Users\Guido\Documents\GitHub\LaboDeMicrosTPF\TestS\SD_TEST_README\SD_WRAPPER\fatfs\source\fsl_sdspi_disk" -I"C:\Users\Guido\Documents\GitHub\LaboDeMicrosTPF\TestS\SD_TEST_README\SD_WRAPPER\CMSIS" -I"C:\Users\Guido\Documents\GitHub\LaboDeMicrosTPF\TestS\SD_TEST_README\SD_WRAPPER\fatfs\source\fsl_ram_disk" -I"C:\Users\Guido\Documents\GitHub\LaboDeMicrosTPF\TestS\SD_TEST_README\SD_WRAPPER\usb\host" -I"C:\Users\Guido\Documents\GitHub\LaboDeMicrosTPF\TestS\SD_TEST_README\SD_WRAPPER\source" -I"C:\Users\Guido\Documents\GitHub\LaboDeMicrosTPF\TestS\SD_TEST_README\SD_WRAPPER\device" -I"C:\Users\Guido\Documents\GitHub\LaboDeMicrosTPF\TestS\SD_TEST_README\SD_WRAPPER\component\lists" -I"C:\Users\Guido\Documents\GitHub\LaboDeMicrosTPF\TestS\SD_TEST_README\SD_WRAPPER\component\uart" -I"C:\Users\Guido\Documents\GitHub\LaboDeMicrosTPF\TestS\SD_TEST_README\SD_WRAPPER\component\osa" -I"C:\Users\Guido\Documents\GitHub\LaboDeMicrosTPF\TestS\SD_TEST_README\SD_WRAPPER\usb\include" -I"C:\Users\Guido\Documents\GitHub\LaboDeMicrosTPF\TestS\SD_TEST_README\SD_WRAPPER\utilities" -I"C:\Users\Guido\Documents\GitHub\LaboDeMicrosTPF\TestS\SD_TEST_README\SD_WRAPPER\fatfs\source\fsl_sd_disk" -I"C:\Users\Guido\Documents\GitHub\LaboDeMicrosTPF\TestS\SD_TEST_README\SD_WRAPPER\source\generated" -I"C:\Users\Guido\Documents\GitHub\LaboDeMicrosTPF\TestS\SD_TEST_README\SD_WRAPPER\usb\host\class" -I"C:\Users\Guido\Documents\GitHub\LaboDeMicrosTPF\TestS\SD_TEST_README\SD_WRAPPER\sdmmc\inc" -I"C:\Users\Guido\Documents\GitHub\LaboDeMicrosTPF\TestS\SD_TEST_README\SD_WRAPPER\usb\host" -I"C:\Users\Guido\Documents\GitHub\LaboDeMicrosTPF\TestS\SD_TEST_README\SD_WRAPPER\CMSIS" -I"C:\Users\Guido\Documents\GitHub\LaboDeMicrosTPF\TestS\SD_TEST_README\SD_WRAPPER\drivers" -I"C:\Users\Guido\Documents\GitHub\LaboDeMicrosTPF\TestS\SD_TEST_README\SD_WRAPPER\fatfs\source\fsl_ram_disk" -I"C:\Users\Guido\Documents\GitHub\LaboDeMicrosTPF\TestS\SD_TEST_README\SD_WRAPPER\component\osa" -I"C:\Users\Guido\Documents\GitHub\LaboDeMicrosTPF\TestS\SD_TEST_README\SD_WRAPPER\sdmmc\osa" -I"C:\Users\Guido\Documents\GitHub\LaboDeMicrosTPF\TestS\SD_TEST_README\SD_WRAPPER\fatfs\source\fsl_sdspi_disk" -I"C:\Users\Guido\Documents\GitHub\LaboDeMicrosTPF\TestS\SD_TEST_README\SD_WRAPPER\sdmmc\host" -I"C:\Users\Guido\Documents\GitHub\LaboDeMicrosTPF\TestS\SD_TEST_README\SD_WRAPPER\component\uart" -I"C:\Users\Guido\Documents\GitHub\LaboDeMicrosTPF\TestS\SD_TEST_README\SD_WRAPPER\component\serial_manager" -I"C:\Users\Guido\Documents\GitHub\LaboDeMicrosTPF\TestS\SD_TEST_README\SD_WRAPPER\fatfs\source\fsl_usb_disk" -I"C:\Users\Guido\Documents\GitHub\LaboDeMicrosTPF\TestS\SD_TEST_README\SD_WRAPPER\source\generated" -I"C:\Users\Guido\Documents\GitHub\LaboDeMicrosTPF\TestS\SD_TEST_README\SD_WRAPPER\fatfs\source\fsl_mmc_disk" -I"C:\Users\Guido\Documents\GitHub\LaboDeMicrosTPF\TestS\SD_TEST_README\SD_WRAPPER\usb\include" -I"C:\Users\Guido\Documents\GitHub\LaboDeMicrosTPF\TestS\SD_TEST_README\SD_WRAPPER\device" -I"C:\Users\Guido\Documents\GitHub\LaboDeMicrosTPF\TestS\SD_TEST_README\SD_WRAPPER\component\lists" -I"C:\Users\Guido\Documents\GitHub\LaboDeMicrosTPF\TestS\SD_TEST_README\SD_WRAPPER\fatfs\source\fsl_sd_disk" -I"C:\Users\Guido\Documents\GitHub\LaboDeMicrosTPF\TestS\SD_TEST_README\SD_WRAPPER\utilities" -I"C:\Users\Guido\Documents\GitHub\LaboDeMicrosTPF\TestS\SD_TEST_README\SD_WRAPPER\fatfs\source" -I"C:\Users\Guido\Documents\GitHub\LaboDeMicrosTPF\TestS\SD_TEST_README\SD_WRAPPER\source" -I"C:\Users\Guido\Documents\GitHub\LaboDeMicrosTPF\TestS\SD_TEST_README\SD_WRAPPER\board" -I"C:\Users\Guido\Documents\GitHub\LaboDeMicrosTPF\TestS\SD_TEST_README\SD_WRAPPER" -O0 -fno-common -g3 -Wall -c -ffunction-sections -fdata-sections -ffreestanding -fno-builtin -fmerge-constants -fmacro-prefix-map="../usb/host/"=. -mcpu=cortex-m4 -mfpu=fpv4-sp-d16 -mfloat-abi=hard -mthumb -D__REDLIB__ -fstack-usage -specs=redlib.specs -MMD -MP -MF"usb/host/usb_host_devices.d" -MT"usb/host/usb_host_devices.o" -MT"usb/host/usb_host_devices.d" -o "usb/host/usb_host_devices.o" "../usb/host/usb_host_devices.c"
Finished building: ../utilities/fsl_str.c
 
Building file: ../usb/host/usb_host_framework.c
Invoking: MCU C Compiler
arm-none-eabi-gcc -D__REDLIB__ -DCPU_MK64FN1M0VLL12 -DCPU_MK64FN1M0VLL12_cm4 -DFSL_RTOS_BM -DSDK_OS_BAREMETAL -DSDK_DEBUGCONSOLE=0 -DCR_INTEGER_PRINTF -DPRINTF_FLOAT_ENABLE=0 -DSERIAL_PORT_TYPE_UART=1 -D__MCUXPRESSO -D__USE_CMSIS -DDEBUG -I"C:\Users\Guido\Documents\GitHub\LaboDeMicrosTPF\TestS\SD_TEST_README\SD_WRAPPER\sdmmc\inc" -I"C:\Users\Guido\Documents\GitHub\LaboDeMicrosTPF\TestS\SD_TEST_README\SD_WRAPPER\sdmmc\host" -I"C:\Users\Guido\Documents\GitHub\LaboDeMicrosTPF\TestS\SD_TEST_README\SD_WRAPPER\drivers" -I"C:\Users\Guido\Documents\GitHub\LaboDeMicrosTPF\TestS\SD_TEST_README\SD_WRAPPER\fatfs\source" -I"C:\Users\Guido\Documents\GitHub\LaboDeMicrosTPF\TestS\SD_TEST_README\SD_WRAPPER\fatfs\source\fsl_usb_disk" -I"C:\Users\Guido\Documents\GitHub\LaboDeMicrosTPF\TestS\SD_TEST_README\SD_WRAPPER\component\serial_manager" -I"C:\Users\Guido\Documents\GitHub\LaboDeMicrosTPF\TestS\SD_TEST_README\SD_WRAPPER\sdmmc\osa" -I"C:\Users\Guido\Documents\GitHub\LaboDeMicrosTPF\TestS\SD_TEST_README\SD_WRAPPER\fatfs\source\fsl_mmc_disk" -I"C:\Users\Guido\Documents\GitHub\LaboDeMicrosTPF\TestS\SD_TEST_README\SD_WRAPPER\usb\host\class" -I"C:\Users\Guido\Documents\GitHub\LaboDeMicrosTPF\TestS\SD_TEST_README\SD_WRAPPER\fatfs\source\fsl_sdspi_disk" -I"C:\Users\Guido\Documents\GitHub\LaboDeMicrosTPF\TestS\SD_TEST_README\SD_WRAPPER\CMSIS" -I"C:\Users\Guido\Documents\GitHub\LaboDeMicrosTPF\TestS\SD_TEST_README\SD_WRAPPER\fatfs\source\fsl_ram_disk" -I"C:\Users\Guido\Documents\GitHub\LaboDeMicrosTPF\TestS\SD_TEST_README\SD_WRAPPER\usb\host" -I"C:\Users\Guido\Documents\GitHub\LaboDeMicrosTPF\TestS\SD_TEST_README\SD_WRAPPER\source" -I"C:\Users\Guido\Documents\GitHub\LaboDeMicrosTPF\TestS\SD_TEST_README\SD_WRAPPER\device" -I"C:\Users\Guido\Documents\GitHub\LaboDeMicrosTPF\TestS\SD_TEST_README\SD_WRAPPER\component\lists" -I"C:\Users\Guido\Documents\GitHub\LaboDeMicrosTPF\TestS\SD_TEST_README\SD_WRAPPER\component\uart" -I"C:\Users\Guido\Documents\GitHub\LaboDeMicrosTPF\TestS\SD_TEST_README\SD_WRAPPER\component\osa" -I"C:\Users\Guido\Documents\GitHub\LaboDeMicrosTPF\TestS\SD_TEST_README\SD_WRAPPER\usb\include" -I"C:\Users\Guido\Documents\GitHub\LaboDeMicrosTPF\TestS\SD_TEST_README\SD_WRAPPER\utilities" -I"C:\Users\Guido\Documents\GitHub\LaboDeMicrosTPF\TestS\SD_TEST_README\SD_WRAPPER\fatfs\source\fsl_sd_disk" -I"C:\Users\Guido\Documents\GitHub\LaboDeMicrosTPF\TestS\SD_TEST_README\SD_WRAPPER\source\generated" -I"C:\Users\Guido\Documents\GitHub\LaboDeMicrosTPF\TestS\SD_TEST_README\SD_WRAPPER\usb\host\class" -I"C:\Users\Guido\Documents\GitHub\LaboDeMicrosTPF\TestS\SD_TEST_README\SD_WRAPPER\sdmmc\inc" -I"C:\Users\Guido\Documents\GitHub\LaboDeMicrosTPF\TestS\SD_TEST_README\SD_WRAPPER\usb\host" -I"C:\Users\Guido\Documents\GitHub\LaboDeMicrosTPF\TestS\SD_TEST_README\SD_WRAPPER\CMSIS" -I"C:\Users\Guido\Documents\GitHub\LaboDeMicrosTPF\TestS\SD_TEST_README\SD_WRAPPER\drivers" -I"C:\Users\Guido\Documents\GitHub\LaboDeMicrosTPF\TestS\SD_TEST_README\SD_WRAPPER\fatfs\source\fsl_ram_disk" -I"C:\Users\Guido\Documents\GitHub\LaboDeMicrosTPF\TestS\SD_TEST_README\SD_WRAPPER\component\osa" -I"C:\Users\Guido\Documents\GitHub\LaboDeMicrosTPF\TestS\SD_TEST_README\SD_WRAPPER\sdmmc\osa" -I"C:\Users\Guido\Documents\GitHub\LaboDeMicrosTPF\TestS\SD_TEST_README\SD_WRAPPER\fatfs\source\fsl_sdspi_disk" -I"C:\Users\Guido\Documents\GitHub\LaboDeMicrosTPF\TestS\SD_TEST_README\SD_WRAPPER\sdmmc\host" -I"C:\Users\Guido\Documents\GitHub\LaboDeMicrosTPF\TestS\SD_TEST_README\SD_WRAPPER\component\uart" -I"C:\Users\Guido\Documents\GitHub\LaboDeMicrosTPF\TestS\SD_TEST_README\SD_WRAPPER\component\serial_manager" -I"C:\Users\Guido\Documents\GitHub\LaboDeMicrosTPF\TestS\SD_TEST_README\SD_WRAPPER\fatfs\source\fsl_usb_disk" -I"C:\Users\Guido\Documents\GitHub\LaboDeMicrosTPF\TestS\SD_TEST_README\SD_WRAPPER\source\generated" -I"C:\Users\Guido\Documents\GitHub\LaboDeMicrosTPF\TestS\SD_TEST_README\SD_WRAPPER\fatfs\source\fsl_mmc_disk" -I"C:\Users\Guido\Documents\GitHub\LaboDeMicrosTPF\TestS\SD_TEST_README\SD_WRAPPER\usb\include" -I"C:\Users\Guido\Documents\GitHub\LaboDeMicrosTPF\TestS\SD_TEST_README\SD_WRAPPER\device" -I"C:\Users\Guido\Documents\GitHub\LaboDeMicrosTPF\TestS\SD_TEST_README\SD_WRAPPER\component\lists" -I"C:\Users\Guido\Documents\GitHub\LaboDeMicrosTPF\TestS\SD_TEST_README\SD_WRAPPER\fatfs\source\fsl_sd_disk" -I"C:\Users\Guido\Documents\GitHub\LaboDeMicrosTPF\TestS\SD_TEST_README\SD_WRAPPER\utilities" -I"C:\Users\Guido\Documents\GitHub\LaboDeMicrosTPF\TestS\SD_TEST_README\SD_WRAPPER\fatfs\source" -I"C:\Users\Guido\Documents\GitHub\LaboDeMicrosTPF\TestS\SD_TEST_README\SD_WRAPPER\source" -I"C:\Users\Guido\Documents\GitHub\LaboDeMicrosTPF\TestS\SD_TEST_README\SD_WRAPPER\board" -I"C:\Users\Guido\Documents\GitHub\LaboDeMicrosTPF\TestS\SD_TEST_README\SD_WRAPPER" -O0 -fno-common -g3 -Wall -c -ffunction-sections -fdata-sections -ffreestanding -fno-builtin -fmerge-constants -fmacro-prefix-map="../usb/host/"=. -mcpu=cortex-m4 -mfpu=fpv4-sp-d16 -mfloat-abi=hard -mthumb -D__REDLIB__ -fstack-usage -specs=redlib.specs -MMD -MP -MF"usb/host/usb_host_framework.d" -MT"usb/host/usb_host_framework.o" -MT"usb/host/usb_host_framework.d" -o "usb/host/usb_host_framework.o" "../usb/host/usb_host_framework.c"
Finished building: ../usb/host/class/usb_host_msd_ufi.c
Finished building: ../usb/host/class/usb_host_msd.c
 
 
Building file: ../usb/host/usb_host_khci.c
Building file: ../usb/host/usb_host_hci.c
Invoking: MCU C Compiler
Invoking: MCU C Compiler
arm-none-eabi-gcc -D__REDLIB__ -DCPU_MK64FN1M0VLL12 -DCPU_MK64FN1M0VLL12_cm4 -DFSL_RTOS_BM -DSDK_OS_BAREMETAL -DSDK_DEBUGCONSOLE=0 -DCR_INTEGER_PRINTF -DPRINTF_FLOAT_ENABLE=0 -DSERIAL_PORT_TYPE_UART=1 -D__MCUXPRESSO -D__USE_CMSIS -DDEBUG -I"C:\Users\Guido\Documents\GitHub\LaboDeMicrosTPF\TestS\SD_TEST_README\SD_WRAPPER\sdmmc\inc" -I"C:\Users\Guido\Documents\GitHub\LaboDeMicrosTPF\TestS\SD_TEST_README\SD_WRAPPER\sdmmc\host" -I"C:\Users\Guido\Documents\GitHub\LaboDeMicrosTPF\TestS\SD_TEST_README\SD_WRAPPER\drivers" -I"C:\Users\Guido\Documents\GitHub\LaboDeMicrosTPF\TestS\SD_TEST_README\SD_WRAPPER\fatfs\source" -I"C:\Users\Guido\Documents\GitHub\LaboDeMicrosTPF\TestS\SD_TEST_README\SD_WRAPPER\fatfs\source\fsl_usb_disk" -I"C:\Users\Guido\Documents\GitHub\LaboDeMicrosTPF\TestS\SD_TEST_README\SD_WRAPPER\component\serial_manager" -I"C:\Users\Guido\Documents\GitHub\LaboDeMicrosTPF\TestS\SD_TEST_README\SD_WRAPPER\sdmmc\osa" -I"C:\Users\Guido\Documents\GitHub\LaboDeMicrosTPF\TestS\SD_TEST_README\SD_WRAPPER\fatfs\source\fsl_mmc_disk" -I"C:\Users\Guido\Documents\GitHub\LaboDeMicrosTPF\TestS\SD_TEST_README\SD_WRAPPER\usb\host\class" -I"C:\Users\Guido\Documents\GitHub\LaboDeMicrosTPF\TestS\SD_TEST_README\SD_WRAPPER\fatfs\source\fsl_sdspi_disk" -I"C:\Users\Guido\Documents\GitHub\LaboDeMicrosTPF\TestS\SD_TEST_README\SD_WRAPPER\CMSIS" -I"C:\Users\Guido\Documents\GitHub\LaboDeMicrosTPF\TestS\SD_TEST_README\SD_WRAPPER\fatfs\source\fsl_ram_disk" -I"C:\Users\Guido\Documents\GitHub\LaboDeMicrosTPF\TestS\SD_TEST_README\SD_WRAPPER\usb\host" -I"C:\Users\Guido\Documents\GitHub\LaboDeMicrosTPF\TestS\SD_TEST_README\SD_WRAPPER\source" -I"C:\Users\Guido\Documents\GitHub\LaboDeMicrosTPF\TestS\SD_TEST_README\SD_WRAPPER\device" -I"C:\Users\Guido\Documents\GitHub\LaboDeMicrosTPF\TestS\SD_TEST_README\SD_WRAPPER\component\lists" -I"C:\Users\Guido\Documents\GitHub\LaboDeMicrosTPF\TestS\SD_TEST_README\SD_WRAPPER\component\uart" -I"C:\Users\Guido\Documents\GitHub\LaboDeMicrosTPF\TestS\SD_TEST_README\SD_WRAPPER\component\osa" -I"C:\Users\Guido\Documents\GitHub\LaboDeMicrosTPF\TestS\SD_TEST_README\SD_WRAPPER\usb\include" -I"C:\Users\Guido\Documents\GitHub\LaboDeMicrosTPF\TestS\SD_TEST_README\SD_WRAPPER\utilities" -I"C:\Users\Guido\Documents\GitHub\LaboDeMicrosTPF\TestS\SD_TEST_README\SD_WRAPPER\fatfs\source\fsl_sd_disk" -I"C:\Users\Guido\Documents\GitHub\LaboDeMicrosTPF\TestS\SD_TEST_README\SD_WRAPPER\source\generated" -I"C:\Users\Guido\Documents\GitHub\LaboDeMicrosTPF\TestS\SD_TEST_README\SD_WRAPPER\usb\host\class" -I"C:\Users\Guido\Documents\GitHub\LaboDeMicrosTPF\TestS\SD_TEST_README\SD_WRAPPER\sdmmc\inc" -I"C:\Users\Guido\Documents\GitHub\LaboDeMicrosTPF\TestS\SD_TEST_README\SD_WRAPPER\usb\host" -I"C:\Users\Guido\Documents\GitHub\LaboDeMicrosTPF\TestS\SD_TEST_README\SD_WRAPPER\CMSIS" -I"C:\Users\Guido\Documents\GitHub\LaboDeMicrosTPF\TestS\SD_TEST_README\SD_WRAPPER\drivers" -I"C:\Users\Guido\Documents\GitHub\LaboDeMicrosTPF\TestS\SD_TEST_README\SD_WRAPPER\fatfs\source\fsl_ram_disk" -I"C:\Users\Guido\Documents\GitHub\LaboDeMicrosTPF\TestS\SD_TEST_README\SD_WRAPPER\component\osa" -I"C:\Users\Guido\Documents\GitHub\LaboDeMicrosTPF\TestS\SD_TEST_README\SD_WRAPPER\sdmmc\osa" -I"C:\Users\Guido\Documents\GitHub\LaboDeMicrosTPF\TestS\SD_TEST_README\SD_WRAPPER\fatfs\source\fsl_sdspi_disk" -I"C:\Users\Guido\Documents\GitHub\LaboDeMicrosTPF\TestS\SD_TEST_README\SD_WRAPPER\sdmmc\host" -I"C:\Users\Guido\Documents\GitHub\LaboDeMicrosTPF\TestS\SD_TEST_README\SD_WRAPPER\component\uart" -I"C:\Users\Guido\Documents\GitHub\LaboDeMicrosTPF\TestS\SD_TEST_README\SD_WRAPPER\component\serial_manager" -I"C:\Users\Guido\Documents\GitHub\LaboDeMicrosTPF\TestS\SD_TEST_README\SD_WRAPPER\fatfs\source\fsl_usb_disk" -I"C:\Users\Guido\Documents\GitHub\LaboDeMicrosTPF\TestS\SD_TEST_README\SD_WRAPPER\source\generated" -I"C:\Users\Guido\Documents\GitHub\LaboDeMicrosTPF\TestS\SD_TEST_README\SD_WRAPPER\fatfs\source\fsl_mmc_disk" -I"C:\Users\Guido\Documents\GitHub\LaboDeMicrosTPF\TestS\SD_TEST_README\SD_WRAPPER\usb\include" -I"C:\Users\Guido\Documents\GitHub\LaboDeMicrosTPF\TestS\SD_TEST_README\SD_WRAPPER\device" -I"C:\Users\Guido\Documents\GitHub\LaboDeMicrosTPF\TestS\SD_TEST_README\SD_WRAPPER\component\lists" -I"C:\Users\Guido\Documents\GitHub\LaboDeMicrosTPF\TestS\SD_TEST_README\SD_WRAPPER\fatfs\source\fsl_sd_disk" -I"C:\Users\Guido\Documents\GitHub\LaboDeMicrosTPF\TestS\SD_TEST_README\SD_WRAPPER\utilities" -I"C:\Users\Guido\Documents\GitHub\LaboDeMicrosTPF\TestS\SD_TEST_README\SD_WRAPPER\fatfs\source" -I"C:\Users\Guido\Documents\GitHub\LaboDeMicrosTPF\TestS\SD_TEST_README\SD_WRAPPER\source" -I"C:\Users\Guido\Documents\GitHub\LaboDeMicrosTPF\TestS\SD_TEST_README\SD_WRAPPER\board" -I"C:\Users\Guido\Documents\GitHub\LaboDeMicrosTPF\TestS\SD_TEST_README\SD_WRAPPER" -O0 -fno-common -g3 -Wall -c -ffunction-sections -fdata-sections -ffreestanding -fno-builtin -fmerge-constants -fmacro-prefix-map="../usb/host/"=. -mcpu=cortex-m4 -mfpu=fpv4-sp-d16 -mfloat-abi=hard -mthumb -D__REDLIB__ -fstack-usage -specs=redlib.specs -MMD -MP -MF"usb/host/usb_host_khci.d" -MT"usb/host/usb_host_khci.o" -MT"usb/host/usb_host_khci.d" -o "usb/host/usb_host_khci.o" "../usb/host/usb_host_khci.c"
arm-none-eabi-gcc -D__REDLIB__ -DCPU_MK64FN1M0VLL12 -DCPU_MK64FN1M0VLL12_cm4 -DFSL_RTOS_BM -DSDK_OS_BAREMETAL -DSDK_DEBUGCONSOLE=0 -DCR_INTEGER_PRINTF -DPRINTF_FLOAT_ENABLE=0 -DSERIAL_PORT_TYPE_UART=1 -D__MCUXPRESSO -D__USE_CMSIS -DDEBUG -I"C:\Users\Guido\Documents\GitHub\LaboDeMicrosTPF\TestS\SD_TEST_README\SD_WRAPPER\sdmmc\inc" -I"C:\Users\Guido\Documents\GitHub\LaboDeMicrosTPF\TestS\SD_TEST_README\SD_WRAPPER\sdmmc\host" -I"C:\Users\Guido\Documents\GitHub\LaboDeMicrosTPF\TestS\SD_TEST_README\SD_WRAPPER\drivers" -I"C:\Users\Guido\Documents\GitHub\LaboDeMicrosTPF\TestS\SD_TEST_README\SD_WRAPPER\fatfs\source" -I"C:\Users\Guido\Documents\GitHub\LaboDeMicrosTPF\TestS\SD_TEST_README\SD_WRAPPER\fatfs\source\fsl_usb_disk" -I"C:\Users\Guido\Documents\GitHub\LaboDeMicrosTPF\TestS\SD_TEST_README\SD_WRAPPER\component\serial_manager" -I"C:\Users\Guido\Documents\GitHub\LaboDeMicrosTPF\TestS\SD_TEST_README\SD_WRAPPER\sdmmc\osa" -I"C:\Users\Guido\Documents\GitHub\LaboDeMicrosTPF\TestS\SD_TEST_README\SD_WRAPPER\fatfs\source\fsl_mmc_disk" -I"C:\Users\Guido\Documents\GitHub\LaboDeMicrosTPF\TestS\SD_TEST_README\SD_WRAPPER\usb\host\class" -I"C:\Users\Guido\Documents\GitHub\LaboDeMicrosTPF\TestS\SD_TEST_README\SD_WRAPPER\fatfs\source\fsl_sdspi_disk" -I"C:\Users\Guido\Documents\GitHub\LaboDeMicrosTPF\TestS\SD_TEST_README\SD_WRAPPER\CMSIS" -I"C:\Users\Guido\Documents\GitHub\LaboDeMicrosTPF\TestS\SD_TEST_README\SD_WRAPPER\fatfs\source\fsl_ram_disk" -I"C:\Users\Guido\Documents\GitHub\LaboDeMicrosTPF\TestS\SD_TEST_README\SD_WRAPPER\usb\host" -I"C:\Users\Guido\Documents\GitHub\LaboDeMicrosTPF\TestS\SD_TEST_README\SD_WRAPPER\source" -I"C:\Users\Guido\Documents\GitHub\LaboDeMicrosTPF\TestS\SD_TEST_README\SD_WRAPPER\device" -I"C:\Users\Guido\Documents\GitHub\LaboDeMicrosTPF\TestS\SD_TEST_README\SD_WRAPPER\component\lists" -I"C:\Users\Guido\Documents\GitHub\LaboDeMicrosTPF\TestS\SD_TEST_README\SD_WRAPPER\component\uart" -I"C:\Users\Guido\Documents\GitHub\LaboDeMicrosTPF\TestS\SD_TEST_README\SD_WRAPPER\component\osa" -I"C:\Users\Guido\Documents\GitHub\LaboDeMicrosTPF\TestS\SD_TEST_README\SD_WRAPPER\usb\include" -I"C:\Users\Guido\Documents\GitHub\LaboDeMicrosTPF\TestS\SD_TEST_README\SD_WRAPPER\utilities" -I"C:\Users\Guido\Documents\GitHub\LaboDeMicrosTPF\TestS\SD_TEST_README\SD_WRAPPER\fatfs\source\fsl_sd_disk" -I"C:\Users\Guido\Documents\GitHub\LaboDeMicrosTPF\TestS\SD_TEST_README\SD_WRAPPER\source\generated" -I"C:\Users\Guido\Documents\GitHub\LaboDeMicrosTPF\TestS\SD_TEST_README\SD_WRAPPER\usb\host\class" -I"C:\Users\Guido\Documents\GitHub\LaboDeMicrosTPF\TestS\SD_TEST_README\SD_WRAPPER\sdmmc\inc" -I"C:\Users\Guido\Documents\GitHub\LaboDeMicrosTPF\TestS\SD_TEST_README\SD_WRAPPER\usb\host" -I"C:\Users\Guido\Documents\GitHub\LaboDeMicrosTPF\TestS\SD_TEST_README\SD_WRAPPER\CMSIS" -I"C:\Users\Guido\Documents\GitHub\LaboDeMicrosTPF\TestS\SD_TEST_README\SD_WRAPPER\drivers" -I"C:\Users\Guido\Documents\GitHub\LaboDeMicrosTPF\TestS\SD_TEST_README\SD_WRAPPER\fatfs\source\fsl_ram_disk" -I"C:\Users\Guido\Documents\GitHub\LaboDeMicrosTPF\TestS\SD_TEST_README\SD_WRAPPER\component\osa" -I"C:\Users\Guido\Documents\GitHub\LaboDeMicrosTPF\TestS\SD_TEST_README\SD_WRAPPER\sdmmc\osa" -I"C:\Users\Guido\Documents\GitHub\LaboDeMicrosTPF\TestS\SD_TEST_README\SD_WRAPPER\fatfs\source\fsl_sdspi_disk" -I"C:\Users\Guido\Documents\GitHub\LaboDeMicrosTPF\TestS\SD_TEST_README\SD_WRAPPER\sdmmc\host" -I"C:\Users\Guido\Documents\GitHub\LaboDeMicrosTPF\TestS\SD_TEST_README\SD_WRAPPER\component\uart" -I"C:\Users\Guido\Documents\GitHub\LaboDeMicrosTPF\TestS\SD_TEST_README\SD_WRAPPER\component\serial_manager" -I"C:\Users\Guido\Documents\GitHub\LaboDeMicrosTPF\TestS\SD_TEST_README\SD_WRAPPER\fatfs\source\fsl_usb_disk" -I"C:\Users\Guido\Documents\GitHub\LaboDeMicrosTPF\TestS\SD_TEST_README\SD_WRAPPER\source\generated" -I"C:\Users\Guido\Documents\GitHub\LaboDeMicrosTPF\TestS\SD_TEST_README\SD_WRAPPER\fatfs\source\fsl_mmc_disk" -I"C:\Users\Guido\Documents\GitHub\LaboDeMicrosTPF\TestS\SD_TEST_README\SD_WRAPPER\usb\include" -I"C:\Users\Guido\Documents\GitHub\LaboDeMicrosTPF\TestS\SD_TEST_README\SD_WRAPPER\device" -I"C:\Users\Guido\Documents\GitHub\LaboDeMicrosTPF\TestS\SD_TEST_README\SD_WRAPPER\component\lists" -I"C:\Users\Guido\Documents\GitHub\LaboDeMicrosTPF\TestS\SD_TEST_README\SD_WRAPPER\fatfs\source\fsl_sd_disk" -I"C:\Users\Guido\Documents\GitHub\LaboDeMicrosTPF\TestS\SD_TEST_README\SD_WRAPPER\utilities" -I"C:\Users\Guido\Documents\GitHub\LaboDeMicrosTPF\TestS\SD_TEST_README\SD_WRAPPER\fatfs\source" -I"C:\Users\Guido\Documents\GitHub\LaboDeMicrosTPF\TestS\SD_TEST_README\SD_WRAPPER\source" -I"C:\Users\Guido\Documents\GitHub\LaboDeMicrosTPF\TestS\SD_TEST_README\SD_WRAPPER\board" -I"C:\Users\Guido\Documents\GitHub\LaboDeMicrosTPF\TestS\SD_TEST_README\SD_WRAPPER" -O0 -fno-common -g3 -Wall -c -ffunction-sections -fdata-sections -ffreestanding -fno-builtin -fmerge-constants -fmacro-prefix-map="../usb/host/"=. -mcpu=cortex-m4 -mfpu=fpv4-sp-d16 -mfloat-abi=hard -mthumb -D__REDLIB__ -fstack-usage -specs=redlib.specs -MMD -MP -MF"usb/host/usb_host_hci.d" -MT"usb/host/usb_host_hci.o" -MT"usb/host/usb_host_hci.d" -o "usb/host/usb_host_hci.o" "../usb/host/usb_host_hci.c"
Finished building: ../usb/host/usb_host_framework.c
Finished building: ../usb/host/usb_host_devices.c
 
Building file: ../startup/startup_mk64f12.c
 
Invoking: MCU C Compiler
arm-none-eabi-gcc -D__REDLIB__ -DCPU_MK64FN1M0VLL12 -DCPU_MK64FN1M0VLL12_cm4 -DFSL_RTOS_BM -DSDK_OS_BAREMETAL -DSDK_DEBUGCONSOLE=0 -DCR_INTEGER_PRINTF -DPRINTF_FLOAT_ENABLE=0 -DSERIAL_PORT_TYPE_UART=1 -D__MCUXPRESSO -D__USE_CMSIS -DDEBUG -I"C:\Users\Guido\Documents\GitHub\LaboDeMicrosTPF\TestS\SD_TEST_README\SD_WRAPPER\sdmmc\inc" -I"C:\Users\Guido\Documents\GitHub\LaboDeMicrosTPF\TestS\SD_TEST_README\SD_WRAPPER\sdmmc\host" -I"C:\Users\Guido\Documents\GitHub\LaboDeMicrosTPF\TestS\SD_TEST_README\SD_WRAPPER\drivers" -I"C:\Users\Guido\Documents\GitHub\LaboDeMicrosTPF\TestS\SD_TEST_README\SD_WRAPPER\fatfs\source" -I"C:\Users\Guido\Documents\GitHub\LaboDeMicrosTPF\TestS\SD_TEST_README\SD_WRAPPER\fatfs\source\fsl_usb_disk" -I"C:\Users\Guido\Documents\GitHub\LaboDeMicrosTPF\TestS\SD_TEST_README\SD_WRAPPER\component\serial_manager" -I"C:\Users\Guido\Documents\GitHub\LaboDeMicrosTPF\TestS\SD_TEST_README\SD_WRAPPER\sdmmc\osa" -I"C:\Users\Guido\Documents\GitHub\LaboDeMicrosTPF\TestS\SD_TEST_README\SD_WRAPPER\fatfs\source\fsl_mmc_disk" -I"C:\Users\Guido\Documents\GitHub\LaboDeMicrosTPF\TestS\SD_TEST_README\SD_WRAPPER\usb\host\class" -I"C:\Users\Guido\Documents\GitHub\LaboDeMicrosTPF\TestS\SD_TEST_README\SD_WRAPPER\fatfs\source\fsl_sdspi_disk" -I"C:\Users\Guido\Documents\GitHub\LaboDeMicrosTPF\TestS\SD_TEST_README\SD_WRAPPER\CMSIS" -I"C:\Users\Guido\Documents\GitHub\LaboDeMicrosTPF\TestS\SD_TEST_README\SD_WRAPPER\fatfs\source\fsl_ram_disk" -I"C:\Users\Guido\Documents\GitHub\LaboDeMicrosTPF\TestS\SD_TEST_README\SD_WRAPPER\usb\host" -I"C:\Users\Guido\Documents\GitHub\LaboDeMicrosTPF\TestS\SD_TEST_README\SD_WRAPPER\source" -I"C:\Users\Guido\Documents\GitHub\LaboDeMicrosTPF\TestS\SD_TEST_README\SD_WRAPPER\device" -I"C:\Users\Guido\Documents\GitHub\LaboDeMicrosTPF\TestS\SD_TEST_README\SD_WRAPPER\component\lists" -I"C:\Users\Guido\Documents\GitHub\LaboDeMicrosTPF\TestS\SD_TEST_README\SD_WRAPPER\component\uart" -I"C:\Users\Guido\Documents\GitHub\LaboDeMicrosTPF\TestS\SD_TEST_README\SD_WRAPPER\component\osa" -I"C:\Users\Guido\Documents\GitHub\LaboDeMicrosTPF\TestS\SD_TEST_README\SD_WRAPPER\usb\include" -I"C:\Users\Guido\Documents\GitHub\LaboDeMicrosTPF\TestS\SD_TEST_README\SD_WRAPPER\utilities" -I"C:\Users\Guido\Documents\GitHub\LaboDeMicrosTPF\TestS\SD_TEST_README\SD_WRAPPER\fatfs\source\fsl_sd_disk" -I"C:\Users\Guido\Documents\GitHub\LaboDeMicrosTPF\TestS\SD_TEST_README\SD_WRAPPER\source\generated" -I"C:\Users\Guido\Documents\GitHub\LaboDeMicrosTPF\TestS\SD_TEST_README\SD_WRAPPER\usb\host\class" -I"C:\Users\Guido\Documents\GitHub\LaboDeMicrosTPF\TestS\SD_TEST_README\SD_WRAPPER\sdmmc\inc" -I"C:\Users\Guido\Documents\GitHub\LaboDeMicrosTPF\TestS\SD_TEST_README\SD_WRAPPER\usb\host" -I"C:\Users\Guido\Documents\GitHub\LaboDeMicrosTPF\TestS\SD_TEST_README\SD_WRAPPER\CMSIS" -I"C:\Users\Guido\Documents\GitHub\LaboDeMicrosTPF\TestS\SD_TEST_README\SD_WRAPPER\drivers" -I"C:\Users\Guido\Documents\GitHub\LaboDeMicrosTPF\TestS\SD_TEST_README\SD_WRAPPER\fatfs\source\fsl_ram_disk" -I"C:\Users\Guido\Documents\GitHub\LaboDeMicrosTPF\TestS\SD_TEST_README\SD_WRAPPER\component\osa" -I"C:\Users\Guido\Documents\GitHub\LaboDeMicrosTPF\TestS\SD_TEST_README\SD_WRAPPER\sdmmc\osa" -I"C:\Users\Guido\Documents\GitHub\LaboDeMicrosTPF\TestS\SD_TEST_README\SD_WRAPPER\fatfs\source\fsl_sdspi_disk" -I"C:\Users\Guido\Documents\GitHub\LaboDeMicrosTPF\TestS\SD_TEST_README\SD_WRAPPER\sdmmc\host" -I"C:\Users\Guido\Documents\GitHub\LaboDeMicrosTPF\TestS\SD_TEST_README\SD_WRAPPER\component\uart" -I"C:\Users\Guido\Documents\GitHub\LaboDeMicrosTPF\TestS\SD_TEST_README\SD_WRAPPER\component\serial_manager" -I"C:\Users\Guido\Documents\GitHub\LaboDeMicrosTPF\TestS\SD_TEST_README\SD_WRAPPER\fatfs\source\fsl_usb_disk" -I"C:\Users\Guido\Documents\GitHub\LaboDeMicrosTPF\TestS\SD_TEST_README\SD_WRAPPER\source\generated" -I"C:\Users\Guido\Documents\GitHub\LaboDeMicrosTPF\TestS\SD_TEST_README\SD_WRAPPER\fatfs\source\fsl_mmc_disk" -I"C:\Users\Guido\Documents\GitHub\LaboDeMicrosTPF\TestS\SD_TEST_README\SD_WRAPPER\usb\include" -I"C:\Users\Guido\Documents\GitHub\LaboDeMicrosTPF\TestS\SD_TEST_README\SD_WRAPPER\device" -I"C:\Users\Guido\Documents\GitHub\LaboDeMicrosTPF\TestS\SD_TEST_README\SD_WRAPPER\component\lists" -I"C:\Users\Guido\Documents\GitHub\LaboDeMicrosTPF\TestS\SD_TEST_README\SD_WRAPPER\fatfs\source\fsl_sd_disk" -I"C:\Users\Guido\Documents\GitHub\LaboDeMicrosTPF\TestS\SD_TEST_README\SD_WRAPPER\utilities" -I"C:\Users\Guido\Documents\GitHub\LaboDeMicrosTPF\TestS\SD_TEST_README\SD_WRAPPER\fatfs\source" -I"C:\Users\Guido\Documents\GitHub\LaboDeMicrosTPF\TestS\SD_TEST_README\SD_WRAPPER\source" -I"C:\Users\Guido\Documents\GitHub\LaboDeMicrosTPF\TestS\SD_TEST_README\SD_WRAPPER\board" -I"C:\Users\Guido\Documents\GitHub\LaboDeMicrosTPF\TestS\SD_TEST_README\SD_WRAPPER" -O0 -fno-common -g3 -Wall -c -ffunction-sections -fdata-sections -ffreestanding -fno-builtin -fmerge-constants -fmacro-prefix-map="../startup/"=. -mcpu=cortex-m4 -mfpu=fpv4-sp-d16 -mfloat-abi=hard -mthumb -D__REDLIB__ -fstack-usage -specs=redlib.specs -MMD -MP -MF"startup/startup_mk64f12.d" -MT"startup/startup_mk64f12.o" -MT"startup/startup_mk64f12.d" -o "startup/startup_mk64f12.o" "../startup/startup_mk64f12.c"
Building file: ../source/MK64FN1M0xxx12_Project.c
Invoking: MCU C Compiler
[...]
Finished building: ../component/lists/generic_list.c
 
Finished building: ../component/osa/fsl_os_abstraction_bm.c
Building file: ../board/peripherals.c
 
Invoking: MCU C Compiler
arm-none-eabi-gcc -D__REDLIB__ -DCPU_MK64FN1M0VLL12 -DCPU_MK64FN1M0VLL12_cm4 -DFSL_RTOS_BM -DSDK_OS_BAREMETAL -DSDK_DEBUGCONSOLE=0 -DCR_INTEGER_PRINTF -DPRINTF_FLOAT_ENABLE=0 -DSERIAL_PORT_TYPE_UART=1 -D__MCUXPRESSO -D__USE_CMSIS -DDEBUG -I"C:\Users\Guido\Documents\GitHub\LaboDeMicrosTPF\TestS\SD_TEST_README\SD_WRAPPER\sdmmc\inc" -I"C:\Users\Guido\Documents\GitHub\LaboDeMicrosTPF\TestS\SD_TEST_README\SD_WRAPPER\sdmmc\host" -I"C:\Users\Guido\Documents\GitHub\LaboDeMicrosTPF\TestS\SD_TEST_README\SD_WRAPPER\drivers" -I"C:\Users\Guido\Documents\GitHub\LaboDeMicrosTPF\TestS\SD_TEST_README\SD_WRAPPER\fatfs\source" -I"C:\Users\Guido\Documents\GitHub\LaboDeMicrosTPF\TestS\SD_TEST_README\SD_WRAPPER\fatfs\source\fsl_usb_disk" -I"C:\Users\Guido\Documents\GitHub\LaboDeMicrosTPF\TestS\SD_TEST_README\SD_WRAPPER\component\serial_manager" -I"C:\Users\Guido\Documents\GitHub\LaboDeMicrosTPF\TestS\SD_TEST_README\SD_WRAPPER\sdmmc\osa" -I"C:\Users\Guido\Documents\GitHub\LaboDeMicrosTPF\TestS\SD_TEST_README\SD_WRAPPER\fatfs\source\fsl_mmc_disk" -I"C:\Users\Guido\Documents\GitHub\LaboDeMicrosTPF\TestS\SD_TEST_README\SD_WRAPPER\usb\host\class" -I"C:\Users\Guido\Documents\GitHub\LaboDeMicrosTPF\TestS\SD_TEST_README\SD_WRAPPER\fatfs\source\fsl_sdspi_disk" -I"C:\Users\Guido\Documents\GitHub\LaboDeMicrosTPF\TestS\SD_TEST_README\SD_WRAPPER\CMSIS" -I"C:\Users\Guido\Documents\GitHub\LaboDeMicrosTPF\TestS\SD_TEST_README\SD_WRAPPER\fatfs\source\fsl_ram_disk" -I"C:\Users\Guido\Documents\GitHub\LaboDeMicrosTPF\TestS\SD_TEST_README\SD_WRAPPER\usb\host" -I"C:\Users\Guido\Documents\GitHub\LaboDeMicrosTPF\TestS\SD_TEST_README\SD_WRAPPER\source" -I"C:\Users\Guido\Documents\GitHub\LaboDeMicrosTPF\TestS\SD_TEST_README\SD_WRAPPER\device" -I"C:\Users\Guido\Documents\GitHub\LaboDeMicrosTPF\TestS\SD_TEST_README\SD_WRAPPER\component\lists" -I"C:\Users\Guido\Documents\GitHub\LaboDeMicrosTPF\TestS\SD_TEST_README\SD_WRAPPER\component\uart" -I"C:\Users\Guido\Documents\GitHub\LaboDeMicrosTPF\TestS\SD_TEST_README\SD_WRAPPER\component\osa" -I"C:\Users\Guido\Documents\GitHub\LaboDeMicrosTPF\TestS\SD_TEST_README\SD_WRAPPER\usb\include" -I"C:\Users\Guido\Documents\GitHub\LaboDeMicrosTPF\TestS\SD_TEST_README\SD_WRAPPER\utilities" -I"C:\Users\Guido\Documents\GitHub\LaboDeMicrosTPF\TestS\SD_TEST_README\SD_WRAPPER\fatfs\source\fsl_sd_disk" -I"C:\Users\Guido\Documents\GitHub\LaboDeMicrosTPF\TestS\SD_TEST_README\SD_WRAPPER\source\generated" -I"C:\Users\Guido\Documents\GitHub\LaboDeMicrosTPF\TestS\SD_TEST_README\SD_WRAPPER\usb\host\class" -I"C:\Users\Guido\Documents\GitHub\LaboDeMicrosTPF\TestS\SD_TEST_README\SD_WRAPPER\sdmmc\inc" -I"C:\Users\Guido\Documents\GitHub\LaboDeMicrosTPF\TestS\SD_TEST_README\SD_WRAPPER\usb\host" -I"C:\Users\Guido\Documents\GitHub\LaboDeMicrosTPF\TestS\SD_TEST_README\SD_WRAPPER\CMSIS" -I"C:\Users\Guido\Documents\GitHub\LaboDeMicrosTPF\TestS\SD_TEST_README\SD_WRAPPER\drivers" -I"C:\Users\Guido\Documents\GitHub\LaboDeMicrosTPF\TestS\SD_TEST_README\SD_WRAPPER\fatfs\source\fsl_ram_disk" -I"C:\Users\Guido\Documents\GitHub\LaboDeMicrosTPF\TestS\SD_TEST_README\SD_WRAPPER\component\osa" -I"C:\Users\Guido\Documents\GitHub\LaboDeMicrosTPF\TestS\SD_TEST_README\SD_WRAPPER\sdmmc\osa" -I"C:\Users\Guido\Documents\GitHub\LaboDeMicrosTPF\TestS\SD_TEST_README\SD_WRAPPER\fatfs\source\fsl_sdspi_disk" -I"C:\Users\Guido\Documents\GitHub\LaboDeMicrosTPF\TestS\SD_TEST_README\SD_WRAPPER\sdmmc\host" -I"C:\Users\Guido\Documents\GitHub\LaboDeMicrosTPF\TestS\SD_TEST_README\SD_WRAPPER\component\uart" -I"C:\Users\Guido\Documents\GitHub\LaboDeMicrosTPF\TestS\SD_TEST_README\SD_WRAPPER\component\serial_manager" -I"C:\Users\Guido\Documents\GitHub\LaboDeMicrosTPF\TestS\SD_TEST_README\SD_WRAPPER\fatfs\source\fsl_usb_disk" -I"C:\Users\Guido\Documents\GitHub\LaboDeMicrosTPF\TestS\SD_TEST_README\SD_WRAPPER\source\generated" -I"C:\Users\Guido\Documents\GitHub\LaboDeMicrosTPF\TestS\SD_TEST_README\SD_WRAPPER\fatfs\source\fsl_mmc_disk" -I"C:\Users\Guido\Documents\GitHub\LaboDeMicrosTPF\TestS\SD_TEST_README\SD_WRAPPER\usb\include" -I"C:\Users\Guido\Documents\GitHub\LaboDeMicrosTPF\TestS\SD_TEST_README\SD_WRAPPER\device" -I"C:\Users\Guido\Documents\GitHub\LaboDeMicrosTPF\TestS\SD_TEST_README\SD_WRAPPER\component\lists" -I"C:\Users\Guido\Documents\GitHub\LaboDeMicrosTPF\TestS\SD_TEST_README\SD_WRAPPER\fatfs\source\fsl_sd_disk" -I"C:\Users\Guido\Documents\GitHub\LaboDeMicrosTPF\TestS\SD_TEST_README\SD_WRAPPER\utilities" -I"C:\Users\Guido\Documents\GitHub\LaboDeMicrosTPF\TestS\SD_TEST_README\SD_WRAPPER\fatfs\source" -I"C:\Users\Guido\Documents\GitHub\LaboDeMicrosTPF\TestS\SD_TEST_README\SD_WRAPPER\source" -I"C:\Users\Guido\Documents\GitHub\LaboDeMicrosTPF\TestS\SD_TEST_README\SD_WRAPPER\board" -I"C:\Users\Guido\Documents\GitHub\LaboDeMicrosTPF\TestS\SD_TEST_README\SD_WRAPPER" -O0 -fno-common -g3 -Wall -c -ffunction-sections -fdata-sections -ffreestanding -fno-builtin -fmerge-constants -fmacro-prefix-map="../board/"=. -mcpu=cortex-m4 -mfpu=fpv4-sp-d16 -mfloat-abi=hard -mthumb -D__REDLIB__ -fstack-usage -specs=redlib.specs -MMD -MP -MF"board/peripherals.d" -MT"board/peripherals.o" -MT"board/peripherals.d" -o "board/peripherals.o" "../board/peripherals.c"
Building file: ../board/pin_mux.c
Invoking: MCU C Compiler
arm-none-eabi-gcc -D__REDLIB__ -DCPU_MK64FN1M0VLL12 -DCPU_MK64FN1M0VLL12_cm4 -DFSL_RTOS_BM -DSDK_OS_BAREMETAL -DSDK_DEBUGCONSOLE=0 -DCR_INTEGER_PRINTF -DPRINTF_FLOAT_ENABLE=0 -DSERIAL_PORT_TYPE_UART=1 -D__MCUXPRESSO -D__USE_CMSIS -DDEBUG -I"C:\Users\Guido\Documents\GitHub\LaboDeMicrosTPF\TestS\SD_TEST_README\SD_WRAPPER\sdmmc\inc" -I"C:\Users\Guido\Documents\GitHub\LaboDeMicrosTPF\TestS\SD_TEST_README\SD_WRAPPER\sdmmc\host" -I"C:\Users\Guido\Documents\GitHub\LaboDeMicrosTPF\TestS\SD_TEST_README\SD_WRAPPER\drivers" -I"C:\Users\Guido\Documents\GitHub\LaboDeMicrosTPF\TestS\SD_TEST_README\SD_WRAPPER\fatfs\source" -I"C:\Users\Guido\Documents\GitHub\LaboDeMicrosTPF\TestS\SD_TEST_README\SD_WRAPPER\fatfs\source\fsl_usb_disk" -I"C:\Users\Guido\Documents\GitHub\LaboDeMicrosTPF\TestS\SD_TEST_README\SD_WRAPPER\component\serial_manager" -I"C:\Users\Guido\Documents\GitHub\LaboDeMicrosTPF\TestS\SD_TEST_README\SD_WRAPPER\sdmmc\osa" -I"C:\Users\Guido\Documents\GitHub\LaboDeMicrosTPF\TestS\SD_TEST_README\SD_WRAPPER\fatfs\source\fsl_mmc_disk" -I"C:\Users\Guido\Documents\GitHub\LaboDeMicrosTPF\TestS\SD_TEST_README\SD_WRAPPER\usb\host\class" -I"C:\Users\Guido\Documents\GitHub\LaboDeMicrosTPF\TestS\SD_TEST_README\SD_WRAPPER\fatfs\source\fsl_sdspi_disk" -I"C:\Users\Guido\Documents\GitHub\LaboDeMicrosTPF\TestS\SD_TEST_README\SD_WRAPPER\CMSIS" -I"C:\Users\Guido\Documents\GitHub\LaboDeMicrosTPF\TestS\SD_TEST_README\SD_WRAPPER\fatfs\source\fsl_ram_disk" -I"C:\Users\Guido\Documents\GitHub\LaboDeMicrosTPF\TestS\SD_TEST_README\SD_WRAPPER\usb\host" -I"C:\Users\Guido\Documents\GitHub\LaboDeMicrosTPF\TestS\SD_TEST_README\SD_WRAPPER\source" -I"C:\Users\Guido\Documents\GitHub\LaboDeMicrosTPF\TestS\SD_TEST_README\SD_WRAPPER\device" -I"C:\Users\Guido\Documents\GitHub\LaboDeMicrosTPF\TestS\SD_TEST_README\SD_WRAPPER\component\lists" -I"C:\Users\Guido\Documents\GitHub\LaboDeMicrosTPF\TestS\SD_TEST_README\SD_WRAPPER\component\uart" -I"C:\Users\Guido\Documents\GitHub\LaboDeMicrosTPF\TestS\SD_TEST_README\SD_WRAPPER\component\osa" -I"C:\Users\Guido\Documents\GitHub\LaboDeMicrosTPF\TestS\SD_TEST_README\SD_WRAPPER\usb\include" -I"C:\Users\Guido\Documents\GitHub\LaboDeMicrosTPF\TestS\SD_TEST_README\SD_WRAPPER\utilities" -I"C:\Users\Guido\Documents\GitHub\LaboDeMicrosTPF\TestS\SD_TEST_README\SD_WRAPPER\fatfs\source\fsl_sd_disk" -I"C:\Users\Guido\Documents\GitHub\LaboDeMicrosTPF\TestS\SD_TEST_README\SD_WRAPPER\source\generated" -I"C:\Users\Guido\Documents\GitHub\LaboDeMicrosTPF\TestS\SD_TEST_README\SD_WRAPPER\usb\host\class" -I"C:\Users\Guido\Documents\GitHub\LaboDeMicrosTPF\TestS\SD_TEST_README\SD_WRAPPER\sdmmc\inc" -I"C:\Users\Guido\Documents\GitHub\LaboDeMicrosTPF\TestS\SD_TEST_README\SD_WRAPPER\usb\host" -I"C:\Users\Guido\Documents\GitHub\LaboDeMicrosTPF\TestS\SD_TEST_README\SD_WRAPPER\CMSIS" -I"C:\Users\Guido\Documents\GitHub\LaboDeMicrosTPF\TestS\SD_TEST_README\SD_WRAPPER\drivers" -I"C:\Users\Guido\Documents\GitHub\LaboDeMicrosTPF\TestS\SD_TEST_README\SD_WRAPPER\fatfs\source\fsl_ram_disk" -I"C:\Users\Guido\Documents\GitHub\LaboDeMicrosTPF\TestS\SD_TEST_README\SD_WRAPPER\component\osa" -I"C:\Users\Guido\Documents\GitHub\LaboDeMicrosTPF\TestS\SD_TEST_README\SD_WRAPPER\sdmmc\osa" -I"C:\Users\Guido\Documents\GitHub\LaboDeMicrosTPF\TestS\SD_TEST_README\SD_WRAPPER\fatfs\source\fsl_sdspi_disk" -I"C:\Users\Guido\Documents\GitHub\LaboDeMicrosTPF\TestS\SD_TEST_README\SD_WRAPPER\sdmmc\host" -I"C:\Users\Guido\Documents\GitHub\LaboDeMicrosTPF\TestS\SD_TEST_README\SD_WRAPPER\component\uart" -I"C:\Users\Guido\Documents\GitHub\LaboDeMicrosTPF\TestS\SD_TEST_README\SD_WRAPPER\component\serial_manager" -I"C:\Users\Guido\Documents\GitHub\LaboDeMicrosTPF\TestS\SD_TEST_README\SD_WRAPPER\fatfs\source\fsl_usb_disk" -I"C:\Users\Guido\Documents\GitHub\LaboDeMicrosTPF\TestS\SD_TEST_README\SD_WRAPPER\source\generated" -I"C:\Users\Guido\Documents\GitHub\LaboDeMicrosTPF\TestS\SD_TEST_README\SD_WRAPPER\fatfs\source\fsl_mmc_disk" -I"C:\Users\Guido\Documents\GitHub\LaboDeMicrosTPF\TestS\SD_TEST_README\SD_WRAPPER\usb\include" -I"C:\Users\Guido\Documents\GitHub\LaboDeMicrosTPF\TestS\SD_TEST_README\SD_WRAPPER\device" -I"C:\Users\Guido\Documents\GitHub\LaboDeMicrosTPF\TestS\SD_TEST_README\SD_WRAPPER\component\lists" -I"C:\Users\Guido\Documents\GitHub\LaboDeMicrosTPF\TestS\SD_TEST_README\SD_WRAPPER\fatfs\source\fsl_sd_disk" -I"C:\Users\Guido\Documents\GitHub\LaboDeMicrosTPF\TestS\SD_TEST_README\SD_WRAPPER\utilities" -I"C:\Users\Guido\Documents\GitHub\LaboDeMicrosTPF\TestS\SD_TEST_README\SD_WRAPPER\fatfs\source" -I"C:\Users\Guido\Documents\GitHub\LaboDeMicrosTPF\TestS\SD_TEST_README\SD_WRAPPER\source" -I"C:\Users\Guido\Documents\GitHub\LaboDeMicrosTPF\TestS\SD_TEST_README\SD_WRAPPER\board" -I"C:\Users\Guido\Documents\GitHub\LaboDeMicrosTPF\TestS\SD_TEST_README\SD_WRAPPER" -O0 -fno-common -g3 -Wall -c -ffunction-sections -fdata-sections -ffreestanding -fno-builtin -fmerge-constants -fmacro-prefix-map="../board/"=. -mcpu=cortex-m4 -mfpu=fpv4-sp-d16 -mfloat-abi=hard -mthumb -D__REDLIB__ -fstack-usage -specs=redlib.specs -MMD -MP -MF"board/pin_mux.d" -MT"board/pin_mux.o" -MT"board/pin_mux.d" -o "board/pin_mux.o" "../board/pin_mux.c"
Finished building: ../board/board.c
 
Finished building: ../board/peripherals.c
Building file: ../board/sdmmc_config.c
Invoking: MCU C Compiler
 
arm-none-eabi-gcc -D__REDLIB__ -DCPU_MK64FN1M0VLL12 -DCPU_MK64FN1M0VLL12_cm4 -DFSL_RTOS_BM -DSDK_OS_BAREMETAL -DSDK_DEBUGCONSOLE=0 -DCR_INTEGER_PRINTF -DPRINTF_FLOAT_ENABLE=0 -DSERIAL_PORT_TYPE_UART=1 -D__MCUXPRESSO -D__USE_CMSIS -DDEBUG -I"C:\Users\Guido\Documents\GitHub\LaboDeMicrosTPF\TestS\SD_TEST_README\SD_WRAPPER\sdmmc\inc" -I"C:\Users\Guido\Documents\GitHub\LaboDeMicrosTPF\TestS\SD_TEST_README\SD_WRAPPER\sdmmc\host" -I"C:\Users\Guido\Documents\GitHub\LaboDeMicrosTPF\TestS\SD_TEST_README\SD_WRAPPER\drivers" -I"C:\Users\Guido\Documents\GitHub\LaboDeMicrosTPF\TestS\SD_TEST_README\SD_WRAPPER\fatfs\source" -I"C:\Users\Guido\Documents\GitHub\LaboDeMicrosTPF\TestS\SD_TEST_README\SD_WRAPPER\fatfs\source\fsl_usb_disk" -I"C:\Users\Guido\Documents\GitHub\LaboDeMicrosTPF\TestS\SD_TEST_README\SD_WRAPPER\component\serial_manager" -I"C:\Users\Guido\Documents\GitHub\LaboDeMicrosTPF\TestS\SD_TEST_README\SD_WRAPPER\sdmmc\osa" -I"C:\Users\Guido\Documents\GitHub\LaboDeMicrosTPF\TestS\SD_TEST_README\SD_WRAPPER\fatfs\source\fsl_mmc_disk" -I"C:\Users\Guido\Documents\GitHub\LaboDeMicrosTPF\TestS\SD_TEST_README\SD_WRAPPER\usb\host\class" -I"C:\Users\Guido\Documents\GitHub\LaboDeMicrosTPF\TestS\SD_TEST_README\SD_WRAPPER\fatfs\source\fsl_sdspi_disk" -I"C:\Users\Guido\Documents\GitHub\LaboDeMicrosTPF\TestS\SD_TEST_README\SD_WRAPPER\CMSIS" -I"C:\Users\Guido\Documents\GitHub\LaboDeMicrosTPF\TestS\SD_TEST_README\SD_WRAPPER\fatfs\source\fsl_ram_disk" -I"C:\Users\Guido\Documents\GitHub\LaboDeMicrosTPF\TestS\SD_TEST_README\SD_WRAPPER\usb\host" -I"C:\Users\Guido\Documents\GitHub\LaboDeMicrosTPF\TestS\SD_TEST_README\SD_WRAPPER\source" -I"C:\Users\Guido\Documents\GitHub\LaboDeMicrosTPF\TestS\SD_TEST_README\SD_WRAPPER\device" -I"C:\Users\Guido\Documents\GitHub\LaboDeMicrosTPF\TestS\SD_TEST_README\SD_WRAPPER\component\lists" -I"C:\Users\Guido\Documents\GitHub\LaboDeMicrosTPF\TestS\SD_TEST_README\SD_WRAPPER\component\uart" -I"C:\Users\Guido\Documents\GitHub\LaboDeMicrosTPF\TestS\SD_TEST_README\SD_WRAPPER\component\osa" -I"C:\Users\Guido\Documents\GitHub\LaboDeMicrosTPF\TestS\SD_TEST_README\SD_WRAPPER\usb\include" -I"C:\Users\Guido\Documents\GitHub\LaboDeMicrosTPF\TestS\SD_TEST_README\SD_WRAPPER\utilities" -I"C:\Users\Guido\Documents\GitHub\LaboDeMicrosTPF\TestS\SD_TEST_README\SD_WRAPPER\fatfs\source\fsl_sd_disk" -I"C:\Users\Guido\Documents\GitHub\LaboDeMicrosTPF\TestS\SD_TEST_README\SD_WRAPPER\source\generated" -I"C:\Users\Guido\Documents\GitHub\LaboDeMicrosTPF\TestS\SD_TEST_README\SD_WRAPPER\usb\host\class" -I"C:\Users\Guido\Documents\GitHub\LaboDeMicrosTPF\TestS\SD_TEST_README\SD_WRAPPER\sdmmc\inc" -I"C:\Users\Guido\Documents\GitHub\LaboDeMicrosTPF\TestS\SD_TEST_README\SD_WRAPPER\usb\host" -I"C:\Users\Guido\Documents\GitHub\LaboDeMicrosTPF\TestS\SD_TEST_README\SD_WRAPPER\CMSIS" -I"C:\Users\Guido\Documents\GitHub\LaboDeMicrosTPF\TestS\SD_TEST_README\SD_WRAPPER\drivers" -I"C:\Users\Guido\Documents\GitHub\LaboDeMicrosTPF\TestS\SD_TEST_README\SD_WRAPPER\fatfs\source\fsl_ram_disk" -I"C:\Users\Guido\Documents\GitHub\LaboDeMicrosTPF\TestS\SD_TEST_README\SD_WRAPPER\component\osa" -I"C:\Users\Guido\Documents\GitHub\LaboDeMicrosTPF\TestS\SD_TEST_README\SD_WRAPPER\sdmmc\osa" -I"C:\Users\Guido\Documents\GitHub\LaboDeMicrosTPF\TestS\SD_TEST_README\SD_WRAPPER\fatfs\source\fsl_sdspi_disk" -I"C:\Users\Guido\Documents\GitHub\LaboDeMicrosTPF\TestS\SD_TEST_README\SD_WRAPPER\sdmmc\host" -I"C:\Users\Guido\Documents\GitHub\LaboDeMicrosTPF\TestS\SD_TEST_README\SD_WRAPPER\component\uart" -I"C:\Users\Guido\Documents\GitHub\LaboDeMicrosTPF\TestS\SD_TEST_README\SD_WRAPPER\component\serial_manager" -I"C:\Users\Guido\Documents\GitHub\LaboDeMicrosTPF\TestS\SD_TEST_README\SD_WRAPPER\fatfs\source\fsl_usb_disk" -I"C:\Users\Guido\Documents\GitHub\LaboDeMicrosTPF\TestS\SD_TEST_README\SD_WRAPPER\source\generated" -I"C:\Users\Guido\Documents\GitHub\LaboDeMicrosTPF\TestS\SD_TEST_README\SD_WRAPPER\fatfs\source\fsl_mmc_disk" -I"C:\Users\Guido\Documents\GitHub\LaboDeMicrosTPF\TestS\SD_TEST_README\SD_WRAPPER\usb\include" -I"C:\Users\Guido\Documents\GitHub\LaboDeMicrosTPF\TestS\SD_TEST_README\SD_WRAPPER\device" -I"C:\Users\Guido\Documents\GitHub\LaboDeMicrosTPF\TestS\SD_TEST_README\SD_WRAPPER\component\lists" -I"C:\Users\Guido\Documents\GitHub\LaboDeMicrosTPF\TestS\SD_TEST_README\SD_WRAPPER\fatfs\source\fsl_sd_disk" -I"C:\Users\Guido\Documents\GitHub\LaboDeMicrosTPF\TestS\SD_TEST_README\SD_WRAPPER\utilities" -I"C:\Users\Guido\Documents\GitHub\LaboDeMicrosTPF\TestS\SD_TEST_README\SD_WRAPPER\fatfs\source" -I"C:\Users\Guido\Documents\GitHub\LaboDeMicrosTPF\TestS\SD_TEST_README\SD_WRAPPER\source" -I"C:\Users\Guido\Documents\GitHub\LaboDeMicrosTPF\TestS\SD_TEST_README\SD_WRAPPER\board" -I"C:\Users\Guido\Documents\GitHub\LaboDeMicrosTPF\TestS\SD_TEST_README\SD_WRAPPER" -O0 -fno-common -g3 -Wall -c -ffunction-sections -fdata-sections -ffreestanding -fno-builtin -fmerge-constants -fmacro-prefix-map="../board/"=. -mcpu=cortex-m4 -mfpu=fpv4-sp-d16 -mfloat-abi=hard -mthumb -D__REDLIB__ -fstack-usage -specs=redlib.specs -MMD -MP -MF"board/sdmmc_config.d" -MT"board/sdmmc_config.o" -MT"board/sdmmc_config.d" -o "board/sdmmc_config.o" "../board/sdmmc_config.c"
Finished building: ../board/clock_config.c
 
Finished building: ../board/pin_mux.c
 
Finished building: ../board/sdmmc_config.c
 
Building target: SD_WRAPPER.axf
Invoking: MCU Linker
arm-none-eabi-gcc -nostdlib -Xlinker -Map="SD_WRAPPER.map" -Xlinker --gc-sections -Xlinker -print-memory-usage -Xlinker --sort-section=alignment -Xlinker --cref -mcpu=cortex-m4 -mfpu=fpv4-sp-d16 -mfloat-abi=hard -mthumb -T "SD_WRAPPER_Debug.ld" -o "SD_WRAPPER.axf"  ./utilities/fsl_debug_console.o ./utilities/fsl_str.o  ./usb/host/class/usb_host_hub.o ./usb/host/class/usb_host_hub_app.o ./usb/host/class/usb_host_msd.o ./usb/host/class/usb_host_msd_ufi.o  ./usb/host/usb_host_devices.o ./usb/host/usb_host_framework.o ./usb/host/usb_host_hci.o ./usb/host/usb_host_khci.o  ./startup/startup_mk64f12.o  ./source/MK64FN1M0xxx12_Project.o ./source/SD_Detect_Wraper.o ./source/semihost_hardfault.o  ./sdmmc/src/fsl_mmc.o ./sdmmc/src/fsl_sd.o ./sdmmc/src/fsl_sdmmc_common.o ./sdmmc/src/fsl_sdspi.o  ./sdmmc/osa/fsl_sdmmc_osa.o  ./sdmmc/host/fsl_sdmmc_host.o  ./fatfs/source/fsl_usb_disk/fsl_usb_disk_bm.o  ./fatfs/source/fsl_sdspi_disk/fsl_sdspi_disk.o  ./fatfs/source/fsl_sd_disk/fsl_sd_disk.o  ./fatfs/source/fsl_ram_disk/fsl_ram_disk.o  ./fatfs/source/fsl_mmc_disk/fsl_mmc_disk.o  ./fatfs/source/diskio.o ./fatfs/source/ff.o ./fatfs/source/ffsystem.o ./fatfs/source/ffunicode.o  ./drivers/fsl_adc16.o ./drivers/fsl_clock.o ./drivers/fsl_common.o ./drivers/fsl_dspi.o ./drivers/fsl_gpio.o ./drivers/fsl_i2c.o ./drivers/fsl_pit.o ./drivers/fsl_sdhc.o ./drivers/fsl_smc.o ./drivers/fsl_sysmpu.o ./drivers/fsl_uart.o  ./device/system_MK64F12.o  ./component/uart/uart_adapter.o  ./component/serial_manager/serial_manager.o ./component/serial_manager/serial_port_uart.o  ./component/osa/fsl_os_abstraction_bm.o  ./component/lists/generic_list.o  ./board/board.o ./board/clock_config.o ./board/peripherals.o ./board/pin_mux.o ./board/sdmmc_config.o   
Memory region         Used Size  Region Size  %age Used
   PROGRAM_FLASH:       40000 B         1 MB      3.81%
      SRAM_UPPER:       75544 B       192 KB     38.42%
      SRAM_LOWER:          0 GB        64 KB      0.00%
        FLEX_RAM:          0 GB         4 KB      0.00%
Finished building target: SD_WRAPPER.axf
 
make --no-print-directory post-build
Performing post-build steps
arm-none-eabi-size "SD_WRAPPER.axf"; # arm-none-eabi-objcopy -v -O binary "SD_WRAPPER.axf" "SD_WRAPPER.bin" ; # checksum -p MK64FN1M0xxx12 -d "SD_WRAPPER.bin";
   text	   data	    bss	    dec	    hex	filename
  39984	     16	  75528	 115528	  1c348	SD_WRAPPER.axf
 
