core_cm4.h:1679:22:__NVIC_EnableIRQ	16	static
core_cm4.h:1809:22:__NVIC_SetPriority	16	static
fsl_common.h:484:28:EnableIRQ	16	static
fsl_gpio.h:223:24:GPIO_PinRead	16	static
fsl_port.h:416:20:PORT_SetPinInterruptConfig	24	static
fsl_port.h:452:24:PORT_GetPinsInterruptFlags	16	static
fsl_port.h:463:20:PORT_ClearPinsInterruptFlags	16	static
sdmmc_config.c:27:6:BOARD_SDCardGetDetectStatus	8	static
sdmmc_config.c:32:6:PORTE_IRQHandler	16	static
sdmmc_config.c:45:6:BOARD_SDCardDetectInit	16	static
sdmmc_config.c:72:6:BOARD_SD_Config	32	static
