core_cm4.h:1679:22:__NVIC_EnableIRQ	16	static
fsl_clock.h:668:20:CLOCK_EnableClock	24	static
fsl_clock.h:679:20:CLOCK_DisableClock	24	static
fsl_common.h:484:28:EnableIRQ	16	static
fsl_common.h:552:28:DisableGlobalIRQ	16	static
fsl_common.h:583:24:EnableGlobalIRQ	24	static
fsl_edma.c:61:17:EDMA_GetInstance	24	static
fsl_edma.c:86:6:EDMA_InstallTCD	24	static
fsl_edma.c:118:6:EDMA_Init	24	static
fsl_edma.c:148:6:EDMA_Deinit	16	static
fsl_edma.c:170:6:EDMA_GetDefaultConfig	16	static
fsl_edma.c:194:6:EDMA_ResetChannel	16	static
fsl_edma.c:226:6:EDMA_SetTransferConfig	24	static
fsl_edma.c:245:6:EDMA_SetMinorOffsetConfig	32	static
fsl_edma.c:269:6:EDMA_SetChannelPreemptionConfig	32	static
fsl_edma.c:300:6:EDMA_SetChannelLink	24	static
fsl_edma.c:322:6:EDMA_SetBandWidth	24	static
fsl_edma.c:341:6:EDMA_SetModulo	32	static
fsl_edma.c:359:6:EDMA_EnableChannelInterrupts	24	static
fsl_edma.c:390:6:EDMA_DisableChannelInterrupts	24	static
fsl_edma.c:421:6:EDMA_TcdReset	16	static
fsl_edma.c:468:6:EDMA_TcdSetTransferConfig	24	static
fsl_edma.c:519:6:EDMA_TcdSetMinorOffsetConfig	24	static
fsl_edma.c:549:6:EDMA_TcdSetChannelLink	32	static
fsl_edma.c:599:6:EDMA_TcdSetModulo	24	static
fsl_edma.c:617:6:EDMA_TcdEnableInterrupts	16	static
fsl_edma.c:641:6:EDMA_TcdDisableInterrupts	16	static
fsl_edma.c:679:10:EDMA_GetRemainingMajorLoopCount	24	static
fsl_edma.c:715:10:EDMA_GetChannelStatusFlags	24	static
fsl_edma.c:739:6:EDMA_ClearChannelStatusFlags	24	static
fsl_edma.c:760:17:EDMA_GetInstanceOffset	16	static
fsl_edma.c:790:6:EDMA_CreateHandle	40	static
fsl_edma.c:843:6:EDMA_InstallTCDMemory	24	static
fsl_edma.c:867:6:EDMA_SetCallback	24	static
fsl_edma.c:875:29:EDMA_TransferWidthMapping	24	static
fsl_edma.c:937:6:EDMA_PrepareTransferConfig	24	static
fsl_edma.c:986:6:EDMA_PrepareTransfer	56	static
fsl_edma.c:1040:10:EDMA_SubmitTransfer	40	static
fsl_edma.c:1201:6:EDMA_StartTransfer	32	static
fsl_edma.c:1248:6:EDMA_StopTransfer	16	static
fsl_edma.c:1264:6:EDMA_AbortTransfer	16	static
fsl_edma.c:1313:6:EDMA_HandleIRQ	48	static
fsl_edma.c:2644:6:DMA0_DriverIRQHandler	8	static
fsl_edma.c:2650:6:DMA1_DriverIRQHandler	8	static
fsl_edma.c:2656:6:DMA2_DriverIRQHandler	8	static
fsl_edma.c:2662:6:DMA3_DriverIRQHandler	8	static
fsl_edma.c:2671:6:DMA4_DriverIRQHandler	8	static
fsl_edma.c:2677:6:DMA5_DriverIRQHandler	8	static
fsl_edma.c:2683:6:DMA6_DriverIRQHandler	8	static
fsl_edma.c:2689:6:DMA7_DriverIRQHandler	8	static
fsl_edma.c:2699:6:DMA8_DriverIRQHandler	8	static
fsl_edma.c:2705:6:DMA9_DriverIRQHandler	8	static
fsl_edma.c:2711:6:DMA10_DriverIRQHandler	8	static
fsl_edma.c:2717:6:DMA11_DriverIRQHandler	8	static
fsl_edma.c:2723:6:DMA12_DriverIRQHandler	8	static
fsl_edma.c:2729:6:DMA13_DriverIRQHandler	8	static
fsl_edma.c:2735:6:DMA14_DriverIRQHandler	8	static
fsl_edma.c:2741:6:DMA15_DriverIRQHandler	8	static
